Embed key : 8 in Block 1
Running with c = 40
Rows offset = (0,72)
Columns offset = (0,72)
PSNR taken 56.07330
SSIM taken 0.99788

Key which was embeded : 8
Result of extraction = 1

Optimal c value for grid = 40
-----------------------------------

Running with c = 40
Rows offset = (0,72)
Columns offset = (73,145)
PSNR taken 34.52169
SSIM taken 0.99630

Key which was embeded : 8
Result of extraction = 1

Optimal c value for grid = 40
-----------------------------------

Running with c = 40
Rows offset = (0,72)
Columns offset = (146,218)
PSNR taken 36.74323
SSIM taken 0.99705

Key which was embeded : 8
Result of extraction = 1

Optimal c value for grid = 40
-----------------------------------

Running with c = 40
Rows offset = (0,72)
Columns offset = (219,291)
PSNR taken 56.77908
SSIM taken 0.99767

Key which was embeded : 8
Result of extraction = 1

Optimal c value for grid = 40
-----------------------------------

Running with c = 40
Rows offset = (0,72)
Columns offset = (292,364)
PSNR taken 57.42558
SSIM taken 0.99758

Key which was embeded : 8
Result of extraction = 1

Optimal c value for grid = 40
-----------------------------------

Running with c = 40
Rows offset = (0,72)
Columns offset = (365,437)
PSNR taken 56.97644
SSIM taken 0.99685

Key which was embeded : 8
Result of extraction = 0

Running with c = 120
Rows offset = (0,72)
Columns offset = (365,437)
PSNR taken 48.40463
SSIM taken 0.99220

Key which was embeded : 8
Result of extraction = 0

Running with c = 80
Rows offset = (0,72)
Columns offset = (365,437)
PSNR taken 51.75841
SSIM taken 0.99413

Key which was embeded : 8
Result of extraction = 0

Running with c = 41
Rows offset = (0,72)
Columns offset = (365,437)
Key which was embeded : 8
Result of extraction = 0

Running with c = 44
Rows offset = (0,72)
Columns offset = (365,437)
Key which was embeded : 8
Result of extraction = 0

Running with c = 47
Rows offset = (0,72)
Columns offset = (365,437)
Key which was embeded : 8
Result of extraction = 0

Running with c = 50
Rows offset = (0,72)
Columns offset = (365,437)
Key which was embeded : 8
Result of extraction = 0

Running with c = 53
Rows offset = (0,72)
Columns offset = (365,437)
Key which was embeded : 8
Result of extraction = 0

Running with c = 56
Rows offset = (0,72)
Columns offset = (365,437)
Key which was embeded : 8
Result of extraction = 0

Running with c = 59
Rows offset = (0,72)
Columns offset = (365,437)
Key which was embeded : 8
Result of extraction = 0

Running with c = 62
Rows offset = (0,72)
Columns offset = (365,437)
Key which was embeded : 8
Result of extraction = 0

Running with c = 65
Rows offset = (0,72)
Columns offset = (365,437)
Key which was embeded : 8
Result of extraction = 0

Running with c = 68
Rows offset = (0,72)
Columns offset = (365,437)
Key which was embeded : 8
Result of extraction = 0

Running with c = 71
Rows offset = (0,72)
Columns offset = (365,437)
Key which was embeded : 8
Result of extraction = 0

Running with c = 74
Rows offset = (0,72)
Columns offset = (365,437)
Key which was embeded : 8
Result of extraction = 0

Running with c = 77
Rows offset = (0,72)
Columns offset = (365,437)
Key which was embeded : 8
Result of extraction = 0

Running with c = 80
Rows offset = (0,72)
Columns offset = (365,437)
Key which was embeded : 8
Result of extraction = 0

Running with c = 83
Rows offset = (0,72)
Columns offset = (365,437)
Key which was embeded : 8
Result of extraction = 0

Running with c = 86
Rows offset = (0,72)
Columns offset = (365,437)
Key which was embeded : 8
Result of extraction = 0

Running with c = 89
Rows offset = (0,72)
Columns offset = (365,437)
Key which was embeded : 8
Result of extraction = 0

Running with c = 92
Rows offset = (0,72)
Columns offset = (365,437)
Key which was embeded : 8
Result of extraction = 0

Running with c = 95
Rows offset = (0,72)
Columns offset = (365,437)
Key which was embeded : 8
Result of extraction = 0

Running with c = 98
Rows offset = (0,72)
Columns offset = (365,437)
Key which was embeded : 8
Result of extraction = 0

Running with c = 101
Rows offset = (0,72)
Columns offset = (365,437)
Key which was embeded : 8
Result of extraction = 0

Running with c = 40
Rows offset = (0,72)
Columns offset = (365,437)
Optimal c value for grid = 40
-----------------------------------

Optimal c value for grid = 40
-----------------------------------

Running with c = 40
Rows offset = (73,145)
Columns offset = (0,72)
PSNR taken 39.43749
SSIM taken 0.99754

Key which was embeded : 8
Result of extraction = 0

Running with c = 120
Rows offset = (73,145)
Columns offset = (0,72)
PSNR taken 37.96434
SSIM taken 0.99441

Key which was embeded : 8
Result of extraction = 0

Running with c = 80
Rows offset = (73,145)
Columns offset = (0,72)
PSNR taken 38.22929
SSIM taken 0.99578

Key which was embeded : 8
Result of extraction = 0

Running with c = 41
Rows offset = (73,145)
Columns offset = (0,72)
Key which was embeded : 8
Result of extraction = 0

Running with c = 44
Rows offset = (73,145)
Columns offset = (0,72)
Key which was embeded : 8
Result of extraction = 0

Running with c = 47
Rows offset = (73,145)
Columns offset = (0,72)
Key which was embeded : 8
Result of extraction = 0

Running with c = 50
Rows offset = (73,145)
Columns offset = (0,72)
Key which was embeded : 8
Result of extraction = 0

Running with c = 53
Rows offset = (73,145)
Columns offset = (0,72)
Key which was embeded : 8
Result of extraction = 0

Running with c = 56
Rows offset = (73,145)
Columns offset = (0,72)
Key which was embeded : 8
Result of extraction = 0

Running with c = 59
Rows offset = (73,145)
Columns offset = (0,72)
Key which was embeded : 8
Result of extraction = 0

Running with c = 62
Rows offset = (73,145)
Columns offset = (0,72)
Key which was embeded : 8
Result of extraction = 0

Running with c = 65
Rows offset = (73,145)
Columns offset = (0,72)
Key which was embeded : 8
Result of extraction = 0

Running with c = 68
Rows offset = (73,145)
Columns offset = (0,72)
Key which was embeded : 8
Result of extraction = 0

Running with c = 71
Rows offset = (73,145)
Columns offset = (0,72)
Key which was embeded : 8
Result of extraction = 0

Running with c = 74
Rows offset = (73,145)
Columns offset = (0,72)
Key which was embeded : 8
Result of extraction = 0

Running with c = 77
Rows offset = (73,145)
Columns offset = (0,72)
Key which was embeded : 8
Result of extraction = 0

Running with c = 80
Rows offset = (73,145)
Columns offset = (0,72)
Key which was embeded : 8
Result of extraction = 0

Running with c = 83
Rows offset = (73,145)
Columns offset = (0,72)
Key which was embeded : 8
Result of extraction = 0

Running with c = 86
Rows offset = (73,145)
Columns offset = (0,72)
Key which was embeded : 8
Result of extraction = 0

Running with c = 89
Rows offset = (73,145)
Columns offset = (0,72)
Key which was embeded : 8
Result of extraction = 0

Running with c = 92
Rows offset = (73,145)
Columns offset = (0,72)
Key which was embeded : 8
Result of extraction = 0

Running with c = 95
Rows offset = (73,145)
Columns offset = (0,72)
Key which was embeded : 8
Result of extraction = 0

Running with c = 98
Rows offset = (73,145)
Columns offset = (0,72)
Key which was embeded : 8
Result of extraction = 0

Running with c = 101
Rows offset = (73,145)
Columns offset = (0,72)
Key which was embeded : 8
Result of extraction = 0

Running with c = 40
Rows offset = (73,145)
Columns offset = (0,72)
Optimal c value for grid = 40
-----------------------------------

Optimal c value for grid = 40
-----------------------------------

Running with c = 40
Rows offset = (73,145)
Columns offset = (73,145)
PSNR taken 38.18454
SSIM taken 0.99775

Key which was embeded : 8
Result of extraction = 1

Optimal c value for grid = 40
-----------------------------------

Running with c = 40
Rows offset = (73,145)
Columns offset = (146,218)
PSNR taken 37.59116
SSIM taken 0.99764

Key which was embeded : 8
Result of extraction = 1

Optimal c value for grid = 40
-----------------------------------

Running with c = 40
Rows offset = (73,145)
Columns offset = (219,291)
PSNR taken 55.83480
SSIM taken 0.99866

Key which was embeded : 8
Result of extraction = 1

Optimal c value for grid = 40
-----------------------------------

Running with c = 40
Rows offset = (73,145)
Columns offset = (292,364)
PSNR taken 55.81706
SSIM taken 0.99861

Key which was embeded : 8
Result of extraction = 1

Optimal c value for grid = 40
-----------------------------------

Running with c = 40
Rows offset = (73,145)
Columns offset = (365,437)
PSNR taken 55.81549
SSIM taken 0.99873

Key which was embeded : 8
Result of extraction = 1

Optimal c value for grid = 40
-----------------------------------

Running with c = 40
Rows offset = (146,218)
Columns offset = (0,72)
PSNR taken 55.88326
SSIM taken 0.99861

Key which was embeded : 8
Result of extraction = 1

Optimal c value for grid = 40
-----------------------------------

Running with c = 40
Rows offset = (146,218)
Columns offset = (73,145)
PSNR taken 55.83717
SSIM taken 0.99871

Key which was embeded : 8
Result of extraction = 1

Optimal c value for grid = 40
-----------------------------------

Running with c = 40
Rows offset = (146,218)
Columns offset = (146,218)
PSNR taken 55.81824
SSIM taken 0.99853

Key which was embeded : 8
Result of extraction = 1

Optimal c value for grid = 40
-----------------------------------

Running with c = 40
Rows offset = (146,218)
Columns offset = (219,291)
PSNR taken 55.87528
SSIM taken 0.99842

Key which was embeded : 8
Result of extraction = 1

Optimal c value for grid = 40
-----------------------------------

Running with c = 40
Rows offset = (146,218)
Columns offset = (292,364)
PSNR taken 55.87408
SSIM taken 0.99826

Key which was embeded : 8
Result of extraction = 1

Optimal c value for grid = 40
-----------------------------------

Running with c = 40
Rows offset = (146,218)
Columns offset = (365,437)
PSNR taken 55.91916
SSIM taken 0.99822

Key which was embeded : 8
Result of extraction = 1

Optimal c value for grid = 40
-----------------------------------

Running with c = 40
PSNR = 57.42557933701085
SSIM = 0.9975802303673239
[0, 292]
Finished grid movement

Rows offset = (0,72)
Columns offset = (292,364)
Embed key : 10 in Block 2
Running with c = 40
Rows offset = (0,72)
Columns offset = (0,72)
PSNR taken 55.93085
SSIM taken 0.99798

Key which was embeded : 10
Result of extraction = 1

Optimal c value for grid = 40
-----------------------------------

Running with c = 40
Rows offset = (0,72)
Columns offset = (73,145)
PSNR taken 55.88246
SSIM taken 0.99791

Key which was embeded : 10
Result of extraction = 1

Optimal c value for grid = 40
-----------------------------------

Running with c = 40
Rows offset = (0,72)
Columns offset = (146,218)
PSNR taken 55.95678
SSIM taken 0.99739

Key which was embeded : 10
Result of extraction = 1

Optimal c value for grid = 40
-----------------------------------

Running with c = 40
Rows offset = (0,72)
Columns offset = (219,291)
PSNR taken 55.89446
SSIM taken 0.99741

Key which was embeded : 10
Result of extraction = 1

Optimal c value for grid = 40
-----------------------------------

Running with c = 40
Rows offset = (0,72)
Columns offset = (292,364)
PSNR taken 55.86711
SSIM taken 0.99776

Key which was embeded : 10
Result of extraction = 1

Optimal c value for grid = 40
-----------------------------------

Running with c = 40
Rows offset = (0,72)
Columns offset = (365,437)
PSNR taken 55.88146
SSIM taken 0.99758

Key which was embeded : 10
Result of extraction = 1

Optimal c value for grid = 40
-----------------------------------

Running with c = 40
Rows offset = (73,145)
Columns offset = (0,72)
PSNR taken 55.91815
SSIM taken 0.99797

Key which was embeded : 10
Result of extraction = 1

Optimal c value for grid = 40
-----------------------------------

Running with c = 40
Rows offset = (73,145)
Columns offset = (73,145)
PSNR taken 55.86711
SSIM taken 0.99751

Key which was embeded : 10
Result of extraction = 1

Optimal c value for grid = 40
-----------------------------------

Running with c = 40
Rows offset = (73,145)
Columns offset = (146,218)
PSNR taken 55.87309
SSIM taken 0.99728

Key which was embeded : 10
Result of extraction = 1

Optimal c value for grid = 40
-----------------------------------

Running with c = 40
Rows offset = (73,145)
Columns offset = (219,291)
PSNR taken 55.82474
SSIM taken 0.99729

Key which was embeded : 10
Result of extraction = 1

Optimal c value for grid = 40
-----------------------------------

Running with c = 40
Rows offset = (73,145)
Columns offset = (292,364)
PSNR taken 55.80410
SSIM taken 0.99729

Key which was embeded : 10
Result of extraction = 1

Optimal c value for grid = 40
-----------------------------------

Running with c = 40
Rows offset = (73,145)
Columns offset = (365,437)
PSNR taken 55.82493
SSIM taken 0.99753

Key which was embeded : 10
Result of extraction = 1

Optimal c value for grid = 40
-----------------------------------

Running with c = 40
Rows offset = (146,218)
Columns offset = (0,72)
PSNR taken 55.85936
SSIM taken 0.99734

Key which was embeded : 10
Result of extraction = 1

Optimal c value for grid = 40
-----------------------------------

Running with c = 40
Rows offset = (146,218)
Columns offset = (73,145)
PSNR taken 55.80724
SSIM taken 0.99728

Key which was embeded : 10
Result of extraction = 1

Optimal c value for grid = 40
-----------------------------------

Running with c = 40
Rows offset = (146,218)
Columns offset = (146,218)
PSNR taken 55.80900
SSIM taken 0.99736

Key which was embeded : 10
Result of extraction = 1

Optimal c value for grid = 40
-----------------------------------

Running with c = 40
Rows offset = (146,218)
Columns offset = (219,291)
PSNR taken 55.85817
SSIM taken 0.99730

Key which was embeded : 10
Result of extraction = 1

Optimal c value for grid = 40
-----------------------------------

Running with c = 40
Rows offset = (146,218)
Columns offset = (292,364)
PSNR taken 55.86671
SSIM taken 0.99720

Key which was embeded : 10
Result of extraction = 1

Optimal c value for grid = 40
-----------------------------------

Running with c = 40
Rows offset = (146,218)
Columns offset = (365,437)
PSNR taken 55.85678
SSIM taken 0.99731

Key which was embeded : 10
Result of extraction = 1

Optimal c value for grid = 40
-----------------------------------

Running with c = 40
PSNR = 55.95677661529726
SSIM = 0.9973894991263762
[0, 146]
Finished grid movement

Rows offset = (0,72)
Columns offset = (146,218)
Embed key : 10 in Block 3
Running with c = 40
Rows offset = (0,72)
Columns offset = (0,72)
PSNR taken 55.87627
SSIM taken 0.99739

Key which was embeded : 10
Result of extraction = 1

Optimal c value for grid = 40
-----------------------------------

Running with c = 40
Rows offset = (0,72)
Columns offset = (73,145)
PSNR taken 55.89226
SSIM taken 0.99714

Key which was embeded : 10
Result of extraction = 1

Optimal c value for grid = 40
-----------------------------------

Running with c = 40
Rows offset = (0,72)
Columns offset = (146,218)
PSNR taken 55.81726
SSIM taken 0.99759

Key which was embeded : 10
Result of extraction = 1

Optimal c value for grid = 40
-----------------------------------

Running with c = 40
Rows offset = (0,72)
Columns offset = (219,291)
PSNR taken 55.82809
SSIM taken 0.99762

Key which was embeded : 10
Result of extraction = 1

Optimal c value for grid = 40
-----------------------------------

Running with c = 40
Rows offset = (0,72)
Columns offset = (292,364)
PSNR taken 55.83184
SSIM taken 0.99787

Key which was embeded : 10
Result of extraction = 1

Optimal c value for grid = 40
-----------------------------------

Running with c = 40
Rows offset = (0,72)
Columns offset = (365,437)
PSNR taken 55.88686
SSIM taken 0.99792

Key which was embeded : 10
Result of extraction = 1

Optimal c value for grid = 40
-----------------------------------

Running with c = 40
Rows offset = (73,145)
Columns offset = (0,72)
PSNR taken 55.80704
SSIM taken 0.99697

Key which was embeded : 10
Result of extraction = 1

Optimal c value for grid = 40
-----------------------------------

Running with c = 40
Rows offset = (73,145)
Columns offset = (73,145)
PSNR taken 55.91996
SSIM taken 0.99681

Key which was embeded : 10
Result of extraction = 1

Optimal c value for grid = 40
-----------------------------------

Running with c = 40
Rows offset = (73,145)
Columns offset = (146,218)
PSNR taken 55.80763
SSIM taken 0.99675

Key which was embeded : 10
Result of extraction = 1

Optimal c value for grid = 40
-----------------------------------

Running with c = 40
Rows offset = (73,145)
Columns offset = (219,291)
PSNR taken 55.80508
SSIM taken 0.99672

Key which was embeded : 10
Result of extraction = 1

Optimal c value for grid = 40
-----------------------------------

Running with c = 40
Rows offset = (73,145)
Columns offset = (292,364)
PSNR taken 55.91996
SSIM taken 0.99679

Key which was embeded : 10
Result of extraction = 1

Optimal c value for grid = 40
-----------------------------------

Running with c = 40
Rows offset = (73,145)
Columns offset = (365,437)
PSNR taken 55.85876
SSIM taken 0.99660

Key which was embeded : 10
Result of extraction = 1

Optimal c value for grid = 40
-----------------------------------

Running with c = 40
Rows offset = (146,218)
Columns offset = (0,72)
PSNR taken 55.97551
SSIM taken 0.99685

Key which was embeded : 10
Result of extraction = 1

Optimal c value for grid = 40
-----------------------------------

Running with c = 40
Rows offset = (146,218)
Columns offset = (73,145)
PSNR taken 55.80684
SSIM taken 0.99688

Key which was embeded : 10
Result of extraction = 1

Optimal c value for grid = 40
-----------------------------------

Running with c = 40
Rows offset = (146,218)
Columns offset = (146,218)
PSNR taken 55.89166
SSIM taken 0.99734

Key which was embeded : 10
Result of extraction = 1

Optimal c value for grid = 40
-----------------------------------

Running with c = 40
Rows offset = (146,218)
Columns offset = (219,291)
PSNR taken 55.81136
SSIM taken 0.99738

Key which was embeded : 10
Result of extraction = 1

Optimal c value for grid = 40
-----------------------------------

Running with c = 40
Rows offset = (146,218)
Columns offset = (292,364)
PSNR taken 55.80881
SSIM taken 0.99715

Key which was embeded : 10
Result of extraction = 1

Optimal c value for grid = 40
-----------------------------------

Running with c = 40
Rows offset = (146,218)
Columns offset = (365,437)
PSNR taken 55.91332
SSIM taken 0.99681

Key which was embeded : 10
Result of extraction = 1

Optimal c value for grid = 40
-----------------------------------

Running with c = 40
PSNR = 55.975505008591526
SSIM = 0.9968455163566011
[146, 0]
Finished grid movement

Rows offset = (146,218)
Columns offset = (0,72)
Embed key : 13 in Block 4
Running with c = 40
Rows offset = (0,72)
Columns offset = (0,72)
PSNR taken 55.82493
SSIM taken 0.99820

Key which was embeded : 13
Result of extraction = 1

Optimal c value for grid = 40
-----------------------------------

Running with c = 40
Rows offset = (0,72)
Columns offset = (73,145)
PSNR taken 55.83855
SSIM taken 0.99842

Key which was embeded : 13
Result of extraction = 1

Optimal c value for grid = 40
-----------------------------------

Running with c = 40
Rows offset = (0,72)
Columns offset = (146,218)
PSNR taken 55.88007
SSIM taken 0.99857

Key which was embeded : 13
Result of extraction = 1

Optimal c value for grid = 40
-----------------------------------

Running with c = 40
Rows offset = (0,72)
Columns offset = (219,291)
PSNR taken 55.83085
SSIM taken 0.99829

Key which was embeded : 13
Result of extraction = 1

Optimal c value for grid = 40
-----------------------------------

Running with c = 40
Rows offset = (0,72)
Columns offset = (292,364)
PSNR taken 55.88966
SSIM taken 0.99797

Key which was embeded : 13
Result of extraction = 1

Optimal c value for grid = 40
-----------------------------------

Running with c = 40
Rows offset = (0,72)
Columns offset = (365,437)
PSNR taken 55.84488
SSIM taken 0.99778

Key which was embeded : 13
Result of extraction = 1

Optimal c value for grid = 40
-----------------------------------

Running with c = 40
Rows offset = (73,145)
Columns offset = (0,72)
PSNR taken 55.80449
SSIM taken 0.99739

Key which was embeded : 13
Result of extraction = 1

Optimal c value for grid = 40
-----------------------------------

Running with c = 40
Rows offset = (73,145)
Columns offset = (73,145)
PSNR taken 55.80704
SSIM taken 0.99717

Key which was embeded : 13
Result of extraction = 1

Optimal c value for grid = 40
-----------------------------------

Running with c = 40
Rows offset = (73,145)
Columns offset = (146,218)
PSNR taken 55.80684
SSIM taken 0.99759

Key which was embeded : 13
Result of extraction = 1

Optimal c value for grid = 40
-----------------------------------

Running with c = 40
Rows offset = (73,145)
Columns offset = (219,291)
PSNR taken 55.81745
SSIM taken 0.99716

Key which was embeded : 13
Result of extraction = 1

Optimal c value for grid = 40
-----------------------------------

Running with c = 40
Rows offset = (73,145)
Columns offset = (292,364)
PSNR taken 55.94299
SSIM taken 0.99755

Key which was embeded : 13
Result of extraction = 1

Optimal c value for grid = 40
-----------------------------------

Running with c = 40
Rows offset = (73,145)
Columns offset = (365,437)
PSNR taken 55.82218
SSIM taken 0.99766

Key which was embeded : 13
Result of extraction = 1

Optimal c value for grid = 40
-----------------------------------

Running with c = 40
Rows offset = (146,218)
Columns offset = (0,72)
PSNR taken 55.85936
SSIM taken 0.99740

Key which was embeded : 13
Result of extraction = 1

Optimal c value for grid = 40
-----------------------------------

Running with c = 40
Rows offset = (146,218)
Columns offset = (73,145)
PSNR taken 55.80174
SSIM taken 0.99717

Key which was embeded : 13
Result of extraction = 1

Optimal c value for grid = 40
-----------------------------------

Running with c = 40
Rows offset = (146,218)
Columns offset = (146,218)
PSNR taken 55.91634
SSIM taken 0.99730

Key which was embeded : 13
Result of extraction = 1

Optimal c value for grid = 40
-----------------------------------

Running with c = 40
Rows offset = (146,218)
Columns offset = (219,291)
PSNR taken 55.80567
SSIM taken 0.99717

Key which was embeded : 13
Result of extraction = 1

Optimal c value for grid = 40
-----------------------------------

Running with c = 40
Rows offset = (146,218)
Columns offset = (292,364)
PSNR taken 55.86990
SSIM taken 0.99757

Key which was embeded : 13
Result of extraction = 1

Optimal c value for grid = 40
-----------------------------------

Running with c = 40
Rows offset = (146,218)
Columns offset = (365,437)
PSNR taken 55.87867
SSIM taken 0.99744

Key which was embeded : 13
Result of extraction = 1

Optimal c value for grid = 40
-----------------------------------

Running with c = 40
PSNR = 55.94298561427662
SSIM = 0.9975543988194033
[73, 292]
Finished grid movement

Rows offset = (73,145)
Columns offset = (292,364)
Embed key : 14 in Block 5
Running with c = 40
Rows offset = (0,72)
Columns offset = (0,72)
PSNR taken 55.87209
SSIM taken 0.99552

Key which was embeded : 14
Result of extraction = 1

Optimal c value for grid = 40
-----------------------------------

Running with c = 40
Rows offset = (0,72)
Columns offset = (73,145)
PSNR taken 55.86294
SSIM taken 0.99507

Key which was embeded : 14
Result of extraction = 1

Optimal c value for grid = 40
-----------------------------------

Running with c = 40
Rows offset = (0,72)
Columns offset = (146,218)
PSNR taken 55.80743
SSIM taken 0.99477

Key which was embeded : 14
Result of extraction = 1

Optimal c value for grid = 40
-----------------------------------

Running with c = 40
Rows offset = (0,72)
Columns offset = (219,291)
PSNR taken 55.91533
SSIM taken 0.99495

Key which was embeded : 14
Result of extraction = 1

Optimal c value for grid = 40
-----------------------------------

Running with c = 40
Rows offset = (0,72)
Columns offset = (292,364)
PSNR taken 55.80351
SSIM taken 0.99484

Key which was embeded : 14
Result of extraction = 1

Optimal c value for grid = 40
-----------------------------------

Running with c = 40
Rows offset = (0,72)
Columns offset = (365,437)
PSNR taken 55.86214
SSIM taken 0.99497

Key which was embeded : 14
Result of extraction = 1

Optimal c value for grid = 40
-----------------------------------

Running with c = 40
Rows offset = (73,145)
Columns offset = (0,72)
PSNR taken 55.80979
SSIM taken 0.99508

Key which was embeded : 14
Result of extraction = 1

Optimal c value for grid = 40
-----------------------------------

Running with c = 40
Rows offset = (73,145)
Columns offset = (73,145)
PSNR taken 55.85737
SSIM taken 0.99458

Key which was embeded : 14
Result of extraction = 1

Optimal c value for grid = 40
-----------------------------------

Running with c = 40
Rows offset = (73,145)
Columns offset = (146,218)
PSNR taken 55.86075
SSIM taken 0.99469

Key which was embeded : 14
Result of extraction = 1

Optimal c value for grid = 40
-----------------------------------

Running with c = 40
Rows offset = (73,145)
Columns offset = (219,291)
PSNR taken 55.85499
SSIM taken 0.99456

Key which was embeded : 14
Result of extraction = 1

Optimal c value for grid = 40
-----------------------------------

Running with c = 40
Rows offset = (73,145)
Columns offset = (292,364)
PSNR taken 55.85936
SSIM taken 0.99457

Key which was embeded : 14
Result of extraction = 1

Optimal c value for grid = 40
-----------------------------------

Running with c = 40
Rows offset = (73,145)
Columns offset = (365,437)
PSNR taken 55.80724
SSIM taken 0.99521

Key which was embeded : 14
Result of extraction = 1

Optimal c value for grid = 40
-----------------------------------

Running with c = 40
Rows offset = (146,218)
Columns offset = (0,72)
PSNR taken 55.92964
SSIM taken 0.99476

Key which was embeded : 14
Result of extraction = 1

Optimal c value for grid = 40
-----------------------------------

Running with c = 40
Rows offset = (146,218)
Columns offset = (73,145)
PSNR taken 55.79900
SSIM taken 0.99446

Key which was embeded : 14
Result of extraction = 1

Optimal c value for grid = 40
-----------------------------------

Running with c = 40
Rows offset = (146,218)
Columns offset = (146,218)
PSNR taken 55.80370
SSIM taken 0.99448

Key which was embeded : 14
Result of extraction = 1

Optimal c value for grid = 40
-----------------------------------

Running with c = 40
Rows offset = (146,218)
Columns offset = (219,291)
PSNR taken 55.86671
SSIM taken 0.99457

Key which was embeded : 14
Result of extraction = 1

Optimal c value for grid = 40
-----------------------------------

Running with c = 40
Rows offset = (146,218)
Columns offset = (292,364)
PSNR taken 55.86254
SSIM taken 0.99520

Key which was embeded : 14
Result of extraction = 1

Optimal c value for grid = 40
-----------------------------------

Running with c = 40
Rows offset = (146,218)
Columns offset = (365,437)
PSNR taken 55.81608
SSIM taken 0.99558

Key which was embeded : 14
Result of extraction = 1

Optimal c value for grid = 40
-----------------------------------

Running with c = 40
PSNR = 55.92964198113357
SSIM = 0.9947554528408622
[146, 0]
Finished grid movement

Rows offset = (146,218)
Columns offset = (0,72)
Embed key : 12 in Block 6
Running with c = 40
Rows offset = (0,72)
Columns offset = (0,72)
PSNR taken 55.82986
SSIM taken 0.99707

Key which was embeded : 12
Result of extraction = 1

Optimal c value for grid = 40
-----------------------------------

Running with c = 40
Rows offset = (0,72)
Columns offset = (73,145)
PSNR taken 55.89366
SSIM taken 0.99685

Key which was embeded : 12
Result of extraction = 1

Optimal c value for grid = 40
-----------------------------------

Running with c = 40
Rows offset = (0,72)
Columns offset = (146,218)
PSNR taken 55.82316
SSIM taken 0.99710

Key which was embeded : 12
Result of extraction = 1

Optimal c value for grid = 40
-----------------------------------

Running with c = 40
Rows offset = (0,72)
Columns offset = (219,291)
PSNR taken 55.93247
SSIM taken 0.99707

Key which was embeded : 12
Result of extraction = 1

Optimal c value for grid = 40
-----------------------------------

Running with c = 40
Rows offset = (0,72)
Columns offset = (292,364)
PSNR taken 55.82139
SSIM taken 0.99706

Key which was embeded : 12
Result of extraction = 1

Optimal c value for grid = 40
-----------------------------------

Running with c = 40
Rows offset = (0,72)
Columns offset = (365,437)
PSNR taken 55.80449
SSIM taken 0.99628

Key which was embeded : 12
Result of extraction = 1

Optimal c value for grid = 40
-----------------------------------

Running with c = 40
Rows offset = (73,145)
Columns offset = (0,72)
PSNR taken 55.82375
SSIM taken 0.99721

Key which was embeded : 12
Result of extraction = 1

Optimal c value for grid = 40
-----------------------------------

Running with c = 40
Rows offset = (73,145)
Columns offset = (73,145)
PSNR taken 55.83717
SSIM taken 0.99713

Key which was embeded : 12
Result of extraction = 1

Optimal c value for grid = 40
-----------------------------------

Running with c = 40
Rows offset = (73,145)
Columns offset = (146,218)
PSNR taken 55.82218
SSIM taken 0.99751

Key which was embeded : 12
Result of extraction = 1

Optimal c value for grid = 40
-----------------------------------

Running with c = 40
Rows offset = (73,145)
Columns offset = (219,291)
PSNR taken 55.95170
SSIM taken 0.99732

Key which was embeded : 12
Result of extraction = 1

Optimal c value for grid = 40
-----------------------------------

Running with c = 40
Rows offset = (73,145)
Columns offset = (292,364)
PSNR taken 55.87508
SSIM taken 0.99699

Key which was embeded : 12
Result of extraction = 1

Optimal c value for grid = 40
-----------------------------------

Running with c = 40
Rows offset = (73,145)
Columns offset = (365,437)
PSNR taken 55.79959
SSIM taken 0.99620

Key which was embeded : 12
Result of extraction = 1

Optimal c value for grid = 40
-----------------------------------

Running with c = 40
Rows offset = (146,218)
Columns offset = (0,72)
PSNR taken 55.82493
SSIM taken 0.99719

Key which was embeded : 12
Result of extraction = 1

Optimal c value for grid = 40
-----------------------------------

Running with c = 40
Rows offset = (146,218)
Columns offset = (73,145)
PSNR taken 55.88306
SSIM taken 0.99720

Key which was embeded : 12
Result of extraction = 1

Optimal c value for grid = 40
-----------------------------------

Running with c = 40
Rows offset = (146,218)
Columns offset = (146,218)
PSNR taken 55.81097
SSIM taken 0.99796

Key which was embeded : 12
Result of extraction = 1

Optimal c value for grid = 40
-----------------------------------

Running with c = 40
Rows offset = (146,218)
Columns offset = (219,291)
PSNR taken 55.83125
SSIM taken 0.99789

Key which was embeded : 12
Result of extraction = 1

Optimal c value for grid = 40
-----------------------------------

Running with c = 40
Rows offset = (146,218)
Columns offset = (292,364)
PSNR taken 55.81293
SSIM taken 0.99702

Key which was embeded : 12
Result of extraction = 1

Optimal c value for grid = 40
-----------------------------------

Running with c = 40
Rows offset = (146,218)
Columns offset = (365,437)
PSNR taken 55.80292
SSIM taken 0.99614

Key which was embeded : 12
Result of extraction = 1

Optimal c value for grid = 40
-----------------------------------

Running with c = 40
PSNR = 55.95170130232157
SSIM = 0.997321408462294
[73, 219]
Finished grid movement

Rows offset = (73,145)
Columns offset = (219,291)
Embed key : 11 in Block 7
Running with c = 40
Rows offset = (0,72)
Columns offset = (0,72)
PSNR taken 55.80076
SSIM taken 0.99666

Key which was embeded : 11
Result of extraction = 1

Optimal c value for grid = 40
-----------------------------------

Running with c = 40
Rows offset = (0,72)
Columns offset = (73,145)
PSNR taken 55.82375
SSIM taken 0.99718

Key which was embeded : 11
Result of extraction = 1

Optimal c value for grid = 40
-----------------------------------

Running with c = 40
Rows offset = (0,72)
Columns offset = (146,218)
PSNR taken 55.84073
SSIM taken 0.99722

Key which was embeded : 11
Result of extraction = 1

Optimal c value for grid = 40
-----------------------------------

Running with c = 40
Rows offset = (0,72)
Columns offset = (219,291)
PSNR taken 55.88526
SSIM taken 0.99731

Key which was embeded : 11
Result of extraction = 1

Optimal c value for grid = 40
-----------------------------------

Running with c = 40
Rows offset = (0,72)
Columns offset = (292,364)
PSNR taken 55.82513
SSIM taken 0.99681

Key which was embeded : 11
Result of extraction = 1

Optimal c value for grid = 40
-----------------------------------

Running with c = 40
Rows offset = (0,72)
Columns offset = (365,437)
PSNR taken 55.83756
SSIM taken 0.99676

Key which was embeded : 11
Result of extraction = 1

Optimal c value for grid = 40
-----------------------------------

Running with c = 40
Rows offset = (73,145)
Columns offset = (0,72)
PSNR taken 55.80214
SSIM taken 0.99632

Key which was embeded : 11
Result of extraction = 1

Optimal c value for grid = 40
-----------------------------------

Running with c = 40
Rows offset = (73,145)
Columns offset = (73,145)
PSNR taken 55.81391
SSIM taken 0.99711

Key which was embeded : 11
Result of extraction = 1

Optimal c value for grid = 40
-----------------------------------

Running with c = 40
Rows offset = (73,145)
Columns offset = (146,218)
PSNR taken 55.82888
SSIM taken 0.99731

Key which was embeded : 11
Result of extraction = 1

Optimal c value for grid = 40
-----------------------------------

Running with c = 40
Rows offset = (73,145)
Columns offset = (219,291)
PSNR taken 55.83184
SSIM taken 0.99710

Key which was embeded : 11
Result of extraction = 1

Optimal c value for grid = 40
-----------------------------------

Running with c = 40
Rows offset = (73,145)
Columns offset = (292,364)
PSNR taken 55.88866
SSIM taken 0.99728

Key which was embeded : 11
Result of extraction = 1

Optimal c value for grid = 40
-----------------------------------

Running with c = 40
Rows offset = (73,145)
Columns offset = (365,437)
PSNR taken 55.83579
SSIM taken 0.99686

Key which was embeded : 11
Result of extraction = 1

Optimal c value for grid = 40
-----------------------------------

Running with c = 40
Rows offset = (146,218)
Columns offset = (0,72)
PSNR taken 55.80155
SSIM taken 0.99645

Key which was embeded : 11
Result of extraction = 1

Optimal c value for grid = 40
-----------------------------------

Running with c = 40
Rows offset = (146,218)
Columns offset = (73,145)
PSNR taken 55.86035
SSIM taken 0.99626

Key which was embeded : 11
Result of extraction = 1

Optimal c value for grid = 40
-----------------------------------

Running with c = 40
Rows offset = (146,218)
Columns offset = (146,218)
PSNR taken 55.83282
SSIM taken 0.99738

Key which was embeded : 11
Result of extraction = 1

Optimal c value for grid = 40
-----------------------------------

Running with c = 40
Rows offset = (146,218)
Columns offset = (219,291)
PSNR taken 55.88626
SSIM taken 0.99748

Key which was embeded : 11
Result of extraction = 1

Optimal c value for grid = 40
-----------------------------------

Running with c = 40
Rows offset = (146,218)
Columns offset = (292,364)
PSNR taken 55.83934
SSIM taken 0.99719

Key which was embeded : 11
Result of extraction = 1

Optimal c value for grid = 40
-----------------------------------

Running with c = 40
Rows offset = (146,218)
Columns offset = (365,437)
PSNR taken 55.83282
SSIM taken 0.99692

Key which was embeded : 11
Result of extraction = 1

Optimal c value for grid = 40
-----------------------------------

Running with c = 40
PSNR = 55.88865533610747
SSIM = 0.9972759749153216
[73, 292]
Finished grid movement

Rows offset = (73,145)
Columns offset = (292,364)
Embed key : 10 in Block 8
Running with c = 40
Rows offset = (0,72)
Columns offset = (0,72)
PSNR taken 55.80704
SSIM taken 0.99746

Key which was embeded : 10
Result of extraction = 1

Optimal c value for grid = 40
-----------------------------------

Running with c = 40
Rows offset = (0,72)
Columns offset = (73,145)
PSNR taken 55.80018
SSIM taken 0.99717

Key which was embeded : 10
Result of extraction = 1

Optimal c value for grid = 40
-----------------------------------

Running with c = 40
Rows offset = (0,72)
Columns offset = (146,218)
PSNR taken 55.98081
SSIM taken 0.99731

Key which was embeded : 10
Result of extraction = 1

Optimal c value for grid = 40
-----------------------------------

Running with c = 40
Rows offset = (0,72)
Columns offset = (219,291)
PSNR taken 55.80802
SSIM taken 0.99717

Key which was embeded : 10
Result of extraction = 1

Optimal c value for grid = 40
-----------------------------------

Running with c = 40
Rows offset = (0,72)
Columns offset = (292,364)
PSNR taken 55.99329
SSIM taken 0.99738

Key which was embeded : 10
Result of extraction = 1

Optimal c value for grid = 40
-----------------------------------

Running with c = 40
Rows offset = (0,72)
Columns offset = (365,437)
PSNR taken 55.88426
SSIM taken 0.99723

Key which was embeded : 10
Result of extraction = 1

Optimal c value for grid = 40
-----------------------------------

Running with c = 40
Rows offset = (73,145)
Columns offset = (0,72)
PSNR taken 55.80665
SSIM taken 0.99748

Key which was embeded : 10
Result of extraction = 1

Optimal c value for grid = 40
-----------------------------------

Running with c = 40
Rows offset = (73,145)
Columns offset = (73,145)
PSNR taken 55.97693
SSIM taken 0.99728

Key which was embeded : 10
Result of extraction = 1

Optimal c value for grid = 40
-----------------------------------

Running with c = 40
Rows offset = (73,145)
Columns offset = (146,218)
PSNR taken 55.86393
SSIM taken 0.99711

Key which was embeded : 10
Result of extraction = 1

Optimal c value for grid = 40
-----------------------------------

Running with c = 40
Rows offset = (73,145)
Columns offset = (219,291)
PSNR taken 55.94096
SSIM taken 0.99712

Key which was embeded : 10
Result of extraction = 1

Optimal c value for grid = 40
-----------------------------------

Running with c = 40
Rows offset = (73,145)
Columns offset = (292,364)
PSNR taken 55.94096
SSIM taken 0.99710

Key which was embeded : 10
Result of extraction = 1

Optimal c value for grid = 40
-----------------------------------

Running with c = 40
Rows offset = (73,145)
Columns offset = (365,437)
PSNR taken 55.83105
SSIM taken 0.99708

Key which was embeded : 10
Result of extraction = 1

Optimal c value for grid = 40
-----------------------------------

Running with c = 40
Rows offset = (146,218)
Columns offset = (0,72)
PSNR taken 55.81588
SSIM taken 0.99762

Key which was embeded : 10
Result of extraction = 1

Optimal c value for grid = 40
-----------------------------------

Running with c = 40
Rows offset = (146,218)
Columns offset = (73,145)
PSNR taken 55.80449
SSIM taken 0.99725

Key which was embeded : 10
Result of extraction = 1

Optimal c value for grid = 40
-----------------------------------

Running with c = 40
Rows offset = (146,218)
Columns offset = (146,218)
PSNR taken 55.81313
SSIM taken 0.99704

Key which was embeded : 10
Result of extraction = 1

Optimal c value for grid = 40
-----------------------------------

Running with c = 40
Rows offset = (146,218)
Columns offset = (219,291)
PSNR taken 55.88626
SSIM taken 0.99704

Key which was embeded : 10
Result of extraction = 1

Optimal c value for grid = 40
-----------------------------------

Running with c = 40
Rows offset = (146,218)
Columns offset = (292,364)
PSNR taken 55.88226
SSIM taken 0.99715

Key which was embeded : 10
Result of extraction = 1

Optimal c value for grid = 40
-----------------------------------

Running with c = 40
Rows offset = (146,218)
Columns offset = (365,437)
PSNR taken 55.82730
SSIM taken 0.99714

Key which was embeded : 10
Result of extraction = 1

Optimal c value for grid = 40
-----------------------------------

Running with c = 40
PSNR = 55.993290163680996
SSIM = 0.9973839902866114
[0, 292]
Finished grid movement

Rows offset = (0,72)
Columns offset = (292,364)
Embed key : 8 in Block 9
Running with c = 40
Rows offset = (0,72)
Columns offset = (0,72)
PSNR taken 55.88686
SSIM taken 0.99773

Key which was embeded : 8
Result of extraction = 1

Optimal c value for grid = 40
-----------------------------------

Running with c = 40
Rows offset = (0,72)
Columns offset = (73,145)
PSNR taken 55.80724
SSIM taken 0.99730

Key which was embeded : 8
Result of extraction = 1

Optimal c value for grid = 40
-----------------------------------

Running with c = 40
Rows offset = (0,72)
Columns offset = (146,218)
PSNR taken 55.86254
SSIM taken 0.99724

Key which was embeded : 8
Result of extraction = 1

Optimal c value for grid = 40
-----------------------------------

Running with c = 40
Rows offset = (0,72)
Columns offset = (219,291)
PSNR taken 55.85797
SSIM taken 0.99733

Key which was embeded : 8
Result of extraction = 1

Optimal c value for grid = 40
-----------------------------------

Running with c = 40
Rows offset = (0,72)
Columns offset = (292,364)
PSNR taken 55.86691
SSIM taken 0.99748

Key which was embeded : 8
Result of extraction = 1

Optimal c value for grid = 40
-----------------------------------

Running with c = 40
Rows offset = (0,72)
Columns offset = (365,437)
PSNR taken 55.80724
SSIM taken 0.99763

Key which was embeded : 8
Result of extraction = 1

Optimal c value for grid = 40
-----------------------------------

Running with c = 40
Rows offset = (73,145)
Columns offset = (0,72)
PSNR taken 55.95617
SSIM taken 0.99799

Key which was embeded : 8
Result of extraction = 1

Optimal c value for grid = 40
-----------------------------------

Running with c = 40
Rows offset = (73,145)
Columns offset = (73,145)
PSNR taken 55.89366
SSIM taken 0.99723

Key which was embeded : 8
Result of extraction = 1

Optimal c value for grid = 40
-----------------------------------

Running with c = 40
Rows offset = (73,145)
Columns offset = (146,218)
PSNR taken 55.80508
SSIM taken 0.99709

Key which was embeded : 8
Result of extraction = 1

Optimal c value for grid = 40
-----------------------------------

Running with c = 40
Rows offset = (73,145)
Columns offset = (219,291)
PSNR taken 55.85777
SSIM taken 0.99722

Key which was embeded : 8
Result of extraction = 1

Optimal c value for grid = 40
-----------------------------------

Running with c = 40
Rows offset = (73,145)
Columns offset = (292,364)
PSNR taken 55.80940
SSIM taken 0.99743

Key which was embeded : 8
Result of extraction = 1

Optimal c value for grid = 40
-----------------------------------

Running with c = 40
Rows offset = (73,145)
Columns offset = (365,437)
PSNR taken 55.81981
SSIM taken 0.99772

Key which was embeded : 8
Result of extraction = 1

Optimal c value for grid = 40
-----------------------------------

Running with c = 40
Rows offset = (146,218)
Columns offset = (0,72)
PSNR taken 57.08201
SSIM taken 0.99696

Key which was embeded : 8
Result of extraction = 1

Optimal c value for grid = 40
-----------------------------------

Running with c = 40
Rows offset = (146,218)
Columns offset = (73,145)
PSNR taken 55.94825
SSIM taken 0.99761

Key which was embeded : 8
Result of extraction = 1

Optimal c value for grid = 40
-----------------------------------

Running with c = 40
Rows offset = (146,218)
Columns offset = (146,218)
PSNR taken 55.80449
SSIM taken 0.99718

Key which was embeded : 8
Result of extraction = 1

Optimal c value for grid = 40
-----------------------------------

Running with c = 40
Rows offset = (146,218)
Columns offset = (219,291)
PSNR taken 55.80508
SSIM taken 0.99715

Key which was embeded : 8
Result of extraction = 1

Optimal c value for grid = 40
-----------------------------------

Running with c = 40
Rows offset = (146,218)
Columns offset = (292,364)
PSNR taken 55.81588
SSIM taken 0.99769

Key which was embeded : 8
Result of extraction = 1

Optimal c value for grid = 40
-----------------------------------

Running with c = 40
Rows offset = (146,218)
Columns offset = (365,437)
PSNR taken 55.82316
SSIM taken 0.99770

Key which was embeded : 8
Result of extraction = 1

Optimal c value for grid = 40
-----------------------------------

Running with c = 40
PSNR = 57.08201418188579
SSIM = 0.9969563308743176
[146, 0]
Finished grid movement

Rows offset = (146,218)
Columns offset = (0,72)
Embed key : 8 in Block 10
Running with c = 40
Rows offset = (0,72)
Columns offset = (0,72)
PSNR taken 55.81942
SSIM taken 0.99755

Key which was embeded : 8
Result of extraction = 1

Optimal c value for grid = 40
-----------------------------------

Running with c = 40
Rows offset = (0,72)
Columns offset = (73,145)
PSNR taken 55.86851
SSIM taken 0.99744

Key which was embeded : 8
Result of extraction = 1

Optimal c value for grid = 40
-----------------------------------

Running with c = 40
Rows offset = (0,72)
Columns offset = (146,218)
PSNR taken 55.81490
SSIM taken 0.99765

Key which was embeded : 8
Result of extraction = 1

Optimal c value for grid = 40
-----------------------------------

Running with c = 40
Rows offset = (0,72)
Columns offset = (219,291)
PSNR taken 56.07225
SSIM taken 0.99781

Key which was embeded : 8
Result of extraction = 1

Optimal c value for grid = 40
-----------------------------------

Running with c = 40
Rows offset = (0,72)
Columns offset = (292,364)
PSNR taken 55.81214
SSIM taken 0.99676

Key which was embeded : 8
Result of extraction = 1

Optimal c value for grid = 40
-----------------------------------

Running with c = 40
Rows offset = (0,72)
Columns offset = (365,437)
PSNR taken 55.91473
SSIM taken 0.99656

Key which was embeded : 8
Result of extraction = 1

Optimal c value for grid = 40
-----------------------------------

Running with c = 40
Rows offset = (73,145)
Columns offset = (0,72)
PSNR taken 55.82100
SSIM taken 0.99769

Key which was embeded : 8
Result of extraction = 1

Optimal c value for grid = 40
-----------------------------------

Running with c = 40
Rows offset = (73,145)
Columns offset = (73,145)
PSNR taken 55.82395
SSIM taken 0.99759

Key which was embeded : 8
Result of extraction = 1

Optimal c value for grid = 40
-----------------------------------

Running with c = 40
Rows offset = (73,145)
Columns offset = (146,218)
PSNR taken 55.83006
SSIM taken 0.99779

Key which was embeded : 8
Result of extraction = 1

Optimal c value for grid = 40
-----------------------------------

Running with c = 40
Rows offset = (73,145)
Columns offset = (219,291)
PSNR taken 55.83559
SSIM taken 0.99705

Key which was embeded : 8
Result of extraction = 1

Optimal c value for grid = 40
-----------------------------------

Running with c = 40
Rows offset = (73,145)
Columns offset = (292,364)
PSNR taken 55.87827
SSIM taken 0.99669

Key which was embeded : 8
Result of extraction = 1

Optimal c value for grid = 40
-----------------------------------

Running with c = 40
Rows offset = (73,145)
Columns offset = (365,437)
PSNR taken 55.85876
SSIM taken 0.99629

Key which was embeded : 8
Result of extraction = 1

Optimal c value for grid = 40
-----------------------------------

Running with c = 40
Rows offset = (146,218)
Columns offset = (0,72)
PSNR taken 55.89306
SSIM taken 0.99709

Key which was embeded : 8
Result of extraction = 1

Optimal c value for grid = 40
-----------------------------------

Running with c = 40
Rows offset = (146,218)
Columns offset = (73,145)
PSNR taken 55.82829
SSIM taken 0.99716

Key which was embeded : 8
Result of extraction = 1

Optimal c value for grid = 40
-----------------------------------

Running with c = 40
Rows offset = (146,218)
Columns offset = (146,218)
PSNR taken 55.81254
SSIM taken 0.99770

Key which was embeded : 8
Result of extraction = 1

Optimal c value for grid = 40
-----------------------------------

Running with c = 40
Rows offset = (146,218)
Columns offset = (219,291)
PSNR taken 55.81509
SSIM taken 0.99750

Key which was embeded : 8
Result of extraction = 1

Optimal c value for grid = 40
-----------------------------------

Running with c = 40
Rows offset = (146,218)
Columns offset = (292,364)
PSNR taken 55.82631
SSIM taken 0.99645

Key which was embeded : 8
Result of extraction = 1

Optimal c value for grid = 40
-----------------------------------

Running with c = 40
Rows offset = (146,218)
Columns offset = (365,437)
PSNR taken 55.81254
SSIM taken 0.99639

Key which was embeded : 8
Result of extraction = 1

Optimal c value for grid = 40
-----------------------------------

Running with c = 40
PSNR = 56.07225497214134
SSIM = 0.9978071173928745
[0, 219]
Finished grid movement

Rows offset = (0,72)
Columns offset = (219,291)
Embed key : 12 in Block 11
Running with c = 40
Rows offset = (0,72)
Columns offset = (0,72)
PSNR taken 55.85539
SSIM taken 0.99677

Key which was embeded : 12
Result of extraction = 1

Optimal c value for grid = 40
-----------------------------------

Running with c = 40
Rows offset = (0,72)
Columns offset = (73,145)
PSNR taken 55.86035
SSIM taken 0.99667

Key which was embeded : 12
Result of extraction = 1

Optimal c value for grid = 40
-----------------------------------

Running with c = 40
Rows offset = (0,72)
Columns offset = (146,218)
PSNR taken 55.91916
SSIM taken 0.99679

Key which was embeded : 12
Result of extraction = 1

Optimal c value for grid = 40
-----------------------------------

Running with c = 40
Rows offset = (0,72)
Columns offset = (219,291)
PSNR taken 55.82750
SSIM taken 0.99760

Key which was embeded : 12
Result of extraction = 1

Optimal c value for grid = 40
-----------------------------------

Running with c = 40
Rows offset = (0,72)
Columns offset = (292,364)
PSNR taken 55.93449
SSIM taken 0.99795

Key which was embeded : 12
Result of extraction = 1

Optimal c value for grid = 40
-----------------------------------

Running with c = 40
Rows offset = (0,72)
Columns offset = (365,437)
PSNR taken 55.82533
SSIM taken 0.99770

Key which was embeded : 12
Result of extraction = 1

Optimal c value for grid = 40
-----------------------------------

Running with c = 40
Rows offset = (73,145)
Columns offset = (0,72)
PSNR taken 55.80076
SSIM taken 0.99657

Key which was embeded : 12
Result of extraction = 1

Optimal c value for grid = 40
-----------------------------------

Running with c = 40
Rows offset = (73,145)
Columns offset = (73,145)
PSNR taken 55.80174
SSIM taken 0.99638

Key which was embeded : 12
Result of extraction = 1

Optimal c value for grid = 40
-----------------------------------

Running with c = 40
Rows offset = (73,145)
Columns offset = (146,218)
PSNR taken 55.85936
SSIM taken 0.99655

Key which was embeded : 12
Result of extraction = 1

Optimal c value for grid = 40
-----------------------------------

Running with c = 40
Rows offset = (73,145)
Columns offset = (219,291)
PSNR taken 55.93267
SSIM taken 0.99658

Key which was embeded : 12
Result of extraction = 1

Optimal c value for grid = 40
-----------------------------------

Running with c = 40
Rows offset = (73,145)
Columns offset = (292,364)
PSNR taken 55.82454
SSIM taken 0.99754

Key which was embeded : 12
Result of extraction = 1

Optimal c value for grid = 40
-----------------------------------

Running with c = 40
Rows offset = (73,145)
Columns offset = (365,437)
PSNR taken 55.88826
SSIM taken 0.99777

Key which was embeded : 12
Result of extraction = 1

Optimal c value for grid = 40
-----------------------------------

Running with c = 40
Rows offset = (146,218)
Columns offset = (0,72)
PSNR taken 55.79998
SSIM taken 0.99666

Key which was embeded : 12
Result of extraction = 1

Optimal c value for grid = 40
-----------------------------------

Running with c = 40
Rows offset = (146,218)
Columns offset = (73,145)
PSNR taken 55.80312
SSIM taken 0.99651

Key which was embeded : 12
Result of extraction = 1

Optimal c value for grid = 40
-----------------------------------

Running with c = 40
Rows offset = (146,218)
Columns offset = (146,218)
PSNR taken 55.80998
SSIM taken 0.99658

Key which was embeded : 12
Result of extraction = 1

Optimal c value for grid = 40
-----------------------------------

Running with c = 40
Rows offset = (146,218)
Columns offset = (219,291)
PSNR taken 55.80979
SSIM taken 0.99665

Key which was embeded : 12
Result of extraction = 1

Optimal c value for grid = 40
-----------------------------------

Running with c = 40
Rows offset = (146,218)
Columns offset = (292,364)
PSNR taken 56.01218
SSIM taken 0.99694

Key which was embeded : 12
Result of extraction = 1

Optimal c value for grid = 40
-----------------------------------

Running with c = 40
Rows offset = (146,218)
Columns offset = (365,437)
PSNR taken 55.83223
SSIM taken 0.99781

Key which was embeded : 12
Result of extraction = 1

Optimal c value for grid = 40
-----------------------------------

Running with c = 40
PSNR = 56.01217702508788
SSIM = 0.9969373345557511
[146, 292]
Finished grid movement

Rows offset = (146,218)
Columns offset = (292,364)
Embed key : 13 in Block 12
Running with c = 40
Rows offset = (0,72)
Columns offset = (0,72)
PSNR taken 55.83994
SSIM taken 0.99767

Key which was embeded : 13
Result of extraction = 1

Optimal c value for grid = 40
-----------------------------------

Running with c = 40
Rows offset = (0,72)
Columns offset = (73,145)
PSNR taken 55.93025
SSIM taken 0.99747

Key which was embeded : 13
Result of extraction = 1

Optimal c value for grid = 40
-----------------------------------

Running with c = 40
Rows offset = (0,72)
Columns offset = (146,218)
PSNR taken 55.80449
SSIM taken 0.99720

Key which was embeded : 13
Result of extraction = 1

Optimal c value for grid = 40
-----------------------------------

Running with c = 40
Rows offset = (0,72)
Columns offset = (219,291)
PSNR taken 55.86851
SSIM taken 0.99699

Key which was embeded : 13
Result of extraction = 1

Optimal c value for grid = 40
-----------------------------------

Running with c = 40
Rows offset = (0,72)
Columns offset = (292,364)
PSNR taken 55.88306
SSIM taken 0.99724

Key which was embeded : 13
Result of extraction = 1

Optimal c value for grid = 40
-----------------------------------

Running with c = 40
Rows offset = (0,72)
Columns offset = (365,437)
PSNR taken 55.92601
SSIM taken 0.99699

Key which was embeded : 13
Result of extraction = 1

Optimal c value for grid = 40
-----------------------------------

Running with c = 40
Rows offset = (73,145)
Columns offset = (0,72)
PSNR taken 55.88546
SSIM taken 0.99749

Key which was embeded : 13
Result of extraction = 1

Optimal c value for grid = 40
-----------------------------------

Running with c = 40
Rows offset = (73,145)
Columns offset = (73,145)
PSNR taken 55.94866
SSIM taken 0.99761

Key which was embeded : 13
Result of extraction = 1

Optimal c value for grid = 40
-----------------------------------

Running with c = 40
Rows offset = (73,145)
Columns offset = (146,218)
PSNR taken 55.81824
SSIM taken 0.99708

Key which was embeded : 13
Result of extraction = 1

Optimal c value for grid = 40
-----------------------------------

Running with c = 40
Rows offset = (73,145)
Columns offset = (219,291)
PSNR taken 55.87907
SSIM taken 0.99686

Key which was embeded : 13
Result of extraction = 1

Optimal c value for grid = 40
-----------------------------------

Running with c = 40
Rows offset = (73,145)
Columns offset = (292,364)
PSNR taken 55.81647
SSIM taken 0.99709

Key which was embeded : 13
Result of extraction = 1

Optimal c value for grid = 40
-----------------------------------

Running with c = 40
Rows offset = (73,145)
Columns offset = (365,437)
PSNR taken 57.22652
SSIM taken 0.99633

Key which was embeded : 13
Result of extraction = 1

Optimal c value for grid = 40
-----------------------------------

Running with c = 40
Rows offset = (146,218)
Columns offset = (0,72)
PSNR taken 55.82868
SSIM taken 0.99760

Key which was embeded : 13
Result of extraction = 1

Optimal c value for grid = 40
-----------------------------------

Running with c = 40
Rows offset = (146,218)
Columns offset = (73,145)
PSNR taken 55.83322
SSIM taken 0.99745

Key which was embeded : 13
Result of extraction = 1

Optimal c value for grid = 40
-----------------------------------

Running with c = 40
Rows offset = (146,218)
Columns offset = (146,218)
PSNR taken 55.84726
SSIM taken 0.99716

Key which was embeded : 13
Result of extraction = 1

Optimal c value for grid = 40
-----------------------------------

Running with c = 40
Rows offset = (146,218)
Columns offset = (219,291)
PSNR taken 55.93449
SSIM taken 0.99697

Key which was embeded : 13
Result of extraction = 1

Optimal c value for grid = 40
-----------------------------------

Running with c = 40
Rows offset = (146,218)
Columns offset = (292,364)
PSNR taken 55.83618
SSIM taken 0.99758

Key which was embeded : 13
Result of extraction = 1

Optimal c value for grid = 40
-----------------------------------

Running with c = 40
Rows offset = (146,218)
Columns offset = (365,437)
PSNR taken 57.23279
SSIM taken 0.99577

Key which was embeded : 13
Result of extraction = 1

Optimal c value for grid = 40
-----------------------------------

Running with c = 40
PSNR = 57.23278789763106
SSIM = 0.9957652430813115
[146, 365]
Finished grid movement

Rows offset = (146,218)
Columns offset = (365,437)
Embed key : 9 in Block 13
Running with c = 40
Rows offset = (0,72)
Columns offset = (0,72)
PSNR taken 55.87149
SSIM taken 0.99736

Key which was embeded : 9
Result of extraction = 1

Optimal c value for grid = 40
-----------------------------------

Running with c = 40
Rows offset = (0,72)
Columns offset = (73,145)
PSNR taken 56.73901
SSIM taken 0.99698

Key which was embeded : 9
Result of extraction = 1

Optimal c value for grid = 40
-----------------------------------

Running with c = 40
Rows offset = (0,72)
Columns offset = (146,218)
PSNR taken 55.88066
SSIM taken 0.99807

Key which was embeded : 9
Result of extraction = 1

Optimal c value for grid = 40
-----------------------------------

Running with c = 40
Rows offset = (0,72)
Columns offset = (219,291)
PSNR taken 55.86711
SSIM taken 0.99791

Key which was embeded : 9
Result of extraction = 1

Optimal c value for grid = 40
-----------------------------------

Running with c = 40
Rows offset = (0,72)
Columns offset = (292,364)
PSNR taken 55.86632
SSIM taken 0.99804

Key which was embeded : 9
Result of extraction = 1

Optimal c value for grid = 40
-----------------------------------

Running with c = 40
Rows offset = (0,72)
Columns offset = (365,437)
PSNR taken 55.82415
SSIM taken 0.99873

Key which was embeded : 9
Result of extraction = 1

Optimal c value for grid = 40
-----------------------------------

Running with c = 40
Rows offset = (73,145)
Columns offset = (0,72)
PSNR taken 55.86910
SSIM taken 0.99731

Key which was embeded : 9
Result of extraction = 1

Optimal c value for grid = 40
-----------------------------------

Running with c = 40
Rows offset = (73,145)
Columns offset = (73,145)
PSNR taken 56.67647
SSIM taken 0.99653

Key which was embeded : 9
Result of extraction = 1

Optimal c value for grid = 40
-----------------------------------

Running with c = 40
Rows offset = (73,145)
Columns offset = (146,218)
PSNR taken 55.83105
SSIM taken 0.99811

Key which was embeded : 9
Result of extraction = 1

Optimal c value for grid = 40
-----------------------------------

Running with c = 40
Rows offset = (73,145)
Columns offset = (219,291)
PSNR taken 55.81057
SSIM taken 0.99818

Key which was embeded : 9
Result of extraction = 1

Optimal c value for grid = 40
-----------------------------------

Running with c = 40
Rows offset = (73,145)
Columns offset = (292,364)
PSNR taken 55.82474
SSIM taken 0.99849

Key which was embeded : 9
Result of extraction = 1

Optimal c value for grid = 40
-----------------------------------

Running with c = 40
Rows offset = (73,145)
Columns offset = (365,437)
PSNR taken 55.85638
SSIM taken 0.99760

Key which was embeded : 9
Result of extraction = 1

Optimal c value for grid = 40
-----------------------------------

Running with c = 40
Rows offset = (146,218)
Columns offset = (0,72)
PSNR taken 55.91855
SSIM taken 0.99737

Key which was embeded : 9
Result of extraction = 1

Optimal c value for grid = 40
-----------------------------------

Running with c = 40
Rows offset = (146,218)
Columns offset = (73,145)
PSNR taken 56.58279
SSIM taken 0.99638

Key which was embeded : 9
Result of extraction = 1

Optimal c value for grid = 40
-----------------------------------

Running with c = 40
Rows offset = (146,218)
Columns offset = (146,218)
PSNR taken 55.87030
SSIM taken 0.99813

Key which was embeded : 9
Result of extraction = 1

Optimal c value for grid = 40
-----------------------------------

Running with c = 40
Rows offset = (146,218)
Columns offset = (219,291)
PSNR taken 55.81234
SSIM taken 0.99825

Key which was embeded : 9
Result of extraction = 1

Optimal c value for grid = 40
-----------------------------------

Running with c = 40
Rows offset = (146,218)
Columns offset = (292,364)
PSNR taken 55.86851
SSIM taken 0.99764

Key which was embeded : 9
Result of extraction = 1

Optimal c value for grid = 40
-----------------------------------

Running with c = 40
Rows offset = (146,218)
Columns offset = (365,437)
PSNR taken 55.86174
SSIM taken 0.99759

Key which was embeded : 9
Result of extraction = 1

Optimal c value for grid = 40
-----------------------------------

Running with c = 40
PSNR = 56.73901185145
SSIM = 0.9969790451495039
[0, 73]
Finished grid movement

Rows offset = (0,72)
Columns offset = (73,145)
Embed key : 10 in Block 14
Running with c = 40
Rows offset = (0,72)
Columns offset = (0,72)
PSNR taken 55.81922
SSIM taken 0.99691

Key which was embeded : 10
Result of extraction = 1

Optimal c value for grid = 40
-----------------------------------

Running with c = 40
Rows offset = (0,72)
Columns offset = (73,145)
PSNR taken 55.93267
SSIM taken 0.99634

Key which was embeded : 10
Result of extraction = 1

Optimal c value for grid = 40
-----------------------------------

Running with c = 40
Rows offset = (0,72)
Columns offset = (146,218)
PSNR taken 55.81254
SSIM taken 0.99605

Key which was embeded : 10
Result of extraction = 1

Optimal c value for grid = 40
-----------------------------------

Running with c = 40
Rows offset = (0,72)
Columns offset = (219,291)
PSNR taken 55.88626
SSIM taken 0.99595

Key which was embeded : 10
Result of extraction = 1

Optimal c value for grid = 40
-----------------------------------

Running with c = 40
Rows offset = (0,72)
Columns offset = (292,364)
PSNR taken 55.80665
SSIM taken 0.99608

Key which was embeded : 10
Result of extraction = 1

Optimal c value for grid = 40
-----------------------------------

Running with c = 40
Rows offset = (0,72)
Columns offset = (365,437)
PSNR taken 55.86075
SSIM taken 0.99617

Key which was embeded : 10
Result of extraction = 1

Optimal c value for grid = 40
-----------------------------------

Running with c = 40
Rows offset = (73,145)
Columns offset = (0,72)
PSNR taken 55.79920
SSIM taken 0.99600

Key which was embeded : 10
Result of extraction = 1

Optimal c value for grid = 40
-----------------------------------

Running with c = 40
Rows offset = (73,145)
Columns offset = (73,145)
PSNR taken 55.80547
SSIM taken 0.99575

Key which was embeded : 10
Result of extraction = 1

Optimal c value for grid = 40
-----------------------------------

Running with c = 40
Rows offset = (73,145)
Columns offset = (146,218)
PSNR taken 55.93065
SSIM taken 0.99594

Key which was embeded : 10
Result of extraction = 1

Optimal c value for grid = 40
-----------------------------------

Running with c = 40
Rows offset = (73,145)
Columns offset = (219,291)
PSNR taken 55.80606
SSIM taken 0.99572

Key which was embeded : 10
Result of extraction = 1

Optimal c value for grid = 40
-----------------------------------

Running with c = 40
Rows offset = (73,145)
Columns offset = (292,364)
PSNR taken 55.85856
SSIM taken 0.99582

Key which was embeded : 10
Result of extraction = 1

Optimal c value for grid = 40
-----------------------------------

Running with c = 40
Rows offset = (73,145)
Columns offset = (365,437)
PSNR taken 55.80469
SSIM taken 0.99601

Key which was embeded : 10
Result of extraction = 1

Optimal c value for grid = 40
-----------------------------------

Running with c = 40
Rows offset = (146,218)
Columns offset = (0,72)
PSNR taken 55.85916
SSIM taken 0.99597

Key which was embeded : 10
Result of extraction = 1

Optimal c value for grid = 40
-----------------------------------

Running with c = 40
Rows offset = (146,218)
Columns offset = (73,145)
PSNR taken 55.92500
SSIM taken 0.99587

Key which was embeded : 10
Result of extraction = 1

Optimal c value for grid = 40
-----------------------------------

Running with c = 40
Rows offset = (146,218)
Columns offset = (146,218)
PSNR taken 55.86811
SSIM taken 0.99579

Key which was embeded : 10
Result of extraction = 1

Optimal c value for grid = 40
-----------------------------------

Running with c = 40
Rows offset = (146,218)
Columns offset = (219,291)
PSNR taken 56.03714
SSIM taken 0.99592

Key which was embeded : 10
Result of extraction = 1

Optimal c value for grid = 40
-----------------------------------

Running with c = 40
Rows offset = (146,218)
Columns offset = (292,364)
PSNR taken 55.86373
SSIM taken 0.99590

Key which was embeded : 10
Result of extraction = 1

Optimal c value for grid = 40
-----------------------------------

Running with c = 40
Rows offset = (146,218)
Columns offset = (365,437)
PSNR taken 55.80920
SSIM taken 0.99600

Key which was embeded : 10
Result of extraction = 1

Optimal c value for grid = 40
-----------------------------------

Running with c = 40
PSNR = 56.037143068761836
SSIM = 0.9959199042465979
[146, 219]
Finished grid movement

Rows offset = (146,218)
Columns offset = (219,291)
Embed key : 14 in Block 15
Running with c = 40
Rows offset = (0,72)
Columns offset = (0,72)
PSNR taken 55.85936
SSIM taken 0.99538

Key which was embeded : 14
Result of extraction = 1

Optimal c value for grid = 40
-----------------------------------

Running with c = 40
Rows offset = (0,72)
Columns offset = (73,145)
PSNR taken 55.80116
SSIM taken 0.99513

Key which was embeded : 14
Result of extraction = 1

Optimal c value for grid = 40
-----------------------------------

Running with c = 40
Rows offset = (0,72)
Columns offset = (146,218)
PSNR taken 55.81077
SSIM taken 0.99545

Key which was embeded : 14
Result of extraction = 1

Optimal c value for grid = 40
-----------------------------------

Running with c = 40
Rows offset = (0,72)
Columns offset = (219,291)
PSNR taken 55.87070
SSIM taken 0.99559

Key which was embeded : 14
Result of extraction = 1

Optimal c value for grid = 40
-----------------------------------

Running with c = 40
Rows offset = (0,72)
Columns offset = (292,364)
PSNR taken 55.93186
SSIM taken 0.99572

Key which was embeded : 14
Result of extraction = 1

Optimal c value for grid = 40
-----------------------------------

Running with c = 40
Rows offset = (0,72)
Columns offset = (365,437)
PSNR taken 55.86970
SSIM taken 0.99516

Key which was embeded : 14
Result of extraction = 1

Optimal c value for grid = 40
-----------------------------------

Running with c = 40
Rows offset = (73,145)
Columns offset = (0,72)
PSNR taken 55.79802
SSIM taken 0.99494

Key which was embeded : 14
Result of extraction = 1

Optimal c value for grid = 40
-----------------------------------

Running with c = 40
Rows offset = (73,145)
Columns offset = (73,145)
PSNR taken 55.80312
SSIM taken 0.99447

Key which was embeded : 14
Result of extraction = 1

Optimal c value for grid = 40
-----------------------------------

Running with c = 40
Rows offset = (73,145)
Columns offset = (146,218)
PSNR taken 55.80684
SSIM taken 0.99464

Key which was embeded : 14
Result of extraction = 1

Optimal c value for grid = 40
-----------------------------------

Running with c = 40
Rows offset = (73,145)
Columns offset = (219,291)
PSNR taken 55.86234
SSIM taken 0.99452

Key which was embeded : 14
Result of extraction = 1

Optimal c value for grid = 40
-----------------------------------

Running with c = 40
Rows offset = (73,145)
Columns offset = (292,364)
PSNR taken 55.81214
SSIM taken 0.99454

Key which was embeded : 14
Result of extraction = 1

Optimal c value for grid = 40
-----------------------------------

Running with c = 40
Rows offset = (73,145)
Columns offset = (365,437)
PSNR taken 55.86234
SSIM taken 0.99469

Key which was embeded : 14
Result of extraction = 1

Optimal c value for grid = 40
-----------------------------------

Running with c = 40
Rows offset = (146,218)
Columns offset = (0,72)
PSNR taken 55.80116
SSIM taken 0.99490

Key which was embeded : 14
Result of extraction = 1

Optimal c value for grid = 40
-----------------------------------

Running with c = 40
Rows offset = (146,218)
Columns offset = (73,145)
PSNR taken 55.86353
SSIM taken 0.99462

Key which was embeded : 14
Result of extraction = 1

Optimal c value for grid = 40
-----------------------------------

Running with c = 40
Rows offset = (146,218)
Columns offset = (146,218)
PSNR taken 55.85777
SSIM taken 0.99483

Key which was embeded : 14
Result of extraction = 1

Optimal c value for grid = 40
-----------------------------------

Running with c = 40
Rows offset = (146,218)
Columns offset = (219,291)
PSNR taken 55.86095
SSIM taken 0.99464

Key which was embeded : 14
Result of extraction = 1

Optimal c value for grid = 40
-----------------------------------

Running with c = 40
Rows offset = (146,218)
Columns offset = (292,364)
PSNR taken 55.80979
SSIM taken 0.99429

Key which was embeded : 14
Result of extraction = 1

Optimal c value for grid = 40
-----------------------------------

Running with c = 40
Rows offset = (146,218)
Columns offset = (365,437)
PSNR taken 55.80508
SSIM taken 0.99428

Key which was embeded : 14
Result of extraction = 1

Optimal c value for grid = 40
-----------------------------------

Running with c = 40
PSNR = 55.931863074843065
SSIM = 0.9957166823926258
[0, 292]
Finished grid movement

Rows offset = (0,72)
Columns offset = (292,364)
Embed key : 11 in Block 16
Running with c = 40
Rows offset = (0,72)
Columns offset = (0,72)
PSNR taken 55.82415
SSIM taken 0.99770

Key which was embeded : 11
Result of extraction = 1

Optimal c value for grid = 40
-----------------------------------

Running with c = 40
Rows offset = (0,72)
Columns offset = (73,145)
PSNR taken 55.89706
SSIM taken 0.99765

Key which was embeded : 11
Result of extraction = 1

Optimal c value for grid = 40
-----------------------------------

Running with c = 40
Rows offset = (0,72)
Columns offset = (146,218)
PSNR taken 55.81844
SSIM taken 0.99757

Key which was embeded : 11
Result of extraction = 1

Optimal c value for grid = 40
-----------------------------------

Running with c = 40
Rows offset = (0,72)
Columns offset = (219,291)
PSNR taken 55.82572
SSIM taken 0.99779

Key which was embeded : 11
Result of extraction = 1

Optimal c value for grid = 40
-----------------------------------

Running with c = 40
Rows offset = (0,72)
Columns offset = (292,364)
PSNR taken 55.82218
SSIM taken 0.99765

Key which was embeded : 11
Result of extraction = 1

Optimal c value for grid = 40
-----------------------------------

Running with c = 40
Rows offset = (0,72)
Columns offset = (365,437)
PSNR taken 56.79162
SSIM taken 0.99544

Key which was embeded : 11
Result of extraction = 1

Optimal c value for grid = 40
-----------------------------------

Running with c = 40
Rows offset = (73,145)
Columns offset = (0,72)
PSNR taken 55.87149
SSIM taken 0.99701

Key which was embeded : 11
Result of extraction = 1

Optimal c value for grid = 40
-----------------------------------

Running with c = 40
Rows offset = (73,145)
Columns offset = (73,145)
PSNR taken 56.05290
SSIM taken 0.99700

Key which was embeded : 11
Result of extraction = 1

Optimal c value for grid = 40
-----------------------------------

Running with c = 40
Rows offset = (73,145)
Columns offset = (146,218)
PSNR taken 55.82119
SSIM taken 0.99701

Key which was embeded : 11
Result of extraction = 1

Optimal c value for grid = 40
-----------------------------------

Running with c = 40
Rows offset = (73,145)
Columns offset = (219,291)
PSNR taken 55.82395
SSIM taken 0.99747

Key which was embeded : 11
Result of extraction = 1

Optimal c value for grid = 40
-----------------------------------

Running with c = 40
Rows offset = (73,145)
Columns offset = (292,364)
PSNR taken 55.81785
SSIM taken 0.99791

Key which was embeded : 11
Result of extraction = 1

Optimal c value for grid = 40
-----------------------------------

Running with c = 40
Rows offset = (73,145)
Columns offset = (365,437)
PSNR taken 56.91168
SSIM taken 0.99599

Key which was embeded : 11
Result of extraction = 1

Optimal c value for grid = 40
-----------------------------------

Running with c = 40
Rows offset = (146,218)
Columns offset = (0,72)
PSNR taken 55.97571
SSIM taken 0.99707

Key which was embeded : 11
Result of extraction = 1

Optimal c value for grid = 40
-----------------------------------

Running with c = 40
Rows offset = (146,218)
Columns offset = (73,145)
PSNR taken 55.98776
SSIM taken 0.99686

Key which was embeded : 11
Result of extraction = 1

Optimal c value for grid = 40
-----------------------------------

Running with c = 40
Rows offset = (146,218)
Columns offset = (146,218)
PSNR taken 55.81057
SSIM taken 0.99682

Key which was embeded : 11
Result of extraction = 1

Optimal c value for grid = 40
-----------------------------------

Running with c = 40
Rows offset = (146,218)
Columns offset = (219,291)
PSNR taken 55.88406
SSIM taken 0.99719

Key which was embeded : 11
Result of extraction = 1

Optimal c value for grid = 40
-----------------------------------

Running with c = 40
Rows offset = (146,218)
Columns offset = (292,364)
PSNR taken 55.81431
SSIM taken 0.99754

Key which was embeded : 11
Result of extraction = 1

Optimal c value for grid = 40
-----------------------------------

Running with c = 40
Rows offset = (146,218)
Columns offset = (365,437)
PSNR taken 57.03125
SSIM taken 0.99563

Key which was embeded : 11
Result of extraction = 1

Optimal c value for grid = 40
-----------------------------------

Running with c = 40
PSNR = 57.03124953237261
SSIM = 0.9956308700152819
[146, 365]
Finished grid movement

Rows offset = (146,218)
Columns offset = (365,437)
PSNR taken 56.29288
SSIM taken 0.99816

Total positions checked for each block : 18
Key which was embeded : 8
Complete Extraction in block 1

Key which was embeded : 10
Complete Extraction in block 2

Key which was embeded : 10
Complete Extraction in block 3

Key which was embeded : 13
Complete Extraction in block 4

Key which was embeded : 14
Complete Extraction in block 5

Key which was embeded : 12
Complete Extraction in block 6

Key which was embeded : 11
Complete Extraction in block 7

Key which was embeded : 10
Complete Extraction in block 8

Key which was embeded : 8
Complete Extraction in block 9

Key which was embeded : 8
Complete Extraction in block 10

Key which was embeded : 12
Complete Extraction in block 11

Key which was embeded : 13
Complete Extraction in block 12

Key which was embeded : 9
Complete Extraction in block 13

Key which was embeded : 10
Complete Extraction in block 14

Key which was embeded : 14
Complete Extraction in block 15

Key which was embeded : 11
Complete Extraction in block 16

Extraction percentage = 100.0%

Elapsed time = 0.924 mins
Elapsed time = 55.450 seconds

