Embed key : 9 in Block 1
Running with c = 1
Rows offset = (0,108)
Columns offset = (0,108)
PSNR taken 73.93090
SSIM taken 0.99998

Key which was embeded : 9
Result of extraction = 1

Optimal c value for grid = 1
-----------------------------------

Running with c = 1
Rows offset = (0,108)
Columns offset = (120,228)
PSNR taken 73.61315
SSIM taken 0.99998

Key which was embeded : 9
Result of extraction = 1

Optimal c value for grid = 1
-----------------------------------

Running with c = 1
Rows offset = (0,108)
Columns offset = (240,348)
PSNR taken 73.61982
SSIM taken 0.99997

Key which was embeded : 9
Result of extraction = 1

Optimal c value for grid = 1
-----------------------------------

Running with c = 1
Rows offset = (0,108)
Columns offset = (360,468)
PSNR taken 73.44333
SSIM taken 0.99998

Key which was embeded : 9
Result of extraction = 1

Optimal c value for grid = 1
-----------------------------------

Running with c = 1
Rows offset = (0,108)
Columns offset = (480,588)
PSNR taken 73.50137
SSIM taken 0.99998

Key which was embeded : 9
Result of extraction = 1

Optimal c value for grid = 1
-----------------------------------

Running with c = 1
Rows offset = (120,228)
Columns offset = (0,108)
PSNR taken 73.62649
SSIM taken 0.99997

Key which was embeded : 9
Result of extraction = 1

Optimal c value for grid = 1
-----------------------------------

Running with c = 1
Rows offset = (120,228)
Columns offset = (120,228)
PSNR taken 73.63988
SSIM taken 0.99997

Key which was embeded : 9
Result of extraction = 1

Optimal c value for grid = 1
-----------------------------------

Running with c = 1
Rows offset = (120,228)
Columns offset = (240,348)
PSNR taken 73.56019
SSIM taken 0.99997

Key which was embeded : 9
Result of extraction = 1

Optimal c value for grid = 1
-----------------------------------

Running with c = 1
Rows offset = (120,228)
Columns offset = (360,468)
PSNR taken 73.59985
SSIM taken 0.99997

Key which was embeded : 9
Result of extraction = 1

Optimal c value for grid = 1
-----------------------------------

Running with c = 1
Rows offset = (120,228)
Columns offset = (480,588)
PSNR taken 73.62649
SSIM taken 0.99997

Key which was embeded : 9
Result of extraction = 1

Optimal c value for grid = 1
-----------------------------------

Running with c = 1
Rows offset = (240,348)
Columns offset = (0,108)
PSNR taken 74.13635
SSIM taken 0.99998

Key which was embeded : 9
Result of extraction = 0

Running with c = 100
Rows offset = (240,348)
Columns offset = (0,108)
PSNR taken 52.53762
SSIM taken 0.99711

Key which was embeded : 9
Result of extraction = 0

Running with c = 50
Rows offset = (240,348)
Columns offset = (0,108)
PSNR taken 58.02320
SSIM taken 0.99889

Key which was embeded : 9
Result of extraction = 0

Running with c = 25
Rows offset = (240,348)
Columns offset = (0,108)
PSNR taken 63.01081
SSIM taken 0.99961

Key which was embeded : 9
Result of extraction = 0

Running with c = 13
Rows offset = (240,348)
Columns offset = (0,108)
PSNR taken 67.15869
SSIM taken 0.99985

Key which was embeded : 9
Result of extraction = 0

Running with c = 18
Rows offset = (240,348)
Columns offset = (0,108)
PSNR taken 67.15869
SSIM taken 0.99985

Key which was embeded : 9
Result of extraction = 0

Running with c = 21
Rows offset = (240,348)
Columns offset = (0,108)
PSNR taken 67.15869
SSIM taken 0.99985

Key which was embeded : 9
Result of extraction = 0

Running with c = 22
Rows offset = (240,348)
Columns offset = (0,108)
PSNR taken 67.15869
SSIM taken 0.99985

Key which was embeded : 9
Result of extraction = 0

Running with c = 23
Rows offset = (240,348)
Columns offset = (0,108)
Key which was embeded : 9
Result of extraction = 0

Running with c = 26
Rows offset = (240,348)
Columns offset = (0,108)
Key which was embeded : 9
Result of extraction = 0

Running with c = 29
Rows offset = (240,348)
Columns offset = (0,108)
Key which was embeded : 9
Result of extraction = 0

Running with c = 32
Rows offset = (240,348)
Columns offset = (0,108)
Key which was embeded : 9
Result of extraction = 0

Running with c = 35
Rows offset = (240,348)
Columns offset = (0,108)
Key which was embeded : 9
Result of extraction = 0

Running with c = 38
Rows offset = (240,348)
Columns offset = (0,108)
Key which was embeded : 9
Result of extraction = 0

Running with c = 41
Rows offset = (240,348)
Columns offset = (0,108)
Key which was embeded : 9
Result of extraction = 0

Running with c = 44
Rows offset = (240,348)
Columns offset = (0,108)
Key which was embeded : 9
Result of extraction = 0

Running with c = 47
Rows offset = (240,348)
Columns offset = (0,108)
Key which was embeded : 9
Result of extraction = 0

Running with c = 50
Rows offset = (240,348)
Columns offset = (0,108)
Key which was embeded : 9
Result of extraction = 0

Running with c = 53
Rows offset = (240,348)
Columns offset = (0,108)
Key which was embeded : 9
Result of extraction = 0

Running with c = 56
Rows offset = (240,348)
Columns offset = (0,108)
Key which was embeded : 9
Result of extraction = 0

Running with c = 59
Rows offset = (240,348)
Columns offset = (0,108)
Key which was embeded : 9
Result of extraction = 0

Running with c = 62
Rows offset = (240,348)
Columns offset = (0,108)
Key which was embeded : 9
Result of extraction = 0

Running with c = 65
Rows offset = (240,348)
Columns offset = (0,108)
Key which was embeded : 9
Result of extraction = 0

Running with c = 68
Rows offset = (240,348)
Columns offset = (0,108)
Key which was embeded : 9
Result of extraction = 0

Running with c = 71
Rows offset = (240,348)
Columns offset = (0,108)
Key which was embeded : 9
Result of extraction = 0

Running with c = 74
Rows offset = (240,348)
Columns offset = (0,108)
Key which was embeded : 9
Result of extraction = 0

Running with c = 77
Rows offset = (240,348)
Columns offset = (0,108)
Key which was embeded : 9
Result of extraction = 0

Running with c = 80
Rows offset = (240,348)
Columns offset = (0,108)
Key which was embeded : 9
Result of extraction = 0

Running with c = 83
Rows offset = (240,348)
Columns offset = (0,108)
Key which was embeded : 9
Result of extraction = 0

Running with c = 86
Rows offset = (240,348)
Columns offset = (0,108)
Key which was embeded : 9
Result of extraction = 0

Running with c = 89
Rows offset = (240,348)
Columns offset = (0,108)
Key which was embeded : 9
Result of extraction = 0

Running with c = 92
Rows offset = (240,348)
Columns offset = (0,108)
Key which was embeded : 9
Result of extraction = 0

Running with c = 95
Rows offset = (240,348)
Columns offset = (0,108)
Key which was embeded : 9
Result of extraction = 0

Running with c = 98
Rows offset = (240,348)
Columns offset = (0,108)
Key which was embeded : 9
Result of extraction = 0

Running with c = 101
Rows offset = (240,348)
Columns offset = (0,108)
Key which was embeded : 9
Result of extraction = 0

Running with c = 1
Rows offset = (240,348)
Columns offset = (0,108)
Optimal c value for grid = 1
-----------------------------------

Optimal c value for grid = 1
-----------------------------------

Running with c = 1
Rows offset = (240,348)
Columns offset = (120,228)
PSNR taken 73.61982
SSIM taken 0.99997

Key which was embeded : 9
Result of extraction = 1

Optimal c value for grid = 1
-----------------------------------

Running with c = 1
Rows offset = (240,348)
Columns offset = (240,348)
PSNR taken 73.63318
SSIM taken 0.99997

Key which was embeded : 9
Result of extraction = 1

Optimal c value for grid = 1
-----------------------------------

Running with c = 1
Rows offset = (240,348)
Columns offset = (360,468)
PSNR taken 73.56019
SSIM taken 0.99997

Key which was embeded : 9
Result of extraction = 1

Optimal c value for grid = 1
-----------------------------------

Running with c = 1
Rows offset = (240,348)
Columns offset = (480,588)
PSNR taken 73.61315
SSIM taken 0.99997

Key which was embeded : 9
Result of extraction = 1

Optimal c value for grid = 1
-----------------------------------

Running with c = 1
PSNR = 73.93090211452798
SSIM = 0.9999772494360629
[0, 0]
Finished grid movement

Rows offset = (0,108)
Columns offset = (0,108)
Embed key : 9 in Block 2
Running with c = 1
Rows offset = (0,108)
Columns offset = (0,108)
PSNR taken 73.61982
SSIM taken 0.99995

Key which was embeded : 9
Result of extraction = 1

Optimal c value for grid = 1
-----------------------------------

Running with c = 1
Rows offset = (0,108)
Columns offset = (120,228)
PSNR taken 73.61315
SSIM taken 0.99995

Key which was embeded : 9
Result of extraction = 1

Optimal c value for grid = 1
-----------------------------------

Running with c = 1
Rows offset = (0,108)
Columns offset = (240,348)
PSNR taken 73.61982
SSIM taken 0.99995

Key which was embeded : 9
Result of extraction = 1

Optimal c value for grid = 1
-----------------------------------

Running with c = 1
Rows offset = (0,108)
Columns offset = (360,468)
PSNR taken 73.59322
SSIM taken 0.99995

Key which was embeded : 9
Result of extraction = 1

Optimal c value for grid = 1
-----------------------------------

Running with c = 1
Rows offset = (0,108)
Columns offset = (480,588)
PSNR taken 73.59322
SSIM taken 0.99995

Key which was embeded : 9
Result of extraction = 1

Optimal c value for grid = 1
-----------------------------------

Running with c = 1
Rows offset = (120,228)
Columns offset = (0,108)
PSNR taken 73.59322
SSIM taken 0.99996

Key which was embeded : 9
Result of extraction = 1

Optimal c value for grid = 1
-----------------------------------

Running with c = 1
Rows offset = (120,228)
Columns offset = (120,228)
PSNR taken 73.63318
SSIM taken 0.99996

Key which was embeded : 9
Result of extraction = 1

Optimal c value for grid = 1
-----------------------------------

Running with c = 1
Rows offset = (120,228)
Columns offset = (240,348)
PSNR taken 73.56677
SSIM taken 0.99995

Key which was embeded : 9
Result of extraction = 1

Optimal c value for grid = 1
-----------------------------------

Running with c = 1
Rows offset = (120,228)
Columns offset = (360,468)
PSNR taken 73.57337
SSIM taken 0.99994

Key which was embeded : 9
Result of extraction = 1

Optimal c value for grid = 1
-----------------------------------

Running with c = 1
Rows offset = (120,228)
Columns offset = (480,588)
PSNR taken 73.62649
SSIM taken 0.99996

Key which was embeded : 9
Result of extraction = 1

Optimal c value for grid = 1
-----------------------------------

Running with c = 1
Rows offset = (240,348)
Columns offset = (0,108)
PSNR taken 73.61315
SSIM taken 0.99995

Key which was embeded : 9
Result of extraction = 1

Optimal c value for grid = 1
-----------------------------------

Running with c = 1
Rows offset = (240,348)
Columns offset = (120,228)
PSNR taken 73.63318
SSIM taken 0.99996

Key which was embeded : 9
Result of extraction = 1

Optimal c value for grid = 1
-----------------------------------

Running with c = 1
Rows offset = (240,348)
Columns offset = (240,348)
PSNR taken 73.63318
SSIM taken 0.99995

Key which was embeded : 9
Result of extraction = 1

Optimal c value for grid = 1
-----------------------------------

Running with c = 1
Rows offset = (240,348)
Columns offset = (360,468)
PSNR taken 74.69699
SSIM taken 0.99996

Key which was embeded : 9
Result of extraction = 0

Running with c = 100
Rows offset = (240,348)
Columns offset = (360,468)
PSNR taken 53.11741
SSIM taken 0.99585

Key which was embeded : 9
Result of extraction = 0

Running with c = 50
Rows offset = (240,348)
Columns offset = (360,468)
PSNR taken 58.60264
SSIM taken 0.99810

Key which was embeded : 9
Result of extraction = 0

Running with c = 25
Rows offset = (240,348)
Columns offset = (360,468)
PSNR taken 63.58924
SSIM taken 0.99927

Key which was embeded : 9
Result of extraction = 0

Running with c = 13
Rows offset = (240,348)
Columns offset = (360,468)
PSNR taken 67.73473
SSIM taken 0.99971

Key which was embeded : 9
Result of extraction = 0

Running with c = 18
Rows offset = (240,348)
Columns offset = (360,468)
PSNR taken 67.73473
SSIM taken 0.99971

Key which was embeded : 9
Result of extraction = 0

Running with c = 21
Rows offset = (240,348)
Columns offset = (360,468)
PSNR taken 67.73473
SSIM taken 0.99971

Key which was embeded : 9
Result of extraction = 0

Running with c = 22
Rows offset = (240,348)
Columns offset = (360,468)
PSNR taken 67.73473
SSIM taken 0.99971

Key which was embeded : 9
Result of extraction = 0

Running with c = 23
Rows offset = (240,348)
Columns offset = (360,468)
Key which was embeded : 9
Result of extraction = 0

Running with c = 26
Rows offset = (240,348)
Columns offset = (360,468)
Key which was embeded : 9
Result of extraction = 0

Running with c = 29
Rows offset = (240,348)
Columns offset = (360,468)
Key which was embeded : 9
Result of extraction = 0

Running with c = 32
Rows offset = (240,348)
Columns offset = (360,468)
Key which was embeded : 9
Result of extraction = 0

Running with c = 35
Rows offset = (240,348)
Columns offset = (360,468)
Key which was embeded : 9
Result of extraction = 0

Running with c = 38
Rows offset = (240,348)
Columns offset = (360,468)
Key which was embeded : 9
Result of extraction = 0

Running with c = 41
Rows offset = (240,348)
Columns offset = (360,468)
Key which was embeded : 9
Result of extraction = 0

Running with c = 44
Rows offset = (240,348)
Columns offset = (360,468)
Key which was embeded : 9
Result of extraction = 0

Running with c = 47
Rows offset = (240,348)
Columns offset = (360,468)
Key which was embeded : 9
Result of extraction = 0

Running with c = 50
Rows offset = (240,348)
Columns offset = (360,468)
Key which was embeded : 9
Result of extraction = 0

Running with c = 53
Rows offset = (240,348)
Columns offset = (360,468)
Key which was embeded : 9
Result of extraction = 0

Running with c = 56
Rows offset = (240,348)
Columns offset = (360,468)
Key which was embeded : 9
Result of extraction = 0

Running with c = 59
Rows offset = (240,348)
Columns offset = (360,468)
Key which was embeded : 9
Result of extraction = 0

Running with c = 62
Rows offset = (240,348)
Columns offset = (360,468)
Key which was embeded : 9
Result of extraction = 0

Running with c = 65
Rows offset = (240,348)
Columns offset = (360,468)
Key which was embeded : 9
Result of extraction = 0

Running with c = 68
Rows offset = (240,348)
Columns offset = (360,468)
Key which was embeded : 9
Result of extraction = 0

Running with c = 71
Rows offset = (240,348)
Columns offset = (360,468)
Key which was embeded : 9
Result of extraction = 0

Running with c = 74
Rows offset = (240,348)
Columns offset = (360,468)
Key which was embeded : 9
Result of extraction = 0

Running with c = 77
Rows offset = (240,348)
Columns offset = (360,468)
Key which was embeded : 9
Result of extraction = 0

Running with c = 80
Rows offset = (240,348)
Columns offset = (360,468)
Key which was embeded : 9
Result of extraction = 0

Running with c = 83
Rows offset = (240,348)
Columns offset = (360,468)
Key which was embeded : 9
Result of extraction = 0

Running with c = 86
Rows offset = (240,348)
Columns offset = (360,468)
Key which was embeded : 9
Result of extraction = 0

Running with c = 89
Rows offset = (240,348)
Columns offset = (360,468)
Key which was embeded : 9
Result of extraction = 0

Running with c = 92
Rows offset = (240,348)
Columns offset = (360,468)
Key which was embeded : 9
Result of extraction = 0

Running with c = 95
Rows offset = (240,348)
Columns offset = (360,468)
Key which was embeded : 9
Result of extraction = 0

Running with c = 98
Rows offset = (240,348)
Columns offset = (360,468)
Key which was embeded : 9
Result of extraction = 0

Running with c = 101
Rows offset = (240,348)
Columns offset = (360,468)
Key which was embeded : 9
Result of extraction = 0

Running with c = 1
Rows offset = (240,348)
Columns offset = (360,468)
Optimal c value for grid = 1
-----------------------------------

Optimal c value for grid = 1
-----------------------------------

Running with c = 1
Rows offset = (240,348)
Columns offset = (480,588)
PSNR taken 73.60650
SSIM taken 0.99996

Key which was embeded : 9
Result of extraction = 1

Optimal c value for grid = 1
-----------------------------------

Running with c = 1
PSNR = 73.63318138818715
SSIM = 0.9999571171108493
[120, 120]
Finished grid movement

Rows offset = (120,228)
Columns offset = (120,228)
Embed key : 10 in Block 3
Running with c = 1
Rows offset = (0,108)
Columns offset = (0,108)
PSNR taken 74.06186
SSIM taken 0.99997

Key which was embeded : 10
Result of extraction = 1

Optimal c value for grid = 1
-----------------------------------

Running with c = 1
Rows offset = (0,108)
Columns offset = (120,228)
PSNR taken 73.59985
SSIM taken 0.99996

Key which was embeded : 10
Result of extraction = 1

Optimal c value for grid = 1
-----------------------------------

Running with c = 1
Rows offset = (0,108)
Columns offset = (240,348)
PSNR taken 73.62649
SSIM taken 0.99995

Key which was embeded : 10
Result of extraction = 1

Optimal c value for grid = 1
-----------------------------------

Running with c = 1
Rows offset = (0,108)
Columns offset = (360,468)
PSNR taken 73.61982
SSIM taken 0.99995

Key which was embeded : 10
Result of extraction = 1

Optimal c value for grid = 1
-----------------------------------

Running with c = 1
Rows offset = (0,108)
Columns offset = (480,588)
PSNR taken 73.60650
SSIM taken 0.99995

Key which was embeded : 10
Result of extraction = 1

Optimal c value for grid = 1
-----------------------------------

Running with c = 1
Rows offset = (120,228)
Columns offset = (0,108)
PSNR taken 73.62649
SSIM taken 0.99996

Key which was embeded : 10
Result of extraction = 1

Optimal c value for grid = 1
-----------------------------------

Running with c = 1
Rows offset = (120,228)
Columns offset = (120,228)
PSNR taken 73.59322
SSIM taken 0.99995

Key which was embeded : 10
Result of extraction = 1

Optimal c value for grid = 1
-----------------------------------

Running with c = 1
Rows offset = (120,228)
Columns offset = (240,348)
PSNR taken 73.48194
SSIM taken 0.99994

Key which was embeded : 10
Result of extraction = 1

Optimal c value for grid = 1
-----------------------------------

Running with c = 1
Rows offset = (120,228)
Columns offset = (360,468)
PSNR taken 73.62649
SSIM taken 0.99994

Key which was embeded : 10
Result of extraction = 1

Optimal c value for grid = 1
-----------------------------------

Running with c = 1
Rows offset = (120,228)
Columns offset = (480,588)
PSNR taken 73.58659
SSIM taken 0.99994

Key which was embeded : 10
Result of extraction = 1

Optimal c value for grid = 1
-----------------------------------

Running with c = 1
Rows offset = (240,348)
Columns offset = (0,108)
PSNR taken 73.58659
SSIM taken 0.99995

Key which was embeded : 10
Result of extraction = 1

Optimal c value for grid = 1
-----------------------------------

Running with c = 1
Rows offset = (240,348)
Columns offset = (120,228)
PSNR taken 73.59322
SSIM taken 0.99995

Key which was embeded : 10
Result of extraction = 1

Optimal c value for grid = 1
-----------------------------------

Running with c = 1
Rows offset = (240,348)
Columns offset = (240,348)
PSNR taken 73.61315
SSIM taken 0.99995

Key which was embeded : 10
Result of extraction = 1

Optimal c value for grid = 1
-----------------------------------

Running with c = 1
Rows offset = (240,348)
Columns offset = (360,468)
PSNR taken 73.58659
SSIM taken 0.99993

Key which was embeded : 10
Result of extraction = 1

Optimal c value for grid = 1
-----------------------------------

Running with c = 1
Rows offset = (240,348)
Columns offset = (480,588)
PSNR taken 73.60650
SSIM taken 0.99994

Key which was embeded : 10
Result of extraction = 1

Optimal c value for grid = 1
-----------------------------------

Running with c = 1
PSNR = 74.06185509542946
SSIM = 0.999967118505635
[0, 0]
Finished grid movement

Rows offset = (0,108)
Columns offset = (0,108)
Embed key : 10 in Block 4
Running with c = 1
Rows offset = (0,108)
Columns offset = (0,108)
PSNR taken 73.60650
SSIM taken 0.99997

Key which was embeded : 10
Result of extraction = 1

Optimal c value for grid = 1
-----------------------------------

Running with c = 1
Rows offset = (0,108)
Columns offset = (120,228)
PSNR taken 73.59985
SSIM taken 0.99996

Key which was embeded : 10
Result of extraction = 1

Optimal c value for grid = 1
-----------------------------------

Running with c = 1
Rows offset = (0,108)
Columns offset = (240,348)
PSNR taken 73.63988
SSIM taken 0.99996

Key which was embeded : 10
Result of extraction = 1

Optimal c value for grid = 1
-----------------------------------

Running with c = 1
Rows offset = (0,108)
Columns offset = (360,468)
PSNR taken 73.57337
SSIM taken 0.99997

Key which was embeded : 10
Result of extraction = 1

Optimal c value for grid = 1
-----------------------------------

Running with c = 1
Rows offset = (0,108)
Columns offset = (480,588)
PSNR taken 73.60650
SSIM taken 0.99997

Key which was embeded : 10
Result of extraction = 1

Optimal c value for grid = 1
-----------------------------------

Running with c = 1
Rows offset = (120,228)
Columns offset = (0,108)
PSNR taken 73.61982
SSIM taken 0.99997

Key which was embeded : 10
Result of extraction = 1

Optimal c value for grid = 1
-----------------------------------

Running with c = 1
Rows offset = (120,228)
Columns offset = (120,228)
PSNR taken 73.62649
SSIM taken 0.99996

Key which was embeded : 10
Result of extraction = 1

Optimal c value for grid = 1
-----------------------------------

Running with c = 1
Rows offset = (120,228)
Columns offset = (240,348)
PSNR taken 73.63318
SSIM taken 0.99997

Key which was embeded : 10
Result of extraction = 1

Optimal c value for grid = 1
-----------------------------------

Running with c = 1
Rows offset = (120,228)
Columns offset = (360,468)
PSNR taken 73.63318
SSIM taken 0.99997

Key which was embeded : 10
Result of extraction = 1

Optimal c value for grid = 1
-----------------------------------

Running with c = 1
Rows offset = (120,228)
Columns offset = (480,588)
PSNR taken 73.61315
SSIM taken 0.99997

Key which was embeded : 10
Result of extraction = 1

Optimal c value for grid = 1
-----------------------------------

Running with c = 1
Rows offset = (240,348)
Columns offset = (0,108)
PSNR taken 74.62913
SSIM taken 0.99997

Key which was embeded : 10
Result of extraction = 1

Optimal c value for grid = 1
-----------------------------------

Running with c = 1
Rows offset = (240,348)
Columns offset = (120,228)
PSNR taken 73.63318
SSIM taken 0.99996

Key which was embeded : 10
Result of extraction = 1

Optimal c value for grid = 1
-----------------------------------

Running with c = 1
Rows offset = (240,348)
Columns offset = (240,348)
PSNR taken 73.63318
SSIM taken 0.99997

Key which was embeded : 10
Result of extraction = 1

Optimal c value for grid = 1
-----------------------------------

Running with c = 1
Rows offset = (240,348)
Columns offset = (360,468)
PSNR taken 73.61982
SSIM taken 0.99997

Key which was embeded : 10
Result of extraction = 1

Optimal c value for grid = 1
-----------------------------------

Running with c = 1
Rows offset = (240,348)
Columns offset = (480,588)
PSNR taken 73.57997
SSIM taken 0.99998

Key which was embeded : 10
Result of extraction = 1

Optimal c value for grid = 1
-----------------------------------

Running with c = 1
PSNR = 74.62913133991873
SSIM = 0.9999725316224368
[240, 0]
Finished grid movement

Rows offset = (240,348)
Columns offset = (0,108)
Embed key : 11 in Block 5
Running with c = 1
Rows offset = (0,108)
Columns offset = (0,108)
PSNR taken 73.61982
SSIM taken 0.99996

Key which was embeded : 11
Result of extraction = 1

Optimal c value for grid = 1
-----------------------------------

Running with c = 1
Rows offset = (0,108)
Columns offset = (120,228)
PSNR taken 73.61982
SSIM taken 0.99997

Key which was embeded : 11
Result of extraction = 1

Optimal c value for grid = 1
-----------------------------------

Running with c = 1
Rows offset = (0,108)
Columns offset = (240,348)
PSNR taken 73.62649
SSIM taken 0.99995

Key which was embeded : 11
Result of extraction = 1

Optimal c value for grid = 1
-----------------------------------

Running with c = 1
Rows offset = (0,108)
Columns offset = (360,468)
PSNR taken 73.62649
SSIM taken 0.99994

Key which was embeded : 11
Result of extraction = 1

Optimal c value for grid = 1
-----------------------------------

Running with c = 1
Rows offset = (0,108)
Columns offset = (480,588)
PSNR taken 73.60650
SSIM taken 0.99996

Key which was embeded : 11
Result of extraction = 1

Optimal c value for grid = 1
-----------------------------------

Running with c = 1
Rows offset = (120,228)
Columns offset = (0,108)
PSNR taken 73.59985
SSIM taken 0.99997

Key which was embeded : 11
Result of extraction = 1

Optimal c value for grid = 1
-----------------------------------

Running with c = 1
Rows offset = (120,228)
Columns offset = (120,228)
PSNR taken 73.63318
SSIM taken 0.99997

Key which was embeded : 11
Result of extraction = 1

Optimal c value for grid = 1
-----------------------------------

Running with c = 1
Rows offset = (120,228)
Columns offset = (240,348)
PSNR taken 73.57337
SSIM taken 0.99994

Key which was embeded : 11
Result of extraction = 1

Optimal c value for grid = 1
-----------------------------------

Running with c = 1
Rows offset = (120,228)
Columns offset = (360,468)
PSNR taken 73.63318
SSIM taken 0.99994

Key which was embeded : 11
Result of extraction = 1

Optimal c value for grid = 1
-----------------------------------

Running with c = 1
Rows offset = (120,228)
Columns offset = (480,588)
PSNR taken 73.57997
SSIM taken 0.99995

Key which was embeded : 11
Result of extraction = 1

Optimal c value for grid = 1
-----------------------------------

Running with c = 1
Rows offset = (240,348)
Columns offset = (0,108)
PSNR taken 73.59322
SSIM taken 0.99997

Key which was embeded : 11
Result of extraction = 1

Optimal c value for grid = 1
-----------------------------------

Running with c = 1
Rows offset = (240,348)
Columns offset = (120,228)
PSNR taken 73.61982
SSIM taken 0.99995

Key which was embeded : 11
Result of extraction = 1

Optimal c value for grid = 1
-----------------------------------

Running with c = 1
Rows offset = (240,348)
Columns offset = (240,348)
PSNR taken 73.62649
SSIM taken 0.99994

Key which was embeded : 11
Result of extraction = 1

Optimal c value for grid = 1
-----------------------------------

Running with c = 1
Rows offset = (240,348)
Columns offset = (360,468)
PSNR taken 74.15140
SSIM taken 0.99995

Key which was embeded : 11
Result of extraction = 0

Running with c = 100
Rows offset = (240,348)
Columns offset = (360,468)
PSNR taken 52.53772
SSIM taken 0.99501

Key which was embeded : 11
Result of extraction = 0

Running with c = 50
Rows offset = (240,348)
Columns offset = (360,468)
PSNR taken 58.02356
SSIM taken 0.99763

Key which was embeded : 11
Result of extraction = 0

Running with c = 25
Rows offset = (240,348)
Columns offset = (360,468)
PSNR taken 63.01197
SSIM taken 0.99908

Key which was embeded : 11
Result of extraction = 0

Running with c = 13
Rows offset = (240,348)
Columns offset = (360,468)
PSNR taken 67.16170
SSIM taken 0.99963

Key which was embeded : 11
Result of extraction = 0

Running with c = 18
Rows offset = (240,348)
Columns offset = (360,468)
PSNR taken 67.16170
SSIM taken 0.99963

Key which was embeded : 11
Result of extraction = 0

Running with c = 21
Rows offset = (240,348)
Columns offset = (360,468)
PSNR taken 67.16170
SSIM taken 0.99963

Key which was embeded : 11
Result of extraction = 0

Running with c = 22
Rows offset = (240,348)
Columns offset = (360,468)
PSNR taken 67.16170
SSIM taken 0.99963

Key which was embeded : 11
Result of extraction = 0

Running with c = 23
Rows offset = (240,348)
Columns offset = (360,468)
Key which was embeded : 11
Result of extraction = 0

Running with c = 26
Rows offset = (240,348)
Columns offset = (360,468)
Key which was embeded : 11
Result of extraction = 0

Running with c = 29
Rows offset = (240,348)
Columns offset = (360,468)
Key which was embeded : 11
Result of extraction = 0

Running with c = 32
Rows offset = (240,348)
Columns offset = (360,468)
Key which was embeded : 11
Result of extraction = 0

Running with c = 35
Rows offset = (240,348)
Columns offset = (360,468)
Key which was embeded : 11
Result of extraction = 0

Running with c = 38
Rows offset = (240,348)
Columns offset = (360,468)
Key which was embeded : 11
Result of extraction = 0

Running with c = 41
Rows offset = (240,348)
Columns offset = (360,468)
Key which was embeded : 11
Result of extraction = 0

Running with c = 44
Rows offset = (240,348)
Columns offset = (360,468)
Key which was embeded : 11
Result of extraction = 0

Running with c = 47
Rows offset = (240,348)
Columns offset = (360,468)
Key which was embeded : 11
Result of extraction = 0

Running with c = 50
Rows offset = (240,348)
Columns offset = (360,468)
Key which was embeded : 11
Result of extraction = 0

Running with c = 53
Rows offset = (240,348)
Columns offset = (360,468)
Key which was embeded : 11
Result of extraction = 0

Running with c = 56
Rows offset = (240,348)
Columns offset = (360,468)
Key which was embeded : 11
Result of extraction = 0

Running with c = 59
Rows offset = (240,348)
Columns offset = (360,468)
Key which was embeded : 11
Result of extraction = 0

Running with c = 62
Rows offset = (240,348)
Columns offset = (360,468)
Key which was embeded : 11
Result of extraction = 0

Running with c = 65
Rows offset = (240,348)
Columns offset = (360,468)
Key which was embeded : 11
Result of extraction = 0

Running with c = 68
Rows offset = (240,348)
Columns offset = (360,468)
Key which was embeded : 11
Result of extraction = 0

Running with c = 71
Rows offset = (240,348)
Columns offset = (360,468)
Key which was embeded : 11
Result of extraction = 0

Running with c = 74
Rows offset = (240,348)
Columns offset = (360,468)
Key which was embeded : 11
Result of extraction = 0

Running with c = 77
Rows offset = (240,348)
Columns offset = (360,468)
Key which was embeded : 11
Result of extraction = 0

Running with c = 80
Rows offset = (240,348)
Columns offset = (360,468)
Key which was embeded : 11
Result of extraction = 0

Running with c = 83
Rows offset = (240,348)
Columns offset = (360,468)
Key which was embeded : 11
Result of extraction = 0

Running with c = 86
Rows offset = (240,348)
Columns offset = (360,468)
Key which was embeded : 11
Result of extraction = 0

Running with c = 89
Rows offset = (240,348)
Columns offset = (360,468)
Key which was embeded : 11
Result of extraction = 0

Running with c = 92
Rows offset = (240,348)
Columns offset = (360,468)
Key which was embeded : 11
Result of extraction = 0

Running with c = 95
Rows offset = (240,348)
Columns offset = (360,468)
Key which was embeded : 11
Result of extraction = 0

Running with c = 98
Rows offset = (240,348)
Columns offset = (360,468)
Key which was embeded : 11
Result of extraction = 0

Running with c = 101
Rows offset = (240,348)
Columns offset = (360,468)
Key which was embeded : 11
Result of extraction = 0

Running with c = 1
Rows offset = (240,348)
Columns offset = (360,468)
Optimal c value for grid = 1
-----------------------------------

Optimal c value for grid = 1
-----------------------------------

Running with c = 1
Rows offset = (240,348)
Columns offset = (480,588)
PSNR taken 73.56019
SSIM taken 0.99994

Key which was embeded : 11
Result of extraction = 1

Optimal c value for grid = 1
-----------------------------------

Running with c = 1
PSNR = 73.63318138818715
SSIM = 0.9999655650846225
[120, 120]
Finished grid movement

Rows offset = (120,228)
Columns offset = (120,228)
Embed key : 8 in Block 6
Running with c = 1
Rows offset = (0,108)
Columns offset = (0,108)
PSNR taken 74.11387
SSIM taken 0.99997

Key which was embeded : 8
Result of extraction = 1

Optimal c value for grid = 1
-----------------------------------

Running with c = 1
Rows offset = (0,108)
Columns offset = (120,228)
PSNR taken 73.63318
SSIM taken 0.99997

Key which was embeded : 8
Result of extraction = 1

Optimal c value for grid = 1
-----------------------------------

Running with c = 1
Rows offset = (0,108)
Columns offset = (240,348)
PSNR taken 73.61982
SSIM taken 0.99997

Key which was embeded : 8
Result of extraction = 1

Optimal c value for grid = 1
-----------------------------------

Running with c = 1
Rows offset = (0,108)
Columns offset = (360,468)
PSNR taken 73.61982
SSIM taken 0.99996

Key which was embeded : 8
Result of extraction = 1

Optimal c value for grid = 1
-----------------------------------

Running with c = 1
Rows offset = (0,108)
Columns offset = (480,588)
PSNR taken 73.54705
SSIM taken 0.99996

Key which was embeded : 8
Result of extraction = 1

Optimal c value for grid = 1
-----------------------------------

Running with c = 1
Rows offset = (120,228)
Columns offset = (0,108)
PSNR taken 73.61982
SSIM taken 0.99998

Key which was embeded : 8
Result of extraction = 1

Optimal c value for grid = 1
-----------------------------------

Running with c = 1
Rows offset = (120,228)
Columns offset = (120,228)
PSNR taken 73.59322
SSIM taken 0.99997

Key which was embeded : 8
Result of extraction = 1

Optimal c value for grid = 1
-----------------------------------

Running with c = 1
Rows offset = (120,228)
Columns offset = (240,348)
PSNR taken 73.63988
SSIM taken 0.99997

Key which was embeded : 8
Result of extraction = 1

Optimal c value for grid = 1
-----------------------------------

Running with c = 1
Rows offset = (120,228)
Columns offset = (360,468)
PSNR taken 73.61982
SSIM taken 0.99996

Key which was embeded : 8
Result of extraction = 1

Optimal c value for grid = 1
-----------------------------------

Running with c = 1
Rows offset = (120,228)
Columns offset = (480,588)
PSNR taken 74.08407
SSIM taken 0.99997

Key which was embeded : 8
Result of extraction = 0

Running with c = 100
Rows offset = (120,228)
Columns offset = (480,588)
PSNR taken 52.53726
SSIM taken 0.99606

Key which was embeded : 8
Result of extraction = 0

Running with c = 50
Rows offset = (120,228)
Columns offset = (480,588)
PSNR taken 58.02191
SSIM taken 0.99836

Key which was embeded : 8
Result of extraction = 0

Running with c = 25
Rows offset = (120,228)
Columns offset = (480,588)
PSNR taken 63.00675
SSIM taken 0.99941

Key which was embeded : 8
Result of extraction = 0

Running with c = 13
Rows offset = (120,228)
Columns offset = (480,588)
PSNR taken 67.14815
SSIM taken 0.99977

Key which was embeded : 8
Result of extraction = 0

Running with c = 18
Rows offset = (120,228)
Columns offset = (480,588)
PSNR taken 67.14815
SSIM taken 0.99977

Key which was embeded : 8
Result of extraction = 0

Running with c = 21
Rows offset = (120,228)
Columns offset = (480,588)
PSNR taken 67.14815
SSIM taken 0.99977

Key which was embeded : 8
Result of extraction = 0

Running with c = 22
Rows offset = (120,228)
Columns offset = (480,588)
PSNR taken 67.14815
SSIM taken 0.99977

Key which was embeded : 8
Result of extraction = 0

Running with c = 23
Rows offset = (120,228)
Columns offset = (480,588)
Key which was embeded : 8
Result of extraction = 0

Running with c = 26
Rows offset = (120,228)
Columns offset = (480,588)
Key which was embeded : 8
Result of extraction = 0

Running with c = 29
Rows offset = (120,228)
Columns offset = (480,588)
Key which was embeded : 8
Result of extraction = 0

Running with c = 32
Rows offset = (120,228)
Columns offset = (480,588)
Key which was embeded : 8
Result of extraction = 0

Running with c = 35
Rows offset = (120,228)
Columns offset = (480,588)
Key which was embeded : 8
Result of extraction = 0

Running with c = 38
Rows offset = (120,228)
Columns offset = (480,588)
Key which was embeded : 8
Result of extraction = 0

Running with c = 41
Rows offset = (120,228)
Columns offset = (480,588)
Key which was embeded : 8
Result of extraction = 0

Running with c = 44
Rows offset = (120,228)
Columns offset = (480,588)
Key which was embeded : 8
Result of extraction = 0

Running with c = 47
Rows offset = (120,228)
Columns offset = (480,588)
Key which was embeded : 8
Result of extraction = 0

Running with c = 50
Rows offset = (120,228)
Columns offset = (480,588)
Key which was embeded : 8
Result of extraction = 0

Running with c = 53
Rows offset = (120,228)
Columns offset = (480,588)
Key which was embeded : 8
Result of extraction = 0

Running with c = 56
Rows offset = (120,228)
Columns offset = (480,588)
Key which was embeded : 8
Result of extraction = 0

Running with c = 59
Rows offset = (120,228)
Columns offset = (480,588)
Key which was embeded : 8
Result of extraction = 0

Running with c = 62
Rows offset = (120,228)
Columns offset = (480,588)
Key which was embeded : 8
Result of extraction = 0

Running with c = 65
Rows offset = (120,228)
Columns offset = (480,588)
Key which was embeded : 8
Result of extraction = 0

Running with c = 68
Rows offset = (120,228)
Columns offset = (480,588)
Key which was embeded : 8
Result of extraction = 0

Running with c = 71
Rows offset = (120,228)
Columns offset = (480,588)
Key which was embeded : 8
Result of extraction = 0

Running with c = 74
Rows offset = (120,228)
Columns offset = (480,588)
Key which was embeded : 8
Result of extraction = 0

Running with c = 77
Rows offset = (120,228)
Columns offset = (480,588)
Key which was embeded : 8
Result of extraction = 0

Running with c = 80
Rows offset = (120,228)
Columns offset = (480,588)
Key which was embeded : 8
Result of extraction = 0

Running with c = 83
Rows offset = (120,228)
Columns offset = (480,588)
Key which was embeded : 8
Result of extraction = 0

Running with c = 86
Rows offset = (120,228)
Columns offset = (480,588)
Key which was embeded : 8
Result of extraction = 0

Running with c = 89
Rows offset = (120,228)
Columns offset = (480,588)
Key which was embeded : 8
Result of extraction = 0

Running with c = 92
Rows offset = (120,228)
Columns offset = (480,588)
Key which was embeded : 8
Result of extraction = 0

Running with c = 95
Rows offset = (120,228)
Columns offset = (480,588)
Key which was embeded : 8
Result of extraction = 0

Running with c = 98
Rows offset = (120,228)
Columns offset = (480,588)
Key which was embeded : 8
Result of extraction = 0

Running with c = 101
Rows offset = (120,228)
Columns offset = (480,588)
Key which was embeded : 8
Result of extraction = 0

Running with c = 1
Rows offset = (120,228)
Columns offset = (480,588)
Optimal c value for grid = 1
-----------------------------------

Optimal c value for grid = 1
-----------------------------------

Running with c = 1
Rows offset = (240,348)
Columns offset = (0,108)
PSNR taken 73.53395
SSIM taken 0.99996

Key which was embeded : 8
Result of extraction = 1

Optimal c value for grid = 1
-----------------------------------

Running with c = 1
Rows offset = (240,348)
Columns offset = (120,228)
PSNR taken 73.61315
SSIM taken 0.99997

Key which was embeded : 8
Result of extraction = 1

Optimal c value for grid = 1
-----------------------------------

Running with c = 1
Rows offset = (240,348)
Columns offset = (240,348)
PSNR taken 73.56019
SSIM taken 0.99997

Key which was embeded : 8
Result of extraction = 1

Optimal c value for grid = 1
-----------------------------------

Running with c = 1
Rows offset = (240,348)
Columns offset = (360,468)
PSNR taken 73.59322
SSIM taken 0.99996

Key which was embeded : 8
Result of extraction = 1

Optimal c value for grid = 1
-----------------------------------

Running with c = 1
Rows offset = (240,348)
Columns offset = (480,588)
PSNR taken 73.62649
SSIM taken 0.99996

Key which was embeded : 8
Result of extraction = 1

Optimal c value for grid = 1
-----------------------------------

Running with c = 1
PSNR = 74.11386703228754
SSIM = 0.9999723909542592
[0, 0]
Finished grid movement

Rows offset = (0,108)
Columns offset = (0,108)
Embed key : 15 in Block 7
Running with c = 1
Rows offset = (0,108)
Columns offset = (0,108)
PSNR taken 73.97412
SSIM taken 0.99996

Key which was embeded : 15
Result of extraction = 1

Optimal c value for grid = 1
-----------------------------------

Running with c = 1
Rows offset = (0,108)
Columns offset = (120,228)
PSNR taken 73.62649
SSIM taken 0.99998

Key which was embeded : 15
Result of extraction = 1

Optimal c value for grid = 1
-----------------------------------

Running with c = 1
Rows offset = (0,108)
Columns offset = (240,348)
PSNR taken 73.61982
SSIM taken 0.99997

Key which was embeded : 15
Result of extraction = 1

Optimal c value for grid = 1
-----------------------------------

Running with c = 1
Rows offset = (0,108)
Columns offset = (360,468)
PSNR taken 73.61982
SSIM taken 0.99996

Key which was embeded : 15
Result of extraction = 1

Optimal c value for grid = 1
-----------------------------------

Running with c = 1
Rows offset = (0,108)
Columns offset = (480,588)
PSNR taken 73.62649
SSIM taken 0.99996

Key which was embeded : 15
Result of extraction = 1

Optimal c value for grid = 1
-----------------------------------

Running with c = 1
Rows offset = (120,228)
Columns offset = (0,108)
PSNR taken 74.39166
SSIM taken 0.99996

Key which was embeded : 15
Result of extraction = 0

Running with c = 100
Rows offset = (120,228)
Columns offset = (0,108)
PSNR taken 52.52480
SSIM taken 0.99539

Key which was embeded : 15
Result of extraction = 0

Running with c = 50
Rows offset = (120,228)
Columns offset = (0,108)
PSNR taken 58.24463
SSIM taken 0.99788

Key which was embeded : 15
Result of extraction = 0

Running with c = 25
Rows offset = (120,228)
Columns offset = (0,108)
PSNR taken 63.31459
SSIM taken 0.99922

Key which was embeded : 15
Result of extraction = 0

Running with c = 13
Rows offset = (120,228)
Columns offset = (0,108)
PSNR taken 67.46134
SSIM taken 0.99972

Key which was embeded : 15
Result of extraction = 0

Running with c = 18
Rows offset = (120,228)
Columns offset = (0,108)
PSNR taken 67.46134
SSIM taken 0.99972

Key which was embeded : 15
Result of extraction = 0

Running with c = 21
Rows offset = (120,228)
Columns offset = (0,108)
PSNR taken 67.38764
SSIM taken 0.99970

Key which was embeded : 15
Result of extraction = 0

Running with c = 22
Rows offset = (120,228)
Columns offset = (0,108)
PSNR taken 67.38764
SSIM taken 0.99970

Key which was embeded : 15
Result of extraction = 0

Running with c = 23
Rows offset = (120,228)
Columns offset = (0,108)
Key which was embeded : 15
Result of extraction = 0

Running with c = 26
Rows offset = (120,228)
Columns offset = (0,108)
Key which was embeded : 15
Result of extraction = 0

Running with c = 29
Rows offset = (120,228)
Columns offset = (0,108)
Key which was embeded : 15
Result of extraction = 0

Running with c = 32
Rows offset = (120,228)
Columns offset = (0,108)
Key which was embeded : 15
Result of extraction = 0

Running with c = 35
Rows offset = (120,228)
Columns offset = (0,108)
Key which was embeded : 15
Result of extraction = 0

Running with c = 38
Rows offset = (120,228)
Columns offset = (0,108)
Key which was embeded : 15
Result of extraction = 0

Running with c = 41
Rows offset = (120,228)
Columns offset = (0,108)
Key which was embeded : 15
Result of extraction = 0

Running with c = 44
Rows offset = (120,228)
Columns offset = (0,108)
Key which was embeded : 15
Result of extraction = 0

Running with c = 47
Rows offset = (120,228)
Columns offset = (0,108)
Key which was embeded : 15
Result of extraction = 0

Running with c = 50
Rows offset = (120,228)
Columns offset = (0,108)
Key which was embeded : 15
Result of extraction = 0

Running with c = 53
Rows offset = (120,228)
Columns offset = (0,108)
Key which was embeded : 15
Result of extraction = 0

Running with c = 56
Rows offset = (120,228)
Columns offset = (0,108)
Key which was embeded : 15
Result of extraction = 0

Running with c = 59
Rows offset = (120,228)
Columns offset = (0,108)
Key which was embeded : 15
Result of extraction = 0

Running with c = 62
Rows offset = (120,228)
Columns offset = (0,108)
Key which was embeded : 15
Result of extraction = 0

Running with c = 65
Rows offset = (120,228)
Columns offset = (0,108)
Key which was embeded : 15
Result of extraction = 0

Running with c = 68
Rows offset = (120,228)
Columns offset = (0,108)
Key which was embeded : 15
Result of extraction = 0

Running with c = 71
Rows offset = (120,228)
Columns offset = (0,108)
Key which was embeded : 15
Result of extraction = 0

Running with c = 74
Rows offset = (120,228)
Columns offset = (0,108)
Key which was embeded : 15
Result of extraction = 0

Running with c = 77
Rows offset = (120,228)
Columns offset = (0,108)
Key which was embeded : 15
Result of extraction = 0

Running with c = 80
Rows offset = (120,228)
Columns offset = (0,108)
Key which was embeded : 15
Result of extraction = 0

Running with c = 83
Rows offset = (120,228)
Columns offset = (0,108)
Key which was embeded : 15
Result of extraction = 0

Running with c = 86
Rows offset = (120,228)
Columns offset = (0,108)
Key which was embeded : 15
Result of extraction = 0

Running with c = 89
Rows offset = (120,228)
Columns offset = (0,108)
Key which was embeded : 15
Result of extraction = 0

Running with c = 92
Rows offset = (120,228)
Columns offset = (0,108)
Key which was embeded : 15
Result of extraction = 0

Running with c = 95
Rows offset = (120,228)
Columns offset = (0,108)
Key which was embeded : 15
Result of extraction = 0

Running with c = 98
Rows offset = (120,228)
Columns offset = (0,108)
Key which was embeded : 15
Result of extraction = 0

Running with c = 101
Rows offset = (120,228)
Columns offset = (0,108)
Key which was embeded : 15
Result of extraction = 0

Running with c = 1
Rows offset = (120,228)
Columns offset = (0,108)
Optimal c value for grid = 1
-----------------------------------

Optimal c value for grid = 1
-----------------------------------

Running with c = 1
Rows offset = (120,228)
Columns offset = (120,228)
PSNR taken 74.15140
SSIM taken 0.99998

Key which was embeded : 15
Result of extraction = 0

Running with c = 100
Rows offset = (120,228)
Columns offset = (120,228)
PSNR taken 53.11764
SSIM taken 0.99749

Key which was embeded : 15
Result of extraction = 0

Running with c = 50
Rows offset = (120,228)
Columns offset = (120,228)
PSNR taken 58.58838
SSIM taken 0.99903

Key which was embeded : 15
Result of extraction = 0

Running with c = 25
Rows offset = (120,228)
Columns offset = (120,228)
PSNR taken 63.54443
SSIM taken 0.99966

Key which was embeded : 15
Result of extraction = 0

Running with c = 13
Rows offset = (120,228)
Columns offset = (120,228)
PSNR taken 67.61928
SSIM taken 0.99987

Key which was embeded : 15
Result of extraction = 0

Running with c = 18
Rows offset = (120,228)
Columns offset = (120,228)
PSNR taken 67.61928
SSIM taken 0.99987

Key which was embeded : 15
Result of extraction = 0

Running with c = 21
Rows offset = (120,228)
Columns offset = (120,228)
PSNR taken 67.61928
SSIM taken 0.99987

Key which was embeded : 15
Result of extraction = 0

Running with c = 22
Rows offset = (120,228)
Columns offset = (120,228)
PSNR taken 67.61928
SSIM taken 0.99987

Key which was embeded : 15
Result of extraction = 0

Running with c = 23
Rows offset = (120,228)
Columns offset = (120,228)
Key which was embeded : 15
Result of extraction = 0

Running with c = 26
Rows offset = (120,228)
Columns offset = (120,228)
Key which was embeded : 15
Result of extraction = 0

Running with c = 29
Rows offset = (120,228)
Columns offset = (120,228)
Key which was embeded : 15
Result of extraction = 0

Running with c = 32
Rows offset = (120,228)
Columns offset = (120,228)
Key which was embeded : 15
Result of extraction = 0

Running with c = 35
Rows offset = (120,228)
Columns offset = (120,228)
Key which was embeded : 15
Result of extraction = 0

Running with c = 38
Rows offset = (120,228)
Columns offset = (120,228)
Key which was embeded : 15
Result of extraction = 0

Running with c = 41
Rows offset = (120,228)
Columns offset = (120,228)
Key which was embeded : 15
Result of extraction = 0

Running with c = 44
Rows offset = (120,228)
Columns offset = (120,228)
Key which was embeded : 15
Result of extraction = 0

Running with c = 47
Rows offset = (120,228)
Columns offset = (120,228)
Key which was embeded : 15
Result of extraction = 0

Running with c = 50
Rows offset = (120,228)
Columns offset = (120,228)
Key which was embeded : 15
Result of extraction = 0

Running with c = 53
Rows offset = (120,228)
Columns offset = (120,228)
Key which was embeded : 15
Result of extraction = 0

Running with c = 56
Rows offset = (120,228)
Columns offset = (120,228)
Key which was embeded : 15
Result of extraction = 0

Running with c = 59
Rows offset = (120,228)
Columns offset = (120,228)
Key which was embeded : 15
Result of extraction = 0

Running with c = 62
Rows offset = (120,228)
Columns offset = (120,228)
Key which was embeded : 15
Result of extraction = 0

Running with c = 65
Rows offset = (120,228)
Columns offset = (120,228)
Key which was embeded : 15
Result of extraction = 0

Running with c = 68
Rows offset = (120,228)
Columns offset = (120,228)
Key which was embeded : 15
Result of extraction = 0

Running with c = 71
Rows offset = (120,228)
Columns offset = (120,228)
Key which was embeded : 15
Result of extraction = 0

Running with c = 74
Rows offset = (120,228)
Columns offset = (120,228)
Key which was embeded : 15
Result of extraction = 0

Running with c = 77
Rows offset = (120,228)
Columns offset = (120,228)
Key which was embeded : 15
Result of extraction = 0

Running with c = 80
Rows offset = (120,228)
Columns offset = (120,228)
Key which was embeded : 15
Result of extraction = 0

Running with c = 83
Rows offset = (120,228)
Columns offset = (120,228)
Key which was embeded : 15
Result of extraction = 0

Running with c = 86
Rows offset = (120,228)
Columns offset = (120,228)
Key which was embeded : 15
Result of extraction = 0

Running with c = 89
Rows offset = (120,228)
Columns offset = (120,228)
Key which was embeded : 15
Result of extraction = 0

Running with c = 92
Rows offset = (120,228)
Columns offset = (120,228)
Key which was embeded : 15
Result of extraction = 0

Running with c = 95
Rows offset = (120,228)
Columns offset = (120,228)
Key which was embeded : 15
Result of extraction = 0

Running with c = 98
Rows offset = (120,228)
Columns offset = (120,228)
Key which was embeded : 15
Result of extraction = 0

Running with c = 101
Rows offset = (120,228)
Columns offset = (120,228)
Key which was embeded : 15
Result of extraction = 0

Running with c = 1
Rows offset = (120,228)
Columns offset = (120,228)
Optimal c value for grid = 1
-----------------------------------

Optimal c value for grid = 1
-----------------------------------

Running with c = 1
Rows offset = (120,228)
Columns offset = (240,348)
PSNR taken 74.15140
SSIM taken 0.99997

Key which was embeded : 15
Result of extraction = 1

Optimal c value for grid = 1
-----------------------------------

Running with c = 1
Rows offset = (120,228)
Columns offset = (360,468)
PSNR taken 73.61982
SSIM taken 0.99996

Key which was embeded : 15
Result of extraction = 1

Optimal c value for grid = 1
-----------------------------------

Running with c = 1
Rows offset = (120,228)
Columns offset = (480,588)
PSNR taken 73.57997
SSIM taken 0.99996

Key which was embeded : 15
Result of extraction = 1

Optimal c value for grid = 1
-----------------------------------

Running with c = 1
Rows offset = (240,348)
Columns offset = (0,108)
PSNR taken 73.76912
SSIM taken 0.99997

Key which was embeded : 15
Result of extraction = 1

Optimal c value for grid = 1
-----------------------------------

Running with c = 1
Rows offset = (240,348)
Columns offset = (120,228)
PSNR taken 73.63318
SSIM taken 0.99997

Key which was embeded : 15
Result of extraction = 1

Optimal c value for grid = 1
-----------------------------------

Running with c = 1
Rows offset = (240,348)
Columns offset = (240,348)
PSNR taken 73.61982
SSIM taken 0.99996

Key which was embeded : 15
Result of extraction = 1

Optimal c value for grid = 1
-----------------------------------

Running with c = 1
Rows offset = (240,348)
Columns offset = (360,468)
PSNR taken 73.62649
SSIM taken 0.99996

Key which was embeded : 15
Result of extraction = 1

Optimal c value for grid = 1
-----------------------------------

Running with c = 1
Rows offset = (240,348)
Columns offset = (480,588)
PSNR taken 73.63988
SSIM taken 0.99996

Key which was embeded : 15
Result of extraction = 1

Optimal c value for grid = 1
-----------------------------------

Running with c = 1
PSNR = 74.15140352195873
SSIM = 0.9999661692817631
[120, 240]
Finished grid movement

Rows offset = (120,228)
Columns offset = (240,348)
Embed key : 14 in Block 8
Running with c = 1
Rows offset = (0,108)
Columns offset = (0,108)
PSNR taken 73.61315
SSIM taken 0.99993

Key which was embeded : 14
Result of extraction = 1

Optimal c value for grid = 1
-----------------------------------

Running with c = 1
Rows offset = (0,108)
Columns offset = (120,228)
PSNR taken 73.61315
SSIM taken 0.99993

Key which was embeded : 14
Result of extraction = 1

Optimal c value for grid = 1
-----------------------------------

Running with c = 1
Rows offset = (0,108)
Columns offset = (240,348)
PSNR taken 73.63988
SSIM taken 0.99991

Key which was embeded : 14
Result of extraction = 1

Optimal c value for grid = 1
-----------------------------------

Running with c = 1
Rows offset = (0,108)
Columns offset = (360,468)
PSNR taken 75.40079
SSIM taken 0.99994

Key which was embeded : 14
Result of extraction = 1

Optimal c value for grid = 1
-----------------------------------

Running with c = 1
Rows offset = (0,108)
Columns offset = (480,588)
PSNR taken 73.57997
SSIM taken 0.99993

Key which was embeded : 14
Result of extraction = 1

Optimal c value for grid = 1
-----------------------------------

Running with c = 1
Rows offset = (120,228)
Columns offset = (0,108)
PSNR taken 74.15140
SSIM taken 0.99991

Key which was embeded : 14
Result of extraction = 1

Optimal c value for grid = 1
-----------------------------------

Running with c = 1
Rows offset = (120,228)
Columns offset = (120,228)
PSNR taken 73.63988
SSIM taken 0.99990

Key which was embeded : 14
Result of extraction = 1

Optimal c value for grid = 1
-----------------------------------

Running with c = 1
Rows offset = (120,228)
Columns offset = (240,348)
PSNR taken 73.61982
SSIM taken 0.99990

Key which was embeded : 14
Result of extraction = 1

Optimal c value for grid = 1
-----------------------------------

Running with c = 1
Rows offset = (120,228)
Columns offset = (360,468)
PSNR taken 73.63988
SSIM taken 0.99991

Key which was embeded : 14
Result of extraction = 1

Optimal c value for grid = 1
-----------------------------------

Running with c = 1
Rows offset = (120,228)
Columns offset = (480,588)
PSNR taken 73.60650
SSIM taken 0.99991

Key which was embeded : 14
Result of extraction = 1

Optimal c value for grid = 1
-----------------------------------

Running with c = 1
Rows offset = (240,348)
Columns offset = (0,108)
PSNR taken 73.62649
SSIM taken 0.99990

Key which was embeded : 14
Result of extraction = 1

Optimal c value for grid = 1
-----------------------------------

Running with c = 1
Rows offset = (240,348)
Columns offset = (120,228)
PSNR taken 73.63988
SSIM taken 0.99990

Key which was embeded : 14
Result of extraction = 1

Optimal c value for grid = 1
-----------------------------------

Running with c = 1
Rows offset = (240,348)
Columns offset = (240,348)
PSNR taken 73.63318
SSIM taken 0.99990

Key which was embeded : 14
Result of extraction = 1

Optimal c value for grid = 1
-----------------------------------

Running with c = 1
Rows offset = (240,348)
Columns offset = (360,468)
PSNR taken 73.63318
SSIM taken 0.99990

Key which was embeded : 14
Result of extraction = 1

Optimal c value for grid = 1
-----------------------------------

Running with c = 1
Rows offset = (240,348)
Columns offset = (480,588)
PSNR taken 74.12135
SSIM taken 0.99991

Key which was embeded : 14
Result of extraction = 1

Optimal c value for grid = 1
-----------------------------------

Running with c = 1
PSNR = 75.40079088804173
SSIM = 0.9999419239611301
[0, 360]
Finished grid movement

Rows offset = (0,108)
Columns offset = (360,468)
Embed key : 13 in Block 9
Running with c = 1
Rows offset = (0,108)
Columns offset = (0,108)
PSNR taken 73.61315
SSIM taken 0.99997

Key which was embeded : 13
Result of extraction = 1

Optimal c value for grid = 1
-----------------------------------

Running with c = 1
Rows offset = (0,108)
Columns offset = (120,228)
PSNR taken 73.63318
SSIM taken 0.99997

Key which was embeded : 13
Result of extraction = 1

Optimal c value for grid = 1
-----------------------------------

Running with c = 1
Rows offset = (0,108)
Columns offset = (240,348)
PSNR taken 73.61982
SSIM taken 0.99998

Key which was embeded : 13
Result of extraction = 1

Optimal c value for grid = 1
-----------------------------------

Running with c = 1
Rows offset = (0,108)
Columns offset = (360,468)
PSNR taken 73.63318
SSIM taken 0.99997

Key which was embeded : 13
Result of extraction = 1

Optimal c value for grid = 1
-----------------------------------

Running with c = 1
Rows offset = (0,108)
Columns offset = (480,588)
PSNR taken 73.46903
SSIM taken 0.99997

Key which was embeded : 13
Result of extraction = 1

Optimal c value for grid = 1
-----------------------------------

Running with c = 1
Rows offset = (120,228)
Columns offset = (0,108)
PSNR taken 73.63318
SSIM taken 0.99996

Key which was embeded : 13
Result of extraction = 1

Optimal c value for grid = 1
-----------------------------------

Running with c = 1
Rows offset = (120,228)
Columns offset = (120,228)
PSNR taken 73.61982
SSIM taken 0.99996

Key which was embeded : 13
Result of extraction = 1

Optimal c value for grid = 1
-----------------------------------

Running with c = 1
Rows offset = (120,228)
Columns offset = (240,348)
PSNR taken 73.61982
SSIM taken 0.99996

Key which was embeded : 13
Result of extraction = 1

Optimal c value for grid = 1
-----------------------------------

Running with c = 1
Rows offset = (120,228)
Columns offset = (360,468)
PSNR taken 73.59322
SSIM taken 0.99997

Key which was embeded : 13
Result of extraction = 1

Optimal c value for grid = 1
-----------------------------------

Running with c = 1
Rows offset = (120,228)
Columns offset = (480,588)
PSNR taken 73.70062
SSIM taken 0.99997

Key which was embeded : 13
Result of extraction = 1

Optimal c value for grid = 1
-----------------------------------

Running with c = 1
Rows offset = (240,348)
Columns offset = (0,108)
PSNR taken 73.57337
SSIM taken 0.99996

Key which was embeded : 13
Result of extraction = 1

Optimal c value for grid = 1
-----------------------------------

Running with c = 1
Rows offset = (240,348)
Columns offset = (120,228)
PSNR taken 73.63988
SSIM taken 0.99996

Key which was embeded : 13
Result of extraction = 1

Optimal c value for grid = 1
-----------------------------------

Running with c = 1
Rows offset = (240,348)
Columns offset = (240,348)
PSNR taken 73.63318
SSIM taken 0.99996

Key which was embeded : 13
Result of extraction = 1

Optimal c value for grid = 1
-----------------------------------

Running with c = 1
Rows offset = (240,348)
Columns offset = (360,468)
PSNR taken 73.63318
SSIM taken 0.99997

Key which was embeded : 13
Result of extraction = 1

Optimal c value for grid = 1
-----------------------------------

Running with c = 1
Rows offset = (240,348)
Columns offset = (480,588)
PSNR taken 73.29226
SSIM taken 0.99997

Key which was embeded : 13
Result of extraction = 1

Optimal c value for grid = 1
-----------------------------------

Running with c = 1
PSNR = 73.70061977460685
SSIM = 0.9999702992148548
[120, 480]
Finished grid movement

Rows offset = (120,228)
Columns offset = (480,588)
PSNR taken 74.10806
SSIM taken 0.99998

Total positions checked for each block : 15
Key which was embeded : 9
Complete Extraction in block 1

Key which was embeded : 9
Complete Extraction in block 2

Key which was embeded : 10
Complete Extraction in block 3

Key which was embeded : 10
Complete Extraction in block 4

Key which was embeded : 11
Complete Extraction in block 5

Key which was embeded : 8
Complete Extraction in block 6

Key which was embeded : 15
Complete Extraction in block 7

Key which was embeded : 14
Complete Extraction in block 8

Key which was embeded : 13
Complete Extraction in block 9

Average BER = 2.111111111111111
Extraction percentage = 100.0%

Elapsed time = 1.764 mins
Elapsed time = 105.845 seconds

