Embed key : 8 in Block 1
Running with c = 40
Rows offset = (0,72)
Columns offset = (0,72)
PSNR taken 55.80864
SSIM taken 0.99579

Key which was embeded : 8
Result of extraction = 1

Optimal c value for grid = 40
-----------------------------------

Running with c = 40
Rows offset = (0,72)
Columns offset = (73,145)
PSNR taken 55.69951
SSIM taken 0.99535

Key which was embeded : 8
Result of extraction = 1

Optimal c value for grid = 40
-----------------------------------

Running with c = 40
Rows offset = (0,72)
Columns offset = (146,218)
PSNR taken 55.89045
SSIM taken 0.99557

Key which was embeded : 8
Result of extraction = 1

Optimal c value for grid = 40
-----------------------------------

Running with c = 40
Rows offset = (73,145)
Columns offset = (0,72)
PSNR taken 55.49697
SSIM taken 0.99571

Key which was embeded : 8
Result of extraction = 1

Optimal c value for grid = 40
-----------------------------------

Running with c = 40
Rows offset = (73,145)
Columns offset = (73,145)
PSNR taken 54.68821
SSIM taken 0.99707

Key which was embeded : 8
Result of extraction = 1

Optimal c value for grid = 40
-----------------------------------

Running with c = 40
Rows offset = (73,145)
Columns offset = (146,218)
PSNR taken 53.50823
SSIM taken 0.99761

Key which was embeded : 8
Result of extraction = 1

Optimal c value for grid = 40
-----------------------------------

Running with c = 40
Rows offset = (146,218)
Columns offset = (0,72)
PSNR taken 55.60219
SSIM taken 0.99565

Key which was embeded : 8
Result of extraction = 1

Optimal c value for grid = 40
-----------------------------------

Running with c = 40
Rows offset = (146,218)
Columns offset = (73,145)
PSNR taken 55.67313
SSIM taken 0.99615

Key which was embeded : 8
Result of extraction = 1

Optimal c value for grid = 40
-----------------------------------

Running with c = 40
Rows offset = (146,218)
Columns offset = (146,218)
PSNR taken 53.34484
SSIM taken 0.99684

Key which was embeded : 8
Result of extraction = 1

Optimal c value for grid = 40
-----------------------------------

Running with c = 40
PSNR = 55.890452899708585
SSIM = 0.9955659089383969
[0, 146]
Finished grid movement

Rows offset = (0,72)
Columns offset = (146,218)
Embed key : 10 in Block 2
Running with c = 40
Rows offset = (0,72)
Columns offset = (0,72)
PSNR taken 54.62382
SSIM taken 0.99385

Key which was embeded : 10
Result of extraction = 1

Optimal c value for grid = 40
-----------------------------------

Running with c = 40
Rows offset = (0,72)
Columns offset = (73,145)
PSNR taken 54.67117
SSIM taken 0.99337

Key which was embeded : 10
Result of extraction = 1

Optimal c value for grid = 40
-----------------------------------

Running with c = 40
Rows offset = (0,72)
Columns offset = (146,218)
PSNR taken 54.69826
SSIM taken 0.99334

Key which was embeded : 10
Result of extraction = 1

Optimal c value for grid = 40
-----------------------------------

Running with c = 40
Rows offset = (73,145)
Columns offset = (0,72)
PSNR taken 53.35966
SSIM taken 0.99476

Key which was embeded : 10
Result of extraction = 1

Optimal c value for grid = 40
-----------------------------------

Running with c = 40
Rows offset = (73,145)
Columns offset = (73,145)
PSNR taken 53.38736
SSIM taken 0.99461

Key which was embeded : 10
Result of extraction = 1

Optimal c value for grid = 40
-----------------------------------

Running with c = 40
Rows offset = (73,145)
Columns offset = (146,218)
PSNR taken 53.35002
SSIM taken 0.99444

Key which was embeded : 10
Result of extraction = 1

Optimal c value for grid = 40
-----------------------------------

Running with c = 40
Rows offset = (146,218)
Columns offset = (0,72)
PSNR taken 53.32599
SSIM taken 0.99484

Key which was embeded : 10
Result of extraction = 1

Optimal c value for grid = 40
-----------------------------------

Running with c = 40
Rows offset = (146,218)
Columns offset = (73,145)
PSNR taken 53.30228
SSIM taken 0.99468

Key which was embeded : 10
Result of extraction = 1

Optimal c value for grid = 40
-----------------------------------

Running with c = 40
Rows offset = (146,218)
Columns offset = (146,218)
PSNR taken 53.31102
SSIM taken 0.99518

Key which was embeded : 10
Result of extraction = 1

Optimal c value for grid = 40
-----------------------------------

Running with c = 40
PSNR = 54.698255156836744
SSIM = 0.9933379111423463
[0, 146]
Finished grid movement

Rows offset = (0,72)
Columns offset = (146,218)
Embed key : 10 in Block 3
Running with c = 40
Rows offset = (0,72)
Columns offset = (0,72)
PSNR taken 54.68975
SSIM taken 0.99615

Key which was embeded : 10
Result of extraction = 1

Optimal c value for grid = 40
-----------------------------------

Running with c = 40
Rows offset = (0,72)
Columns offset = (73,145)
PSNR taken 54.65859
SSIM taken 0.99658

Key which was embeded : 10
Result of extraction = 1

Optimal c value for grid = 40
-----------------------------------

Running with c = 40
Rows offset = (0,72)
Columns offset = (146,218)
PSNR taken 54.47394
SSIM taken 0.99588

Key which was embeded : 10
Result of extraction = 1

Optimal c value for grid = 40
-----------------------------------

Running with c = 40
Rows offset = (73,145)
Columns offset = (0,72)
PSNR taken 50.41385
SSIM taken 0.99739

Key which was embeded : 10
Result of extraction = 1

Optimal c value for grid = 40
-----------------------------------

Running with c = 40
Rows offset = (73,145)
Columns offset = (73,145)
PSNR taken 53.35208
SSIM taken 0.99693

Key which was embeded : 10
Result of extraction = 1

Optimal c value for grid = 40
-----------------------------------

Running with c = 40
Rows offset = (73,145)
Columns offset = (146,218)
PSNR taken 53.37018
SSIM taken 0.99657

Key which was embeded : 10
Result of extraction = 1

Optimal c value for grid = 40
-----------------------------------

Running with c = 40
Rows offset = (146,218)
Columns offset = (0,72)
PSNR taken 53.31636
SSIM taken 0.99700

Key which was embeded : 10
Result of extraction = 1

Optimal c value for grid = 40
-----------------------------------

Running with c = 40
Rows offset = (146,218)
Columns offset = (73,145)
PSNR taken 53.36985
SSIM taken 0.99652

Key which was embeded : 10
Result of extraction = 1

Optimal c value for grid = 40
-----------------------------------

Running with c = 40
Rows offset = (146,218)
Columns offset = (146,218)
PSNR taken 53.36305
SSIM taken 0.99660

Key which was embeded : 10
Result of extraction = 1

Optimal c value for grid = 40
-----------------------------------

Running with c = 40
PSNR = 54.68975057487253
SSIM = 0.9961528933528482
[0, 0]
Finished grid movement

Rows offset = (0,72)
Columns offset = (0,72)
Embed key : 13 in Block 4
Running with c = 40
Rows offset = (0,72)
Columns offset = (0,72)
PSNR taken 54.61973
SSIM taken 0.99251

Key which was embeded : 13
Result of extraction = 1

Optimal c value for grid = 40
-----------------------------------

Running with c = 40
Rows offset = (0,72)
Columns offset = (73,145)
PSNR taken 55.87344
SSIM taken 0.99140

Key which was embeded : 13
Result of extraction = 1

Optimal c value for grid = 40
-----------------------------------

Running with c = 40
Rows offset = (0,72)
Columns offset = (146,218)
PSNR taken 55.67393
SSIM taken 0.99069

Key which was embeded : 13
Result of extraction = 1

Optimal c value for grid = 40
-----------------------------------

Running with c = 40
Rows offset = (73,145)
Columns offset = (0,72)
PSNR taken 53.31478
SSIM taken 0.99392

Key which was embeded : 13
Result of extraction = 1

Optimal c value for grid = 40
-----------------------------------

Running with c = 40
Rows offset = (73,145)
Columns offset = (73,145)
PSNR taken 54.47557
SSIM taken 0.99239

Key which was embeded : 13
Result of extraction = 1

Optimal c value for grid = 40
-----------------------------------

Running with c = 40
Rows offset = (73,145)
Columns offset = (146,218)
PSNR taken 55.73340
SSIM taken 0.99087

Key which was embeded : 13
Result of extraction = 1

Optimal c value for grid = 40
-----------------------------------

Running with c = 40
Rows offset = (146,218)
Columns offset = (0,72)
PSNR taken 53.32117
SSIM taken 0.99392

Key which was embeded : 13
Result of extraction = 1

Optimal c value for grid = 40
-----------------------------------

Running with c = 40
Rows offset = (146,218)
Columns offset = (73,145)
PSNR taken 53.34001
SSIM taken 0.99383

Key which was embeded : 13
Result of extraction = 1

Optimal c value for grid = 40
-----------------------------------

Running with c = 40
Rows offset = (146,218)
Columns offset = (146,218)
PSNR taken 54.66461
SSIM taken 0.99281

Key which was embeded : 13
Result of extraction = 1

Optimal c value for grid = 40
-----------------------------------

Running with c = 40
PSNR = 55.87344480969318
SSIM = 0.9914039160347144
[0, 73]
Finished grid movement

Rows offset = (0,72)
Columns offset = (73,145)
Embed key : 14 in Block 5
Running with c = 40
Rows offset = (0,72)
Columns offset = (0,72)
PSNR taken 55.59684
SSIM taken 0.99590

Key which was embeded : 14
Result of extraction = 1

Optimal c value for grid = 40
-----------------------------------

Running with c = 40
Rows offset = (0,72)
Columns offset = (73,145)
PSNR taken 53.07003
SSIM taken 0.99834

Key which was embeded : 14
Result of extraction = 1

Optimal c value for grid = 40
-----------------------------------

Running with c = 40
Rows offset = (0,72)
Columns offset = (146,218)
PSNR taken 53.31162
SSIM taken 0.99799

Key which was embeded : 14
Result of extraction = 1

Optimal c value for grid = 40
-----------------------------------

Running with c = 40
Rows offset = (73,145)
Columns offset = (0,72)
PSNR taken 55.49295
SSIM taken 0.99558

Key which was embeded : 14
Result of extraction = 1

Optimal c value for grid = 40
-----------------------------------

Running with c = 40
Rows offset = (73,145)
Columns offset = (73,145)
PSNR taken 46.48501
SSIM taken 0.99858

Key which was embeded : 14
Result of extraction = 1

Optimal c value for grid = 40
-----------------------------------

Running with c = 40
Rows offset = (73,145)
Columns offset = (146,218)
PSNR taken 47.44109
SSIM taken 0.99815

Key which was embeded : 14
Result of extraction = 1

Optimal c value for grid = 40
-----------------------------------

Running with c = 40
Rows offset = (146,218)
Columns offset = (0,72)
PSNR taken 55.63016
SSIM taken 0.99547

Key which was embeded : 14
Result of extraction = 1

Optimal c value for grid = 40
-----------------------------------

Running with c = 40
Rows offset = (146,218)
Columns offset = (73,145)
PSNR taken 53.31622
SSIM taken 0.99859

Key which was embeded : 14
Result of extraction = 1

Optimal c value for grid = 40
-----------------------------------

Running with c = 40
Rows offset = (146,218)
Columns offset = (146,218)
PSNR taken 53.32823
SSIM taken 0.99718

Key which was embeded : 14
Result of extraction = 1

Optimal c value for grid = 40
-----------------------------------

Running with c = 40
PSNR = 55.63015783690059
SSIM = 0.9954694143168834
[146, 0]
Finished grid movement

Rows offset = (146,218)
Columns offset = (0,72)
Embed key : 12 in Block 6
Running with c = 40
Rows offset = (0,72)
Columns offset = (0,72)
PSNR taken 53.31906
SSIM taken 0.99703

Key which was embeded : 12
Result of extraction = 1

Optimal c value for grid = 40
-----------------------------------

Running with c = 40
Rows offset = (0,72)
Columns offset = (73,145)
PSNR taken 53.37312
SSIM taken 0.99687

Key which was embeded : 12
Result of extraction = 1

Optimal c value for grid = 40
-----------------------------------

Running with c = 40
Rows offset = (0,72)
Columns offset = (146,218)
PSNR taken 53.38060
SSIM taken 0.99706

Key which was embeded : 12
Result of extraction = 1

Optimal c value for grid = 40
-----------------------------------

Running with c = 40
Rows offset = (73,145)
Columns offset = (0,72)
PSNR taken 53.29611
SSIM taken 0.99682

Key which was embeded : 12
Result of extraction = 1

Optimal c value for grid = 40
-----------------------------------

Running with c = 40
Rows offset = (73,145)
Columns offset = (73,145)
PSNR taken 53.29356
SSIM taken 0.99687

Key which was embeded : 12
Result of extraction = 1

Optimal c value for grid = 40
-----------------------------------

Running with c = 40
Rows offset = (73,145)
Columns offset = (146,218)
PSNR taken 53.33722
SSIM taken 0.99673

Key which was embeded : 12
Result of extraction = 1

Optimal c value for grid = 40
-----------------------------------

Running with c = 40
Rows offset = (146,218)
Columns offset = (0,72)
PSNR taken 53.39017
SSIM taken 0.99726

Key which was embeded : 12
Result of extraction = 1

Optimal c value for grid = 40
-----------------------------------

Running with c = 40
Rows offset = (146,218)
Columns offset = (73,145)
PSNR taken 53.31820
SSIM taken 0.99683

Key which was embeded : 12
Result of extraction = 1

Optimal c value for grid = 40
-----------------------------------

Running with c = 40
Rows offset = (146,218)
Columns offset = (146,218)
PSNR taken 53.33411
SSIM taken 0.99675

Key which was embeded : 12
Result of extraction = 1

Optimal c value for grid = 40
-----------------------------------

Running with c = 40
PSNR = 53.390173895578926
SSIM = 0.9972612368573507
[146, 0]
Finished grid movement

Rows offset = (146,218)
Columns offset = (0,72)
Embed key : 11 in Block 7
Running with c = 40
Rows offset = (0,72)
Columns offset = (0,72)
PSNR taken 53.36772
SSIM taken 0.99775

Key which was embeded : 11
Result of extraction = 1

Optimal c value for grid = 40
-----------------------------------

Running with c = 40
Rows offset = (0,72)
Columns offset = (73,145)
PSNR taken 53.39581
SSIM taken 0.99665

Key which was embeded : 11
Result of extraction = 1

Optimal c value for grid = 40
-----------------------------------

Running with c = 40
Rows offset = (0,72)
Columns offset = (146,218)
PSNR taken 53.32011
SSIM taken 0.99695

Key which was embeded : 11
Result of extraction = 1

Optimal c value for grid = 40
-----------------------------------

Running with c = 40
Rows offset = (73,145)
Columns offset = (0,72)
PSNR taken 53.37385
SSIM taken 0.99760

Key which was embeded : 11
Result of extraction = 1

Optimal c value for grid = 40
-----------------------------------

Running with c = 40
Rows offset = (73,145)
Columns offset = (73,145)
PSNR taken 53.40427
SSIM taken 0.99776

Key which was embeded : 11
Result of extraction = 1

Optimal c value for grid = 40
-----------------------------------

Running with c = 40
Rows offset = (73,145)
Columns offset = (146,218)
PSNR taken 53.33828
SSIM taken 0.99676

Key which was embeded : 11
Result of extraction = 1

Optimal c value for grid = 40
-----------------------------------

Running with c = 40
Rows offset = (146,218)
Columns offset = (0,72)
PSNR taken 53.32473
SSIM taken 0.99739

Key which was embeded : 11
Result of extraction = 1

Optimal c value for grid = 40
-----------------------------------

Running with c = 40
Rows offset = (146,218)
Columns offset = (73,145)
PSNR taken 53.31129
SSIM taken 0.99774

Key which was embeded : 11
Result of extraction = 1

Optimal c value for grid = 40
-----------------------------------

Running with c = 40
Rows offset = (146,218)
Columns offset = (146,218)
PSNR taken 53.33101
SSIM taken 0.99788

Key which was embeded : 11
Result of extraction = 1

Optimal c value for grid = 40
-----------------------------------

Running with c = 40
PSNR = 53.404268930159596
SSIM = 0.9977621034595835
[73, 73]
Finished grid movement

Rows offset = (73,145)
Columns offset = (73,145)
Embed key : 10 in Block 8
Running with c = 40
Rows offset = (0,72)
Columns offset = (0,72)
PSNR taken 53.30491
SSIM taken 0.99724

Key which was embeded : 10
Result of extraction = 1

Optimal c value for grid = 40
-----------------------------------

Running with c = 40
Rows offset = (0,72)
Columns offset = (73,145)
PSNR taken 53.39091
SSIM taken 0.99621

Key which was embeded : 10
Result of extraction = 1

Optimal c value for grid = 40
-----------------------------------

Running with c = 40
Rows offset = (0,72)
Columns offset = (146,218)
PSNR taken 53.63816
SSIM taken 0.99618

Key which was embeded : 10
Result of extraction = 1

Optimal c value for grid = 40
-----------------------------------

Running with c = 40
Rows offset = (73,145)
Columns offset = (0,72)
PSNR taken 53.31906
SSIM taken 0.99774

Key which was embeded : 10
Result of extraction = 1

Optimal c value for grid = 40
-----------------------------------

Running with c = 40
Rows offset = (73,145)
Columns offset = (73,145)
PSNR taken 53.30563
SSIM taken 0.99571

Key which was embeded : 10
Result of extraction = 1

Optimal c value for grid = 40
-----------------------------------

Running with c = 40
Rows offset = (73,145)
Columns offset = (146,218)
PSNR taken 53.57736
SSIM taken 0.99570

Key which was embeded : 10
Result of extraction = 1

Optimal c value for grid = 40
-----------------------------------

Running with c = 40
Rows offset = (146,218)
Columns offset = (0,72)
PSNR taken 53.32764
SSIM taken 0.99759

Key which was embeded : 10
Result of extraction = 1

Optimal c value for grid = 40
-----------------------------------

Running with c = 40
Rows offset = (146,218)
Columns offset = (73,145)
PSNR taken 53.30359
SSIM taken 0.99618

Key which was embeded : 10
Result of extraction = 1

Optimal c value for grid = 40
-----------------------------------

Running with c = 40
Rows offset = (146,218)
Columns offset = (146,218)
PSNR taken 53.54918
SSIM taken 0.99576

Key which was embeded : 10
Result of extraction = 1

Optimal c value for grid = 40
-----------------------------------

Running with c = 40
PSNR = 53.63815746566282
SSIM = 0.9961811998820357
[0, 146]
Finished grid movement

Rows offset = (0,72)
Columns offset = (146,218)
Embed key : 8 in Block 9
Running with c = 40
Rows offset = (0,72)
Columns offset = (0,72)
PSNR taken 55.90358
SSIM taken 0.99559

Key which was embeded : 8
Result of extraction = 1

Optimal c value for grid = 40
-----------------------------------

Running with c = 40
Rows offset = (0,72)
Columns offset = (73,145)
PSNR taken 53.37632
SSIM taken 0.99736

Key which was embeded : 8
Result of extraction = 1

Optimal c value for grid = 40
-----------------------------------

Running with c = 40
Rows offset = (0,72)
Columns offset = (146,218)
PSNR taken 53.36512
SSIM taken 0.99715

Key which was embeded : 8
Result of extraction = 1

Optimal c value for grid = 40
-----------------------------------

Running with c = 40
Rows offset = (73,145)
Columns offset = (0,72)
PSNR taken 55.65989
SSIM taken 0.99553

Key which was embeded : 8
Result of extraction = 1

Optimal c value for grid = 40
-----------------------------------

Running with c = 40
Rows offset = (73,145)
Columns offset = (73,145)
PSNR taken 53.36125
SSIM taken 0.99753

Key which was embeded : 8
Result of extraction = 1

Optimal c value for grid = 40
-----------------------------------

Running with c = 40
Rows offset = (73,145)
Columns offset = (146,218)
PSNR taken 53.31181
SSIM taken 0.99697

Key which was embeded : 8
Result of extraction = 1

Optimal c value for grid = 40
-----------------------------------

Running with c = 40
Rows offset = (146,218)
Columns offset = (0,72)
PSNR taken 55.87226
SSIM taken 0.99493

Key which was embeded : 8
Result of extraction = 1

Optimal c value for grid = 40
-----------------------------------

Running with c = 40
Rows offset = (146,218)
Columns offset = (73,145)
PSNR taken 53.35474
SSIM taken 0.99775

Key which was embeded : 8
Result of extraction = 1

Optimal c value for grid = 40
-----------------------------------

Running with c = 40
Rows offset = (146,218)
Columns offset = (146,218)
PSNR taken 45.69386
SSIM taken 0.99651

Key which was embeded : 8
Result of extraction = 1

Optimal c value for grid = 40
-----------------------------------

Running with c = 40
PSNR = 55.90358152161404
SSIM = 0.9955865756908241
[0, 0]
Finished grid movement

Rows offset = (0,72)
Columns offset = (0,72)
Embed key : 8 in Block 10
Running with c = 40
Rows offset = (0,72)
Columns offset = (0,72)
PSNR taken 48.68436
SSIM taken 0.99731

Key which was embeded : 8
Result of extraction = 1

Optimal c value for grid = 40
-----------------------------------

Running with c = 40
Rows offset = (0,72)
Columns offset = (73,145)
PSNR taken 53.31188
SSIM taken 0.99615

Key which was embeded : 8
Result of extraction = 1

Optimal c value for grid = 40
-----------------------------------

Running with c = 40
Rows offset = (0,72)
Columns offset = (146,218)
PSNR taken 53.36086
SSIM taken 0.99621

Key which was embeded : 8
Result of extraction = 1

Optimal c value for grid = 40
-----------------------------------

Running with c = 40
Rows offset = (73,145)
Columns offset = (0,72)
PSNR taken 53.29933
SSIM taken 0.99619

Key which was embeded : 8
Result of extraction = 1

Optimal c value for grid = 40
-----------------------------------

Running with c = 40
Rows offset = (73,145)
Columns offset = (73,145)
PSNR taken 53.34458
SSIM taken 0.99594

Key which was embeded : 8
Result of extraction = 1

Optimal c value for grid = 40
-----------------------------------

Running with c = 40
Rows offset = (73,145)
Columns offset = (146,218)
PSNR taken 53.32618
SSIM taken 0.99585

Key which was embeded : 8
Result of extraction = 1

Optimal c value for grid = 40
-----------------------------------

Running with c = 40
Rows offset = (146,218)
Columns offset = (0,72)
PSNR taken 53.31399
SSIM taken 0.99652

Key which was embeded : 8
Result of extraction = 1

Optimal c value for grid = 40
-----------------------------------

Running with c = 40
Rows offset = (146,218)
Columns offset = (73,145)
PSNR taken 53.38964
SSIM taken 0.99612

Key which was embeded : 8
Result of extraction = 1

Optimal c value for grid = 40
-----------------------------------

Running with c = 40
Rows offset = (146,218)
Columns offset = (146,218)
PSNR taken 53.32876
SSIM taken 0.99611

Key which was embeded : 8
Result of extraction = 1

Optimal c value for grid = 40
-----------------------------------

Running with c = 40
PSNR = 53.389637845364526
SSIM = 0.9961160277243811
[146, 73]
Finished grid movement

Rows offset = (146,218)
Columns offset = (73,145)
Embed key : 12 in Block 11
Running with c = 40
Rows offset = (0,72)
Columns offset = (0,72)
PSNR taken 53.32414
SSIM taken 0.99753

Key which was embeded : 12
Result of extraction = 1

Optimal c value for grid = 40
-----------------------------------

Running with c = 40
Rows offset = (0,72)
Columns offset = (73,145)
PSNR taken 53.33769
SSIM taken 0.99787

Key which was embeded : 12
Result of extraction = 1

Optimal c value for grid = 40
-----------------------------------

Running with c = 40
Rows offset = (0,72)
Columns offset = (146,218)
PSNR taken 53.32552
SSIM taken 0.99791

Key which was embeded : 12
Result of extraction = 1

Optimal c value for grid = 40
-----------------------------------

Running with c = 40
Rows offset = (73,145)
Columns offset = (0,72)
PSNR taken 53.31879
SSIM taken 0.99710

Key which was embeded : 12
Result of extraction = 1

Optimal c value for grid = 40
-----------------------------------

Running with c = 40
Rows offset = (73,145)
Columns offset = (73,145)
PSNR taken 53.32724
SSIM taken 0.99776

Key which was embeded : 12
Result of extraction = 1

Optimal c value for grid = 40
-----------------------------------

Running with c = 40
Rows offset = (73,145)
Columns offset = (146,218)
PSNR taken 53.31583
SSIM taken 0.99743

Key which was embeded : 12
Result of extraction = 1

Optimal c value for grid = 40
-----------------------------------

Running with c = 40
Rows offset = (146,218)
Columns offset = (0,72)
PSNR taken 53.33173
SSIM taken 0.99711

Key which was embeded : 12
Result of extraction = 1

Optimal c value for grid = 40
-----------------------------------

Running with c = 40
Rows offset = (146,218)
Columns offset = (73,145)
PSNR taken 53.32500
SSIM taken 0.99743

Key which was embeded : 12
Result of extraction = 1

Optimal c value for grid = 40
-----------------------------------

Running with c = 40
Rows offset = (146,218)
Columns offset = (146,218)
PSNR taken 53.34504
SSIM taken 0.99811

Key which was embeded : 12
Result of extraction = 1

Optimal c value for grid = 40
-----------------------------------

Running with c = 40
PSNR = 53.34504315425549
SSIM = 0.9981125890446444
[146, 146]
Finished grid movement

Rows offset = (146,218)
Columns offset = (146,218)
Embed key : 13 in Block 12
Running with c = 40
Rows offset = (0,72)
Columns offset = (0,72)
PSNR taken 53.30399
SSIM taken 0.99831

Key which was embeded : 13
Result of extraction = 1

Optimal c value for grid = 40
-----------------------------------

Running with c = 40
Rows offset = (0,72)
Columns offset = (73,145)
PSNR taken 53.37806
SSIM taken 0.99776

Key which was embeded : 13
Result of extraction = 1

Optimal c value for grid = 40
-----------------------------------

Running with c = 40
Rows offset = (0,72)
Columns offset = (146,218)
PSNR taken 53.55670
SSIM taken 0.99721

Key which was embeded : 13
Result of extraction = 1

Optimal c value for grid = 40
-----------------------------------

Running with c = 40
Rows offset = (73,145)
Columns offset = (0,72)
PSNR taken 44.45027
SSIM taken 0.99832

Key which was embeded : 13
Result of extraction = 1

Optimal c value for grid = 40
-----------------------------------

Running with c = 40
Rows offset = (73,145)
Columns offset = (73,145)
PSNR taken 45.04892
SSIM taken 0.99775

Key which was embeded : 13
Result of extraction = 1

Optimal c value for grid = 40
-----------------------------------

Running with c = 40
Rows offset = (73,145)
Columns offset = (146,218)
PSNR taken 53.58331
SSIM taken 0.99697

Key which was embeded : 13
Result of extraction = 1

Optimal c value for grid = 40
-----------------------------------

Running with c = 40
Rows offset = (146,218)
Columns offset = (0,72)
PSNR taken 53.29736
SSIM taken 0.99813

Key which was embeded : 13
Result of extraction = 1

Optimal c value for grid = 40
-----------------------------------

Running with c = 40
Rows offset = (146,218)
Columns offset = (73,145)
PSNR taken 53.21980
SSIM taken 0.99775

Key which was embeded : 13
Result of extraction = 1

Optimal c value for grid = 40
-----------------------------------

Running with c = 40
Rows offset = (146,218)
Columns offset = (146,218)
PSNR taken 53.65522
SSIM taken 0.99692

Key which was embeded : 13
Result of extraction = 1

Optimal c value for grid = 40
-----------------------------------

Running with c = 40
PSNR = 53.65521847260357
SSIM = 0.9969216293937867
[146, 146]
Finished grid movement

Rows offset = (146,218)
Columns offset = (146,218)
Embed key : 9 in Block 13
Running with c = 40
Rows offset = (0,72)
Columns offset = (0,72)
PSNR taken 55.84033
SSIM taken 0.99533

Key which was embeded : 9
Result of extraction = 1

Optimal c value for grid = 40
-----------------------------------

Running with c = 40
Rows offset = (0,72)
Columns offset = (73,145)
PSNR taken 54.26958
SSIM taken 0.99681

Key which was embeded : 9
Result of extraction = 1

Optimal c value for grid = 40
-----------------------------------

Running with c = 40
Rows offset = (0,72)
Columns offset = (146,218)
PSNR taken 53.29874
SSIM taken 0.99704

Key which was embeded : 9
Result of extraction = 1

Optimal c value for grid = 40
-----------------------------------

Running with c = 40
Rows offset = (73,145)
Columns offset = (0,72)
PSNR taken 56.04944
SSIM taken 0.99510

Key which was embeded : 9
Result of extraction = 1

Optimal c value for grid = 40
-----------------------------------

Running with c = 40
Rows offset = (73,145)
Columns offset = (73,145)
PSNR taken 55.03335
SSIM taken 0.99518

Key which was embeded : 9
Result of extraction = 1

Optimal c value for grid = 40
-----------------------------------

Running with c = 40
Rows offset = (73,145)
Columns offset = (146,218)
PSNR taken 53.51891
SSIM taken 0.99744

Key which was embeded : 9
Result of extraction = 1

Optimal c value for grid = 40
-----------------------------------

Running with c = 40
Rows offset = (146,218)
Columns offset = (0,72)
PSNR taken 55.88141
SSIM taken 0.99451

Key which was embeded : 9
Result of extraction = 1

Optimal c value for grid = 40
-----------------------------------

Running with c = 40
Rows offset = (146,218)
Columns offset = (73,145)
PSNR taken 55.93935
SSIM taken 0.99396

Key which was embeded : 9
Result of extraction = 1

Optimal c value for grid = 40
-----------------------------------

Running with c = 40
Rows offset = (146,218)
Columns offset = (146,218)
PSNR taken 54.58518
SSIM taken 0.99541

Key which was embeded : 9
Result of extraction = 1

Optimal c value for grid = 40
-----------------------------------

Running with c = 40
PSNR = 56.049441753147306
SSIM = 0.9951006400844156
[73, 0]
Finished grid movement

Rows offset = (73,145)
Columns offset = (0,72)
Embed key : 10 in Block 14
Running with c = 40
Rows offset = (0,72)
Columns offset = (0,72)
PSNR taken 53.32493
SSIM taken 0.99740

Key which was embeded : 10
Result of extraction = 1

Optimal c value for grid = 40
-----------------------------------

Running with c = 40
Rows offset = (0,72)
Columns offset = (73,145)
PSNR taken 53.31273
SSIM taken 0.99717

Key which was embeded : 10
Result of extraction = 1

Optimal c value for grid = 40
-----------------------------------

Running with c = 40
Rows offset = (0,72)
Columns offset = (146,218)
PSNR taken 53.32500
SSIM taken 0.99728

Key which was embeded : 10
Result of extraction = 1

Optimal c value for grid = 40
-----------------------------------

Running with c = 40
Rows offset = (73,145)
Columns offset = (0,72)
PSNR taken 53.36898
SSIM taken 0.99706

Key which was embeded : 10
Result of extraction = 1

Optimal c value for grid = 40
-----------------------------------

Running with c = 40
Rows offset = (73,145)
Columns offset = (73,145)
PSNR taken 53.36192
SSIM taken 0.99705

Key which was embeded : 10
Result of extraction = 1

Optimal c value for grid = 40
-----------------------------------

Running with c = 40
Rows offset = (73,145)
Columns offset = (146,218)
PSNR taken 53.33239
SSIM taken 0.99767

Key which was embeded : 10
Result of extraction = 1

Optimal c value for grid = 40
-----------------------------------

Running with c = 40
Rows offset = (146,218)
Columns offset = (0,72)
PSNR taken 53.36179
SSIM taken 0.99706

Key which was embeded : 10
Result of extraction = 1

Optimal c value for grid = 40
-----------------------------------

Running with c = 40
Rows offset = (146,218)
Columns offset = (73,145)
PSNR taken 53.30484
SSIM taken 0.99703

Key which was embeded : 10
Result of extraction = 1

Optimal c value for grid = 40
-----------------------------------

Running with c = 40
Rows offset = (146,218)
Columns offset = (146,218)
PSNR taken 53.32130
SSIM taken 0.99732

Key which was embeded : 10
Result of extraction = 1

Optimal c value for grid = 40
-----------------------------------

Running with c = 40
PSNR = 53.36898337649692
SSIM = 0.9970607802114159
[73, 0]
Finished grid movement

Rows offset = (73,145)
Columns offset = (0,72)
Embed key : 14 in Block 15
Running with c = 40
Rows offset = (0,72)
Columns offset = (0,72)
PSNR taken 53.30379
SSIM taken 0.99763

Key which was embeded : 14
Result of extraction = 1

Optimal c value for grid = 40
-----------------------------------

Running with c = 40
Rows offset = (0,72)
Columns offset = (73,145)
PSNR taken 53.35919
SSIM taken 0.99734

Key which was embeded : 14
Result of extraction = 1

Optimal c value for grid = 40
-----------------------------------

Running with c = 40
Rows offset = (0,72)
Columns offset = (146,218)
PSNR taken 53.33160
SSIM taken 0.99729

Key which was embeded : 14
Result of extraction = 1

Optimal c value for grid = 40
-----------------------------------

Running with c = 40
Rows offset = (73,145)
Columns offset = (0,72)
PSNR taken 53.31069
SSIM taken 0.99825

Key which was embeded : 14
Result of extraction = 1

Optimal c value for grid = 40
-----------------------------------

Running with c = 40
Rows offset = (73,145)
Columns offset = (73,145)
PSNR taken 53.33319
SSIM taken 0.99747

Key which was embeded : 14
Result of extraction = 1

Optimal c value for grid = 40
-----------------------------------

Running with c = 40
Rows offset = (73,145)
Columns offset = (146,218)
PSNR taken 53.32750
SSIM taken 0.99783

Key which was embeded : 14
Result of extraction = 1

Optimal c value for grid = 40
-----------------------------------

Running with c = 40
Rows offset = (146,218)
Columns offset = (0,72)
PSNR taken 53.30110
SSIM taken 0.99772

Key which was embeded : 14
Result of extraction = 1

Optimal c value for grid = 40
-----------------------------------

Running with c = 40
Rows offset = (146,218)
Columns offset = (73,145)
PSNR taken 53.30872
SSIM taken 0.99772

Key which was embeded : 14
Result of extraction = 1

Optimal c value for grid = 40
-----------------------------------

Running with c = 40
Rows offset = (146,218)
Columns offset = (146,218)
PSNR taken 53.33795
SSIM taken 0.99739

Key which was embeded : 14
Result of extraction = 1

Optimal c value for grid = 40
-----------------------------------

Running with c = 40
PSNR = 53.35919183871995
SSIM = 0.9973439957628374
[0, 73]
Finished grid movement

Rows offset = (0,72)
Columns offset = (73,145)
Embed key : 11 in Block 16
Running with c = 40
Rows offset = (0,72)
Columns offset = (0,72)
PSNR taken 53.35254
SSIM taken 0.99623

Key which was embeded : 11
Result of extraction = 1

Optimal c value for grid = 40
-----------------------------------

Running with c = 40
Rows offset = (0,72)
Columns offset = (73,145)
PSNR taken 53.41666
SSIM taken 0.99609

Key which was embeded : 11
Result of extraction = 1

Optimal c value for grid = 40
-----------------------------------

Running with c = 40
Rows offset = (0,72)
Columns offset = (146,218)
PSNR taken 54.50034
SSIM taken 0.99499

Key which was embeded : 11
Result of extraction = 1

Optimal c value for grid = 40
-----------------------------------

Running with c = 40
Rows offset = (73,145)
Columns offset = (0,72)
PSNR taken 53.32401
SSIM taken 0.99620

Key which was embeded : 11
Result of extraction = 1

Optimal c value for grid = 40
-----------------------------------

Running with c = 40
Rows offset = (73,145)
Columns offset = (73,145)
PSNR taken 53.45261
SSIM taken 0.99545

Key which was embeded : 11
Result of extraction = 1

Optimal c value for grid = 40
-----------------------------------

Running with c = 40
Rows offset = (73,145)
Columns offset = (146,218)
PSNR taken 56.03550
SSIM taken 0.99319

Key which was embeded : 11
Result of extraction = 1

Optimal c value for grid = 40
-----------------------------------

Running with c = 40
Rows offset = (146,218)
Columns offset = (0,72)
PSNR taken 53.30741
SSIM taken 0.99650

Key which was embeded : 11
Result of extraction = 1

Optimal c value for grid = 40
-----------------------------------

Running with c = 40
Rows offset = (146,218)
Columns offset = (73,145)
PSNR taken 55.52405
SSIM taken 0.99326

Key which was embeded : 11
Result of extraction = 1

Optimal c value for grid = 40
-----------------------------------

Running with c = 40
Rows offset = (146,218)
Columns offset = (146,218)
PSNR taken 55.84812
SSIM taken 0.99167

Key which was embeded : 11
Result of extraction = 1

Optimal c value for grid = 40
-----------------------------------

Running with c = 40
PSNR = 56.03549574123296
SSIM = 0.9931870871766307
[73, 146]
Finished grid movement

Rows offset = (73,145)
Columns offset = (146,218)
PSNR taken 54.37410
SSIM taken 0.99658

Total positions checked for each block : 9
Key which was embeded : 8
Complete Extraction in block 1

Key which was embeded : 10
Complete Extraction in block 2

Key which was embeded : 10
Complete Extraction in block 3

Key which was embeded : 13
Complete Extraction in block 4

Key which was embeded : 14
Complete Extraction in block 5

Key which was embeded : 12
Complete Extraction in block 6

Key which was embeded : 11
Complete Extraction in block 7

Key which was embeded : 10
Complete Extraction in block 8

Key which was embeded : 8
Complete Extraction in block 9

Key which was embeded : 8
Complete Extraction in block 10

Key which was embeded : 12
Complete Extraction in block 11

Key which was embeded : 13
Complete Extraction in block 12

Key which was embeded : 9
Complete Extraction in block 13

Key which was embeded : 10
Complete Extraction in block 14

Key which was embeded : 14
Complete Extraction in block 15

Key which was embeded : 11
Complete Extraction in block 16

Extraction percentage = 100.0%

Elapsed time = 0.398 mins
Elapsed time = 23.882 seconds

