Embed key : 8 in Block 1
Running with c = 40
Rows offset = (0,72)
Columns offset = (0,72)
PSNR taken 54.82951
SSIM taken 0.99788

Key which was embeded : 8
Result of extraction = 1

Optimal c value for grid = 40
-----------------------------------

Running with c = 40
Rows offset = (0,72)
Columns offset = (73,145)
PSNR taken 54.73349
SSIM taken 0.99781

Key which was embeded : 8
Result of extraction = 1

Optimal c value for grid = 40
-----------------------------------

Running with c = 40
Rows offset = (0,72)
Columns offset = (146,218)
PSNR taken 54.72738
SSIM taken 0.99808

Key which was embeded : 8
Result of extraction = 1

Optimal c value for grid = 40
-----------------------------------

Running with c = 40
Rows offset = (0,72)
Columns offset = (219,291)
PSNR taken 54.73172
SSIM taken 0.99754

Key which was embeded : 8
Result of extraction = 1

Optimal c value for grid = 40
-----------------------------------

Running with c = 40
Rows offset = (0,72)
Columns offset = (292,364)
PSNR taken 54.72974
SSIM taken 0.99791

Key which was embeded : 8
Result of extraction = 1

Optimal c value for grid = 40
-----------------------------------

Running with c = 40
Rows offset = (73,145)
Columns offset = (0,72)
PSNR taken 54.79113
SSIM taken 0.99778

Key which was embeded : 8
Result of extraction = 1

Optimal c value for grid = 40
-----------------------------------

Running with c = 40
Rows offset = (73,145)
Columns offset = (73,145)
PSNR taken 54.74081
SSIM taken 0.99711

Key which was embeded : 8
Result of extraction = 1

Optimal c value for grid = 40
-----------------------------------

Running with c = 40
Rows offset = (73,145)
Columns offset = (146,218)
PSNR taken 54.72482
SSIM taken 0.99756

Key which was embeded : 8
Result of extraction = 1

Optimal c value for grid = 40
-----------------------------------

Running with c = 40
Rows offset = (73,145)
Columns offset = (219,291)
PSNR taken 54.72462
SSIM taken 0.99713

Key which was embeded : 8
Result of extraction = 1

Optimal c value for grid = 40
-----------------------------------

Running with c = 40
Rows offset = (73,145)
Columns offset = (292,364)
PSNR taken 54.72245
SSIM taken 0.99718

Key which was embeded : 8
Result of extraction = 1

Optimal c value for grid = 40
-----------------------------------

Running with c = 40
Rows offset = (146,218)
Columns offset = (0,72)
PSNR taken 54.72994
SSIM taken 0.99708

Key which was embeded : 8
Result of extraction = 1

Optimal c value for grid = 40
-----------------------------------

Running with c = 40
Rows offset = (146,218)
Columns offset = (73,145)
PSNR taken 54.75110
SSIM taken 0.99745

Key which was embeded : 8
Result of extraction = 1

Optimal c value for grid = 40
-----------------------------------

Running with c = 40
Rows offset = (146,218)
Columns offset = (146,218)
PSNR taken 54.73113
SSIM taken 0.99745

Key which was embeded : 8
Result of extraction = 1

Optimal c value for grid = 40
-----------------------------------

Running with c = 40
Rows offset = (146,218)
Columns offset = (219,291)
PSNR taken 54.78214
SSIM taken 0.99709

Key which was embeded : 8
Result of extraction = 1

Optimal c value for grid = 40
-----------------------------------

Running with c = 40
Rows offset = (146,218)
Columns offset = (292,364)
PSNR taken 54.73192
SSIM taken 0.99728

Key which was embeded : 8
Result of extraction = 1

Optimal c value for grid = 40
-----------------------------------

Running with c = 40
PSNR = 54.829513409453796
SSIM = 0.9978807450923796
[0, 0]
Finished grid movement

Rows offset = (0,72)
Columns offset = (0,72)
Embed key : 10 in Block 2
Running with c = 40
Rows offset = (0,72)
Columns offset = (0,72)
PSNR taken 54.75269
SSIM taken 0.99842

Key which was embeded : 10
Result of extraction = 1

Optimal c value for grid = 40
-----------------------------------

Running with c = 40
Rows offset = (0,72)
Columns offset = (73,145)
PSNR taken 54.71399
SSIM taken 0.99842

Key which was embeded : 10
Result of extraction = 1

Optimal c value for grid = 40
-----------------------------------

Running with c = 40
Rows offset = (0,72)
Columns offset = (146,218)
PSNR taken 54.73034
SSIM taken 0.99829

Key which was embeded : 10
Result of extraction = 1

Optimal c value for grid = 40
-----------------------------------

Running with c = 40
Rows offset = (0,72)
Columns offset = (219,291)
PSNR taken 54.73073
SSIM taken 0.99812

Key which was embeded : 10
Result of extraction = 1

Optimal c value for grid = 40
-----------------------------------

Running with c = 40
Rows offset = (0,72)
Columns offset = (292,364)
PSNR taken 54.79413
SSIM taken 0.99770

Key which was embeded : 10
Result of extraction = 1

Optimal c value for grid = 40
-----------------------------------

Running with c = 40
Rows offset = (73,145)
Columns offset = (0,72)
PSNR taken 54.72403
SSIM taken 0.99799

Key which was embeded : 10
Result of extraction = 1

Optimal c value for grid = 40
-----------------------------------

Running with c = 40
Rows offset = (73,145)
Columns offset = (73,145)
PSNR taken 54.72777
SSIM taken 0.99725

Key which was embeded : 10
Result of extraction = 1

Optimal c value for grid = 40
-----------------------------------

Running with c = 40
Rows offset = (73,145)
Columns offset = (146,218)
PSNR taken 54.72974
SSIM taken 0.99740

Key which was embeded : 10
Result of extraction = 1

Optimal c value for grid = 40
-----------------------------------

Running with c = 40
Rows offset = (73,145)
Columns offset = (219,291)
PSNR taken 54.71458
SSIM taken 0.99657

Key which was embeded : 10
Result of extraction = 1

Optimal c value for grid = 40
-----------------------------------

Running with c = 40
Rows offset = (73,145)
Columns offset = (292,364)
PSNR taken 54.72560
SSIM taken 0.99688

Key which was embeded : 10
Result of extraction = 1

Optimal c value for grid = 40
-----------------------------------

Running with c = 40
Rows offset = (146,218)
Columns offset = (0,72)
PSNR taken 54.72501
SSIM taken 0.99822

Key which was embeded : 10
Result of extraction = 1

Optimal c value for grid = 40
-----------------------------------

Running with c = 40
Rows offset = (146,218)
Columns offset = (73,145)
PSNR taken 54.78274
SSIM taken 0.99827

Key which was embeded : 10
Result of extraction = 1

Optimal c value for grid = 40
-----------------------------------

Running with c = 40
Rows offset = (146,218)
Columns offset = (146,218)
PSNR taken 54.73132
SSIM taken 0.99752

Key which was embeded : 10
Result of extraction = 1

Optimal c value for grid = 40
-----------------------------------

Running with c = 40
Rows offset = (146,218)
Columns offset = (219,291)
PSNR taken 54.78214
SSIM taken 0.99731

Key which was embeded : 10
Result of extraction = 1

Optimal c value for grid = 40
-----------------------------------

Running with c = 40
Rows offset = (146,218)
Columns offset = (292,364)
PSNR taken 54.78733
SSIM taken 0.99766

Key which was embeded : 10
Result of extraction = 1

Optimal c value for grid = 40
-----------------------------------

Running with c = 40
PSNR = 54.79413280791769
SSIM = 0.9977034808337689
[0, 292]
Finished grid movement

Rows offset = (0,72)
Columns offset = (292,364)
Embed key : 10 in Block 3
Running with c = 40
Rows offset = (0,72)
Columns offset = (0,72)
PSNR taken 54.73665
SSIM taken 0.99744

Key which was embeded : 10
Result of extraction = 1

Optimal c value for grid = 40
-----------------------------------

Running with c = 40
Rows offset = (0,72)
Columns offset = (73,145)
PSNR taken 54.72127
SSIM taken 0.99807

Key which was embeded : 10
Result of extraction = 1

Optimal c value for grid = 40
-----------------------------------

Running with c = 40
Rows offset = (0,72)
Columns offset = (146,218)
PSNR taken 54.74278
SSIM taken 0.99801

Key which was embeded : 10
Result of extraction = 1

Optimal c value for grid = 40
-----------------------------------

Running with c = 40
Rows offset = (0,72)
Columns offset = (219,291)
PSNR taken 54.71753
SSIM taken 0.99789

Key which was embeded : 10
Result of extraction = 1

Optimal c value for grid = 40
-----------------------------------

Running with c = 40
Rows offset = (0,72)
Columns offset = (292,364)
PSNR taken 54.73093
SSIM taken 0.99790

Key which was embeded : 10
Result of extraction = 1

Optimal c value for grid = 40
-----------------------------------

Running with c = 40
Rows offset = (73,145)
Columns offset = (0,72)
PSNR taken 54.72462
SSIM taken 0.99735

Key which was embeded : 10
Result of extraction = 1

Optimal c value for grid = 40
-----------------------------------

Running with c = 40
Rows offset = (73,145)
Columns offset = (73,145)
PSNR taken 54.74358
SSIM taken 0.99773

Key which was embeded : 10
Result of extraction = 1

Optimal c value for grid = 40
-----------------------------------

Running with c = 40
Rows offset = (73,145)
Columns offset = (146,218)
PSNR taken 54.73725
SSIM taken 0.99766

Key which was embeded : 10
Result of extraction = 1

Optimal c value for grid = 40
-----------------------------------

Running with c = 40
Rows offset = (73,145)
Columns offset = (219,291)
PSNR taken 54.71930
SSIM taken 0.99799

Key which was embeded : 10
Result of extraction = 1

Optimal c value for grid = 40
-----------------------------------

Running with c = 40
Rows offset = (73,145)
Columns offset = (292,364)
PSNR taken 54.73330
SSIM taken 0.99745

Key which was embeded : 10
Result of extraction = 1

Optimal c value for grid = 40
-----------------------------------

Running with c = 40
Rows offset = (146,218)
Columns offset = (0,72)
PSNR taken 54.73132
SSIM taken 0.99791

Key which was embeded : 10
Result of extraction = 1

Optimal c value for grid = 40
-----------------------------------

Running with c = 40
Rows offset = (146,218)
Columns offset = (73,145)
PSNR taken 54.72521
SSIM taken 0.99775

Key which was embeded : 10
Result of extraction = 1

Optimal c value for grid = 40
-----------------------------------

Running with c = 40
Rows offset = (146,218)
Columns offset = (146,218)
PSNR taken 54.73784
SSIM taken 0.99736

Key which was embeded : 10
Result of extraction = 1

Optimal c value for grid = 40
-----------------------------------

Running with c = 40
Rows offset = (146,218)
Columns offset = (219,291)
PSNR taken 54.72107
SSIM taken 0.99751

Key which was embeded : 10
Result of extraction = 1

Optimal c value for grid = 40
-----------------------------------

Running with c = 40
Rows offset = (146,218)
Columns offset = (292,364)
PSNR taken 54.73192
SSIM taken 0.99723

Key which was embeded : 10
Result of extraction = 1

Optimal c value for grid = 40
-----------------------------------

Running with c = 40
PSNR = 54.74357501691482
SSIM = 0.9977300304659887
[73, 73]
Finished grid movement

Rows offset = (73,145)
Columns offset = (73,145)
Embed key : 13 in Block 4
Running with c = 40
Rows offset = (0,72)
Columns offset = (0,72)
PSNR taken 54.73606
SSIM taken 0.99785

Key which was embeded : 13
Result of extraction = 1

Optimal c value for grid = 40
-----------------------------------

Running with c = 40
Rows offset = (0,72)
Columns offset = (73,145)
PSNR taken 54.72521
SSIM taken 0.99800

Key which was embeded : 13
Result of extraction = 1

Optimal c value for grid = 40
-----------------------------------

Running with c = 40
Rows offset = (0,72)
Columns offset = (146,218)
PSNR taken 54.72896
SSIM taken 0.99730

Key which was embeded : 13
Result of extraction = 1

Optimal c value for grid = 40
-----------------------------------

Running with c = 40
Rows offset = (0,72)
Columns offset = (219,291)
PSNR taken 54.73942
SSIM taken 0.99721

Key which was embeded : 13
Result of extraction = 1

Optimal c value for grid = 40
-----------------------------------

Running with c = 40
Rows offset = (0,72)
Columns offset = (292,364)
PSNR taken 54.80054
SSIM taken 0.99736

Key which was embeded : 13
Result of extraction = 1

Optimal c value for grid = 40
-----------------------------------

Running with c = 40
Rows offset = (73,145)
Columns offset = (0,72)
PSNR taken 54.79013
SSIM taken 0.99726

Key which was embeded : 13
Result of extraction = 1

Optimal c value for grid = 40
-----------------------------------

Running with c = 40
Rows offset = (73,145)
Columns offset = (73,145)
PSNR taken 54.71773
SSIM taken 0.99845

Key which was embeded : 13
Result of extraction = 1

Optimal c value for grid = 40
-----------------------------------

Running with c = 40
Rows offset = (73,145)
Columns offset = (146,218)
PSNR taken 54.79413
SSIM taken 0.99731

Key which was embeded : 13
Result of extraction = 1

Optimal c value for grid = 40
-----------------------------------

Running with c = 40
Rows offset = (73,145)
Columns offset = (219,291)
PSNR taken 54.73685
SSIM taken 0.99703

Key which was embeded : 13
Result of extraction = 1

Optimal c value for grid = 40
-----------------------------------

Running with c = 40
Rows offset = (73,145)
Columns offset = (292,364)
PSNR taken 54.73606
SSIM taken 0.99679

Key which was embeded : 13
Result of extraction = 1

Optimal c value for grid = 40
-----------------------------------

Running with c = 40
Rows offset = (146,218)
Columns offset = (0,72)
PSNR taken 54.72974
SSIM taken 0.99866

Key which was embeded : 13
Result of extraction = 1

Optimal c value for grid = 40
-----------------------------------

Running with c = 40
Rows offset = (146,218)
Columns offset = (73,145)
PSNR taken 54.72955
SSIM taken 0.99810

Key which was embeded : 13
Result of extraction = 1

Optimal c value for grid = 40
-----------------------------------

Running with c = 40
Rows offset = (146,218)
Columns offset = (146,218)
PSNR taken 54.72935
SSIM taken 0.99818

Key which was embeded : 13
Result of extraction = 1

Optimal c value for grid = 40
-----------------------------------

Running with c = 40
Rows offset = (146,218)
Columns offset = (219,291)
PSNR taken 54.72698
SSIM taken 0.99734

Key which was embeded : 13
Result of extraction = 1

Optimal c value for grid = 40
-----------------------------------

Running with c = 40
Rows offset = (146,218)
Columns offset = (292,364)
PSNR taken 54.72797
SSIM taken 0.99750

Key which was embeded : 13
Result of extraction = 1

Optimal c value for grid = 40
-----------------------------------

Running with c = 40
PSNR = 54.800544242658844
SSIM = 0.9973612685719214
[0, 292]
Finished grid movement

Rows offset = (0,72)
Columns offset = (292,364)
Embed key : 14 in Block 5
Running with c = 40
Rows offset = (0,72)
Columns offset = (0,72)
PSNR taken 54.73113
SSIM taken 0.99725

Key which was embeded : 14
Result of extraction = 1

Optimal c value for grid = 40
-----------------------------------

Running with c = 40
Rows offset = (0,72)
Columns offset = (73,145)
PSNR taken 54.73132
SSIM taken 0.99760

Key which was embeded : 14
Result of extraction = 1

Optimal c value for grid = 40
-----------------------------------

Running with c = 40
Rows offset = (0,72)
Columns offset = (146,218)
PSNR taken 54.72127
SSIM taken 0.99795

Key which was embeded : 14
Result of extraction = 1

Optimal c value for grid = 40
-----------------------------------

Running with c = 40
Rows offset = (0,72)
Columns offset = (219,291)
PSNR taken 54.71537
SSIM taken 0.99872

Key which was embeded : 14
Result of extraction = 1

Optimal c value for grid = 40
-----------------------------------

Running with c = 40
Rows offset = (0,72)
Columns offset = (292,364)
PSNR taken 54.73527
SSIM taken 0.99784

Key which was embeded : 14
Result of extraction = 1

Optimal c value for grid = 40
-----------------------------------

Running with c = 40
Rows offset = (73,145)
Columns offset = (0,72)
PSNR taken 54.78693
SSIM taken 0.99728

Key which was embeded : 14
Result of extraction = 1

Optimal c value for grid = 40
-----------------------------------

Running with c = 40
Rows offset = (73,145)
Columns offset = (73,145)
PSNR taken 54.86946
SSIM taken 0.99762

Key which was embeded : 14
Result of extraction = 1

Optimal c value for grid = 40
-----------------------------------

Running with c = 40
Rows offset = (73,145)
Columns offset = (146,218)
PSNR taken 54.73073
SSIM taken 0.99810

Key which was embeded : 14
Result of extraction = 1

Optimal c value for grid = 40
-----------------------------------

Running with c = 40
Rows offset = (73,145)
Columns offset = (219,291)
PSNR taken 54.78114
SSIM taken 0.99793

Key which was embeded : 14
Result of extraction = 1

Optimal c value for grid = 40
-----------------------------------

Running with c = 40
Rows offset = (73,145)
Columns offset = (292,364)
PSNR taken 54.84529
SSIM taken 0.99758

Key which was embeded : 14
Result of extraction = 1

Optimal c value for grid = 40
-----------------------------------

Running with c = 40
Rows offset = (146,218)
Columns offset = (0,72)
PSNR taken 55.76163
SSIM taken 0.99490

Key which was embeded : 14
Result of extraction = 1

Optimal c value for grid = 40
-----------------------------------

Running with c = 40
Rows offset = (146,218)
Columns offset = (73,145)
PSNR taken 55.33998
SSIM taken 0.99614

Key which was embeded : 14
Result of extraction = 1

Optimal c value for grid = 40
-----------------------------------

Running with c = 40
Rows offset = (146,218)
Columns offset = (146,218)
PSNR taken 54.88640
SSIM taken 0.99844

Key which was embeded : 14
Result of extraction = 1

Optimal c value for grid = 40
-----------------------------------

Running with c = 40
Rows offset = (146,218)
Columns offset = (219,291)
PSNR taken 54.81159
SSIM taken 0.99812

Key which was embeded : 14
Result of extraction = 1

Optimal c value for grid = 40
-----------------------------------

Running with c = 40
Rows offset = (146,218)
Columns offset = (292,364)
PSNR taken 55.24655
SSIM taken 0.99585

Key which was embeded : 14
Result of extraction = 1

Optimal c value for grid = 40
-----------------------------------

Running with c = 40
PSNR = 55.76163155714713
SSIM = 0.9948955275449699
[146, 0]
Finished grid movement

Rows offset = (146,218)
Columns offset = (0,72)
Embed key : 12 in Block 6
Running with c = 40
Rows offset = (0,72)
Columns offset = (0,72)
PSNR taken 54.71163
SSIM taken 0.99772

Key which was embeded : 12
Result of extraction = 1

Optimal c value for grid = 40
-----------------------------------

Running with c = 40
Rows offset = (0,72)
Columns offset = (73,145)
PSNR taken 54.77954
SSIM taken 0.99769

Key which was embeded : 12
Result of extraction = 1

Optimal c value for grid = 40
-----------------------------------

Running with c = 40
Rows offset = (0,72)
Columns offset = (146,218)
PSNR taken 54.72029
SSIM taken 0.99753

Key which was embeded : 12
Result of extraction = 1

Optimal c value for grid = 40
-----------------------------------

Running with c = 40
Rows offset = (0,72)
Columns offset = (219,291)
PSNR taken 54.73863
SSIM taken 0.99748

Key which was embeded : 12
Result of extraction = 1

Optimal c value for grid = 40
-----------------------------------

Running with c = 40
Rows offset = (0,72)
Columns offset = (292,364)
PSNR taken 54.72206
SSIM taken 0.99761

Key which was embeded : 12
Result of extraction = 1

Optimal c value for grid = 40
-----------------------------------

Running with c = 40
Rows offset = (73,145)
Columns offset = (0,72)
PSNR taken 54.72166
SSIM taken 0.99780

Key which was embeded : 12
Result of extraction = 1

Optimal c value for grid = 40
-----------------------------------

Running with c = 40
Rows offset = (73,145)
Columns offset = (73,145)
PSNR taken 54.72226
SSIM taken 0.99731

Key which was embeded : 12
Result of extraction = 1

Optimal c value for grid = 40
-----------------------------------

Running with c = 40
Rows offset = (73,145)
Columns offset = (146,218)
PSNR taken 54.73172
SSIM taken 0.99761

Key which was embeded : 12
Result of extraction = 1

Optimal c value for grid = 40
-----------------------------------

Running with c = 40
Rows offset = (73,145)
Columns offset = (219,291)
PSNR taken 54.73606
SSIM taken 0.99762

Key which was embeded : 12
Result of extraction = 1

Optimal c value for grid = 40
-----------------------------------

Running with c = 40
Rows offset = (73,145)
Columns offset = (292,364)
PSNR taken 54.71950
SSIM taken 0.99825

Key which was embeded : 12
Result of extraction = 1

Optimal c value for grid = 40
-----------------------------------

Running with c = 40
Rows offset = (146,218)
Columns offset = (0,72)
PSNR taken 55.13793
SSIM taken 0.99690

Key which was embeded : 12
Result of extraction = 1

Optimal c value for grid = 40
-----------------------------------

Running with c = 40
Rows offset = (146,218)
Columns offset = (73,145)
PSNR taken 54.82064
SSIM taken 0.99760

Key which was embeded : 12
Result of extraction = 1

Optimal c value for grid = 40
-----------------------------------

Running with c = 40
Rows offset = (146,218)
Columns offset = (146,218)
PSNR taken 54.73270
SSIM taken 0.99668

Key which was embeded : 12
Result of extraction = 1

Optimal c value for grid = 40
-----------------------------------

Running with c = 40
Rows offset = (146,218)
Columns offset = (219,291)
PSNR taken 54.75308
SSIM taken 0.99772

Key which was embeded : 12
Result of extraction = 1

Optimal c value for grid = 40
-----------------------------------

Running with c = 40
Rows offset = (146,218)
Columns offset = (292,364)
PSNR taken 54.73626
SSIM taken 0.99773

Key which was embeded : 12
Result of extraction = 1

Optimal c value for grid = 40
-----------------------------------

Running with c = 40
PSNR = 55.13793488519332
SSIM = 0.9968977956661217
[146, 0]
Finished grid movement

Rows offset = (146,218)
Columns offset = (0,72)
Embed key : 11 in Block 7
Running with c = 40
Rows offset = (0,72)
Columns offset = (0,72)
PSNR taken 54.73172
SSIM taken 0.99694

Key which was embeded : 11
Result of extraction = 1

Optimal c value for grid = 40
-----------------------------------

Running with c = 40
Rows offset = (0,72)
Columns offset = (73,145)
PSNR taken 54.72462
SSIM taken 0.99670

Key which was embeded : 11
Result of extraction = 1

Optimal c value for grid = 40
-----------------------------------

Running with c = 40
Rows offset = (0,72)
Columns offset = (146,218)
PSNR taken 54.73113
SSIM taken 0.99641

Key which was embeded : 11
Result of extraction = 1

Optimal c value for grid = 40
-----------------------------------

Running with c = 40
Rows offset = (0,72)
Columns offset = (219,291)
PSNR taken 54.77795
SSIM taken 0.99655

Key which was embeded : 11
Result of extraction = 1

Optimal c value for grid = 40
-----------------------------------

Running with c = 40
Rows offset = (0,72)
Columns offset = (292,364)
PSNR taken 54.72836
SSIM taken 0.99657

Key which was embeded : 11
Result of extraction = 1

Optimal c value for grid = 40
-----------------------------------

Running with c = 40
Rows offset = (73,145)
Columns offset = (0,72)
PSNR taken 54.81581
SSIM taken 0.99736

Key which was embeded : 11
Result of extraction = 1

Optimal c value for grid = 40
-----------------------------------

Running with c = 40
Rows offset = (73,145)
Columns offset = (73,145)
PSNR taken 54.73231
SSIM taken 0.99570

Key which was embeded : 11
Result of extraction = 1

Optimal c value for grid = 40
-----------------------------------

Running with c = 40
Rows offset = (73,145)
Columns offset = (146,218)
PSNR taken 54.92234
SSIM taken 0.99520

Key which was embeded : 11
Result of extraction = 1

Optimal c value for grid = 40
-----------------------------------

Running with c = 40
Rows offset = (73,145)
Columns offset = (219,291)
PSNR taken 54.73586
SSIM taken 0.99606

Key which was embeded : 11
Result of extraction = 1

Optimal c value for grid = 40
-----------------------------------

Running with c = 40
Rows offset = (73,145)
Columns offset = (292,364)
PSNR taken 54.71832
SSIM taken 0.99572

Key which was embeded : 11
Result of extraction = 1

Optimal c value for grid = 40
-----------------------------------

Running with c = 40
Rows offset = (146,218)
Columns offset = (0,72)
PSNR taken 54.73132
SSIM taken 0.99636

Key which was embeded : 11
Result of extraction = 1

Optimal c value for grid = 40
-----------------------------------

Running with c = 40
Rows offset = (146,218)
Columns offset = (73,145)
PSNR taken 54.99428
SSIM taken 0.99658

Key which was embeded : 11
Result of extraction = 1

Optimal c value for grid = 40
-----------------------------------

Running with c = 40
Rows offset = (146,218)
Columns offset = (146,218)
PSNR taken 55.49811
SSIM taken 0.98986

Key which was embeded : 11
Result of extraction = 1

Optimal c value for grid = 40
-----------------------------------

Running with c = 40
Rows offset = (146,218)
Columns offset = (219,291)
PSNR taken 55.50565
SSIM taken 0.99062

Key which was embeded : 11
Result of extraction = 1

Optimal c value for grid = 40
-----------------------------------

Running with c = 40
Rows offset = (146,218)
Columns offset = (292,364)
PSNR taken 55.66637
SSIM taken 0.99196

Key which was embeded : 11
Result of extraction = 1

Optimal c value for grid = 40
-----------------------------------

Running with c = 40
PSNR = 55.66636872871575
SSIM = 0.9919583601644707
[146, 292]
Finished grid movement

Rows offset = (146,218)
Columns offset = (292,364)
Embed key : 10 in Block 8
Running with c = 40
Rows offset = (0,72)
Columns offset = (0,72)
PSNR taken 54.73270
SSIM taken 0.99795

Key which was embeded : 10
Result of extraction = 1

Optimal c value for grid = 40
-----------------------------------

Running with c = 40
Rows offset = (0,72)
Columns offset = (73,145)
PSNR taken 54.73270
SSIM taken 0.99833

Key which was embeded : 10
Result of extraction = 1

Optimal c value for grid = 40
-----------------------------------

Running with c = 40
Rows offset = (0,72)
Columns offset = (146,218)
PSNR taken 54.72166
SSIM taken 0.99809

Key which was embeded : 10
Result of extraction = 1

Optimal c value for grid = 40
-----------------------------------

Running with c = 40
Rows offset = (0,72)
Columns offset = (219,291)
PSNR taken 54.72344
SSIM taken 0.99709

Key which was embeded : 10
Result of extraction = 1

Optimal c value for grid = 40
-----------------------------------

Running with c = 40
Rows offset = (0,72)
Columns offset = (292,364)
PSNR taken 54.77914
SSIM taken 0.99731

Key which was embeded : 10
Result of extraction = 1

Optimal c value for grid = 40
-----------------------------------

Running with c = 40
Rows offset = (73,145)
Columns offset = (0,72)
PSNR taken 54.71674
SSIM taken 0.99754

Key which was embeded : 10
Result of extraction = 1

Optimal c value for grid = 40
-----------------------------------

Running with c = 40
Rows offset = (73,145)
Columns offset = (73,145)
PSNR taken 54.77356
SSIM taken 0.99754

Key which was embeded : 10
Result of extraction = 1

Optimal c value for grid = 40
-----------------------------------

Running with c = 40
Rows offset = (73,145)
Columns offset = (146,218)
PSNR taken 54.73744
SSIM taken 0.99752

Key which was embeded : 10
Result of extraction = 1

Optimal c value for grid = 40
-----------------------------------

Running with c = 40
Rows offset = (73,145)
Columns offset = (219,291)
PSNR taken 54.73646
SSIM taken 0.99766

Key which was embeded : 10
Result of extraction = 1

Optimal c value for grid = 40
-----------------------------------

Running with c = 40
Rows offset = (73,145)
Columns offset = (292,364)
PSNR taken 54.73428
SSIM taken 0.99746

Key which was embeded : 10
Result of extraction = 1

Optimal c value for grid = 40
-----------------------------------

Running with c = 40
Rows offset = (146,218)
Columns offset = (0,72)
PSNR taken 55.32615
SSIM taken 0.99633

Key which was embeded : 10
Result of extraction = 1

Optimal c value for grid = 40
-----------------------------------

Running with c = 40
Rows offset = (146,218)
Columns offset = (73,145)
PSNR taken 54.77894
SSIM taken 0.99732

Key which was embeded : 10
Result of extraction = 1

Optimal c value for grid = 40
-----------------------------------

Running with c = 40
Rows offset = (146,218)
Columns offset = (146,218)
PSNR taken 54.74081
SSIM taken 0.99767

Key which was embeded : 10
Result of extraction = 1

Optimal c value for grid = 40
-----------------------------------

Running with c = 40
Rows offset = (146,218)
Columns offset = (219,291)
PSNR taken 54.72285
SSIM taken 0.99752

Key which was embeded : 10
Result of extraction = 1

Optimal c value for grid = 40
-----------------------------------

Running with c = 40
Rows offset = (146,218)
Columns offset = (292,364)
PSNR taken 54.94736
SSIM taken 0.99769

Key which was embeded : 10
Result of extraction = 1

Optimal c value for grid = 40
-----------------------------------

Running with c = 40
PSNR = 55.32615271117962
SSIM = 0.9963271189560249
[146, 0]
Finished grid movement

Rows offset = (146,218)
Columns offset = (0,72)
Embed key : 8 in Block 9
Running with c = 40
Rows offset = (0,72)
Columns offset = (0,72)
PSNR taken 55.50188
SSIM taken 0.99237

Key which was embeded : 8
Result of extraction = 1

Optimal c value for grid = 40
-----------------------------------

Running with c = 40
Rows offset = (0,72)
Columns offset = (73,145)
PSNR taken 54.72955
SSIM taken 0.99450

Key which was embeded : 8
Result of extraction = 1

Optimal c value for grid = 40
-----------------------------------

Running with c = 40
Rows offset = (0,72)
Columns offset = (146,218)
PSNR taken 54.81782
SSIM taken 0.99458

Key which was embeded : 8
Result of extraction = 1

Optimal c value for grid = 40
-----------------------------------

Running with c = 40
Rows offset = (0,72)
Columns offset = (219,291)
PSNR taken 56.69275
SSIM taken 0.98573

Key which was embeded : 8
Result of extraction = 1

Optimal c value for grid = 40
-----------------------------------

Running with c = 40
Rows offset = (0,72)
Columns offset = (292,364)
PSNR taken 55.87852
SSIM taken 0.99058

Key which was embeded : 8
Result of extraction = 1

Optimal c value for grid = 40
-----------------------------------

Running with c = 40
Rows offset = (73,145)
Columns offset = (0,72)
PSNR taken 54.79794
SSIM taken 0.99603

Key which was embeded : 8
Result of extraction = 1

Optimal c value for grid = 40
-----------------------------------

Running with c = 40
Rows offset = (73,145)
Columns offset = (73,145)
PSNR taken 54.72639
SSIM taken 0.99520

Key which was embeded : 8
Result of extraction = 1

Optimal c value for grid = 40
-----------------------------------

Running with c = 40
Rows offset = (73,145)
Columns offset = (146,218)
PSNR taken 55.15204
SSIM taken 0.99405

Key which was embeded : 8
Result of extraction = 1

Optimal c value for grid = 40
-----------------------------------

Running with c = 40
Rows offset = (73,145)
Columns offset = (219,291)
PSNR taken 55.90171
SSIM taken 0.98628

Key which was embeded : 8
Result of extraction = 1

Optimal c value for grid = 40
-----------------------------------

Running with c = 40
Rows offset = (73,145)
Columns offset = (292,364)
PSNR taken 54.96003
SSIM taken 0.99301

Key which was embeded : 8
Result of extraction = 1

Optimal c value for grid = 40
-----------------------------------

Running with c = 40
Rows offset = (146,218)
Columns offset = (0,72)
PSNR taken 54.73942
SSIM taken 0.99578

Key which was embeded : 8
Result of extraction = 1

Optimal c value for grid = 40
-----------------------------------

Running with c = 40
Rows offset = (146,218)
Columns offset = (73,145)
PSNR taken 54.73606
SSIM taken 0.99521

Key which was embeded : 8
Result of extraction = 1

Optimal c value for grid = 40
-----------------------------------

Running with c = 40
Rows offset = (146,218)
Columns offset = (146,218)
PSNR taken 54.72994
SSIM taken 0.99475

Key which was embeded : 8
Result of extraction = 1

Optimal c value for grid = 40
-----------------------------------

Running with c = 40
Rows offset = (146,218)
Columns offset = (219,291)
PSNR taken 55.01782
SSIM taken 0.99293

Key which was embeded : 8
Result of extraction = 1

Optimal c value for grid = 40
-----------------------------------

Running with c = 40
Rows offset = (146,218)
Columns offset = (292,364)
PSNR taken 55.88546
SSIM taken 0.98993

Key which was embeded : 8
Result of extraction = 1

Optimal c value for grid = 40
-----------------------------------

Running with c = 40
PSNR = 56.69274741269412
SSIM = 0.9857303666501266
[0, 219]
Finished grid movement

Rows offset = (0,72)
Columns offset = (219,291)
Embed key : 8 in Block 10
Running with c = 40
Rows offset = (0,72)
Columns offset = (0,72)
PSNR taken 54.74179
SSIM taken 0.99635

Key which was embeded : 8
Result of extraction = 1

Optimal c value for grid = 40
-----------------------------------

Running with c = 40
Rows offset = (0,72)
Columns offset = (73,145)
PSNR taken 54.94861
SSIM taken 0.99555

Key which was embeded : 8
Result of extraction = 1

Optimal c value for grid = 40
-----------------------------------

Running with c = 40
Rows offset = (0,72)
Columns offset = (146,218)
PSNR taken 55.63831
SSIM taken 0.99274

Key which was embeded : 8
Result of extraction = 1

Optimal c value for grid = 40
-----------------------------------

Running with c = 40
Rows offset = (0,72)
Columns offset = (219,291)
PSNR taken 55.14705
SSIM taken 0.99596

Key which was embeded : 8
Result of extraction = 1

Optimal c value for grid = 40
-----------------------------------

Running with c = 40
Rows offset = (0,72)
Columns offset = (292,364)
PSNR taken 54.76222
SSIM taken 0.99672

Key which was embeded : 8
Result of extraction = 1

Optimal c value for grid = 40
-----------------------------------

Running with c = 40
Rows offset = (73,145)
Columns offset = (0,72)
PSNR taken 54.72836
SSIM taken 0.99608

Key which was embeded : 8
Result of extraction = 1

Optimal c value for grid = 40
-----------------------------------

Running with c = 40
Rows offset = (73,145)
Columns offset = (73,145)
PSNR taken 54.90834
SSIM taken 0.99456

Key which was embeded : 8
Result of extraction = 1

Optimal c value for grid = 40
-----------------------------------

Running with c = 40
Rows offset = (73,145)
Columns offset = (146,218)
PSNR taken 54.76440
SSIM taken 0.99559

Key which was embeded : 8
Result of extraction = 1

Optimal c value for grid = 40
-----------------------------------

Running with c = 40
Rows offset = (73,145)
Columns offset = (219,291)
PSNR taken 54.73982
SSIM taken 0.99637

Key which was embeded : 8
Result of extraction = 1

Optimal c value for grid = 40
-----------------------------------

Running with c = 40
Rows offset = (73,145)
Columns offset = (292,364)
PSNR taken 54.73132
SSIM taken 0.99730

Key which was embeded : 8
Result of extraction = 1

Optimal c value for grid = 40
-----------------------------------

Running with c = 40
Rows offset = (146,218)
Columns offset = (0,72)
PSNR taken 55.37646
SSIM taken 0.99267

Key which was embeded : 8
Result of extraction = 1

Optimal c value for grid = 40
-----------------------------------

Running with c = 40
Rows offset = (146,218)
Columns offset = (73,145)
PSNR taken 55.12063
SSIM taken 0.99453

Key which was embeded : 8
Result of extraction = 1

Optimal c value for grid = 40
-----------------------------------

Running with c = 40
Rows offset = (146,218)
Columns offset = (146,218)
PSNR taken 55.77215
SSIM taken 0.99238

Key which was embeded : 8
Result of extraction = 1

Optimal c value for grid = 40
-----------------------------------

Running with c = 40
Rows offset = (146,218)
Columns offset = (219,291)
PSNR taken 55.33249
SSIM taken 0.99375

Key which was embeded : 8
Result of extraction = 1

Optimal c value for grid = 40
-----------------------------------

Running with c = 40
Rows offset = (146,218)
Columns offset = (292,364)
PSNR taken 55.01235
SSIM taken 0.99491

Key which was embeded : 8
Result of extraction = 1

Optimal c value for grid = 40
-----------------------------------

Running with c = 40
PSNR = 55.77215141247828
SSIM = 0.9923834185243261
[146, 146]
Finished grid movement

Rows offset = (146,218)
Columns offset = (146,218)
Embed key : 12 in Block 11
Running with c = 40
Rows offset = (0,72)
Columns offset = (0,72)
PSNR taken 55.04425
SSIM taken 0.99587

Key which was embeded : 12
Result of extraction = 1

Optimal c value for grid = 40
-----------------------------------

Running with c = 40
Rows offset = (0,72)
Columns offset = (73,145)
PSNR taken 54.86132
SSIM taken 0.99663

Key which was embeded : 12
Result of extraction = 1

Optimal c value for grid = 40
-----------------------------------

Running with c = 40
Rows offset = (0,72)
Columns offset = (146,218)
PSNR taken 54.87007
SSIM taken 0.99604

Key which was embeded : 12
Result of extraction = 1

Optimal c value for grid = 40
-----------------------------------

Running with c = 40
Rows offset = (0,72)
Columns offset = (219,291)
PSNR taken 55.27329
SSIM taken 0.99457

Key which was embeded : 12
Result of extraction = 1

Optimal c value for grid = 40
-----------------------------------

Running with c = 40
Rows offset = (0,72)
Columns offset = (292,364)
PSNR taken 55.17013
SSIM taken 0.99376

Key which was embeded : 12
Result of extraction = 1

Optimal c value for grid = 40
-----------------------------------

Running with c = 40
Rows offset = (73,145)
Columns offset = (0,72)
PSNR taken 54.72974
SSIM taken 0.99628

Key which was embeded : 12
Result of extraction = 1

Optimal c value for grid = 40
-----------------------------------

Running with c = 40
Rows offset = (73,145)
Columns offset = (73,145)
PSNR taken 55.13989
SSIM taken 0.99172

Key which was embeded : 12
Result of extraction = 1

Optimal c value for grid = 40
-----------------------------------

Running with c = 40
Rows offset = (73,145)
Columns offset = (146,218)
PSNR taken 56.14070
SSIM taken 0.98606

Key which was embeded : 12
Result of extraction = 1

Optimal c value for grid = 40
-----------------------------------

Running with c = 40
Rows offset = (73,145)
Columns offset = (219,291)
PSNR taken 55.54521
SSIM taken 0.99010

Key which was embeded : 12
Result of extraction = 1

Optimal c value for grid = 40
-----------------------------------

Running with c = 40
Rows offset = (73,145)
Columns offset = (292,364)
PSNR taken 55.75963
SSIM taken 0.99073

Key which was embeded : 12
Result of extraction = 1

Optimal c value for grid = 40
-----------------------------------

Running with c = 40
Rows offset = (146,218)
Columns offset = (0,72)
PSNR taken 55.00477
SSIM taken 0.99584

Key which was embeded : 12
Result of extraction = 1

Optimal c value for grid = 40
-----------------------------------

Running with c = 40
Rows offset = (146,218)
Columns offset = (73,145)
PSNR taken 56.31163
SSIM taken 0.98634

Key which was embeded : 12
Result of extraction = 1

Optimal c value for grid = 40
-----------------------------------

Running with c = 40
Rows offset = (146,218)
Columns offset = (146,218)
PSNR taken 56.04779
SSIM taken 0.98353

Key which was embeded : 12
Result of extraction = 1

Optimal c value for grid = 40
-----------------------------------

Running with c = 40
Rows offset = (146,218)
Columns offset = (219,291)
PSNR taken 56.14261
SSIM taken 0.98558

Key which was embeded : 12
Result of extraction = 1

Optimal c value for grid = 40
-----------------------------------

Running with c = 40
Rows offset = (146,218)
Columns offset = (292,364)
PSNR taken 56.05073
SSIM taken 0.98552

Key which was embeded : 12
Result of extraction = 1

Optimal c value for grid = 40
-----------------------------------

Running with c = 40
PSNR = 56.31163395234489
SSIM = 0.9863412120887062
[146, 73]
Finished grid movement

Rows offset = (146,218)
Columns offset = (73,145)
Embed key : 13 in Block 12
Running with c = 40
Rows offset = (0,72)
Columns offset = (0,72)
PSNR taken 54.79153
SSIM taken 0.99639

Key which was embeded : 13
Result of extraction = 1

Optimal c value for grid = 40
-----------------------------------

Running with c = 40
Rows offset = (0,72)
Columns offset = (73,145)
PSNR taken 54.84468
SSIM taken 0.99649

Key which was embeded : 13
Result of extraction = 1

Optimal c value for grid = 40
-----------------------------------

Running with c = 40
Rows offset = (0,72)
Columns offset = (146,218)
PSNR taken 54.89725
SSIM taken 0.99639

Key which was embeded : 13
Result of extraction = 1

Optimal c value for grid = 40
-----------------------------------

Running with c = 40
Rows offset = (0,72)
Columns offset = (219,291)
PSNR taken 54.71930
SSIM taken 0.99627

Key which was embeded : 13
Result of extraction = 1

Optimal c value for grid = 40
-----------------------------------

Running with c = 40
Rows offset = (0,72)
Columns offset = (292,364)
PSNR taken 54.74833
SSIM taken 0.99566

Key which was embeded : 13
Result of extraction = 1

Optimal c value for grid = 40
-----------------------------------

Running with c = 40
Rows offset = (73,145)
Columns offset = (0,72)
PSNR taken 56.75393
SSIM taken 0.98604

Key which was embeded : 13
Result of extraction = 1

Optimal c value for grid = 40
-----------------------------------

Running with c = 40
Rows offset = (73,145)
Columns offset = (73,145)
PSNR taken 57.01269
SSIM taken 0.98528

Key which was embeded : 13
Result of extraction = 1

Optimal c value for grid = 40
-----------------------------------

Running with c = 40
Rows offset = (73,145)
Columns offset = (146,218)
PSNR taken 56.13688
SSIM taken 0.98910

Key which was embeded : 13
Result of extraction = 1

Optimal c value for grid = 40
-----------------------------------

Running with c = 40
Rows offset = (73,145)
Columns offset = (219,291)
PSNR taken 54.86457
SSIM taken 0.99612

Key which was embeded : 13
Result of extraction = 1

Optimal c value for grid = 40
-----------------------------------

Running with c = 40
Rows offset = (73,145)
Columns offset = (292,364)
PSNR taken 54.73744
SSIM taken 0.99641

Key which was embeded : 13
Result of extraction = 1

Optimal c value for grid = 40
-----------------------------------

Running with c = 40
Rows offset = (146,218)
Columns offset = (0,72)
PSNR taken 55.76488
SSIM taken 0.99262

Key which was embeded : 13
Result of extraction = 1

Optimal c value for grid = 40
-----------------------------------

Running with c = 40
Rows offset = (146,218)
Columns offset = (73,145)
PSNR taken 54.97378
SSIM taken 0.99460

Key which was embeded : 13
Result of extraction = 1

Optimal c value for grid = 40
-----------------------------------

Running with c = 40
Rows offset = (146,218)
Columns offset = (146,218)
PSNR taken 54.78393
SSIM taken 0.99759

Key which was embeded : 13
Result of extraction = 1

Optimal c value for grid = 40
-----------------------------------

Running with c = 40
Rows offset = (146,218)
Columns offset = (219,291)
PSNR taken 54.74219
SSIM taken 0.99766

Key which was embeded : 13
Result of extraction = 1

Optimal c value for grid = 40
-----------------------------------

Running with c = 40
Rows offset = (146,218)
Columns offset = (292,364)
PSNR taken 54.72856
SSIM taken 0.99688

Key which was embeded : 13
Result of extraction = 1

Optimal c value for grid = 40
-----------------------------------

Running with c = 40
PSNR = 57.01268704109932
SSIM = 0.9852835193466829
[73, 73]
Finished grid movement

Rows offset = (73,145)
Columns offset = (73,145)
Embed key : 9 in Block 13
Running with c = 40
Rows offset = (0,72)
Columns offset = (0,72)
PSNR taken 54.78633
SSIM taken 0.99351

Key which was embeded : 9
Result of extraction = 1

Optimal c value for grid = 40
-----------------------------------

Running with c = 40
Rows offset = (0,72)
Columns offset = (73,145)
PSNR taken 54.72836
SSIM taken 0.99324

Key which was embeded : 9
Result of extraction = 1

Optimal c value for grid = 40
-----------------------------------

Running with c = 40
Rows offset = (0,72)
Columns offset = (146,218)
PSNR taken 54.77994
SSIM taken 0.99279

Key which was embeded : 9
Result of extraction = 1

Optimal c value for grid = 40
-----------------------------------

Running with c = 40
Rows offset = (0,72)
Columns offset = (219,291)
PSNR taken 54.91760
SSIM taken 0.99105

Key which was embeded : 9
Result of extraction = 1

Optimal c value for grid = 40
-----------------------------------

Running with c = 40
Rows offset = (0,72)
Columns offset = (292,364)
PSNR taken 55.13144
SSIM taken 0.99246

Key which was embeded : 9
Result of extraction = 1

Optimal c value for grid = 40
-----------------------------------

Running with c = 40
Rows offset = (73,145)
Columns offset = (0,72)
PSNR taken 54.74199
SSIM taken 0.99312

Key which was embeded : 9
Result of extraction = 1

Optimal c value for grid = 40
-----------------------------------

Running with c = 40
Rows offset = (73,145)
Columns offset = (73,145)
PSNR taken 54.78713
SSIM taken 0.99339

Key which was embeded : 9
Result of extraction = 1

Optimal c value for grid = 40
-----------------------------------

Running with c = 40
Rows offset = (73,145)
Columns offset = (146,218)
PSNR taken 54.78653
SSIM taken 0.99224

Key which was embeded : 9
Result of extraction = 1

Optimal c value for grid = 40
-----------------------------------

Running with c = 40
Rows offset = (73,145)
Columns offset = (219,291)
PSNR taken 54.73448
SSIM taken 0.99179

Key which was embeded : 9
Result of extraction = 1

Optimal c value for grid = 40
-----------------------------------

Running with c = 40
Rows offset = (73,145)
Columns offset = (292,364)
PSNR taken 54.95546
SSIM taken 0.99177

Key which was embeded : 9
Result of extraction = 1

Optimal c value for grid = 40
-----------------------------------

Running with c = 40
Rows offset = (146,218)
Columns offset = (0,72)
PSNR taken 54.77575
SSIM taken 0.99190

Key which was embeded : 9
Result of extraction = 1

Optimal c value for grid = 40
-----------------------------------

Running with c = 40
Rows offset = (146,218)
Columns offset = (73,145)
PSNR taken 54.79774
SSIM taken 0.99124

Key which was embeded : 9
Result of extraction = 1

Optimal c value for grid = 40
-----------------------------------

Running with c = 40
Rows offset = (146,218)
Columns offset = (146,218)
PSNR taken 54.84326
SSIM taken 0.99113

Key which was embeded : 9
Result of extraction = 1

Optimal c value for grid = 40
-----------------------------------

Running with c = 40
Rows offset = (146,218)
Columns offset = (219,291)
PSNR taken 54.72521
SSIM taken 0.99159

Key which was embeded : 9
Result of extraction = 1

Optimal c value for grid = 40
-----------------------------------

Running with c = 40
Rows offset = (146,218)
Columns offset = (292,364)
PSNR taken 54.78134
SSIM taken 0.99158

Key which was embeded : 9
Result of extraction = 1

Optimal c value for grid = 40
-----------------------------------

Running with c = 40
PSNR = 55.13143865619132
SSIM = 0.9924634013481156
[0, 292]
Finished grid movement

Rows offset = (0,72)
Columns offset = (292,364)
Embed key : 10 in Block 14
Running with c = 40
Rows offset = (0,72)
Columns offset = (0,72)
PSNR taken 54.79754
SSIM taken 0.99279

Key which was embeded : 10
Result of extraction = 1

Optimal c value for grid = 40
-----------------------------------

Running with c = 40
Rows offset = (0,72)
Columns offset = (73,145)
PSNR taken 54.74338
SSIM taken 0.99224

Key which was embeded : 10
Result of extraction = 1

Optimal c value for grid = 40
-----------------------------------

Running with c = 40
Rows offset = (0,72)
Columns offset = (146,218)
PSNR taken 54.73448
SSIM taken 0.99200

Key which was embeded : 10
Result of extraction = 1

Optimal c value for grid = 40
-----------------------------------

Running with c = 40
Rows offset = (0,72)
Columns offset = (219,291)
PSNR taken 54.73192
SSIM taken 0.99238

Key which was embeded : 10
Result of extraction = 1

Optimal c value for grid = 40
-----------------------------------

Running with c = 40
Rows offset = (0,72)
Columns offset = (292,364)
PSNR taken 54.72758
SSIM taken 0.99302

Key which was embeded : 10
Result of extraction = 1

Optimal c value for grid = 40
-----------------------------------

Running with c = 40
Rows offset = (73,145)
Columns offset = (0,72)
PSNR taken 54.72639
SSIM taken 0.99206

Key which was embeded : 10
Result of extraction = 1

Optimal c value for grid = 40
-----------------------------------

Running with c = 40
Rows offset = (73,145)
Columns offset = (73,145)
PSNR taken 54.71635
SSIM taken 0.99157

Key which was embeded : 10
Result of extraction = 1

Optimal c value for grid = 40
-----------------------------------

Running with c = 40
Rows offset = (73,145)
Columns offset = (146,218)
PSNR taken 54.83093
SSIM taken 0.99183

Key which was embeded : 10
Result of extraction = 1

Optimal c value for grid = 40
-----------------------------------

Running with c = 40
Rows offset = (73,145)
Columns offset = (219,291)
PSNR taken 54.72285
SSIM taken 0.99217

Key which was embeded : 10
Result of extraction = 1

Optimal c value for grid = 40
-----------------------------------

Running with c = 40
Rows offset = (73,145)
Columns offset = (292,364)
PSNR taken 54.72226
SSIM taken 0.99270

Key which was embeded : 10
Result of extraction = 1

Optimal c value for grid = 40
-----------------------------------

Running with c = 40
Rows offset = (146,218)
Columns offset = (0,72)
PSNR taken 54.76918
SSIM taken 0.99324

Key which was embeded : 10
Result of extraction = 1

Optimal c value for grid = 40
-----------------------------------

Running with c = 40
Rows offset = (146,218)
Columns offset = (73,145)
PSNR taken 54.72186
SSIM taken 0.99133

Key which was embeded : 10
Result of extraction = 1

Optimal c value for grid = 40
-----------------------------------

Running with c = 40
Rows offset = (146,218)
Columns offset = (146,218)
PSNR taken 54.73132
SSIM taken 0.99047

Key which was embeded : 10
Result of extraction = 1

Optimal c value for grid = 40
-----------------------------------

Running with c = 40
Rows offset = (146,218)
Columns offset = (219,291)
PSNR taken 54.74219
SSIM taken 0.99054

Key which was embeded : 10
Result of extraction = 1

Optimal c value for grid = 40
-----------------------------------

Running with c = 40
Rows offset = (146,218)
Columns offset = (292,364)
PSNR taken 54.76739
SSIM taken 0.99161

Key which was embeded : 10
Result of extraction = 1

Optimal c value for grid = 40
-----------------------------------

Running with c = 40
PSNR = 54.83092656989547
SSIM = 0.9918321997983212
[73, 146]
Finished grid movement

Rows offset = (73,145)
Columns offset = (146,218)
Embed key : 14 in Block 15
Running with c = 40
Rows offset = (0,72)
Columns offset = (0,72)
PSNR taken 54.73349
SSIM taken 0.99613

Key which was embeded : 14
Result of extraction = 1

Optimal c value for grid = 40
-----------------------------------

Running with c = 40
Rows offset = (0,72)
Columns offset = (73,145)
PSNR taken 54.73824
SSIM taken 0.99485

Key which was embeded : 14
Result of extraction = 1

Optimal c value for grid = 40
-----------------------------------

Running with c = 40
Rows offset = (0,72)
Columns offset = (146,218)
PSNR taken 54.72107
SSIM taken 0.99602

Key which was embeded : 14
Result of extraction = 1

Optimal c value for grid = 40
-----------------------------------

Running with c = 40
Rows offset = (0,72)
Columns offset = (219,291)
PSNR taken 54.72482
SSIM taken 0.99346

Key which was embeded : 14
Result of extraction = 1

Optimal c value for grid = 40
-----------------------------------

Running with c = 40
Rows offset = (0,72)
Columns offset = (292,364)
PSNR taken 54.72245
SSIM taken 0.99327

Key which was embeded : 14
Result of extraction = 1

Optimal c value for grid = 40
-----------------------------------

Running with c = 40
Rows offset = (73,145)
Columns offset = (0,72)
PSNR taken 54.79954
SSIM taken 0.99382

Key which was embeded : 14
Result of extraction = 1

Optimal c value for grid = 40
-----------------------------------

Running with c = 40
Rows offset = (73,145)
Columns offset = (73,145)
PSNR taken 54.72659
SSIM taken 0.99387

Key which was embeded : 14
Result of extraction = 1

Optimal c value for grid = 40
-----------------------------------

Running with c = 40
Rows offset = (73,145)
Columns offset = (146,218)
PSNR taken 54.71871
SSIM taken 0.99324

Key which was embeded : 14
Result of extraction = 1

Optimal c value for grid = 40
-----------------------------------

Running with c = 40
Rows offset = (73,145)
Columns offset = (219,291)
PSNR taken 54.80636
SSIM taken 0.99217

Key which was embeded : 14
Result of extraction = 1

Optimal c value for grid = 40
-----------------------------------

Running with c = 40
Rows offset = (73,145)
Columns offset = (292,364)
PSNR taken 54.73527
SSIM taken 0.99244

Key which was embeded : 14
Result of extraction = 1

Optimal c value for grid = 40
-----------------------------------

Running with c = 40
Rows offset = (146,218)
Columns offset = (0,72)
PSNR taken 54.81883
SSIM taken 0.99298

Key which was embeded : 14
Result of extraction = 1

Optimal c value for grid = 40
-----------------------------------

Running with c = 40
Rows offset = (146,218)
Columns offset = (73,145)
PSNR taken 54.73409
SSIM taken 0.99284

Key which was embeded : 14
Result of extraction = 1

Optimal c value for grid = 40
-----------------------------------

Running with c = 40
Rows offset = (146,218)
Columns offset = (146,218)
PSNR taken 54.71950
SSIM taken 0.99277

Key which was embeded : 14
Result of extraction = 1

Optimal c value for grid = 40
-----------------------------------

Running with c = 40
Rows offset = (146,218)
Columns offset = (219,291)
PSNR taken 54.79013
SSIM taken 0.99303

Key which was embeded : 14
Result of extraction = 1

Optimal c value for grid = 40
-----------------------------------

Running with c = 40
Rows offset = (146,218)
Columns offset = (292,364)
PSNR taken 54.78673
SSIM taken 0.99228

Key which was embeded : 14
Result of extraction = 1

Optimal c value for grid = 40
-----------------------------------

Running with c = 40
PSNR = 54.8188286610954
SSIM = 0.9929828251795473
[146, 0]
Finished grid movement

Rows offset = (146,218)
Columns offset = (0,72)
Embed key : 11 in Block 16
Running with c = 40
Rows offset = (0,72)
Columns offset = (0,72)
PSNR taken 54.72955
SSIM taken 0.99438

Key which was embeded : 11
Result of extraction = 1

Optimal c value for grid = 40
-----------------------------------

Running with c = 40
Rows offset = (0,72)
Columns offset = (73,145)
PSNR taken 54.74575
SSIM taken 0.99441

Key which was embeded : 11
Result of extraction = 1

Optimal c value for grid = 40
-----------------------------------

Running with c = 40
Rows offset = (0,72)
Columns offset = (146,218)
PSNR taken 54.72009
SSIM taken 0.99501

Key which was embeded : 11
Result of extraction = 1

Optimal c value for grid = 40
-----------------------------------

Running with c = 40
Rows offset = (0,72)
Columns offset = (219,291)
PSNR taken 54.73014
SSIM taken 0.99517

Key which was embeded : 11
Result of extraction = 1

Optimal c value for grid = 40
-----------------------------------

Running with c = 40
Rows offset = (0,72)
Columns offset = (292,364)
PSNR taken 54.77256
SSIM taken 0.99506

Key which was embeded : 11
Result of extraction = 1

Optimal c value for grid = 40
-----------------------------------

Running with c = 40
Rows offset = (73,145)
Columns offset = (0,72)
PSNR taken 54.73093
SSIM taken 0.99426

Key which was embeded : 11
Result of extraction = 1

Optimal c value for grid = 40
-----------------------------------

Running with c = 40
Rows offset = (73,145)
Columns offset = (73,145)
PSNR taken 54.71615
SSIM taken 0.99440

Key which was embeded : 11
Result of extraction = 1

Optimal c value for grid = 40
-----------------------------------

Running with c = 40
Rows offset = (73,145)
Columns offset = (146,218)
PSNR taken 54.72541
SSIM taken 0.99489

Key which was embeded : 11
Result of extraction = 1

Optimal c value for grid = 40
-----------------------------------

Running with c = 40
Rows offset = (73,145)
Columns offset = (219,291)
PSNR taken 54.73409
SSIM taken 0.99564

Key which was embeded : 11
Result of extraction = 1

Optimal c value for grid = 40
-----------------------------------

Running with c = 40
Rows offset = (73,145)
Columns offset = (292,364)
PSNR taken 54.73626
SSIM taken 0.99516

Key which was embeded : 11
Result of extraction = 1

Optimal c value for grid = 40
-----------------------------------

Running with c = 40
Rows offset = (146,218)
Columns offset = (0,72)
PSNR taken 54.74476
SSIM taken 0.99541

Key which was embeded : 11
Result of extraction = 1

Optimal c value for grid = 40
-----------------------------------

Running with c = 40
Rows offset = (146,218)
Columns offset = (73,145)
PSNR taken 54.72265
SSIM taken 0.99532

Key which was embeded : 11
Result of extraction = 1

Optimal c value for grid = 40
-----------------------------------

Running with c = 40
Rows offset = (146,218)
Columns offset = (146,218)
PSNR taken 54.78533
SSIM taken 0.99576

Key which was embeded : 11
Result of extraction = 1

Optimal c value for grid = 40
-----------------------------------

Running with c = 40
Rows offset = (146,218)
Columns offset = (219,291)
PSNR taken 54.78773
SSIM taken 0.99556

Key which was embeded : 11
Result of extraction = 1

Optimal c value for grid = 40
-----------------------------------

Running with c = 40
Rows offset = (146,218)
Columns offset = (292,364)
PSNR taken 54.73962
SSIM taken 0.99574

Key which was embeded : 11
Result of extraction = 1

Optimal c value for grid = 40
-----------------------------------

Running with c = 40
PSNR = 54.78773082434597
SSIM = 0.9955593939105353
[146, 219]
Finished grid movement

Rows offset = (146,218)
Columns offset = (219,291)
PSNR taken 55.34591
SSIM taken 0.99585

Total positions checked for each block : 15
Key which was embeded : 8
Complete Extraction in block 1

Key which was embeded : 10
Complete Extraction in block 2

Key which was embeded : 10
Complete Extraction in block 3

Key which was embeded : 13
Complete Extraction in block 4

Key which was embeded : 14
Complete Extraction in block 5

Key which was embeded : 12
Complete Extraction in block 6

Key which was embeded : 11
Complete Extraction in block 7

Key which was embeded : 10
Complete Extraction in block 8

Key which was embeded : 8
Complete Extraction in block 9

Key which was embeded : 8
Complete Extraction in block 10

Key which was embeded : 12
Complete Extraction in block 11

Key which was embeded : 13
Complete Extraction in block 12

Key which was embeded : 9
Complete Extraction in block 13

Key which was embeded : 10
Complete Extraction in block 14

Key which was embeded : 14
Complete Extraction in block 15

Key which was embeded : 11
Complete Extraction in block 16

Extraction percentage = 100.0%

Elapsed time = 0.678 mins
Elapsed time = 40.699 seconds

