Embed key : 9 in Block 1
Running with c = 1
Rows offset = (0,144)
Columns offset = (0,144)
PSNR taken 68.79222
SSIM taken 0.99938

Key which was embeded : 9
Result of extraction = 1

Optimal c value for grid = 1
-----------------------------------

Running with c = 1
Rows offset = (0,144)
Columns offset = (150,294)
PSNR taken 69.82164
SSIM taken 0.99970

Key which was embeded : 9
Result of extraction = 1

Optimal c value for grid = 1
-----------------------------------

Running with c = 1
Rows offset = (0,144)
Columns offset = (300,444)
PSNR taken 70.91018
SSIM taken 0.99981

Key which was embeded : 9
Result of extraction = 1

Optimal c value for grid = 1
-----------------------------------

Running with c = 1
Rows offset = (0,144)
Columns offset = (450,594)
PSNR taken 71.51344
SSIM taken 0.99984

Key which was embeded : 9
Result of extraction = 1

Optimal c value for grid = 1
-----------------------------------

Running with c = 1
Rows offset = (0,144)
Columns offset = (600,744)
PSNR taken 71.96870
SSIM taken 0.99991

Key which was embeded : 9
Result of extraction = 1

Optimal c value for grid = 1
-----------------------------------

Running with c = 1
Rows offset = (150,294)
Columns offset = (0,144)
PSNR taken 73.13336
SSIM taken 0.99998

Key which was embeded : 9
Result of extraction = 1

Optimal c value for grid = 1
-----------------------------------

Running with c = 1
Rows offset = (150,294)
Columns offset = (150,294)
PSNR taken 73.44644
SSIM taken 0.99997

Key which was embeded : 9
Result of extraction = 1

Optimal c value for grid = 1
-----------------------------------

Running with c = 1
Rows offset = (150,294)
Columns offset = (300,444)
PSNR taken 73.60438
SSIM taken 0.99997

Key which was embeded : 9
Result of extraction = 1

Optimal c value for grid = 1
-----------------------------------

Running with c = 1
Rows offset = (150,294)
Columns offset = (450,594)
PSNR taken 73.60813
SSIM taken 0.99997

Key which was embeded : 9
Result of extraction = 1

Optimal c value for grid = 1
-----------------------------------

Running with c = 1
Rows offset = (150,294)
Columns offset = (600,744)
PSNR taken 73.57456
SSIM taken 0.99998

Key which was embeded : 9
Result of extraction = 1

Optimal c value for grid = 1
-----------------------------------

Running with c = 1
Rows offset = (300,444)
Columns offset = (0,144)
PSNR taken 73.62313
SSIM taken 0.99998

Key which was embeded : 9
Result of extraction = 1

Optimal c value for grid = 1
-----------------------------------

Running with c = 1
Rows offset = (300,444)
Columns offset = (150,294)
PSNR taken 73.60065
SSIM taken 0.99997

Key which was embeded : 9
Result of extraction = 1

Optimal c value for grid = 1
-----------------------------------

Running with c = 1
Rows offset = (300,444)
Columns offset = (300,444)
PSNR taken 73.61187
SSIM taken 0.99997

Key which was embeded : 9
Result of extraction = 1

Optimal c value for grid = 1
-----------------------------------

Running with c = 1
Rows offset = (300,444)
Columns offset = (450,594)
PSNR taken 73.38911
SSIM taken 0.99998

Key which was embeded : 9
Result of extraction = 1

Optimal c value for grid = 1
-----------------------------------

Running with c = 1
Rows offset = (300,444)
Columns offset = (600,744)
PSNR taken 73.46451
SSIM taken 0.99998

Key which was embeded : 9
Result of extraction = 1

Optimal c value for grid = 1
-----------------------------------

Running with c = 1
PSNR = 73.62312795326511
SSIM = 0.9999763044264803
[300, 0]
Finished grid movement

Rows offset = (300,444)
Columns offset = (0,144)
Embed key : 9 in Block 2
Running with c = 1
Rows offset = (0,144)
Columns offset = (0,144)
PSNR taken 73.63065
SSIM taken 0.99997

Key which was embeded : 9
Result of extraction = 1

Optimal c value for grid = 1
-----------------------------------

Running with c = 1
Rows offset = (0,144)
Columns offset = (150,294)
PSNR taken 73.31499
SSIM taken 0.99998

Key which was embeded : 9
Result of extraction = 1

Optimal c value for grid = 1
-----------------------------------

Running with c = 1
Rows offset = (0,144)
Columns offset = (300,444)
PSNR taken 73.61562
SSIM taken 0.99998

Key which was embeded : 9
Result of extraction = 1

Optimal c value for grid = 1
-----------------------------------

Running with c = 1
Rows offset = (0,144)
Columns offset = (450,594)
PSNR taken 73.59318
SSIM taken 0.99997

Key which was embeded : 9
Result of extraction = 1

Optimal c value for grid = 1
-----------------------------------

Running with c = 1
Rows offset = (0,144)
Columns offset = (600,744)
PSNR taken 73.45005
SSIM taken 0.99998

Key which was embeded : 9
Result of extraction = 1

Optimal c value for grid = 1
-----------------------------------

Running with c = 1
Rows offset = (150,294)
Columns offset = (0,144)
PSNR taken 73.60065
SSIM taken 0.99998

Key which was embeded : 9
Result of extraction = 1

Optimal c value for grid = 1
-----------------------------------

Running with c = 1
Rows offset = (150,294)
Columns offset = (150,294)
PSNR taken 73.63818
SSIM taken 0.99998

Key which was embeded : 9
Result of extraction = 1

Optimal c value for grid = 1
-----------------------------------

Running with c = 1
Rows offset = (150,294)
Columns offset = (300,444)
PSNR taken 73.63818
SSIM taken 0.99997

Key which was embeded : 9
Result of extraction = 1

Optimal c value for grid = 1
-----------------------------------

Running with c = 1
Rows offset = (150,294)
Columns offset = (450,594)
PSNR taken 73.63441
SSIM taken 0.99997

Key which was embeded : 9
Result of extraction = 1

Optimal c value for grid = 1
-----------------------------------

Running with c = 1
Rows offset = (150,294)
Columns offset = (600,744)
PSNR taken 73.43563
SSIM taken 0.99998

Key which was embeded : 9
Result of extraction = 1

Optimal c value for grid = 1
-----------------------------------

Running with c = 1
Rows offset = (300,444)
Columns offset = (0,144)
PSNR taken 73.51186
SSIM taken 0.99998

Key which was embeded : 9
Result of extraction = 1

Optimal c value for grid = 1
-----------------------------------

Running with c = 1
Rows offset = (300,444)
Columns offset = (150,294)
PSNR taken 73.63818
SSIM taken 0.99997

Key which was embeded : 9
Result of extraction = 1

Optimal c value for grid = 1
-----------------------------------

Running with c = 1
Rows offset = (300,444)
Columns offset = (300,444)
PSNR taken 73.63818
SSIM taken 0.99997

Key which was embeded : 9
Result of extraction = 1

Optimal c value for grid = 1
-----------------------------------

Running with c = 1
Rows offset = (300,444)
Columns offset = (450,594)
PSNR taken 73.63818
SSIM taken 0.99997

Key which was embeded : 9
Result of extraction = 1

Optimal c value for grid = 1
-----------------------------------

Running with c = 1
Rows offset = (300,444)
Columns offset = (600,744)
PSNR taken 73.49724
SSIM taken 0.99998

Key which was embeded : 9
Result of extraction = 1

Optimal c value for grid = 1
-----------------------------------

Running with c = 1
PSNR = 73.63818150323827
SSIM = 0.999975803660499
[150, 150]
Finished grid movement

Rows offset = (150,294)
Columns offset = (150,294)
Embed key : 10 in Block 3
Running with c = 1
Rows offset = (0,144)
Columns offset = (0,144)
PSNR taken 72.29925
SSIM taken 0.99997

Key which was embeded : 10
Result of extraction = 1

Optimal c value for grid = 1
-----------------------------------

Running with c = 1
Rows offset = (0,144)
Columns offset = (150,294)
PSNR taken 73.36780
SSIM taken 0.99998

Key which was embeded : 10
Result of extraction = 1

Optimal c value for grid = 1
-----------------------------------

Running with c = 1
Rows offset = (0,144)
Columns offset = (300,444)
PSNR taken 71.32350
SSIM taken 0.99991

Key which was embeded : 10
Result of extraction = 1

Optimal c value for grid = 1
-----------------------------------

Running with c = 1
Rows offset = (0,144)
Columns offset = (450,594)
PSNR taken 70.30119
SSIM taken 0.99979

Key which was embeded : 10
Result of extraction = 1

Optimal c value for grid = 1
-----------------------------------

Running with c = 1
Rows offset = (0,144)
Columns offset = (600,744)
PSNR taken 70.43975
SSIM taken 0.99994

Key which was embeded : 10
Result of extraction = 1

Optimal c value for grid = 1
-----------------------------------

Running with c = 1
Rows offset = (150,294)
Columns offset = (0,144)
PSNR taken 73.63818
SSIM taken 0.99998

Key which was embeded : 10
Result of extraction = 1

Optimal c value for grid = 1
-----------------------------------

Running with c = 1
Rows offset = (150,294)
Columns offset = (150,294)
PSNR taken 73.63818
SSIM taken 0.99997

Key which was embeded : 10
Result of extraction = 1

Optimal c value for grid = 1
-----------------------------------

Running with c = 1
Rows offset = (150,294)
Columns offset = (300,444)
PSNR taken 73.63065
SSIM taken 0.99997

Key which was embeded : 10
Result of extraction = 1

Optimal c value for grid = 1
-----------------------------------

Running with c = 1
Rows offset = (150,294)
Columns offset = (450,594)
PSNR taken 73.61562
SSIM taken 0.99998

Key which was embeded : 10
Result of extraction = 1

Optimal c value for grid = 1
-----------------------------------

Running with c = 1
Rows offset = (150,294)
Columns offset = (600,744)
PSNR taken 73.47176
SSIM taken 0.99998

Key which was embeded : 10
Result of extraction = 1

Optimal c value for grid = 1
-----------------------------------

Running with c = 1
Rows offset = (300,444)
Columns offset = (0,144)
PSNR taken 72.67210
SSIM taken 0.99998

Key which was embeded : 10
Result of extraction = 1

Optimal c value for grid = 1
-----------------------------------

Running with c = 1
Rows offset = (300,444)
Columns offset = (150,294)
PSNR taken 73.63818
SSIM taken 0.99998

Key which was embeded : 10
Result of extraction = 1

Optimal c value for grid = 1
-----------------------------------

Running with c = 1
Rows offset = (300,444)
Columns offset = (300,444)
PSNR taken 73.63818
SSIM taken 0.99997

Key which was embeded : 10
Result of extraction = 1

Optimal c value for grid = 1
-----------------------------------

Running with c = 1
Rows offset = (300,444)
Columns offset = (450,594)
PSNR taken 73.63818
SSIM taken 0.99997

Key which was embeded : 10
Result of extraction = 1

Optimal c value for grid = 1
-----------------------------------

Running with c = 1
Rows offset = (300,444)
Columns offset = (600,744)
PSNR taken 73.63818
SSIM taken 0.99997

Key which was embeded : 10
Result of extraction = 1

Optimal c value for grid = 1
-----------------------------------

Running with c = 1
PSNR = 73.63818150323827
SSIM = 0.9999753950376348
[150, 0]
Finished grid movement

Rows offset = (150,294)
Columns offset = (0,144)
Embed key : 10 in Block 4
Running with c = 1
Rows offset = (0,144)
Columns offset = (0,144)
PSNR taken 73.63818
SSIM taken 0.99997

Key which was embeded : 10
Result of extraction = 1

Optimal c value for grid = 1
-----------------------------------

Running with c = 1
Rows offset = (0,144)
Columns offset = (150,294)
PSNR taken 73.63818
SSIM taken 0.99997

Key which was embeded : 10
Result of extraction = 1

Optimal c value for grid = 1
-----------------------------------

Running with c = 1
Rows offset = (0,144)
Columns offset = (300,444)
PSNR taken 73.63065
SSIM taken 0.99998

Key which was embeded : 10
Result of extraction = 1

Optimal c value for grid = 1
-----------------------------------

Running with c = 1
Rows offset = (0,144)
Columns offset = (450,594)
PSNR taken 73.13672
SSIM taken 0.99998

Key which was embeded : 10
Result of extraction = 1

Optimal c value for grid = 1
-----------------------------------

Running with c = 1
Rows offset = (0,144)
Columns offset = (600,744)
PSNR taken 73.03055
SSIM taken 0.99998

Key which was embeded : 10
Result of extraction = 1

Optimal c value for grid = 1
-----------------------------------

Running with c = 1
Rows offset = (150,294)
Columns offset = (0,144)
PSNR taken 73.63818
SSIM taken 0.99997

Key which was embeded : 10
Result of extraction = 1

Optimal c value for grid = 1
-----------------------------------

Running with c = 1
Rows offset = (150,294)
Columns offset = (150,294)
PSNR taken 73.63818
SSIM taken 0.99997

Key which was embeded : 10
Result of extraction = 1

Optimal c value for grid = 1
-----------------------------------

Running with c = 1
Rows offset = (150,294)
Columns offset = (300,444)
PSNR taken 73.61562
SSIM taken 0.99998

Key which was embeded : 10
Result of extraction = 1

Optimal c value for grid = 1
-----------------------------------

Running with c = 1
Rows offset = (150,294)
Columns offset = (450,594)
PSNR taken 73.57085
SSIM taken 0.99998

Key which was embeded : 10
Result of extraction = 1

Optimal c value for grid = 1
-----------------------------------

Running with c = 1
Rows offset = (150,294)
Columns offset = (600,744)
PSNR taken 73.55233
SSIM taken 0.99998

Key which was embeded : 10
Result of extraction = 1

Optimal c value for grid = 1
-----------------------------------

Running with c = 1
Rows offset = (300,444)
Columns offset = (0,144)
PSNR taken 73.63818
SSIM taken 0.99996

Key which was embeded : 10
Result of extraction = 1

Optimal c value for grid = 1
-----------------------------------

Running with c = 1
Rows offset = (300,444)
Columns offset = (150,294)
PSNR taken 73.63818
SSIM taken 0.99997

Key which was embeded : 10
Result of extraction = 1

Optimal c value for grid = 1
-----------------------------------

Running with c = 1
Rows offset = (300,444)
Columns offset = (300,444)
PSNR taken 73.63818
SSIM taken 0.99998

Key which was embeded : 10
Result of extraction = 1

Optimal c value for grid = 1
-----------------------------------

Running with c = 1
Rows offset = (300,444)
Columns offset = (450,594)
PSNR taken 73.61562
SSIM taken 0.99998

Key which was embeded : 10
Result of extraction = 1

Optimal c value for grid = 1
-----------------------------------

Running with c = 1
Rows offset = (300,444)
Columns offset = (600,744)
PSNR taken 73.30450
SSIM taken 0.99998

Key which was embeded : 10
Result of extraction = 1

Optimal c value for grid = 1
-----------------------------------

Running with c = 1
PSNR = 73.63818150323827
SSIM = 0.9999679979548524
[0, 0]
Finished grid movement

Rows offset = (0,144)
Columns offset = (0,144)
Embed key : 11 in Block 5
Running with c = 1
Rows offset = (0,144)
Columns offset = (0,144)
PSNR taken 73.63818
SSIM taken 0.99998

Key which was embeded : 11
Result of extraction = 1

Optimal c value for grid = 1
-----------------------------------

Running with c = 1
Rows offset = (0,144)
Columns offset = (150,294)
PSNR taken 73.63818
SSIM taken 0.99998

Key which was embeded : 11
Result of extraction = 1

Optimal c value for grid = 1
-----------------------------------

Running with c = 1
Rows offset = (0,144)
Columns offset = (300,444)
PSNR taken 73.63818
SSIM taken 0.99997

Key which was embeded : 11
Result of extraction = 1

Optimal c value for grid = 1
-----------------------------------

Running with c = 1
Rows offset = (0,144)
Columns offset = (450,594)
PSNR taken 73.63818
SSIM taken 0.99998

Key which was embeded : 11
Result of extraction = 1

Optimal c value for grid = 1
-----------------------------------

Running with c = 1
Rows offset = (0,144)
Columns offset = (600,744)
PSNR taken 73.52653
SSIM taken 0.99998

Key which was embeded : 11
Result of extraction = 1

Optimal c value for grid = 1
-----------------------------------

Running with c = 1
Rows offset = (150,294)
Columns offset = (0,144)
PSNR taken 73.63818
SSIM taken 0.99997

Key which was embeded : 11
Result of extraction = 1

Optimal c value for grid = 1
-----------------------------------

Running with c = 1
Rows offset = (150,294)
Columns offset = (150,294)
PSNR taken 73.63818
SSIM taken 0.99997

Key which was embeded : 11
Result of extraction = 1

Optimal c value for grid = 1
-----------------------------------

Running with c = 1
Rows offset = (150,294)
Columns offset = (300,444)
PSNR taken 73.63818
SSIM taken 0.99997

Key which was embeded : 11
Result of extraction = 1

Optimal c value for grid = 1
-----------------------------------

Running with c = 1
Rows offset = (150,294)
Columns offset = (450,594)
PSNR taken 73.63818
SSIM taken 0.99997

Key which was embeded : 11
Result of extraction = 1

Optimal c value for grid = 1
-----------------------------------

Running with c = 1
Rows offset = (150,294)
Columns offset = (600,744)
PSNR taken 73.63818
SSIM taken 0.99998

Key which was embeded : 11
Result of extraction = 1

Optimal c value for grid = 1
-----------------------------------

Running with c = 1
Rows offset = (300,444)
Columns offset = (0,144)
PSNR taken 73.63818
SSIM taken 0.99998

Key which was embeded : 11
Result of extraction = 1

Optimal c value for grid = 1
-----------------------------------

Running with c = 1
Rows offset = (300,444)
Columns offset = (150,294)
PSNR taken 73.63818
SSIM taken 0.99997

Key which was embeded : 11
Result of extraction = 1

Optimal c value for grid = 1
-----------------------------------

Running with c = 1
Rows offset = (300,444)
Columns offset = (300,444)
PSNR taken 73.63818
SSIM taken 0.99997

Key which was embeded : 11
Result of extraction = 1

Optimal c value for grid = 1
-----------------------------------

Running with c = 1
Rows offset = (300,444)
Columns offset = (450,594)
PSNR taken 73.63818
SSIM taken 0.99997

Key which was embeded : 11
Result of extraction = 1

Optimal c value for grid = 1
-----------------------------------

Running with c = 1
Rows offset = (300,444)
Columns offset = (600,744)
PSNR taken 73.63818
SSIM taken 0.99997

Key which was embeded : 11
Result of extraction = 1

Optimal c value for grid = 1
-----------------------------------

Running with c = 1
PSNR = 73.63818150323827
SSIM = 0.9999790334022931
[0, 0]
Finished grid movement

Rows offset = (0,144)
Columns offset = (0,144)
Embed key : 8 in Block 6
Running with c = 1
Rows offset = (0,144)
Columns offset = (0,144)
PSNR taken 73.36426
SSIM taken 0.99999

Key which was embeded : 8
Result of extraction = 1

Optimal c value for grid = 1
-----------------------------------

Running with c = 1
Rows offset = (0,144)
Columns offset = (150,294)
PSNR taken 73.57456
SSIM taken 0.99998

Key which was embeded : 8
Result of extraction = 1

Optimal c value for grid = 1
-----------------------------------

Running with c = 1
Rows offset = (0,144)
Columns offset = (300,444)
PSNR taken 73.62313
SSIM taken 0.99998

Key which was embeded : 8
Result of extraction = 1

Optimal c value for grid = 1
-----------------------------------

Running with c = 1
Rows offset = (0,144)
Columns offset = (450,594)
PSNR taken 73.63818
SSIM taken 0.99997

Key which was embeded : 8
Result of extraction = 1

Optimal c value for grid = 1
-----------------------------------

Running with c = 1
Rows offset = (0,144)
Columns offset = (600,744)
PSNR taken 73.63818
SSIM taken 0.99997

Key which was embeded : 8
Result of extraction = 1

Optimal c value for grid = 1
-----------------------------------

Running with c = 1
Rows offset = (150,294)
Columns offset = (0,144)
PSNR taken 73.32550
SSIM taken 0.99998

Key which was embeded : 8
Result of extraction = 1

Optimal c value for grid = 1
-----------------------------------

Running with c = 1
Rows offset = (150,294)
Columns offset = (150,294)
PSNR taken 73.63065
SSIM taken 0.99998

Key which was embeded : 8
Result of extraction = 1

Optimal c value for grid = 1
-----------------------------------

Running with c = 1
Rows offset = (150,294)
Columns offset = (300,444)
PSNR taken 73.63818
SSIM taken 0.99998

Key which was embeded : 8
Result of extraction = 1

Optimal c value for grid = 1
-----------------------------------

Running with c = 1
Rows offset = (150,294)
Columns offset = (450,594)
PSNR taken 73.63818
SSIM taken 0.99997

Key which was embeded : 8
Result of extraction = 1

Optimal c value for grid = 1
-----------------------------------

Running with c = 1
Rows offset = (150,294)
Columns offset = (600,744)
PSNR taken 73.63818
SSIM taken 0.99997

Key which was embeded : 8
Result of extraction = 1

Optimal c value for grid = 1
-----------------------------------

Running with c = 1
Rows offset = (300,444)
Columns offset = (0,144)
PSNR taken 73.12331
SSIM taken 0.99998

Key which was embeded : 8
Result of extraction = 1

Optimal c value for grid = 1
-----------------------------------

Running with c = 1
Rows offset = (300,444)
Columns offset = (150,294)
PSNR taken 73.61937
SSIM taken 0.99998

Key which was embeded : 8
Result of extraction = 1

Optimal c value for grid = 1
-----------------------------------

Running with c = 1
Rows offset = (300,444)
Columns offset = (300,444)
PSNR taken 73.63818
SSIM taken 0.99998

Key which was embeded : 8
Result of extraction = 1

Optimal c value for grid = 1
-----------------------------------

Running with c = 1
Rows offset = (300,444)
Columns offset = (450,594)
PSNR taken 73.63818
SSIM taken 0.99997

Key which was embeded : 8
Result of extraction = 1

Optimal c value for grid = 1
-----------------------------------

Running with c = 1
Rows offset = (300,444)
Columns offset = (600,744)
PSNR taken 73.63818
SSIM taken 0.99997

Key which was embeded : 8
Result of extraction = 1

Optimal c value for grid = 1
-----------------------------------

Running with c = 1
PSNR = 73.63818150323827
SSIM = 0.9999717865247914
[0, 450]
Finished grid movement

Rows offset = (0,144)
Columns offset = (450,594)
Embed key : 15 in Block 7
Running with c = 1
Rows offset = (0,144)
Columns offset = (0,144)
PSNR taken 73.63818
SSIM taken 0.99998

Key which was embeded : 15
Result of extraction = 1

Optimal c value for grid = 1
-----------------------------------

Running with c = 1
Rows offset = (0,144)
Columns offset = (150,294)
PSNR taken 73.63818
SSIM taken 0.99998

Key which was embeded : 15
Result of extraction = 1

Optimal c value for grid = 1
-----------------------------------

Running with c = 1
Rows offset = (0,144)
Columns offset = (300,444)
PSNR taken 73.61937
SSIM taken 0.99999

Key which was embeded : 15
Result of extraction = 1

Optimal c value for grid = 1
-----------------------------------

Running with c = 1
Rows offset = (0,144)
Columns offset = (450,594)
PSNR taken 73.38555
SSIM taken 0.99999

Key which was embeded : 15
Result of extraction = 1

Optimal c value for grid = 1
-----------------------------------

Running with c = 1
Rows offset = (0,144)
Columns offset = (600,744)
PSNR taken 73.47903
SSIM taken 0.99999

Key which was embeded : 15
Result of extraction = 1

Optimal c value for grid = 1
-----------------------------------

Running with c = 1
Rows offset = (150,294)
Columns offset = (0,144)
PSNR taken 73.63818
SSIM taken 0.99998

Key which was embeded : 15
Result of extraction = 1

Optimal c value for grid = 1
-----------------------------------

Running with c = 1
Rows offset = (150,294)
Columns offset = (150,294)
PSNR taken 73.63441
SSIM taken 0.99998

Key which was embeded : 15
Result of extraction = 1

Optimal c value for grid = 1
-----------------------------------

Running with c = 1
Rows offset = (150,294)
Columns offset = (300,444)
PSNR taken 73.63818
SSIM taken 0.99998

Key which was embeded : 15
Result of extraction = 1

Optimal c value for grid = 1
-----------------------------------

Running with c = 1
Rows offset = (150,294)
Columns offset = (450,594)
PSNR taken 73.63818
SSIM taken 0.99998

Key which was embeded : 15
Result of extraction = 1

Optimal c value for grid = 1
-----------------------------------

Running with c = 1
Rows offset = (150,294)
Columns offset = (600,744)
PSNR taken 73.05685
SSIM taken 0.99998

Key which was embeded : 15
Result of extraction = 1

Optimal c value for grid = 1
-----------------------------------

Running with c = 1
Rows offset = (300,444)
Columns offset = (0,144)
PSNR taken 73.63818
SSIM taken 0.99998

Key which was embeded : 15
Result of extraction = 1

Optimal c value for grid = 1
-----------------------------------

Running with c = 1
Rows offset = (300,444)
Columns offset = (150,294)
PSNR taken 73.63818
SSIM taken 0.99998

Key which was embeded : 15
Result of extraction = 1

Optimal c value for grid = 1
-----------------------------------

Running with c = 1
Rows offset = (300,444)
Columns offset = (300,444)
PSNR taken 73.63818
SSIM taken 0.99998

Key which was embeded : 15
Result of extraction = 1

Optimal c value for grid = 1
-----------------------------------

Running with c = 1
Rows offset = (300,444)
Columns offset = (450,594)
PSNR taken 73.63818
SSIM taken 0.99998

Key which was embeded : 15
Result of extraction = 1

Optimal c value for grid = 1
-----------------------------------

Running with c = 1
Rows offset = (300,444)
Columns offset = (600,744)
PSNR taken 73.63818
SSIM taken 0.99998

Key which was embeded : 15
Result of extraction = 1

Optimal c value for grid = 1
-----------------------------------

Running with c = 1
PSNR = 73.63818150323827
SSIM = 0.9999776507388579
[0, 0]
Finished grid movement

Rows offset = (0,144)
Columns offset = (0,144)
Embed key : 14 in Block 8
Running with c = 1
Rows offset = (0,144)
Columns offset = (0,144)
PSNR taken 73.63818
SSIM taken 0.99995

Key which was embeded : 14
Result of extraction = 1

Optimal c value for grid = 1
-----------------------------------

Running with c = 1
Rows offset = (0,144)
Columns offset = (150,294)
PSNR taken 73.63818
SSIM taken 0.99995

Key which was embeded : 14
Result of extraction = 1

Optimal c value for grid = 1
-----------------------------------

Running with c = 1
Rows offset = (0,144)
Columns offset = (300,444)
PSNR taken 73.63818
SSIM taken 0.99992

Key which was embeded : 14
Result of extraction = 1

Optimal c value for grid = 1
-----------------------------------

Running with c = 1
Rows offset = (0,144)
Columns offset = (450,594)
PSNR taken 73.63818
SSIM taken 0.99992

Key which was embeded : 14
Result of extraction = 1

Optimal c value for grid = 1
-----------------------------------

Running with c = 1
Rows offset = (0,144)
Columns offset = (600,744)
PSNR taken 73.63818
SSIM taken 0.99995

Key which was embeded : 14
Result of extraction = 1

Optimal c value for grid = 1
-----------------------------------

Running with c = 1
Rows offset = (150,294)
Columns offset = (0,144)
PSNR taken 73.63818
SSIM taken 0.99995

Key which was embeded : 14
Result of extraction = 1

Optimal c value for grid = 1
-----------------------------------

Running with c = 1
Rows offset = (150,294)
Columns offset = (150,294)
PSNR taken 73.63818
SSIM taken 0.99992

Key which was embeded : 14
Result of extraction = 1

Optimal c value for grid = 1
-----------------------------------

Running with c = 1
Rows offset = (150,294)
Columns offset = (300,444)
PSNR taken 73.63818
SSIM taken 0.99981

Key which was embeded : 14
Result of extraction = 1

Optimal c value for grid = 1
-----------------------------------

Running with c = 1
Rows offset = (150,294)
Columns offset = (450,594)
PSNR taken 73.63818
SSIM taken 0.99979

Key which was embeded : 14
Result of extraction = 1

Optimal c value for grid = 1
-----------------------------------

Running with c = 1
Rows offset = (150,294)
Columns offset = (600,744)
PSNR taken 73.63818
SSIM taken 0.99986

Key which was embeded : 14
Result of extraction = 1

Optimal c value for grid = 1
-----------------------------------

Running with c = 1
Rows offset = (300,444)
Columns offset = (0,144)
PSNR taken 73.63818
SSIM taken 0.99986

Key which was embeded : 14
Result of extraction = 1

Optimal c value for grid = 1
-----------------------------------

Running with c = 1
Rows offset = (300,444)
Columns offset = (150,294)
PSNR taken 73.63818
SSIM taken 0.99980

Key which was embeded : 14
Result of extraction = 1

Optimal c value for grid = 1
-----------------------------------

Running with c = 1
Rows offset = (300,444)
Columns offset = (300,444)
PSNR taken 73.63818
SSIM taken 0.99979

Key which was embeded : 14
Result of extraction = 1

Optimal c value for grid = 1
-----------------------------------

Running with c = 1
Rows offset = (300,444)
Columns offset = (450,594)
PSNR taken 73.63818
SSIM taken 0.99979

Key which was embeded : 14
Result of extraction = 1

Optimal c value for grid = 1
-----------------------------------

Running with c = 1
Rows offset = (300,444)
Columns offset = (600,744)
PSNR taken 73.63818
SSIM taken 0.99980

Key which was embeded : 14
Result of extraction = 1

Optimal c value for grid = 1
-----------------------------------

Running with c = 1
PSNR = 73.63818150323827
SSIM = 0.9999526451754616
[0, 0]
Finished grid movement

Rows offset = (0,144)
Columns offset = (0,144)
Embed key : 13 in Block 9
Running with c = 1
Rows offset = (0,144)
Columns offset = (0,144)
PSNR taken 73.63818
SSIM taken 0.99997

Key which was embeded : 13
Result of extraction = 1

Optimal c value for grid = 1
-----------------------------------

Running with c = 1
Rows offset = (0,144)
Columns offset = (150,294)
PSNR taken 73.62689
SSIM taken 0.99998

Key which was embeded : 13
Result of extraction = 1

Optimal c value for grid = 1
-----------------------------------

Running with c = 1
Rows offset = (0,144)
Columns offset = (300,444)
PSNR taken 73.55973
SSIM taken 0.99998

Key which was embeded : 13
Result of extraction = 1

Optimal c value for grid = 1
-----------------------------------

Running with c = 1
Rows offset = (0,144)
Columns offset = (450,594)
PSNR taken 73.63818
SSIM taken 0.99998

Key which was embeded : 13
Result of extraction = 1

Optimal c value for grid = 1
-----------------------------------

Running with c = 1
Rows offset = (0,144)
Columns offset = (600,744)
PSNR taken 73.63818
SSIM taken 0.99997

Key which was embeded : 13
Result of extraction = 1

Optimal c value for grid = 1
-----------------------------------

Running with c = 1
Rows offset = (150,294)
Columns offset = (0,144)
PSNR taken 73.63818
SSIM taken 0.99997

Key which was embeded : 13
Result of extraction = 1

Optimal c value for grid = 1
-----------------------------------

Running with c = 1
Rows offset = (150,294)
Columns offset = (150,294)
PSNR taken 73.63818
SSIM taken 0.99997

Key which was embeded : 13
Result of extraction = 1

Optimal c value for grid = 1
-----------------------------------

Running with c = 1
Rows offset = (150,294)
Columns offset = (300,444)
PSNR taken 73.63818
SSIM taken 0.99997

Key which was embeded : 13
Result of extraction = 1

Optimal c value for grid = 1
-----------------------------------

Running with c = 1
Rows offset = (150,294)
Columns offset = (450,594)
PSNR taken 73.63818
SSIM taken 0.99997

Key which was embeded : 13
Result of extraction = 1

Optimal c value for grid = 1
-----------------------------------

Running with c = 1
Rows offset = (150,294)
Columns offset = (600,744)
PSNR taken 73.63818
SSIM taken 0.99997

Key which was embeded : 13
Result of extraction = 1

Optimal c value for grid = 1
-----------------------------------

Running with c = 1
Rows offset = (300,444)
Columns offset = (0,144)
PSNR taken 73.63818
SSIM taken 0.99997

Key which was embeded : 13
Result of extraction = 1

Optimal c value for grid = 1
-----------------------------------

Running with c = 1
Rows offset = (300,444)
Columns offset = (150,294)
PSNR taken 73.63818
SSIM taken 0.99997

Key which was embeded : 13
Result of extraction = 1

Optimal c value for grid = 1
-----------------------------------

Running with c = 1
Rows offset = (300,444)
Columns offset = (300,444)
PSNR taken 73.63818
SSIM taken 0.99997

Key which was embeded : 13
Result of extraction = 1

Optimal c value for grid = 1
-----------------------------------

Running with c = 1
Rows offset = (300,444)
Columns offset = (450,594)
PSNR taken 73.63818
SSIM taken 0.99997

Key which was embeded : 13
Result of extraction = 1

Optimal c value for grid = 1
-----------------------------------

Running with c = 1
Rows offset = (300,444)
Columns offset = (600,744)
PSNR taken 73.63818
SSIM taken 0.99997

Key which was embeded : 13
Result of extraction = 1

Optimal c value for grid = 1
-----------------------------------

Running with c = 1
PSNR = 73.63818150323827
SSIM = 0.9999731180799661
[0, 0]
Finished grid movement

Rows offset = (0,144)
Columns offset = (0,144)
PSNR taken 73.63820
SSIM taken 0.99998

Total positions checked for each block : 15
Key which was embeded : 9
Complete Extraction in block 1

Key which was embeded : 9
Complete Extraction in block 2

Key which was embeded : 10
Complete Extraction in block 3

Key which was embeded : 10
Complete Extraction in block 4

Key which was embeded : 11
Complete Extraction in block 5

Key which was embeded : 8
Complete Extraction in block 6

Key which was embeded : 15
Complete Extraction in block 7

Key which was embeded : 14
Complete Extraction in block 8

Key which was embeded : 13
Complete Extraction in block 9

Extraction percentage = 100.0%

Elapsed time = 1.241 mins
Elapsed time = 74.436 seconds

