Embed key : 15 in Block 1
Running with c = 1
Rows offset = (0,81)
Columns offset = (0,81)
PSNR taken 70.73258
SSIM taken 0.99972

Key which was embeded : 15
Result of extraction = 1

Optimal c value for grid = 1
-----------------------------------

Running with c = 1
Rows offset = (0,81)
Columns offset = (70,151)
PSNR taken 68.49483
SSIM taken 0.99943

Key which was embeded : 15
Result of extraction = 1

Optimal c value for grid = 1
-----------------------------------

Running with c = 1
Rows offset = (0,81)
Columns offset = (140,221)
PSNR taken 60.63280
SSIM taken 0.99891

Key which was embeded : 15
Result of extraction = 0

Running with c = 100
Rows offset = (0,81)
Columns offset = (140,221)
PSNR taken 40.89105
SSIM taken 0.98231

Key which was embeded : 15
Result of extraction = 0

Running with c = 50
Rows offset = (0,81)
Columns offset = (140,221)
PSNR taken 46.80289
SSIM taken 0.98900

Key which was embeded : 15
Result of extraction = 0

Running with c = 25
Rows offset = (0,81)
Columns offset = (140,221)
PSNR taken 52.26657
SSIM taken 0.99507

Key which was embeded : 15
Result of extraction = 0

Running with c = 13
Rows offset = (0,81)
Columns offset = (140,221)
PSNR taken 56.36007
SSIM taken 0.99783

Key which was embeded : 15
Result of extraction = 0

Running with c = 18
Rows offset = (0,81)
Columns offset = (140,221)
PSNR taken 54.48145
SSIM taken 0.99678

Key which was embeded : 15
Result of extraction = 0

Running with c = 21
Rows offset = (0,81)
Columns offset = (140,221)
PSNR taken 53.46991
SSIM taken 0.99607

Key which was embeded : 15
Result of extraction = 0

Running with c = 22
Rows offset = (0,81)
Columns offset = (140,221)
PSNR taken 53.16284
SSIM taken 0.99583

Key which was embeded : 15
Result of extraction = 0

Running with c = 23
Rows offset = (0,81)
Columns offset = (140,221)
Key which was embeded : 15
Result of extraction = 0

Running with c = 26
Rows offset = (0,81)
Columns offset = (140,221)
Key which was embeded : 15
Result of extraction = 0

Running with c = 29
Rows offset = (0,81)
Columns offset = (140,221)
Key which was embeded : 15
Result of extraction = 0

Running with c = 32
Rows offset = (0,81)
Columns offset = (140,221)
Key which was embeded : 15
Result of extraction = 0

Running with c = 35
Rows offset = (0,81)
Columns offset = (140,221)
Key which was embeded : 15
Result of extraction = 0

Running with c = 38
Rows offset = (0,81)
Columns offset = (140,221)
Key which was embeded : 15
Result of extraction = 0

Running with c = 41
Rows offset = (0,81)
Columns offset = (140,221)
Key which was embeded : 15
Result of extraction = 0

Running with c = 44
Rows offset = (0,81)
Columns offset = (140,221)
Key which was embeded : 15
Result of extraction = 0

Running with c = 47
Rows offset = (0,81)
Columns offset = (140,221)
Key which was embeded : 15
Result of extraction = 0

Running with c = 50
Rows offset = (0,81)
Columns offset = (140,221)
Key which was embeded : 15
Result of extraction = 0

Running with c = 53
Rows offset = (0,81)
Columns offset = (140,221)
Key which was embeded : 15
Result of extraction = 0

Running with c = 56
Rows offset = (0,81)
Columns offset = (140,221)
Key which was embeded : 15
Result of extraction = 0

Running with c = 59
Rows offset = (0,81)
Columns offset = (140,221)
Key which was embeded : 15
Result of extraction = 0

Running with c = 62
Rows offset = (0,81)
Columns offset = (140,221)
Key which was embeded : 15
Result of extraction = 0

Running with c = 65
Rows offset = (0,81)
Columns offset = (140,221)
Key which was embeded : 15
Result of extraction = 0

Running with c = 68
Rows offset = (0,81)
Columns offset = (140,221)
Key which was embeded : 15
Result of extraction = 0

Running with c = 71
Rows offset = (0,81)
Columns offset = (140,221)
Key which was embeded : 15
Result of extraction = 0

Running with c = 74
Rows offset = (0,81)
Columns offset = (140,221)
Key which was embeded : 15
Result of extraction = 0

Running with c = 77
Rows offset = (0,81)
Columns offset = (140,221)
Key which was embeded : 15
Result of extraction = 0

Running with c = 80
Rows offset = (0,81)
Columns offset = (140,221)
Key which was embeded : 15
Result of extraction = 0

Running with c = 83
Rows offset = (0,81)
Columns offset = (140,221)
Key which was embeded : 15
Result of extraction = 0

Running with c = 86
Rows offset = (0,81)
Columns offset = (140,221)
Key which was embeded : 15
Result of extraction = 0

Running with c = 89
Rows offset = (0,81)
Columns offset = (140,221)
Key which was embeded : 15
Result of extraction = 0

Running with c = 92
Rows offset = (0,81)
Columns offset = (140,221)
Key which was embeded : 15
Result of extraction = 0

Running with c = 95
Rows offset = (0,81)
Columns offset = (140,221)
Key which was embeded : 15
Result of extraction = 0

Running with c = 98
Rows offset = (0,81)
Columns offset = (140,221)
Key which was embeded : 15
Result of extraction = 0

Running with c = 101
Rows offset = (0,81)
Columns offset = (140,221)
Key which was embeded : 15
Result of extraction = 0

Running with c = 1
Rows offset = (0,81)
Columns offset = (140,221)
Optimal c value for grid = 1
-----------------------------------

Optimal c value for grid = 1
-----------------------------------

Running with c = 1
Rows offset = (70,151)
Columns offset = (0,81)
PSNR taken 70.73660
SSIM taken 0.99971

Key which was embeded : 15
Result of extraction = 1

Optimal c value for grid = 1
-----------------------------------

Running with c = 1
Rows offset = (70,151)
Columns offset = (70,151)
PSNR taken 61.95045
SSIM taken 0.99889

Key which was embeded : 15
Result of extraction = 1

Optimal c value for grid = 1
-----------------------------------

Running with c = 1
Rows offset = (70,151)
Columns offset = (140,221)
PSNR taken 59.66740
SSIM taken 0.99976

Key which was embeded : 15
Result of extraction = 1

Optimal c value for grid = 1
-----------------------------------

Running with c = 1
Rows offset = (140,221)
Columns offset = (0,81)
PSNR taken 66.07132
SSIM taken 0.99926

Key which was embeded : 15
Result of extraction = 1

Optimal c value for grid = 1
-----------------------------------

Running with c = 1
Rows offset = (140,221)
Columns offset = (70,151)
PSNR taken 59.90273
SSIM taken 0.99954

Key which was embeded : 15
Result of extraction = 1

Optimal c value for grid = 1
-----------------------------------

Running with c = 1
Rows offset = (140,221)
Columns offset = (140,221)
PSNR taken 59.36449
SSIM taken 0.99979

Key which was embeded : 15
Result of extraction = 1

Optimal c value for grid = 1
-----------------------------------

Running with c = 1
PSNR = 70.73660101528361
SSIM = 0.9997079753242666
[70, 0]
Finished grid movement

Rows offset = (70,151)
Columns offset = (0,81)
Embed key : 10 in Block 2
Running with c = 1
Rows offset = (0,81)
Columns offset = (0,81)
PSNR taken 59.55710
SSIM taken 0.99971

Key which was embeded : 10
Result of extraction = 1

Optimal c value for grid = 1
-----------------------------------

Running with c = 1
Rows offset = (0,81)
Columns offset = (70,151)
PSNR taken 59.42091
SSIM taken 0.99969

Key which was embeded : 10
Result of extraction = 1

Optimal c value for grid = 1
-----------------------------------

Running with c = 1
Rows offset = (0,81)
Columns offset = (140,221)
PSNR taken 59.45523
SSIM taken 0.99969

Key which was embeded : 10
Result of extraction = 1

Optimal c value for grid = 1
-----------------------------------

Running with c = 1
Rows offset = (70,151)
Columns offset = (0,81)
PSNR taken 59.53507
SSIM taken 0.99972

Key which was embeded : 10
Result of extraction = 1

Optimal c value for grid = 1
-----------------------------------

Running with c = 1
Rows offset = (70,151)
Columns offset = (70,151)
PSNR taken 59.47566
SSIM taken 0.99966

Key which was embeded : 10
Result of extraction = 1

Optimal c value for grid = 1
-----------------------------------

Running with c = 1
Rows offset = (70,151)
Columns offset = (140,221)
PSNR taken 59.28799
SSIM taken 0.99971

Key which was embeded : 10
Result of extraction = 1

Optimal c value for grid = 1
-----------------------------------

Running with c = 1
Rows offset = (140,221)
Columns offset = (0,81)
PSNR taken 59.54057
SSIM taken 0.99974

Key which was embeded : 10
Result of extraction = 1

Optimal c value for grid = 1
-----------------------------------

Running with c = 1
Rows offset = (140,221)
Columns offset = (70,151)
PSNR taken 59.60367
SSIM taken 0.99967

Key which was embeded : 10
Result of extraction = 1

Optimal c value for grid = 1
-----------------------------------

Running with c = 1
Rows offset = (140,221)
Columns offset = (140,221)
PSNR taken 52.05910
SSIM taken 0.99952

Key which was embeded : 10
Result of extraction = 1

Optimal c value for grid = 1
-----------------------------------

Running with c = 1
PSNR = 59.60367424199299
SSIM = 0.9996727354858912
[140, 70]
Finished grid movement

Rows offset = (140,221)
Columns offset = (70,151)
Embed key : 9 in Block 3
Running with c = 1
Rows offset = (0,81)
Columns offset = (0,81)
PSNR taken 59.36831
SSIM taken 0.99977

Key which was embeded : 9
Result of extraction = 1

Optimal c value for grid = 1
-----------------------------------

Running with c = 1
Rows offset = (0,81)
Columns offset = (70,151)
PSNR taken 59.43520
SSIM taken 0.99973

Key which was embeded : 9
Result of extraction = 1

Optimal c value for grid = 1
-----------------------------------

Running with c = 1
Rows offset = (0,81)
Columns offset = (140,221)
PSNR taken 59.67212
SSIM taken 0.99974

Key which was embeded : 9
Result of extraction = 1

Optimal c value for grid = 1
-----------------------------------

Running with c = 1
Rows offset = (70,151)
Columns offset = (0,81)
PSNR taken 59.36596
SSIM taken 0.99978

Key which was embeded : 9
Result of extraction = 1

Optimal c value for grid = 1
-----------------------------------

Running with c = 1
Rows offset = (70,151)
Columns offset = (70,151)
PSNR taken 59.38214
SSIM taken 0.99976

Key which was embeded : 9
Result of extraction = 1

Optimal c value for grid = 1
-----------------------------------

Running with c = 1
Rows offset = (70,151)
Columns offset = (140,221)
PSNR taken 59.37095
SSIM taken 0.99974

Key which was embeded : 9
Result of extraction = 1

Optimal c value for grid = 1
-----------------------------------

Running with c = 1
Rows offset = (140,221)
Columns offset = (0,81)
PSNR taken 59.60398
SSIM taken 0.99976

Key which was embeded : 9
Result of extraction = 1

Optimal c value for grid = 1
-----------------------------------

Running with c = 1
Rows offset = (140,221)
Columns offset = (70,151)
PSNR taken 59.43162
SSIM taken 0.99980

Key which was embeded : 9
Result of extraction = 1

Optimal c value for grid = 1
-----------------------------------

Running with c = 1
Rows offset = (140,221)
Columns offset = (140,221)
PSNR taken 59.44476
SSIM taken 0.99979

Key which was embeded : 9
Result of extraction = 1

Optimal c value for grid = 1
-----------------------------------

Running with c = 1
PSNR = 59.672117706218415
SSIM = 0.9997404956477828
[0, 140]
Finished grid movement

Rows offset = (0,81)
Columns offset = (140,221)
Embed key : 13 in Block 4
Running with c = 1
Rows offset = (0,81)
Columns offset = (0,81)
PSNR taken 59.41912
SSIM taken 0.99928

Key which was embeded : 13
Result of extraction = 1

Optimal c value for grid = 1
-----------------------------------

Running with c = 1
Rows offset = (0,81)
Columns offset = (70,151)
PSNR taken 63.16537
SSIM taken 0.99827

Key which was embeded : 13
Result of extraction = 1

Optimal c value for grid = 1
-----------------------------------

Running with c = 1
Rows offset = (0,81)
Columns offset = (140,221)
PSNR taken 70.73258
SSIM taken 0.99955

Key which was embeded : 13
Result of extraction = 1

Optimal c value for grid = 1
-----------------------------------

Running with c = 1
Rows offset = (70,151)
Columns offset = (0,81)
PSNR taken 59.47897
SSIM taken 0.99964

Key which was embeded : 13
Result of extraction = 1

Optimal c value for grid = 1
-----------------------------------

Running with c = 1
Rows offset = (70,151)
Columns offset = (70,151)
PSNR taken 60.02502
SSIM taken 0.99897

Key which was embeded : 13
Result of extraction = 1

Optimal c value for grid = 1
-----------------------------------

Running with c = 1
Rows offset = (70,151)
Columns offset = (140,221)
PSNR taken 67.49319
SSIM taken 0.99913

Key which was embeded : 13
Result of extraction = 1

Optimal c value for grid = 1
-----------------------------------

Running with c = 1
Rows offset = (140,221)
Columns offset = (0,81)
PSNR taken 59.68726
SSIM taken 0.99965

Key which was embeded : 13
Result of extraction = 1

Optimal c value for grid = 1
-----------------------------------

Running with c = 1
Rows offset = (140,221)
Columns offset = (70,151)
PSNR taken 59.49951
SSIM taken 0.99965

Key which was embeded : 13
Result of extraction = 1

Optimal c value for grid = 1
-----------------------------------

Running with c = 1
Rows offset = (140,221)
Columns offset = (140,221)
PSNR taken 61.68913
SSIM taken 0.99849

Key which was embeded : 13
Result of extraction = 1

Optimal c value for grid = 1
-----------------------------------

Running with c = 1
PSNR = 70.73257790724323
SSIM = 0.9995501022373611
[0, 140]
Finished grid movement

Rows offset = (0,81)
Columns offset = (140,221)
Embed key : 14 in Block 5
Running with c = 1
Rows offset = (0,81)
Columns offset = (0,81)
PSNR taken 60.54372
SSIM taken 0.99915

Key which was embeded : 14
Result of extraction = 1

Optimal c value for grid = 1
-----------------------------------

Running with c = 1
Rows offset = (0,81)
Columns offset = (70,151)
PSNR taken 59.44894
SSIM taken 0.99980

Key which was embeded : 14
Result of extraction = 1

Optimal c value for grid = 1
-----------------------------------

Running with c = 1
Rows offset = (0,81)
Columns offset = (140,221)
PSNR taken 59.56847
SSIM taken 0.99979

Key which was embeded : 14
Result of extraction = 1

Optimal c value for grid = 1
-----------------------------------

Running with c = 1
Rows offset = (70,151)
Columns offset = (0,81)
PSNR taken 60.18723
SSIM taken 0.99927

Key which was embeded : 14
Result of extraction = 1

Optimal c value for grid = 1
-----------------------------------

Running with c = 1
Rows offset = (70,151)
Columns offset = (70,151)
PSNR taken 59.54546
SSIM taken 0.99974

Key which was embeded : 14
Result of extraction = 1

Optimal c value for grid = 1
-----------------------------------

Running with c = 1
Rows offset = (70,151)
Columns offset = (140,221)
PSNR taken 59.66991
SSIM taken 0.99976

Key which was embeded : 14
Result of extraction = 1

Optimal c value for grid = 1
-----------------------------------

Running with c = 1
Rows offset = (140,221)
Columns offset = (0,81)
PSNR taken 59.50890
SSIM taken 0.99961

Key which was embeded : 14
Result of extraction = 1

Optimal c value for grid = 1
-----------------------------------

Running with c = 1
Rows offset = (140,221)
Columns offset = (70,151)
PSNR taken 59.47415
SSIM taken 0.99974

Key which was embeded : 14
Result of extraction = 1

Optimal c value for grid = 1
-----------------------------------

Running with c = 1
Rows offset = (140,221)
Columns offset = (140,221)
PSNR taken 59.51801
SSIM taken 0.99979

Key which was embeded : 14
Result of extraction = 1

Optimal c value for grid = 1
-----------------------------------

Running with c = 1
PSNR = 60.543724465639485
SSIM = 0.9991457403472147
[0, 0]
Finished grid movement

Rows offset = (0,81)
Columns offset = (0,81)
Embed key : 10 in Block 6
Running with c = 1
Rows offset = (0,81)
Columns offset = (0,81)
PSNR taken 59.46724
SSIM taken 0.99981

Key which was embeded : 10
Result of extraction = 1

Optimal c value for grid = 1
-----------------------------------

Running with c = 1
Rows offset = (0,81)
Columns offset = (70,151)
PSNR taken 59.44446
SSIM taken 0.99981

Key which was embeded : 10
Result of extraction = 1

Optimal c value for grid = 1
-----------------------------------

Running with c = 1
Rows offset = (0,81)
Columns offset = (140,221)
PSNR taken 59.48832
SSIM taken 0.99981

Key which was embeded : 10
Result of extraction = 1

Optimal c value for grid = 1
-----------------------------------

Running with c = 1
Rows offset = (70,151)
Columns offset = (0,81)
PSNR taken 59.45973
SSIM taken 0.99985

Key which was embeded : 10
Result of extraction = 1

Optimal c value for grid = 1
-----------------------------------

Running with c = 1
Rows offset = (70,151)
Columns offset = (70,151)
PSNR taken 52.01263
SSIM taken 0.99971

Key which was embeded : 10
Result of extraction = 1

Optimal c value for grid = 1
-----------------------------------

Running with c = 1
Rows offset = (70,151)
Columns offset = (140,221)
PSNR taken 52.05261
SSIM taken 0.99970

Key which was embeded : 10
Result of extraction = 1

Optimal c value for grid = 1
-----------------------------------

Running with c = 1
Rows offset = (140,221)
Columns offset = (0,81)
PSNR taken 59.32244
SSIM taken 0.99987

Key which was embeded : 10
Result of extraction = 1

Optimal c value for grid = 1
-----------------------------------

Running with c = 1
Rows offset = (140,221)
Columns offset = (70,151)
PSNR taken 52.03223
SSIM taken 0.99973

Key which was embeded : 10
Result of extraction = 1

Optimal c value for grid = 1
-----------------------------------

Running with c = 1
Rows offset = (140,221)
Columns offset = (140,221)
PSNR taken 59.41378
SSIM taken 0.99984

Key which was embeded : 10
Result of extraction = 1

Optimal c value for grid = 1
-----------------------------------

Running with c = 1
PSNR = 59.48832065758371
SSIM = 0.9998135103764788
[0, 140]
Finished grid movement

Rows offset = (0,81)
Columns offset = (140,221)
Embed key : 12 in Block 7
Running with c = 1
Rows offset = (0,81)
Columns offset = (0,81)
PSNR taken 59.40814
SSIM taken 0.99980

Key which was embeded : 12
Result of extraction = 1

Optimal c value for grid = 1
-----------------------------------

Running with c = 1
Rows offset = (0,81)
Columns offset = (70,151)
PSNR taken 59.69898
SSIM taken 0.99979

Key which was embeded : 12
Result of extraction = 1

Optimal c value for grid = 1
-----------------------------------

Running with c = 1
Rows offset = (0,81)
Columns offset = (140,221)
PSNR taken 52.08187
SSIM taken 0.99968

Key which was embeded : 12
Result of extraction = 1

Optimal c value for grid = 1
-----------------------------------

Running with c = 1
Rows offset = (70,151)
Columns offset = (0,81)
PSNR taken 59.38833
SSIM taken 0.99981

Key which was embeded : 12
Result of extraction = 1

Optimal c value for grid = 1
-----------------------------------

Running with c = 1
Rows offset = (70,151)
Columns offset = (70,151)
PSNR taken 59.52075
SSIM taken 0.99973

Key which was embeded : 12
Result of extraction = 1

Optimal c value for grid = 1
-----------------------------------

Running with c = 1
Rows offset = (70,151)
Columns offset = (140,221)
PSNR taken 59.43759
SSIM taken 0.99976

Key which was embeded : 12
Result of extraction = 1

Optimal c value for grid = 1
-----------------------------------

Running with c = 1
Rows offset = (140,221)
Columns offset = (0,81)
PSNR taken 59.43162
SSIM taken 0.99987

Key which was embeded : 12
Result of extraction = 1

Optimal c value for grid = 1
-----------------------------------

Running with c = 1
Rows offset = (140,221)
Columns offset = (70,151)
PSNR taken 59.41794
SSIM taken 0.99976

Key which was embeded : 12
Result of extraction = 1

Optimal c value for grid = 1
-----------------------------------

Running with c = 1
Rows offset = (140,221)
Columns offset = (140,221)
PSNR taken 59.35365
SSIM taken 0.99967

Key which was embeded : 12
Result of extraction = 1

Optimal c value for grid = 1
-----------------------------------

Running with c = 1
PSNR = 59.698975830279075
SSIM = 0.9997914930788153
[0, 70]
Finished grid movement

Rows offset = (0,81)
Columns offset = (70,151)
Embed key : 8 in Block 8
Running with c = 1
Rows offset = (0,81)
Columns offset = (0,81)
PSNR taken 59.61050
SSIM taken 0.99972

Key which was embeded : 8
Result of extraction = 1

Optimal c value for grid = 1
-----------------------------------

Running with c = 1
Rows offset = (0,81)
Columns offset = (70,151)
PSNR taken 59.42864
SSIM taken 0.99966

Key which was embeded : 8
Result of extraction = 1

Optimal c value for grid = 1
-----------------------------------

Running with c = 1
Rows offset = (0,81)
Columns offset = (140,221)
PSNR taken 59.57925
SSIM taken 0.99959

Key which was embeded : 8
Result of extraction = 1

Optimal c value for grid = 1
-----------------------------------

Running with c = 1
Rows offset = (70,151)
Columns offset = (0,81)
PSNR taken 59.56632
SSIM taken 0.99974

Key which was embeded : 8
Result of extraction = 1

Optimal c value for grid = 1
-----------------------------------

Running with c = 1
Rows offset = (70,151)
Columns offset = (70,151)
PSNR taken 59.60491
SSIM taken 0.99967

Key which was embeded : 8
Result of extraction = 1

Optimal c value for grid = 1
-----------------------------------

Running with c = 1
Rows offset = (70,151)
Columns offset = (140,221)
PSNR taken 59.44028
SSIM taken 0.99965

Key which was embeded : 8
Result of extraction = 1

Optimal c value for grid = 1
-----------------------------------

Running with c = 1
Rows offset = (140,221)
Columns offset = (0,81)
PSNR taken 59.40933
SSIM taken 0.99971

Key which was embeded : 8
Result of extraction = 1

Optimal c value for grid = 1
-----------------------------------

Running with c = 1
Rows offset = (140,221)
Columns offset = (70,151)
PSNR taken 59.42567
SSIM taken 0.99963

Key which was embeded : 8
Result of extraction = 1

Optimal c value for grid = 1
-----------------------------------

Running with c = 1
Rows offset = (140,221)
Columns offset = (140,221)
PSNR taken 59.38744
SSIM taken 0.99962

Key which was embeded : 8
Result of extraction = 1

Optimal c value for grid = 1
-----------------------------------

Running with c = 1
PSNR = 59.61050130920945
SSIM = 0.9997239883967918
[0, 0]
Finished grid movement

Rows offset = (0,81)
Columns offset = (0,81)
Embed key : 10 in Block 9
Running with c = 1
Rows offset = (0,81)
Columns offset = (0,81)
PSNR taken 59.72281
SSIM taken 0.99981

Key which was embeded : 10
Result of extraction = 1

Optimal c value for grid = 1
-----------------------------------

Running with c = 1
Rows offset = (0,81)
Columns offset = (70,151)
PSNR taken 59.13140
SSIM taken 0.99987

Key which was embeded : 10
Result of extraction = 1

Optimal c value for grid = 1
-----------------------------------

Running with c = 1
Rows offset = (0,81)
Columns offset = (140,221)
PSNR taken 43.28657
SSIM taken 0.99852

Key which was embeded : 10
Result of extraction = 1

Optimal c value for grid = 1
-----------------------------------

Running with c = 1
Rows offset = (70,151)
Columns offset = (0,81)
PSNR taken 59.37948
SSIM taken 0.99952

Key which was embeded : 10
Result of extraction = 1

Optimal c value for grid = 1
-----------------------------------

Running with c = 1
Rows offset = (70,151)
Columns offset = (70,151)
PSNR taken 52.01852
SSIM taken 0.99970

Key which was embeded : 10
Result of extraction = 1

Optimal c value for grid = 1
-----------------------------------

Running with c = 1
Rows offset = (70,151)
Columns offset = (140,221)
PSNR taken 49.46829
SSIM taken 0.99950

Key which was embeded : 10
Result of extraction = 1

Optimal c value for grid = 1
-----------------------------------

Running with c = 1
Rows offset = (140,221)
Columns offset = (0,81)
PSNR taken 60.27536
SSIM taken 0.99919

Key which was embeded : 10
Result of extraction = 1

Optimal c value for grid = 1
-----------------------------------

Running with c = 1
Rows offset = (140,221)
Columns offset = (70,151)
PSNR taken 42.43466
SSIM taken 0.99907

Key which was embeded : 10
Result of extraction = 1

Optimal c value for grid = 1
-----------------------------------

Running with c = 1
Rows offset = (140,221)
Columns offset = (140,221)
PSNR taken 59.49769
SSIM taken 0.99984

Key which was embeded : 10
Result of extraction = 1

Optimal c value for grid = 1
-----------------------------------

Running with c = 1
PSNR = 60.27536492878524
SSIM = 0.999190940371253
[140, 0]
Finished grid movement

Rows offset = (140,221)
Columns offset = (0,81)
Embed key : 15 in Block 10
Running with c = 1
Rows offset = (0,81)
Columns offset = (0,81)
PSNR taken 59.41467
SSIM taken 0.99984

Key which was embeded : 15
Result of extraction = 1

Optimal c value for grid = 1
-----------------------------------

Running with c = 1
Rows offset = (0,81)
Columns offset = (70,151)
PSNR taken 59.44147
SSIM taken 0.99988

Key which was embeded : 15
Result of extraction = 1

Optimal c value for grid = 1
-----------------------------------

Running with c = 1
Rows offset = (0,81)
Columns offset = (140,221)
PSNR taken 49.45275
SSIM taken 0.99941

Key which was embeded : 15
Result of extraction = 1

Optimal c value for grid = 1
-----------------------------------

Running with c = 1
Rows offset = (70,151)
Columns offset = (0,81)
PSNR taken 42.06888
SSIM taken 0.99885

Key which was embeded : 15
Result of extraction = 1

Optimal c value for grid = 1
-----------------------------------

Running with c = 1
Rows offset = (70,151)
Columns offset = (70,151)
PSNR taken 40.83301
SSIM taken 0.99746

Key which was embeded : 15
Result of extraction = 1

Optimal c value for grid = 1
-----------------------------------

Running with c = 1
Rows offset = (70,151)
Columns offset = (140,221)
PSNR taken 42.07585
SSIM taken 0.99905

Key which was embeded : 15
Result of extraction = 1

Optimal c value for grid = 1
-----------------------------------

Running with c = 1
Rows offset = (140,221)
Columns offset = (0,81)
PSNR taken 41.41720
SSIM taken 0.99845

Key which was embeded : 15
Result of extraction = 1

Optimal c value for grid = 1
-----------------------------------

Running with c = 1
Rows offset = (140,221)
Columns offset = (70,151)
PSNR taken 45.00433
SSIM taken 0.99935

Key which was embeded : 15
Result of extraction = 1

Optimal c value for grid = 1
-----------------------------------

Running with c = 1
Rows offset = (140,221)
Columns offset = (140,221)
PSNR taken 52.06320
SSIM taken 0.99971

Key which was embeded : 15
Result of extraction = 1

Optimal c value for grid = 1
-----------------------------------

Running with c = 1
PSNR = 59.441470096619156
SSIM = 0.9998794245473336
[0, 70]
Finished grid movement

Rows offset = (0,81)
Columns offset = (70,151)
Embed key : 11 in Block 11
Running with c = 1
Rows offset = (0,81)
Columns offset = (0,81)
PSNR taken 47.83473
SSIM taken 0.99942

Key which was embeded : 11
Result of extraction = 1

Optimal c value for grid = 1
-----------------------------------

Running with c = 1
Rows offset = (0,81)
Columns offset = (70,151)
PSNR taken 59.21621
SSIM taken 0.99987

Key which was embeded : 11
Result of extraction = 1

Optimal c value for grid = 1
-----------------------------------

Running with c = 1
Rows offset = (0,81)
Columns offset = (140,221)
PSNR taken 46.68904
SSIM taken 0.99957

Key which was embeded : 11
Result of extraction = 1

Optimal c value for grid = 1
-----------------------------------

Running with c = 1
Rows offset = (70,151)
Columns offset = (0,81)
PSNR taken 45.00352
SSIM taken 0.99945

Key which was embeded : 11
Result of extraction = 1

Optimal c value for grid = 1
-----------------------------------

Running with c = 1
Rows offset = (70,151)
Columns offset = (70,151)
PSNR taken 47.83623
SSIM taken 0.99951

Key which was embeded : 11
Result of extraction = 1

Optimal c value for grid = 1
-----------------------------------

Running with c = 1
Rows offset = (70,151)
Columns offset = (140,221)
PSNR taken 59.47235
SSIM taken 0.99989

Key which was embeded : 11
Result of extraction = 1

Optimal c value for grid = 1
-----------------------------------

Running with c = 1
Rows offset = (140,221)
Columns offset = (0,81)
PSNR taken 42.84074
SSIM taken 0.99898

Key which was embeded : 11
Result of extraction = 1

Optimal c value for grid = 1
-----------------------------------

Running with c = 1
Rows offset = (140,221)
Columns offset = (70,151)
PSNR taken 42.07171
SSIM taken 0.99874

Key which was embeded : 11
Result of extraction = 1

Optimal c value for grid = 1
-----------------------------------

Running with c = 1
Rows offset = (140,221)
Columns offset = (140,221)
PSNR taken 42.43439
SSIM taken 0.99891

Key which was embeded : 11
Result of extraction = 1

Optimal c value for grid = 1
-----------------------------------

Running with c = 1
PSNR = 59.47234672823802
SSIM = 0.9998921684289012
[70, 140]
Finished grid movement

Rows offset = (70,151)
Columns offset = (140,221)
Embed key : 11 in Block 12
Running with c = 1
Rows offset = (0,81)
Columns offset = (0,81)
PSNR taken 59.40399
SSIM taken 0.99977

Key which was embeded : 11
Result of extraction = 1

Optimal c value for grid = 1
-----------------------------------

Running with c = 1
Rows offset = (0,81)
Columns offset = (70,151)
PSNR taken 59.37625
SSIM taken 0.99974

Key which was embeded : 11
Result of extraction = 1

Optimal c value for grid = 1
-----------------------------------

Running with c = 1
Rows offset = (0,81)
Columns offset = (140,221)
PSNR taken 59.35658
SSIM taken 0.99974

Key which was embeded : 11
Result of extraction = 1

Optimal c value for grid = 1
-----------------------------------

Running with c = 1
Rows offset = (70,151)
Columns offset = (0,81)
PSNR taken 59.62762
SSIM taken 0.99977

Key which was embeded : 11
Result of extraction = 1

Optimal c value for grid = 1
-----------------------------------

Running with c = 1
Rows offset = (70,151)
Columns offset = (70,151)
PSNR taken 59.53874
SSIM taken 0.99967

Key which was embeded : 11
Result of extraction = 1

Optimal c value for grid = 1
-----------------------------------

Running with c = 1
Rows offset = (70,151)
Columns offset = (140,221)
PSNR taken 59.41111
SSIM taken 0.99972

Key which was embeded : 11
Result of extraction = 1

Optimal c value for grid = 1
-----------------------------------

Running with c = 1
Rows offset = (140,221)
Columns offset = (0,81)
PSNR taken 59.53904
SSIM taken 0.99981

Key which was embeded : 11
Result of extraction = 1

Optimal c value for grid = 1
-----------------------------------

Running with c = 1
Rows offset = (140,221)
Columns offset = (70,151)
PSNR taken 59.31953
SSIM taken 0.99976

Key which was embeded : 11
Result of extraction = 1

Optimal c value for grid = 1
-----------------------------------

Running with c = 1
Rows offset = (140,221)
Columns offset = (140,221)
PSNR taken 59.42150
SSIM taken 0.99974

Key which was embeded : 11
Result of extraction = 1

Optimal c value for grid = 1
-----------------------------------

Running with c = 1
PSNR = 59.627616078254356
SSIM = 0.9997738526382021
[70, 0]
Finished grid movement

Rows offset = (70,151)
Columns offset = (0,81)
Embed key : 8 in Block 13
Running with c = 1
Rows offset = (0,81)
Columns offset = (0,81)
PSNR taken 63.87019
SSIM taken 0.99925

Key which was embeded : 8
Result of extraction = 1

Optimal c value for grid = 1
-----------------------------------

Running with c = 1
Rows offset = (0,81)
Columns offset = (70,151)
PSNR taken 51.93419
SSIM taken 0.99975

Key which was embeded : 8
Result of extraction = 1

Optimal c value for grid = 1
-----------------------------------

Running with c = 1
Rows offset = (0,81)
Columns offset = (140,221)
PSNR taken 52.04363
SSIM taken 0.99966

Key which was embeded : 8
Result of extraction = 1

Optimal c value for grid = 1
-----------------------------------

Running with c = 1
Rows offset = (70,151)
Columns offset = (0,81)
PSNR taken 68.39745
SSIM taken 0.99942

Key which was embeded : 8
Result of extraction = 1

Optimal c value for grid = 1
-----------------------------------

Running with c = 1
Rows offset = (70,151)
Columns offset = (70,151)
PSNR taken 52.23679
SSIM taken 0.99893

Key which was embeded : 8
Result of extraction = 1

Optimal c value for grid = 1
-----------------------------------

Running with c = 1
Rows offset = (70,151)
Columns offset = (140,221)
PSNR taken 52.06227
SSIM taken 0.99961

Key which was embeded : 8
Result of extraction = 1

Optimal c value for grid = 1
-----------------------------------

Running with c = 1
Rows offset = (140,221)
Columns offset = (0,81)
PSNR taken 70.73258
SSIM taken 0.99973

Key which was embeded : 8
Result of extraction = 1

Optimal c value for grid = 1
-----------------------------------

Running with c = 1
Rows offset = (140,221)
Columns offset = (70,151)
PSNR taken 65.17962
SSIM taken 0.99930

Key which was embeded : 8
Result of extraction = 1

Optimal c value for grid = 1
-----------------------------------

Running with c = 1
Rows offset = (140,221)
Columns offset = (140,221)
PSNR taken 44.44332
SSIM taken 0.99926

Key which was embeded : 8
Result of extraction = 1

Optimal c value for grid = 1
-----------------------------------

Running with c = 1
PSNR = 70.73257790724323
SSIM = 0.9997342499937633
[140, 0]
Finished grid movement

Rows offset = (140,221)
Columns offset = (0,81)
Embed key : 9 in Block 14
Running with c = 1
Rows offset = (0,81)
Columns offset = (0,81)
PSNR taken 49.46471
SSIM taken 0.99954

Key which was embeded : 9
Result of extraction = 1

Optimal c value for grid = 1
-----------------------------------

Running with c = 1
Rows offset = (0,81)
Columns offset = (70,151)
PSNR taken 52.01334
SSIM taken 0.99976

Key which was embeded : 9
Result of extraction = 1

Optimal c value for grid = 1
-----------------------------------

Running with c = 1
Rows offset = (0,81)
Columns offset = (140,221)
PSNR taken 59.27044
SSIM taken 0.99989

Key which was embeded : 9
Result of extraction = 1

Optimal c value for grid = 1
-----------------------------------

Running with c = 1
Rows offset = (70,151)
Columns offset = (0,81)
PSNR taken 44.99071
SSIM taken 0.99899

Key which was embeded : 9
Result of extraction = 1

Optimal c value for grid = 1
-----------------------------------

Running with c = 1
Rows offset = (70,151)
Columns offset = (70,151)
PSNR taken 46.67167
SSIM taken 0.99956

Key which was embeded : 9
Result of extraction = 1

Optimal c value for grid = 1
-----------------------------------

Running with c = 1
Rows offset = (70,151)
Columns offset = (140,221)
PSNR taken 44.33962
SSIM taken 0.99884

Key which was embeded : 9
Result of extraction = 1

Optimal c value for grid = 1
-----------------------------------

Running with c = 1
Rows offset = (140,221)
Columns offset = (0,81)
PSNR taken 42.84980
SSIM taken 0.99874

Key which was embeded : 9
Result of extraction = 1

Optimal c value for grid = 1
-----------------------------------

Running with c = 1
Rows offset = (140,221)
Columns offset = (70,151)
PSNR taken 44.98912
SSIM taken 0.99924

Key which was embeded : 9
Result of extraction = 1

Optimal c value for grid = 1
-----------------------------------

Running with c = 1
Rows offset = (140,221)
Columns offset = (140,221)
PSNR taken 42.06104
SSIM taken 0.99823

Key which was embeded : 9
Result of extraction = 1

Optimal c value for grid = 1
-----------------------------------

Running with c = 1
PSNR = 59.27043594053459
SSIM = 0.9998890126701242
[0, 140]
Finished grid movement

Rows offset = (0,81)
Columns offset = (140,221)
Embed key : 10 in Block 15
Running with c = 1
Rows offset = (0,81)
Columns offset = (0,81)
PSNR taken 52.00600
SSIM taken 0.99965

Key which was embeded : 10
Result of extraction = 1

Optimal c value for grid = 1
-----------------------------------

Running with c = 1
Rows offset = (0,81)
Columns offset = (70,151)
PSNR taken 49.43783
SSIM taken 0.99964

Key which was embeded : 10
Result of extraction = 1

Optimal c value for grid = 1
-----------------------------------

Running with c = 1
Rows offset = (0,81)
Columns offset = (140,221)
PSNR taken 45.75277
SSIM taken 0.99907

Key which was embeded : 10
Result of extraction = 1

Optimal c value for grid = 1
-----------------------------------

Running with c = 1
Rows offset = (70,151)
Columns offset = (0,81)
PSNR taken 59.46183
SSIM taken 0.99988

Key which was embeded : 10
Result of extraction = 1

Optimal c value for grid = 1
-----------------------------------

Running with c = 1
Rows offset = (70,151)
Columns offset = (70,151)
PSNR taken 59.43431
SSIM taken 0.99990

Key which was embeded : 10
Result of extraction = 1

Optimal c value for grid = 1
-----------------------------------

Running with c = 1
Rows offset = (70,151)
Columns offset = (140,221)
PSNR taken 45.74474
SSIM taken 0.99909

Key which was embeded : 10
Result of extraction = 1

Optimal c value for grid = 1
-----------------------------------

Running with c = 1
Rows offset = (140,221)
Columns offset = (0,81)
PSNR taken 52.04695
SSIM taken 0.99968

Key which was embeded : 10
Result of extraction = 1

Optimal c value for grid = 1
-----------------------------------

Running with c = 1
Rows offset = (140,221)
Columns offset = (70,151)
PSNR taken 59.40755
SSIM taken 0.99989

Key which was embeded : 10
Result of extraction = 1

Optimal c value for grid = 1
-----------------------------------

Running with c = 1
Rows offset = (140,221)
Columns offset = (140,221)
PSNR taken 52.04396
SSIM taken 0.99969

Key which was embeded : 10
Result of extraction = 1

Optimal c value for grid = 1
-----------------------------------

Running with c = 1
PSNR = 59.46183002688926
SSIM = 0.9998838351390299
[70, 0]
Finished grid movement

Rows offset = (70,151)
Columns offset = (0,81)
Embed key : 8 in Block 16
Running with c = 1
Rows offset = (0,81)
Columns offset = (0,81)
PSNR taken 59.61641
SSIM taken 0.99985

Key which was embeded : 8
Result of extraction = 1

Optimal c value for grid = 1
-----------------------------------

Running with c = 1
Rows offset = (0,81)
Columns offset = (70,151)
PSNR taken 59.59469
SSIM taken 0.99979

Key which was embeded : 8
Result of extraction = 1

Optimal c value for grid = 1
-----------------------------------

Running with c = 1
Rows offset = (0,81)
Columns offset = (140,221)
PSNR taken 60.72575
SSIM taken 0.99932

Key which was embeded : 8
Result of extraction = 0

Running with c = 100
Rows offset = (0,81)
Columns offset = (140,221)
PSNR taken 40.90334
SSIM taken 0.98255

Key which was embeded : 8
Result of extraction = 1

Running with c = 50
Rows offset = (0,81)
Columns offset = (140,221)
PSNR taken 46.91354
SSIM taken 0.98967

Key which was embeded : 8
Result of extraction = 1

Running with c = 25
Rows offset = (0,81)
Columns offset = (140,221)
PSNR taken 52.54147
SSIM taken 0.99573

Key which was embeded : 8
Result of extraction = 1

Running with c = 13
Rows offset = (0,81)
Columns offset = (140,221)
PSNR taken 56.73008
SSIM taken 0.99841

Key which was embeded : 8
Result of extraction = 1

Running with c = 6
Rows offset = (0,81)
Columns offset = (140,221)
PSNR taken 59.50042
SSIM taken 0.99921

Key which was embeded : 8
Result of extraction = 1

Running with c = 3
Rows offset = (0,81)
Columns offset = (140,221)
PSNR taken 60.36829
SSIM taken 0.99930

Key which was embeded : 8
Result of extraction = 1

Running with c = 2
Rows offset = (0,81)
Columns offset = (140,221)
PSNR taken 60.59679
SSIM taken 0.99931

Key which was embeded : 8
Result of extraction = 1

Running with c = 1
Rows offset = (0,81)
Columns offset = (140,221)
PSNR taken 60.72575
SSIM taken 0.99932

Key which was embeded : 8
Result of extraction = 0

Running with c = 2
Rows offset = (0,81)
Columns offset = (140,221)
PSNR taken 60.59679
SSIM taken 0.99931

Key which was embeded : 8
Result of extraction = 1

Optimal c value for grid = 2
-----------------------------------

Optimal c value for grid = 2
-----------------------------------

Running with c = 1
Rows offset = (70,151)
Columns offset = (0,81)
PSNR taken 59.45433
SSIM taken 0.99983

Key which was embeded : 8
Result of extraction = 1

Optimal c value for grid = 1
-----------------------------------

Running with c = 1
Rows offset = (70,151)
Columns offset = (70,151)
PSNR taken 59.64981
SSIM taken 0.99970

Key which was embeded : 8
Result of extraction = 1

Optimal c value for grid = 1
-----------------------------------

Running with c = 1
Rows offset = (70,151)
Columns offset = (140,221)
PSNR taken 63.58804
SSIM taken 0.99901

Key which was embeded : 8
Result of extraction = 1

Optimal c value for grid = 1
-----------------------------------

Running with c = 1
Rows offset = (140,221)
Columns offset = (0,81)
PSNR taken 59.48591
SSIM taken 0.99978

Key which was embeded : 8
Result of extraction = 1

Optimal c value for grid = 1
-----------------------------------

Running with c = 1
Rows offset = (140,221)
Columns offset = (70,151)
PSNR taken 61.74868
SSIM taken 0.99935

Key which was embeded : 8
Result of extraction = 1

Optimal c value for grid = 1
-----------------------------------

Running with c = 1
Rows offset = (140,221)
Columns offset = (140,221)
PSNR taken 69.27417
SSIM taken 0.99958

Key which was embeded : 8
Result of extraction = 1

Optimal c value for grid = 1
-----------------------------------

Running with c = 1
PSNR = 69.27417081872247
SSIM = 0.9995800998509924
[140, 140]
Finished grid movement

Rows offset = (140,221)
Columns offset = (140,221)
PSNR taken 60.79360
SSIM taken 0.99972

Total positions checked for each block : 9
Key which was embeded : 15
Complete Extraction in block 1

Key which was embeded : 10
Complete Extraction in block 2

Key which was embeded : 9
Complete Extraction in block 3

Key which was embeded : 13
Complete Extraction in block 4

Key which was embeded : 14
Complete Extraction in block 5

Key which was embeded : 10
Complete Extraction in block 6

Key which was embeded : 12
Complete Extraction in block 7

Key which was embeded : 8
Complete Extraction in block 8

Key which was embeded : 10
Complete Extraction in block 9

Key which was embeded : 15
Complete Extraction in block 10

Key which was embeded : 11
Complete Extraction in block 11

Key which was embeded : 11
Complete Extraction in block 12

Key which was embeded : 8
Complete Extraction in block 13

Key which was embeded : 9
Complete Extraction in block 14

Key which was embeded : 10
Complete Extraction in block 15

Key which was embeded : 8
Complete Extraction in block 16

Extraction percentage = 100.0%

Elapsed time = 0.591 mins
Elapsed time = 35.436 seconds

