Embed key : 15 in Block 1
Running with c = 1
Rows offset = (0,63)
Columns offset = (0,63)
PSNR taken 46.85228
SSIM taken 0.99912

Key which was embeded : 15
Result of extraction = 0

Running with c = 100
Rows offset = (0,63)
Columns offset = (0,63)
PSNR taken 36.30471
SSIM taken 0.98581

Key which was embeded : 15
Result of extraction = 1

Running with c = 50
Rows offset = (0,63)
Columns offset = (0,63)
PSNR taken 38.83858
SSIM taken 0.98931

Key which was embeded : 15
Result of extraction = 0

Running with c = 25
Rows offset = (0,63)
Columns offset = (0,63)
PSNR taken 40.77161
SSIM taken 0.99235

Key which was embeded : 15
Result of extraction = 0

Running with c = 13
Rows offset = (0,63)
Columns offset = (0,63)
PSNR taken 43.14693
SSIM taken 0.99535

Key which was embeded : 15
Result of extraction = 0

Running with c = 18
Rows offset = (0,63)
Columns offset = (0,63)
PSNR taken 41.60165
SSIM taken 0.99448

Key which was embeded : 15
Result of extraction = 0

Running with c = 21
Rows offset = (0,63)
Columns offset = (0,63)
PSNR taken 40.96867
SSIM taken 0.99294

Key which was embeded : 15
Result of extraction = 0

Running with c = 22
Rows offset = (0,63)
Columns offset = (0,63)
PSNR taken 40.93395
SSIM taken 0.99289

Key which was embeded : 15
Result of extraction = 0

Running with c = 23
Rows offset = (0,63)
Columns offset = (0,63)
Key which was embeded : 15
Result of extraction = 0

Running with c = 26
Rows offset = (0,63)
Columns offset = (0,63)
Key which was embeded : 15
Result of extraction = 0

Running with c = 29
Rows offset = (0,63)
Columns offset = (0,63)
Key which was embeded : 15
Result of extraction = 0

Running with c = 32
Rows offset = (0,63)
Columns offset = (0,63)
Key which was embeded : 15
Result of extraction = 0

Running with c = 35
Rows offset = (0,63)
Columns offset = (0,63)
Key which was embeded : 15
Result of extraction = 0

Running with c = 38
Rows offset = (0,63)
Columns offset = (0,63)
Key which was embeded : 15
Result of extraction = 0

Running with c = 41
Rows offset = (0,63)
Columns offset = (0,63)
Key which was embeded : 15
Result of extraction = 0

Running with c = 44
Rows offset = (0,63)
Columns offset = (0,63)
Key which was embeded : 15
Result of extraction = 0

Running with c = 47
Rows offset = (0,63)
Columns offset = (0,63)
Key which was embeded : 15
Result of extraction = 0

Running with c = 50
Rows offset = (0,63)
Columns offset = (0,63)
Key which was embeded : 15
Result of extraction = 0

Running with c = 53
Rows offset = (0,63)
Columns offset = (0,63)
Key which was embeded : 15
Result of extraction = 0

Running with c = 56
Rows offset = (0,63)
Columns offset = (0,63)
Key which was embeded : 15
Result of extraction = 0

Running with c = 59
Rows offset = (0,63)
Columns offset = (0,63)
Key which was embeded : 15
Result of extraction = 0

Running with c = 62
Rows offset = (0,63)
Columns offset = (0,63)
Key which was embeded : 15
Result of extraction = 0

Running with c = 65
Rows offset = (0,63)
Columns offset = (0,63)
Key which was embeded : 15
Result of extraction = 0

Running with c = 68
Rows offset = (0,63)
Columns offset = (0,63)
Key which was embeded : 15
Result of extraction = 0

Running with c = 71
Rows offset = (0,63)
Columns offset = (0,63)
Key which was embeded : 15
Result of extraction = 0

Running with c = 74
Rows offset = (0,63)
Columns offset = (0,63)
Key which was embeded : 15
Result of extraction = 0

Running with c = 77
Rows offset = (0,63)
Columns offset = (0,63)
Key which was embeded : 15
Result of extraction = 0

Running with c = 80
Rows offset = (0,63)
Columns offset = (0,63)
Key which was embeded : 15
Result of extraction = 0

Running with c = 83
Rows offset = (0,63)
Columns offset = (0,63)
Key which was embeded : 15
Result of extraction = 1

Optimal c value for grid = 83
-----------------------------------

Optimal c value for grid = 83
-----------------------------------

Running with c = 1
Rows offset = (0,63)
Columns offset = (50,113)
PSNR taken 56.17895
SSIM taken 0.99935

Key which was embeded : 15
Result of extraction = 0

Running with c = 100
Rows offset = (0,63)
Columns offset = (50,113)
PSNR taken 36.22110
SSIM taken 0.98361

Key which was embeded : 15
Result of extraction = 0

Running with c = 50
Rows offset = (0,63)
Columns offset = (50,113)
PSNR taken 40.22358
SSIM taken 0.98732

Key which was embeded : 15
Result of extraction = 0

Running with c = 25
Rows offset = (0,63)
Columns offset = (50,113)
PSNR taken 46.04217
SSIM taken 0.99274

Key which was embeded : 15
Result of extraction = 0

Running with c = 13
Rows offset = (0,63)
Columns offset = (50,113)
PSNR taken 49.49544
SSIM taken 0.99513

Key which was embeded : 15
Result of extraction = 0

Running with c = 18
Rows offset = (0,63)
Columns offset = (50,113)
PSNR taken 47.98864
SSIM taken 0.99406

Key which was embeded : 15
Result of extraction = 0

Running with c = 21
Rows offset = (0,63)
Columns offset = (50,113)
PSNR taken 47.16726
SSIM taken 0.99351

Key which was embeded : 15
Result of extraction = 0

Running with c = 22
Rows offset = (0,63)
Columns offset = (50,113)
PSNR taken 46.92373
SSIM taken 0.99339

Key which was embeded : 15
Result of extraction = 0

Running with c = 23
Rows offset = (0,63)
Columns offset = (50,113)
Key which was embeded : 15
Result of extraction = 0

Running with c = 26
Rows offset = (0,63)
Columns offset = (50,113)
Key which was embeded : 15
Result of extraction = 0

Running with c = 29
Rows offset = (0,63)
Columns offset = (50,113)
Key which was embeded : 15
Result of extraction = 0

Running with c = 32
Rows offset = (0,63)
Columns offset = (50,113)
Key which was embeded : 15
Result of extraction = 1

Optimal c value for grid = 32
-----------------------------------

Optimal c value for grid = 32
-----------------------------------

Running with c = 1
Rows offset = (0,63)
Columns offset = (100,163)
PSNR taken 59.99472
SSIM taken 0.99969

Key which was embeded : 15
Result of extraction = 1

Optimal c value for grid = 1
-----------------------------------

Running with c = 1
Rows offset = (0,63)
Columns offset = (150,213)
PSNR taken 55.70517
SSIM taken 0.99911

Key which was embeded : 15
Result of extraction = 1

Optimal c value for grid = 1
-----------------------------------

Running with c = 1
Rows offset = (0,63)
Columns offset = (200,263)
PSNR taken 57.55607
SSIM taken 0.99943

Key which was embeded : 15
Result of extraction = 1

Optimal c value for grid = 1
-----------------------------------

Running with c = 1
Rows offset = (0,63)
Columns offset = (250,313)
PSNR taken 57.00667
SSIM taken 0.99938

Key which was embeded : 15
Result of extraction = 1

Optimal c value for grid = 1
-----------------------------------

Running with c = 1
Rows offset = (50,113)
Columns offset = (0,63)
PSNR taken 45.04851
SSIM taken 0.99886

Key which was embeded : 15
Result of extraction = 0

Running with c = 100
Rows offset = (50,113)
Columns offset = (0,63)
PSNR taken 35.04208
SSIM taken 0.98345

Key which was embeded : 15
Result of extraction = 0

Running with c = 50
Rows offset = (50,113)
Columns offset = (0,63)
PSNR taken 38.76951
SSIM taken 0.98842

Key which was embeded : 15
Result of extraction = 0

Running with c = 25
Rows offset = (50,113)
Columns offset = (0,63)
PSNR taken 41.30007
SSIM taken 0.99186

Key which was embeded : 15
Result of extraction = 0

Running with c = 13
Rows offset = (50,113)
Columns offset = (0,63)
PSNR taken 42.94287
SSIM taken 0.99456

Key which was embeded : 15
Result of extraction = 0

Running with c = 18
Rows offset = (50,113)
Columns offset = (0,63)
PSNR taken 42.51104
SSIM taken 0.99368

Key which was embeded : 15
Result of extraction = 0

Running with c = 21
Rows offset = (50,113)
Columns offset = (0,63)
PSNR taken 42.23443
SSIM taken 0.99319

Key which was embeded : 15
Result of extraction = 0

Running with c = 22
Rows offset = (50,113)
Columns offset = (0,63)
PSNR taken 42.14994
SSIM taken 0.99311

Key which was embeded : 15
Result of extraction = 0

Running with c = 23
Rows offset = (50,113)
Columns offset = (0,63)
Key which was embeded : 15
Result of extraction = 0

Running with c = 26
Rows offset = (50,113)
Columns offset = (0,63)
Key which was embeded : 15
Result of extraction = 0

Running with c = 29
Rows offset = (50,113)
Columns offset = (0,63)
Key which was embeded : 15
Result of extraction = 0

Running with c = 32
Rows offset = (50,113)
Columns offset = (0,63)
Key which was embeded : 15
Result of extraction = 0

Running with c = 35
Rows offset = (50,113)
Columns offset = (0,63)
Key which was embeded : 15
Result of extraction = 0

Running with c = 38
Rows offset = (50,113)
Columns offset = (0,63)
Key which was embeded : 15
Result of extraction = 0

Running with c = 41
Rows offset = (50,113)
Columns offset = (0,63)
Key which was embeded : 15
Result of extraction = 0

Running with c = 44
Rows offset = (50,113)
Columns offset = (0,63)
Key which was embeded : 15
Result of extraction = 0

Running with c = 47
Rows offset = (50,113)
Columns offset = (0,63)
Key which was embeded : 15
Result of extraction = 0

Running with c = 50
Rows offset = (50,113)
Columns offset = (0,63)
Key which was embeded : 15
Result of extraction = 0

Running with c = 53
Rows offset = (50,113)
Columns offset = (0,63)
Key which was embeded : 15
Result of extraction = 0

Running with c = 56
Rows offset = (50,113)
Columns offset = (0,63)
Key which was embeded : 15
Result of extraction = 0

Running with c = 59
Rows offset = (50,113)
Columns offset = (0,63)
Key which was embeded : 15
Result of extraction = 0

Running with c = 62
Rows offset = (50,113)
Columns offset = (0,63)
Key which was embeded : 15
Result of extraction = 0

Running with c = 65
Rows offset = (50,113)
Columns offset = (0,63)
Key which was embeded : 15
Result of extraction = 0

Running with c = 68
Rows offset = (50,113)
Columns offset = (0,63)
Key which was embeded : 15
Result of extraction = 0

Running with c = 71
Rows offset = (50,113)
Columns offset = (0,63)
Key which was embeded : 15
Result of extraction = 0

Running with c = 74
Rows offset = (50,113)
Columns offset = (0,63)
Key which was embeded : 15
Result of extraction = 0

Running with c = 77
Rows offset = (50,113)
Columns offset = (0,63)
Key which was embeded : 15
Result of extraction = 0

Running with c = 80
Rows offset = (50,113)
Columns offset = (0,63)
Key which was embeded : 15
Result of extraction = 0

Running with c = 83
Rows offset = (50,113)
Columns offset = (0,63)
Key which was embeded : 15
Result of extraction = 0

Running with c = 86
Rows offset = (50,113)
Columns offset = (0,63)
Key which was embeded : 15
Result of extraction = 0

Running with c = 89
Rows offset = (50,113)
Columns offset = (0,63)
Key which was embeded : 15
Result of extraction = 0

Running with c = 92
Rows offset = (50,113)
Columns offset = (0,63)
Key which was embeded : 15
Result of extraction = 0

Running with c = 95
Rows offset = (50,113)
Columns offset = (0,63)
Key which was embeded : 15
Result of extraction = 0

Running with c = 98
Rows offset = (50,113)
Columns offset = (0,63)
Key which was embeded : 15
Result of extraction = 0

Running with c = 101
Rows offset = (50,113)
Columns offset = (0,63)
Key which was embeded : 15
Result of extraction = 0

Running with c = 1
Rows offset = (50,113)
Columns offset = (0,63)
Optimal c value for grid = 1
-----------------------------------

Optimal c value for grid = 1
-----------------------------------

Running with c = 1
Rows offset = (50,113)
Columns offset = (50,113)
PSNR taken 59.95896
SSIM taken 0.99966

Key which was embeded : 15
Result of extraction = 1

Optimal c value for grid = 1
-----------------------------------

Running with c = 1
Rows offset = (50,113)
Columns offset = (100,163)
PSNR taken 52.60599
SSIM taken 0.99876

Key which was embeded : 15
Result of extraction = 1

Optimal c value for grid = 1
-----------------------------------

Running with c = 1
Rows offset = (50,113)
Columns offset = (150,213)
PSNR taken 59.33055
SSIM taken 0.99946

Key which was embeded : 15
Result of extraction = 1

Optimal c value for grid = 1
-----------------------------------

Running with c = 1
Rows offset = (50,113)
Columns offset = (200,263)
PSNR taken 59.36113
SSIM taken 0.99950

Key which was embeded : 15
Result of extraction = 1

Optimal c value for grid = 1
-----------------------------------

Running with c = 1
Rows offset = (50,113)
Columns offset = (250,313)
PSNR taken 59.21128
SSIM taken 0.99946

Key which was embeded : 15
Result of extraction = 1

Optimal c value for grid = 1
-----------------------------------

Running with c = 1
Rows offset = (100,163)
Columns offset = (0,63)
PSNR taken 59.92236
SSIM taken 0.99968

Key which was embeded : 15
Result of extraction = 1

Optimal c value for grid = 1
-----------------------------------

Running with c = 1
Rows offset = (100,163)
Columns offset = (50,113)
PSNR taken 55.76539
SSIM taken 0.99913

Key which was embeded : 15
Result of extraction = 1

Optimal c value for grid = 1
-----------------------------------

Running with c = 1
Rows offset = (100,163)
Columns offset = (100,163)
PSNR taken 59.36247
SSIM taken 0.99949

Key which was embeded : 15
Result of extraction = 1

Optimal c value for grid = 1
-----------------------------------

Running with c = 1
Rows offset = (100,163)
Columns offset = (150,213)
PSNR taken 59.44637
SSIM taken 0.99946

Key which was embeded : 15
Result of extraction = 1

Optimal c value for grid = 1
-----------------------------------

Running with c = 1
Rows offset = (100,163)
Columns offset = (200,263)
PSNR taken 59.49221
SSIM taken 0.99949

Key which was embeded : 15
Result of extraction = 1

Optimal c value for grid = 1
-----------------------------------

Running with c = 1
Rows offset = (100,163)
Columns offset = (250,313)
PSNR taken 59.45557
SSIM taken 0.99945

Key which was embeded : 15
Result of extraction = 1

Optimal c value for grid = 1
-----------------------------------

Running with c = 1
PSNR = 59.99471576563404
SSIM = 0.9996891142019124
[0, 100]
Finished grid movement

Rows offset = (0,63)
Columns offset = (100,163)
Embed key : 10 in Block 2
Running with c = 1
Rows offset = (0,63)
Columns offset = (0,63)
PSNR taken 56.83305
SSIM taken 0.99952

Key which was embeded : 10
Result of extraction = 1

Optimal c value for grid = 1
-----------------------------------

Running with c = 1
Rows offset = (0,63)
Columns offset = (50,113)
PSNR taken 56.53989
SSIM taken 0.99953

Key which was embeded : 10
Result of extraction = 1

Optimal c value for grid = 1
-----------------------------------

Running with c = 1
Rows offset = (0,63)
Columns offset = (100,163)
PSNR taken 56.26592
SSIM taken 0.99953

Key which was embeded : 10
Result of extraction = 1

Optimal c value for grid = 1
-----------------------------------

Running with c = 1
Rows offset = (0,63)
Columns offset = (150,213)
PSNR taken 56.15481
SSIM taken 0.99948

Key which was embeded : 10
Result of extraction = 1

Optimal c value for grid = 1
-----------------------------------

Running with c = 1
Rows offset = (0,63)
Columns offset = (200,263)
PSNR taken 56.21114
SSIM taken 0.99951

Key which was embeded : 10
Result of extraction = 1

Optimal c value for grid = 1
-----------------------------------

Running with c = 1
Rows offset = (0,63)
Columns offset = (250,313)
PSNR taken 55.95353
SSIM taken 0.99951

Key which was embeded : 10
Result of extraction = 1

Optimal c value for grid = 1
-----------------------------------

Running with c = 1
Rows offset = (50,113)
Columns offset = (0,63)
PSNR taken 59.34515
SSIM taken 0.99962

Key which was embeded : 10
Result of extraction = 1

Optimal c value for grid = 1
-----------------------------------

Running with c = 1
Rows offset = (50,113)
Columns offset = (50,113)
PSNR taken 59.08141
SSIM taken 0.99952

Key which was embeded : 10
Result of extraction = 1

Optimal c value for grid = 1
-----------------------------------

Running with c = 1
Rows offset = (50,113)
Columns offset = (100,163)
PSNR taken 59.01898
SSIM taken 0.99951

Key which was embeded : 10
Result of extraction = 1

Optimal c value for grid = 1
-----------------------------------

Running with c = 1
Rows offset = (50,113)
Columns offset = (150,213)
PSNR taken 59.33983
SSIM taken 0.99955

Key which was embeded : 10
Result of extraction = 1

Optimal c value for grid = 1
-----------------------------------

Running with c = 1
Rows offset = (50,113)
Columns offset = (200,263)
PSNR taken 59.54723
SSIM taken 0.99960

Key which was embeded : 10
Result of extraction = 1

Optimal c value for grid = 1
-----------------------------------

Running with c = 1
Rows offset = (50,113)
Columns offset = (250,313)
PSNR taken 59.53436
SSIM taken 0.99960

Key which was embeded : 10
Result of extraction = 1

Optimal c value for grid = 1
-----------------------------------

Running with c = 1
Rows offset = (100,163)
Columns offset = (0,63)
PSNR taken 59.42499
SSIM taken 0.99963

Key which was embeded : 10
Result of extraction = 1

Optimal c value for grid = 1
-----------------------------------

Running with c = 1
Rows offset = (100,163)
Columns offset = (50,113)
PSNR taken 46.30962
SSIM taken 0.99902

Key which was embeded : 10
Result of extraction = 1

Optimal c value for grid = 1
-----------------------------------

Running with c = 1
Rows offset = (100,163)
Columns offset = (100,163)
PSNR taken 59.11911
SSIM taken 0.99952

Key which was embeded : 10
Result of extraction = 1

Optimal c value for grid = 1
-----------------------------------

Running with c = 1
Rows offset = (100,163)
Columns offset = (150,213)
PSNR taken 59.34980
SSIM taken 0.99959

Key which was embeded : 10
Result of extraction = 1

Optimal c value for grid = 1
-----------------------------------

Running with c = 1
Rows offset = (100,163)
Columns offset = (200,263)
PSNR taken 59.59908
SSIM taken 0.99961

Key which was embeded : 10
Result of extraction = 1

Optimal c value for grid = 1
-----------------------------------

Running with c = 1
Rows offset = (100,163)
Columns offset = (250,313)
PSNR taken 59.68629
SSIM taken 0.99963

Key which was embeded : 10
Result of extraction = 1

Optimal c value for grid = 1
-----------------------------------

Running with c = 1
PSNR = 59.686290737384866
SSIM = 0.9996265693002419
[100, 250]
Finished grid movement

Rows offset = (100,163)
Columns offset = (250,313)
Embed key : 9 in Block 3
Running with c = 1
Rows offset = (0,63)
Columns offset = (0,63)
PSNR taken 55.77678
SSIM taken 0.99949

Key which was embeded : 9
Result of extraction = 1

Optimal c value for grid = 1
-----------------------------------

Running with c = 1
Rows offset = (0,63)
Columns offset = (50,113)
PSNR taken 55.93166
SSIM taken 0.99946

Key which was embeded : 9
Result of extraction = 1

Optimal c value for grid = 1
-----------------------------------

Running with c = 1
Rows offset = (0,63)
Columns offset = (100,163)
PSNR taken 55.70114
SSIM taken 0.99950

Key which was embeded : 9
Result of extraction = 1

Optimal c value for grid = 1
-----------------------------------

Running with c = 1
Rows offset = (0,63)
Columns offset = (150,213)
PSNR taken 55.76029
SSIM taken 0.99945

Key which was embeded : 9
Result of extraction = 1

Optimal c value for grid = 1
-----------------------------------

Running with c = 1
Rows offset = (0,63)
Columns offset = (200,263)
PSNR taken 55.90689
SSIM taken 0.99947

Key which was embeded : 9
Result of extraction = 1

Optimal c value for grid = 1
-----------------------------------

Running with c = 1
Rows offset = (0,63)
Columns offset = (250,313)
PSNR taken 55.77400
SSIM taken 0.99950

Key which was embeded : 9
Result of extraction = 1

Optimal c value for grid = 1
-----------------------------------

Running with c = 1
Rows offset = (50,113)
Columns offset = (0,63)
PSNR taken 59.26772
SSIM taken 0.99959

Key which was embeded : 9
Result of extraction = 1

Optimal c value for grid = 1
-----------------------------------

Running with c = 1
Rows offset = (50,113)
Columns offset = (50,113)
PSNR taken 59.52361
SSIM taken 0.99960

Key which was embeded : 9
Result of extraction = 1

Optimal c value for grid = 1
-----------------------------------

Running with c = 1
Rows offset = (50,113)
Columns offset = (100,163)
PSNR taken 59.50840
SSIM taken 0.99960

Key which was embeded : 9
Result of extraction = 1

Optimal c value for grid = 1
-----------------------------------

Running with c = 1
Rows offset = (50,113)
Columns offset = (150,213)
PSNR taken 59.53645
SSIM taken 0.99962

Key which was embeded : 9
Result of extraction = 1

Optimal c value for grid = 1
-----------------------------------

Running with c = 1
Rows offset = (50,113)
Columns offset = (200,263)
PSNR taken 59.43821
SSIM taken 0.99956

Key which was embeded : 9
Result of extraction = 1

Optimal c value for grid = 1
-----------------------------------

Running with c = 1
Rows offset = (50,113)
Columns offset = (250,313)
PSNR taken 59.69061
SSIM taken 0.99961

Key which was embeded : 9
Result of extraction = 1

Optimal c value for grid = 1
-----------------------------------

Running with c = 1
Rows offset = (100,163)
Columns offset = (0,63)
PSNR taken 59.53506
SSIM taken 0.99965

Key which was embeded : 9
Result of extraction = 1

Optimal c value for grid = 1
-----------------------------------

Running with c = 1
Rows offset = (100,163)
Columns offset = (50,113)
PSNR taken 59.39799
SSIM taken 0.99957

Key which was embeded : 9
Result of extraction = 1

Optimal c value for grid = 1
-----------------------------------

Running with c = 1
Rows offset = (100,163)
Columns offset = (100,163)
PSNR taken 59.50874
SSIM taken 0.99961

Key which was embeded : 9
Result of extraction = 1

Optimal c value for grid = 1
-----------------------------------

Running with c = 1
Rows offset = (100,163)
Columns offset = (150,213)
PSNR taken 59.38858
SSIM taken 0.99959

Key which was embeded : 9
Result of extraction = 1

Optimal c value for grid = 1
-----------------------------------

Running with c = 1
Rows offset = (100,163)
Columns offset = (200,263)
PSNR taken 59.62878
SSIM taken 0.99962

Key which was embeded : 9
Result of extraction = 1

Optimal c value for grid = 1
-----------------------------------

Running with c = 1
Rows offset = (100,163)
Columns offset = (250,313)
PSNR taken 59.63517
SSIM taken 0.99960

Key which was embeded : 9
Result of extraction = 1

Optimal c value for grid = 1
-----------------------------------

Running with c = 1
PSNR = 59.69060778030399
SSIM = 0.9996055909552174
[50, 250]
Finished grid movement

Rows offset = (50,113)
Columns offset = (250,313)
Embed key : 13 in Block 4
Running with c = 1
Rows offset = (0,63)
Columns offset = (0,63)
PSNR taken 56.60449
SSIM taken 0.99952

Key which was embeded : 13
Result of extraction = 1

Optimal c value for grid = 1
-----------------------------------

Running with c = 1
Rows offset = (0,63)
Columns offset = (50,113)
PSNR taken 55.98424
SSIM taken 0.99932

Key which was embeded : 13
Result of extraction = 1

Optimal c value for grid = 1
-----------------------------------

Running with c = 1
Rows offset = (0,63)
Columns offset = (100,163)
PSNR taken 51.31075
SSIM taken 0.99894

Key which was embeded : 13
Result of extraction = 1

Optimal c value for grid = 1
-----------------------------------

Running with c = 1
Rows offset = (0,63)
Columns offset = (150,213)
PSNR taken 53.03018
SSIM taken 0.99926

Key which was embeded : 13
Result of extraction = 0

Running with c = 100
Rows offset = (0,63)
Columns offset = (150,213)
PSNR taken 34.56015
SSIM taken 0.98438

Key which was embeded : 13
Result of extraction = 0

Running with c = 50
Rows offset = (0,63)
Columns offset = (150,213)
PSNR taken 39.07699
SSIM taken 0.98849

Key which was embeded : 13
Result of extraction = 1

Running with c = 25
Rows offset = (0,63)
Columns offset = (150,213)
PSNR taken 42.46936
SSIM taken 0.99218

Key which was embeded : 13
Result of extraction = 1

Running with c = 13
Rows offset = (0,63)
Columns offset = (150,213)
PSNR taken 46.27082
SSIM taken 0.99574

Key which was embeded : 13
Result of extraction = 0

Running with c = 18
Rows offset = (0,63)
Columns offset = (150,213)
PSNR taken 44.08592
SSIM taken 0.99432

Key which was embeded : 13
Result of extraction = 0

Running with c = 21
Rows offset = (0,63)
Columns offset = (150,213)
PSNR taken 42.90878
SSIM taken 0.99311

Key which was embeded : 13
Result of extraction = 1

Optimal c value for grid = 20
-----------------------------------

Optimal c value for grid = 20
-----------------------------------

Running with c = 1
Rows offset = (0,63)
Columns offset = (200,263)
PSNR taken 45.01162
SSIM taken 0.99930

Key which was embeded : 13
Result of extraction = 1

Optimal c value for grid = 1
-----------------------------------

Running with c = 1
Rows offset = (0,63)
Columns offset = (250,313)
PSNR taken 57.78527
SSIM taken 0.99957

Key which was embeded : 13
Result of extraction = 1

Optimal c value for grid = 1
-----------------------------------

Running with c = 1
Rows offset = (50,113)
Columns offset = (0,63)
PSNR taken 59.49083
SSIM taken 0.99955

Key which was embeded : 13
Result of extraction = 1

Optimal c value for grid = 1
-----------------------------------

Running with c = 1
Rows offset = (50,113)
Columns offset = (50,113)
PSNR taken 58.87881
SSIM taken 0.99949

Key which was embeded : 13
Result of extraction = 1

Optimal c value for grid = 1
-----------------------------------

Running with c = 1
Rows offset = (50,113)
Columns offset = (100,163)
PSNR taken 59.23584
SSIM taken 0.99952

Key which was embeded : 13
Result of extraction = 1

Optimal c value for grid = 1
-----------------------------------

Running with c = 1
Rows offset = (50,113)
Columns offset = (150,213)
PSNR taken 52.48336
SSIM taken 0.99892

Key which was embeded : 13
Result of extraction = 1

Optimal c value for grid = 1
-----------------------------------

Running with c = 1
Rows offset = (50,113)
Columns offset = (200,263)
PSNR taken 57.14905
SSIM taken 0.99946

Key which was embeded : 13
Result of extraction = 1

Optimal c value for grid = 1
-----------------------------------

Running with c = 1
Rows offset = (50,113)
Columns offset = (250,313)
PSNR taken 57.54749
SSIM taken 0.99969

Key which was embeded : 13
Result of extraction = 1

Optimal c value for grid = 1
-----------------------------------

Running with c = 1
Rows offset = (100,163)
Columns offset = (0,63)
PSNR taken 59.17021
SSIM taken 0.99953

Key which was embeded : 13
Result of extraction = 1

Optimal c value for grid = 1
-----------------------------------

Running with c = 1
Rows offset = (100,163)
Columns offset = (50,113)
PSNR taken 59.55699
SSIM taken 0.99957

Key which was embeded : 13
Result of extraction = 1

Optimal c value for grid = 1
-----------------------------------

Running with c = 1
Rows offset = (100,163)
Columns offset = (100,163)
PSNR taken 59.40371
SSIM taken 0.99952

Key which was embeded : 13
Result of extraction = 1

Optimal c value for grid = 1
-----------------------------------

Running with c = 1
Rows offset = (100,163)
Columns offset = (150,213)
PSNR taken 59.56363
SSIM taken 0.99955

Key which was embeded : 13
Result of extraction = 1

Optimal c value for grid = 1
-----------------------------------

Running with c = 1
Rows offset = (100,163)
Columns offset = (200,263)
PSNR taken 53.91983
SSIM taken 0.99909

Key which was embeded : 13
Result of extraction = 1

Optimal c value for grid = 1
-----------------------------------

Running with c = 1
Rows offset = (100,163)
Columns offset = (250,313)
PSNR taken 56.81705
SSIM taken 0.99946

Key which was embeded : 13
Result of extraction = 1

Optimal c value for grid = 1
-----------------------------------

Running with c = 1
PSNR = 59.563626562902826
SSIM = 0.9995451584510757
[100, 150]
Finished grid movement

Rows offset = (100,163)
Columns offset = (150,213)
Embed key : 14 in Block 5
Running with c = 1
Rows offset = (0,63)
Columns offset = (0,63)
PSNR taken 55.74343
SSIM taken 0.99946

Key which was embeded : 14
Result of extraction = 1

Optimal c value for grid = 1
-----------------------------------

Running with c = 1
Rows offset = (0,63)
Columns offset = (50,113)
PSNR taken 59.36814
SSIM taken 0.99964

Key which was embeded : 14
Result of extraction = 1

Optimal c value for grid = 1
-----------------------------------

Running with c = 1
Rows offset = (0,63)
Columns offset = (100,163)
PSNR taken 59.03876
SSIM taken 0.99956

Key which was embeded : 14
Result of extraction = 1

Optimal c value for grid = 1
-----------------------------------

Running with c = 1
Rows offset = (0,63)
Columns offset = (150,213)
PSNR taken 59.25175
SSIM taken 0.99962

Key which was embeded : 14
Result of extraction = 1

Optimal c value for grid = 1
-----------------------------------

Running with c = 1
Rows offset = (0,63)
Columns offset = (200,263)
PSNR taken 59.47231
SSIM taken 0.99963

Key which was embeded : 14
Result of extraction = 1

Optimal c value for grid = 1
-----------------------------------

Running with c = 1
Rows offset = (0,63)
Columns offset = (250,313)
PSNR taken 59.02886
SSIM taken 0.99958

Key which was embeded : 14
Result of extraction = 1

Optimal c value for grid = 1
-----------------------------------

Running with c = 1
Rows offset = (50,113)
Columns offset = (0,63)
PSNR taken 59.15301
SSIM taken 0.99965

Key which was embeded : 14
Result of extraction = 1

Optimal c value for grid = 1
-----------------------------------

Running with c = 1
Rows offset = (50,113)
Columns offset = (50,113)
PSNR taken 59.13999
SSIM taken 0.99957

Key which was embeded : 14
Result of extraction = 1

Optimal c value for grid = 1
-----------------------------------

Running with c = 1
Rows offset = (50,113)
Columns offset = (100,163)
PSNR taken 59.37316
SSIM taken 0.99961

Key which was embeded : 14
Result of extraction = 1

Optimal c value for grid = 1
-----------------------------------

Running with c = 1
Rows offset = (50,113)
Columns offset = (150,213)
PSNR taken 59.39933
SSIM taken 0.99959

Key which was embeded : 14
Result of extraction = 1

Optimal c value for grid = 1
-----------------------------------

Running with c = 1
Rows offset = (50,113)
Columns offset = (200,263)
PSNR taken 59.47950
SSIM taken 0.99956

Key which was embeded : 14
Result of extraction = 1

Optimal c value for grid = 1
-----------------------------------

Running with c = 1
Rows offset = (50,113)
Columns offset = (250,313)
PSNR taken 38.40382
SSIM taken 0.99679

Key which was embeded : 14
Result of extraction = 1

Optimal c value for grid = 1
-----------------------------------

Running with c = 1
Rows offset = (100,163)
Columns offset = (0,63)
PSNR taken 59.36347
SSIM taken 0.99966

Key which was embeded : 14
Result of extraction = 1

Optimal c value for grid = 1
-----------------------------------

Running with c = 1
Rows offset = (100,163)
Columns offset = (50,113)
PSNR taken 58.97450
SSIM taken 0.99956

Key which was embeded : 14
Result of extraction = 1

Optimal c value for grid = 1
-----------------------------------

Running with c = 1
Rows offset = (100,163)
Columns offset = (100,163)
PSNR taken 59.13777
SSIM taken 0.99955

Key which was embeded : 14
Result of extraction = 1

Optimal c value for grid = 1
-----------------------------------

Running with c = 1
Rows offset = (100,163)
Columns offset = (150,213)
PSNR taken 59.27917
SSIM taken 0.99954

Key which was embeded : 14
Result of extraction = 1

Optimal c value for grid = 1
-----------------------------------

Running with c = 1
Rows offset = (100,163)
Columns offset = (200,263)
PSNR taken 59.59767
SSIM taken 0.99960

Key which was embeded : 14
Result of extraction = 1

Optimal c value for grid = 1
-----------------------------------

Running with c = 1
Rows offset = (100,163)
Columns offset = (250,313)
PSNR taken 58.95987
SSIM taken 0.99962

Key which was embeded : 14
Result of extraction = 1

Optimal c value for grid = 1
-----------------------------------

Running with c = 1
PSNR = 59.59766703029251
SSIM = 0.9995986581953286
[100, 200]
Finished grid movement

Rows offset = (100,163)
Columns offset = (200,263)
Embed key : 10 in Block 6
Running with c = 1
Rows offset = (0,63)
Columns offset = (0,63)
PSNR taken 47.35303
SSIM taken 0.99899

Key which was embeded : 10
Result of extraction = 1

Optimal c value for grid = 1
-----------------------------------

Running with c = 1
Rows offset = (0,63)
Columns offset = (50,113)
PSNR taken 48.85205
SSIM taken 0.99909

Key which was embeded : 10
Result of extraction = 1

Optimal c value for grid = 1
-----------------------------------

Running with c = 1
Rows offset = (0,63)
Columns offset = (100,163)
PSNR taken 42.94391
SSIM taken 0.99803

Key which was embeded : 10
Result of extraction = 0

Running with c = 100
Rows offset = (0,63)
Columns offset = (100,163)
PSNR taken 31.46412
SSIM taken 0.98168

Key which was embeded : 10
Result of extraction = 0

Running with c = 50
Rows offset = (0,63)
Columns offset = (100,163)
PSNR taken 34.64198
SSIM taken 0.98488

Key which was embeded : 10
Result of extraction = 0

Running with c = 25
Rows offset = (0,63)
Columns offset = (100,163)
PSNR taken 37.56090
SSIM taken 0.98957

Key which was embeded : 10
Result of extraction = 0

Running with c = 13
Rows offset = (0,63)
Columns offset = (100,163)
PSNR taken 40.01666
SSIM taken 0.99403

Key which was embeded : 10
Result of extraction = 1

Running with c = 6
Rows offset = (0,63)
Columns offset = (100,163)
PSNR taken 41.75961
SSIM taken 0.99677

Key which was embeded : 10
Result of extraction = 1

Running with c = 3
Rows offset = (0,63)
Columns offset = (100,163)
PSNR taken 42.54907
SSIM taken 0.99759

Key which was embeded : 10
Result of extraction = 0

Running with c = 6
Rows offset = (0,63)
Columns offset = (100,163)
PSNR taken 41.75961
SSIM taken 0.99677

Key which was embeded : 10
Result of extraction = 1

Optimal c value for grid = 6
-----------------------------------

Optimal c value for grid = 6
-----------------------------------

Running with c = 1
Rows offset = (0,63)
Columns offset = (150,213)
PSNR taken 57.79992
SSIM taken 0.99944

Key which was embeded : 10
Result of extraction = 1

Optimal c value for grid = 1
-----------------------------------

Running with c = 1
Rows offset = (0,63)
Columns offset = (200,263)
PSNR taken 58.53840
SSIM taken 0.99937

Key which was embeded : 10
Result of extraction = 1

Optimal c value for grid = 1
-----------------------------------

Running with c = 1
Rows offset = (0,63)
Columns offset = (250,313)
PSNR taken 58.34300
SSIM taken 0.99934

Key which was embeded : 10
Result of extraction = 1

Optimal c value for grid = 1
-----------------------------------

Running with c = 1
Rows offset = (50,113)
Columns offset = (0,63)
PSNR taken 45.31517
SSIM taken 0.99884

Key which was embeded : 10
Result of extraction = 1

Optimal c value for grid = 1
-----------------------------------

Running with c = 1
Rows offset = (50,113)
Columns offset = (50,113)
PSNR taken 43.81450
SSIM taken 0.99831

Key which was embeded : 10
Result of extraction = 1

Optimal c value for grid = 1
-----------------------------------

Running with c = 1
Rows offset = (50,113)
Columns offset = (100,163)
PSNR taken 59.15046
SSIM taken 0.99933

Key which was embeded : 10
Result of extraction = 1

Optimal c value for grid = 1
-----------------------------------

Running with c = 1
Rows offset = (50,113)
Columns offset = (150,213)
PSNR taken 58.97236
SSIM taken 0.99937

Key which was embeded : 10
Result of extraction = 1

Optimal c value for grid = 1
-----------------------------------

Running with c = 1
Rows offset = (50,113)
Columns offset = (200,263)
PSNR taken 58.95197
SSIM taken 0.99928

Key which was embeded : 10
Result of extraction = 1

Optimal c value for grid = 1
-----------------------------------

Running with c = 1
Rows offset = (50,113)
Columns offset = (250,313)
PSNR taken 58.91719
SSIM taken 0.99930

Key which was embeded : 10
Result of extraction = 1

Optimal c value for grid = 1
-----------------------------------

Running with c = 1
Rows offset = (100,163)
Columns offset = (0,63)
PSNR taken 47.53556
SSIM taken 0.99919

Key which was embeded : 10
Result of extraction = 1

Optimal c value for grid = 1
-----------------------------------

Running with c = 1
Rows offset = (100,163)
Columns offset = (50,113)
PSNR taken 59.19326
SSIM taken 0.99924

Key which was embeded : 10
Result of extraction = 1

Optimal c value for grid = 1
-----------------------------------

Running with c = 1
Rows offset = (100,163)
Columns offset = (100,163)
PSNR taken 59.48259
SSIM taken 0.99930

Key which was embeded : 10
Result of extraction = 1

Optimal c value for grid = 1
-----------------------------------

Running with c = 1
Rows offset = (100,163)
Columns offset = (150,213)
PSNR taken 58.45555
SSIM taken 0.99919

Key which was embeded : 10
Result of extraction = 1

Optimal c value for grid = 1
-----------------------------------

Running with c = 1
Rows offset = (100,163)
Columns offset = (200,263)
PSNR taken 59.46000
SSIM taken 0.99936

Key which was embeded : 10
Result of extraction = 1

Optimal c value for grid = 1
-----------------------------------

Running with c = 1
Rows offset = (100,163)
Columns offset = (250,313)
PSNR taken 58.04027
SSIM taken 0.99925

Key which was embeded : 10
Result of extraction = 1

Optimal c value for grid = 1
-----------------------------------

Running with c = 1
PSNR = 59.482590076722566
SSIM = 0.999304516723542
[100, 100]
Finished grid movement

Rows offset = (100,163)
Columns offset = (100,163)
Embed key : 12 in Block 7
Running with c = 1
Rows offset = (0,63)
Columns offset = (0,63)
PSNR taken 46.58022
SSIM taken 0.99919

Key which was embeded : 12
Result of extraction = 1

Optimal c value for grid = 1
-----------------------------------

Running with c = 1
Rows offset = (0,63)
Columns offset = (50,113)
PSNR taken 59.26936
SSIM taken 0.99946

Key which was embeded : 12
Result of extraction = 1

Optimal c value for grid = 1
-----------------------------------

Running with c = 1
Rows offset = (0,63)
Columns offset = (100,163)
PSNR taken 59.62523
SSIM taken 0.99950

Key which was embeded : 12
Result of extraction = 1

Optimal c value for grid = 1
-----------------------------------

Running with c = 1
Rows offset = (0,63)
Columns offset = (150,213)
PSNR taken 59.56957
SSIM taken 0.99951

Key which was embeded : 12
Result of extraction = 1

Optimal c value for grid = 1
-----------------------------------

Running with c = 1
Rows offset = (0,63)
Columns offset = (200,263)
PSNR taken 59.25957
SSIM taken 0.99944

Key which was embeded : 12
Result of extraction = 1

Optimal c value for grid = 1
-----------------------------------

Running with c = 1
Rows offset = (0,63)
Columns offset = (250,313)
PSNR taken 59.29228
SSIM taken 0.99946

Key which was embeded : 12
Result of extraction = 1

Optimal c value for grid = 1
-----------------------------------

Running with c = 1
Rows offset = (50,113)
Columns offset = (0,63)
PSNR taken 59.31368
SSIM taken 0.99945

Key which was embeded : 12
Result of extraction = 1

Optimal c value for grid = 1
-----------------------------------

Running with c = 1
Rows offset = (50,113)
Columns offset = (50,113)
PSNR taken 58.40948
SSIM taken 0.99927

Key which was embeded : 12
Result of extraction = 1

Optimal c value for grid = 1
-----------------------------------

Running with c = 1
Rows offset = (50,113)
Columns offset = (100,163)
PSNR taken 58.70441
SSIM taken 0.99932

Key which was embeded : 12
Result of extraction = 1

Optimal c value for grid = 1
-----------------------------------

Running with c = 1
Rows offset = (50,113)
Columns offset = (150,213)
PSNR taken 59.34914
SSIM taken 0.99944

Key which was embeded : 12
Result of extraction = 1

Optimal c value for grid = 1
-----------------------------------

Running with c = 1
Rows offset = (50,113)
Columns offset = (200,263)
PSNR taken 59.17948
SSIM taken 0.99939

Key which was embeded : 12
Result of extraction = 1

Optimal c value for grid = 1
-----------------------------------

Running with c = 1
Rows offset = (50,113)
Columns offset = (250,313)
PSNR taken 59.18012
SSIM taken 0.99938

Key which was embeded : 12
Result of extraction = 1

Optimal c value for grid = 1
-----------------------------------

Running with c = 1
Rows offset = (100,163)
Columns offset = (0,63)
PSNR taken 59.36113
SSIM taken 0.99946

Key which was embeded : 12
Result of extraction = 1

Optimal c value for grid = 1
-----------------------------------

Running with c = 1
Rows offset = (100,163)
Columns offset = (50,113)
PSNR taken 58.90967
SSIM taken 0.99936

Key which was embeded : 12
Result of extraction = 1

Optimal c value for grid = 1
-----------------------------------

Running with c = 1
Rows offset = (100,163)
Columns offset = (100,163)
PSNR taken 58.92081
SSIM taken 0.99941

Key which was embeded : 12
Result of extraction = 1

Optimal c value for grid = 1
-----------------------------------

Running with c = 1
Rows offset = (100,163)
Columns offset = (150,213)
PSNR taken 59.26152
SSIM taken 0.99943

Key which was embeded : 12
Result of extraction = 1

Optimal c value for grid = 1
-----------------------------------

Running with c = 1
Rows offset = (100,163)
Columns offset = (200,263)
PSNR taken 59.38556
SSIM taken 0.99942

Key which was embeded : 12
Result of extraction = 1

Optimal c value for grid = 1
-----------------------------------

Running with c = 1
Rows offset = (100,163)
Columns offset = (250,313)
PSNR taken 59.29984
SSIM taken 0.99938

Key which was embeded : 12
Result of extraction = 1

Optimal c value for grid = 1
-----------------------------------

Running with c = 1
PSNR = 59.62523464368125
SSIM = 0.9995006321971086
[0, 100]
Finished grid movement

Rows offset = (0,63)
Columns offset = (100,163)
Embed key : 8 in Block 8
Running with c = 1
Rows offset = (0,63)
Columns offset = (0,63)
PSNR taken 59.10305
SSIM taken 0.99965

Key which was embeded : 8
Result of extraction = 1

Optimal c value for grid = 1
-----------------------------------

Running with c = 1
Rows offset = (0,63)
Columns offset = (50,113)
PSNR taken 59.37483
SSIM taken 0.99963

Key which was embeded : 8
Result of extraction = 1

Optimal c value for grid = 1
-----------------------------------

Running with c = 1
Rows offset = (0,63)
Columns offset = (100,163)
PSNR taken 59.33055
SSIM taken 0.99963

Key which was embeded : 8
Result of extraction = 1

Optimal c value for grid = 1
-----------------------------------

Running with c = 1
Rows offset = (0,63)
Columns offset = (150,213)
PSNR taken 59.41282
SSIM taken 0.99964

Key which was embeded : 8
Result of extraction = 1

Optimal c value for grid = 1
-----------------------------------

Running with c = 1
Rows offset = (0,63)
Columns offset = (200,263)
PSNR taken 59.46274
SSIM taken 0.99961

Key which was embeded : 8
Result of extraction = 1

Optimal c value for grid = 1
-----------------------------------

Running with c = 1
Rows offset = (0,63)
Columns offset = (250,313)
PSNR taken 54.40891
SSIM taken 0.99921

Key which was embeded : 8
Result of extraction = 0

Running with c = 100
Rows offset = (0,63)
Columns offset = (250,313)
PSNR taken 31.58283
SSIM taken 0.98024

Key which was embeded : 8
Result of extraction = 0

Running with c = 50
Rows offset = (0,63)
Columns offset = (250,313)
PSNR taken 35.76369
SSIM taken 0.98354

Key which was embeded : 8
Result of extraction = 0

Running with c = 25
Rows offset = (0,63)
Columns offset = (250,313)
PSNR taken 41.89049
SSIM taken 0.98905

Key which was embeded : 8
Result of extraction = 1

Running with c = 13
Rows offset = (0,63)
Columns offset = (250,313)
PSNR taken 48.41804
SSIM taken 0.99427

Key which was embeded : 8
Result of extraction = 1

Running with c = 6
Rows offset = (0,63)
Columns offset = (250,313)
PSNR taken 51.84638
SSIM taken 0.99762

Key which was embeded : 8
Result of extraction = 0

Running with c = 13
Rows offset = (0,63)
Columns offset = (250,313)
PSNR taken 48.41804
SSIM taken 0.99427

Key which was embeded : 8
Result of extraction = 1

Optimal c value for grid = 13
-----------------------------------

Optimal c value for grid = 13
-----------------------------------

Running with c = 1
Rows offset = (50,113)
Columns offset = (0,63)
PSNR taken 58.99960
SSIM taken 0.99957

Key which was embeded : 8
Result of extraction = 1

Optimal c value for grid = 1
-----------------------------------

Running with c = 1
Rows offset = (50,113)
Columns offset = (50,113)
PSNR taken 59.49049
SSIM taken 0.99963

Key which was embeded : 8
Result of extraction = 1

Optimal c value for grid = 1
-----------------------------------

Running with c = 1
Rows offset = (50,113)
Columns offset = (100,163)
PSNR taken 59.16479
SSIM taken 0.99957

Key which was embeded : 8
Result of extraction = 1

Optimal c value for grid = 1
-----------------------------------

Running with c = 1
Rows offset = (50,113)
Columns offset = (150,213)
PSNR taken 59.48774
SSIM taken 0.99961

Key which was embeded : 8
Result of extraction = 1

Optimal c value for grid = 1
-----------------------------------

Running with c = 1
Rows offset = (50,113)
Columns offset = (200,263)
PSNR taken 59.56677
SSIM taken 0.99960

Key which was embeded : 8
Result of extraction = 1

Optimal c value for grid = 1
-----------------------------------

Running with c = 1
Rows offset = (50,113)
Columns offset = (250,313)
PSNR taken 54.03721
SSIM taken 0.99914

Key which was embeded : 8
Result of extraction = 0

Running with c = 100
Rows offset = (50,113)
Columns offset = (250,313)
PSNR taken 31.24007
SSIM taken 0.97909

Key which was embeded : 8
Result of extraction = 1

Running with c = 50
Rows offset = (50,113)
Columns offset = (250,313)
PSNR taken 34.52673
SSIM taken 0.98225

Key which was embeded : 8
Result of extraction = 1

Running with c = 25
Rows offset = (50,113)
Columns offset = (250,313)
PSNR taken 40.45980
SSIM taken 0.98822

Key which was embeded : 8
Result of extraction = 1

Running with c = 13
Rows offset = (50,113)
Columns offset = (250,313)
PSNR taken 45.61345
SSIM taken 0.99349

Key which was embeded : 8
Result of extraction = 1

Running with c = 6
Rows offset = (50,113)
Columns offset = (250,313)
PSNR taken 49.67272
SSIM taken 0.99742

Key which was embeded : 8
Result of extraction = 0

Running with c = 13
Rows offset = (50,113)
Columns offset = (250,313)
PSNR taken 45.61345
SSIM taken 0.99349

Key which was embeded : 8
Result of extraction = 1

Optimal c value for grid = 13
-----------------------------------

Optimal c value for grid = 13
-----------------------------------

Running with c = 1
Rows offset = (100,163)
Columns offset = (0,63)
PSNR taken 59.28048
SSIM taken 0.99962

Key which was embeded : 8
Result of extraction = 1

Optimal c value for grid = 1
-----------------------------------

Running with c = 1
Rows offset = (100,163)
Columns offset = (50,113)
PSNR taken 59.47471
SSIM taken 0.99962

Key which was embeded : 8
Result of extraction = 1

Optimal c value for grid = 1
-----------------------------------

Running with c = 1
Rows offset = (100,163)
Columns offset = (100,163)
PSNR taken 59.24071
SSIM taken 0.99954

Key which was embeded : 8
Result of extraction = 1

Optimal c value for grid = 1
-----------------------------------

Running with c = 1
Rows offset = (100,163)
Columns offset = (150,213)
PSNR taken 59.56433
SSIM taken 0.99962

Key which was embeded : 8
Result of extraction = 1

Optimal c value for grid = 1
-----------------------------------

Running with c = 1
Rows offset = (100,163)
Columns offset = (200,263)
PSNR taken 59.73984
SSIM taken 0.99963

Key which was embeded : 8
Result of extraction = 1

Optimal c value for grid = 1
-----------------------------------

Running with c = 1
Rows offset = (100,163)
Columns offset = (250,313)
PSNR taken 50.61059
SSIM taken 0.99914

Key which was embeded : 8
Result of extraction = 0

Running with c = 100
Rows offset = (100,163)
Columns offset = (250,313)
PSNR taken 30.29609
SSIM taken 0.97897

Key which was embeded : 8
Result of extraction = 1

Running with c = 50
Rows offset = (100,163)
Columns offset = (250,313)
PSNR taken 33.46732
SSIM taken 0.98213

Key which was embeded : 8
Result of extraction = 0

Running with c = 25
Rows offset = (100,163)
Columns offset = (250,313)
PSNR taken 37.62267
SSIM taken 0.98746

Key which was embeded : 8
Result of extraction = 1

Running with c = 13
Rows offset = (100,163)
Columns offset = (250,313)
PSNR taken 42.38736
SSIM taken 0.99323

Key which was embeded : 8
Result of extraction = 0

Running with c = 18
Rows offset = (100,163)
Columns offset = (250,313)
PSNR taken 39.58776
SSIM taken 0.99021

Key which was embeded : 8
Result of extraction = 0

Running with c = 21
Rows offset = (100,163)
Columns offset = (250,313)
PSNR taken 38.51872
SSIM taken 0.98884

Key which was embeded : 8
Result of extraction = 1

Optimal c value for grid = 20
-----------------------------------

Optimal c value for grid = 20
-----------------------------------

Running with c = 1
PSNR = 59.73983655340443
SSIM = 0.9996276041978996
[100, 200]
Finished grid movement

Rows offset = (100,163)
Columns offset = (200,263)
Embed key : 10 in Block 9
Running with c = 1
Rows offset = (0,63)
Columns offset = (0,63)
PSNR taken 59.33684
SSIM taken 0.99969

Key which was embeded : 10
Result of extraction = 1

Optimal c value for grid = 1
-----------------------------------

Running with c = 1
Rows offset = (0,63)
Columns offset = (50,113)
PSNR taken 59.05397
SSIM taken 0.99960

Key which was embeded : 10
Result of extraction = 1

Optimal c value for grid = 1
-----------------------------------

Running with c = 1
Rows offset = (0,63)
Columns offset = (100,163)
PSNR taken 59.11406
SSIM taken 0.99959

Key which was embeded : 10
Result of extraction = 1

Optimal c value for grid = 1
-----------------------------------

Running with c = 1
Rows offset = (0,63)
Columns offset = (150,213)
PSNR taken 59.20130
SSIM taken 0.99959

Key which was embeded : 10
Result of extraction = 1

Optimal c value for grid = 1
-----------------------------------

Running with c = 1
Rows offset = (0,63)
Columns offset = (200,263)
PSNR taken 59.01713
SSIM taken 0.99960

Key which was embeded : 10
Result of extraction = 1

Optimal c value for grid = 1
-----------------------------------

Running with c = 1
Rows offset = (0,63)
Columns offset = (250,313)
PSNR taken 58.01744
SSIM taken 0.99952

Key which was embeded : 10
Result of extraction = 1

Optimal c value for grid = 1
-----------------------------------

Running with c = 1
Rows offset = (50,113)
Columns offset = (0,63)
PSNR taken 59.39026
SSIM taken 0.99968

Key which was embeded : 10
Result of extraction = 1

Optimal c value for grid = 1
-----------------------------------

Running with c = 1
Rows offset = (50,113)
Columns offset = (50,113)
PSNR taken 58.77904
SSIM taken 0.99949

Key which was embeded : 10
Result of extraction = 1

Optimal c value for grid = 1
-----------------------------------

Running with c = 1
Rows offset = (50,113)
Columns offset = (100,163)
PSNR taken 58.91117
SSIM taken 0.99953

Key which was embeded : 10
Result of extraction = 1

Optimal c value for grid = 1
-----------------------------------

Running with c = 1
Rows offset = (50,113)
Columns offset = (150,213)
PSNR taken 58.95349
SSIM taken 0.99955

Key which was embeded : 10
Result of extraction = 1

Optimal c value for grid = 1
-----------------------------------

Running with c = 1
Rows offset = (50,113)
Columns offset = (200,263)
PSNR taken 51.04167
SSIM taken 0.99911

Key which was embeded : 10
Result of extraction = 1

Optimal c value for grid = 1
-----------------------------------

Running with c = 1
Rows offset = (50,113)
Columns offset = (250,313)
PSNR taken 58.79952
SSIM taken 0.99954

Key which was embeded : 10
Result of extraction = 1

Optimal c value for grid = 1
-----------------------------------

Running with c = 1
Rows offset = (100,163)
Columns offset = (0,63)
PSNR taken 59.38925
SSIM taken 0.99967

Key which was embeded : 10
Result of extraction = 1

Optimal c value for grid = 1
-----------------------------------

Running with c = 1
Rows offset = (100,163)
Columns offset = (50,113)
PSNR taken 59.09676
SSIM taken 0.99957

Key which was embeded : 10
Result of extraction = 1

Optimal c value for grid = 1
-----------------------------------

Running with c = 1
Rows offset = (100,163)
Columns offset = (100,163)
PSNR taken 59.33817
SSIM taken 0.99960

Key which was embeded : 10
Result of extraction = 1

Optimal c value for grid = 1
-----------------------------------

Running with c = 1
Rows offset = (100,163)
Columns offset = (150,213)
PSNR taken 59.20451
SSIM taken 0.99959

Key which was embeded : 10
Result of extraction = 1

Optimal c value for grid = 1
-----------------------------------

Running with c = 1
Rows offset = (100,163)
Columns offset = (200,263)
PSNR taken 59.21515
SSIM taken 0.99955

Key which was embeded : 10
Result of extraction = 1

Optimal c value for grid = 1
-----------------------------------

Running with c = 1
Rows offset = (100,163)
Columns offset = (250,313)
PSNR taken 59.14570
SSIM taken 0.99957

Key which was embeded : 10
Result of extraction = 1

Optimal c value for grid = 1
-----------------------------------

Running with c = 1
PSNR = 59.39025574130391
SSIM = 0.9996757124364
[50, 0]
Finished grid movement

Rows offset = (50,113)
Columns offset = (0,63)
Embed key : 15 in Block 10
Running with c = 1
Rows offset = (0,63)
Columns offset = (0,63)
PSNR taken 59.23876
SSIM taken 0.99957

Key which was embeded : 15
Result of extraction = 1

Optimal c value for grid = 1
-----------------------------------

Running with c = 1
Rows offset = (0,63)
Columns offset = (50,113)
PSNR taken 58.72914
SSIM taken 0.99949

Key which was embeded : 15
Result of extraction = 1

Optimal c value for grid = 1
-----------------------------------

Running with c = 1
Rows offset = (0,63)
Columns offset = (100,163)
PSNR taken 59.22807
SSIM taken 0.99960

Key which was embeded : 15
Result of extraction = 1

Optimal c value for grid = 1
-----------------------------------

Running with c = 1
Rows offset = (0,63)
Columns offset = (150,213)
PSNR taken 58.89286
SSIM taken 0.99955

Key which was embeded : 15
Result of extraction = 1

Optimal c value for grid = 1
-----------------------------------

Running with c = 1
Rows offset = (0,63)
Columns offset = (200,263)
PSNR taken 58.78488
SSIM taken 0.99952

Key which was embeded : 15
Result of extraction = 1

Optimal c value for grid = 1
-----------------------------------

Running with c = 1
Rows offset = (0,63)
Columns offset = (250,313)
PSNR taken 58.15778
SSIM taken 0.99949

Key which was embeded : 15
Result of extraction = 1

Optimal c value for grid = 1
-----------------------------------

Running with c = 1
Rows offset = (50,113)
Columns offset = (0,63)
PSNR taken 59.14443
SSIM taken 0.99958

Key which was embeded : 15
Result of extraction = 1

Optimal c value for grid = 1
-----------------------------------

Running with c = 1
Rows offset = (50,113)
Columns offset = (50,113)
PSNR taken 58.35542
SSIM taken 0.99943

Key which was embeded : 15
Result of extraction = 1

Optimal c value for grid = 1
-----------------------------------

Running with c = 1
Rows offset = (50,113)
Columns offset = (100,163)
PSNR taken 46.11935
SSIM taken 0.99863

Key which was embeded : 15
Result of extraction = 1

Optimal c value for grid = 1
-----------------------------------

Running with c = 1
Rows offset = (50,113)
Columns offset = (150,213)
PSNR taken 57.95714
SSIM taken 0.99938

Key which was embeded : 15
Result of extraction = 1

Optimal c value for grid = 1
-----------------------------------

Running with c = 1
Rows offset = (50,113)
Columns offset = (200,263)
PSNR taken 58.16107
SSIM taken 0.99955

Key which was embeded : 15
Result of extraction = 1

Optimal c value for grid = 1
-----------------------------------

Running with c = 1
Rows offset = (50,113)
Columns offset = (250,313)
PSNR taken 57.57527
SSIM taken 0.99949

Key which was embeded : 15
Result of extraction = 1

Optimal c value for grid = 1
-----------------------------------

Running with c = 1
Rows offset = (100,163)
Columns offset = (0,63)
PSNR taken 58.90876
SSIM taken 0.99953

Key which was embeded : 15
Result of extraction = 1

Optimal c value for grid = 1
-----------------------------------

Running with c = 1
Rows offset = (100,163)
Columns offset = (50,113)
PSNR taken 58.91388
SSIM taken 0.99950

Key which was embeded : 15
Result of extraction = 1

Optimal c value for grid = 1
-----------------------------------

Running with c = 1
Rows offset = (100,163)
Columns offset = (100,163)
PSNR taken 58.44419
SSIM taken 0.99950

Key which was embeded : 15
Result of extraction = 1

Optimal c value for grid = 1
-----------------------------------

Running with c = 1
Rows offset = (100,163)
Columns offset = (150,213)
PSNR taken 55.60118
SSIM taken 0.99934

Key which was embeded : 15
Result of extraction = 1

Optimal c value for grid = 1
-----------------------------------

Running with c = 1
Rows offset = (100,163)
Columns offset = (200,263)
PSNR taken 59.10588
SSIM taken 0.99955

Key which was embeded : 15
Result of extraction = 1

Optimal c value for grid = 1
-----------------------------------

Running with c = 1
Rows offset = (100,163)
Columns offset = (250,313)
PSNR taken 58.51994
SSIM taken 0.99945

Key which was embeded : 15
Result of extraction = 1

Optimal c value for grid = 1
-----------------------------------

Running with c = 1
PSNR = 59.238759574505934
SSIM = 0.9995690915957125
[0, 0]
Finished grid movement

Rows offset = (0,63)
Columns offset = (0,63)
Embed key : 11 in Block 11
Running with c = 1
Rows offset = (0,63)
Columns offset = (0,63)
PSNR taken 57.91078
SSIM taken 0.99946

Key which was embeded : 11
Result of extraction = 1

Optimal c value for grid = 1
-----------------------------------

Running with c = 1
Rows offset = (0,63)
Columns offset = (50,113)
PSNR taken 58.39691
SSIM taken 0.99942

Key which was embeded : 11
Result of extraction = 1

Optimal c value for grid = 1
-----------------------------------

Running with c = 1
Rows offset = (0,63)
Columns offset = (100,163)
PSNR taken 58.48545
SSIM taken 0.99937

Key which was embeded : 11
Result of extraction = 1

Optimal c value for grid = 1
-----------------------------------

Running with c = 1
Rows offset = (0,63)
Columns offset = (150,213)
PSNR taken 58.95318
SSIM taken 0.99943

Key which was embeded : 11
Result of extraction = 1

Optimal c value for grid = 1
-----------------------------------

Running with c = 1
Rows offset = (0,63)
Columns offset = (200,263)
PSNR taken 58.63527
SSIM taken 0.99942

Key which was embeded : 11
Result of extraction = 1

Optimal c value for grid = 1
-----------------------------------

Running with c = 1
Rows offset = (0,63)
Columns offset = (250,313)
PSNR taken 58.51363
SSIM taken 0.99940

Key which was embeded : 11
Result of extraction = 1

Optimal c value for grid = 1
-----------------------------------

Running with c = 1
Rows offset = (50,113)
Columns offset = (0,63)
PSNR taken 59.04217
SSIM taken 0.99943

Key which was embeded : 11
Result of extraction = 1

Optimal c value for grid = 1
-----------------------------------

Running with c = 1
Rows offset = (50,113)
Columns offset = (50,113)
PSNR taken 58.54863
SSIM taken 0.99934

Key which was embeded : 11
Result of extraction = 1

Optimal c value for grid = 1
-----------------------------------

Running with c = 1
Rows offset = (50,113)
Columns offset = (100,163)
PSNR taken 58.92895
SSIM taken 0.99938

Key which was embeded : 11
Result of extraction = 1

Optimal c value for grid = 1
-----------------------------------

Running with c = 1
Rows offset = (50,113)
Columns offset = (150,213)
PSNR taken 58.68609
SSIM taken 0.99939

Key which was embeded : 11
Result of extraction = 1

Optimal c value for grid = 1
-----------------------------------

Running with c = 1
Rows offset = (50,113)
Columns offset = (200,263)
PSNR taken 58.66842
SSIM taken 0.99932

Key which was embeded : 11
Result of extraction = 1

Optimal c value for grid = 1
-----------------------------------

Running with c = 1
Rows offset = (50,113)
Columns offset = (250,313)
PSNR taken 59.02979
SSIM taken 0.99941

Key which was embeded : 11
Result of extraction = 1

Optimal c value for grid = 1
-----------------------------------

Running with c = 1
Rows offset = (100,163)
Columns offset = (0,63)
PSNR taken 58.50869
SSIM taken 0.99944

Key which was embeded : 11
Result of extraction = 1

Optimal c value for grid = 1
-----------------------------------

Running with c = 1
Rows offset = (100,163)
Columns offset = (50,113)
PSNR taken 59.25501
SSIM taken 0.99940

Key which was embeded : 11
Result of extraction = 1

Optimal c value for grid = 1
-----------------------------------

Running with c = 1
Rows offset = (100,163)
Columns offset = (100,163)
PSNR taken 59.57903
SSIM taken 0.99941

Key which was embeded : 11
Result of extraction = 1

Optimal c value for grid = 1
-----------------------------------

Running with c = 1
Rows offset = (100,163)
Columns offset = (150,213)
PSNR taken 59.34249
SSIM taken 0.99941

Key which was embeded : 11
Result of extraction = 1

Optimal c value for grid = 1
-----------------------------------

Running with c = 1
Rows offset = (100,163)
Columns offset = (200,263)
PSNR taken 59.25599
SSIM taken 0.99948

Key which was embeded : 11
Result of extraction = 1

Optimal c value for grid = 1
-----------------------------------

Running with c = 1
Rows offset = (100,163)
Columns offset = (250,313)
PSNR taken 58.80979
SSIM taken 0.99939

Key which was embeded : 11
Result of extraction = 1

Optimal c value for grid = 1
-----------------------------------

Running with c = 1
PSNR = 59.57903454326686
SSIM = 0.9994139950399171
[100, 100]
Finished grid movement

Rows offset = (100,163)
Columns offset = (100,163)
Embed key : 11 in Block 12
Running with c = 1
Rows offset = (0,63)
Columns offset = (0,63)
PSNR taken 59.15714
SSIM taken 0.99966

Key which was embeded : 11
Result of extraction = 1

Optimal c value for grid = 1
-----------------------------------

Running with c = 1
Rows offset = (0,63)
Columns offset = (50,113)
PSNR taken 59.48156
SSIM taken 0.99965

Key which was embeded : 11
Result of extraction = 1

Optimal c value for grid = 1
-----------------------------------

Running with c = 1
Rows offset = (0,63)
Columns offset = (100,163)
PSNR taken 59.29393
SSIM taken 0.99960

Key which was embeded : 11
Result of extraction = 1

Optimal c value for grid = 1
-----------------------------------

Running with c = 1
Rows offset = (0,63)
Columns offset = (150,213)
PSNR taken 59.82587
SSIM taken 0.99969

Key which was embeded : 11
Result of extraction = 1

Optimal c value for grid = 1
-----------------------------------

Running with c = 1
Rows offset = (0,63)
Columns offset = (200,263)
PSNR taken 59.82698
SSIM taken 0.99969

Key which was embeded : 11
Result of extraction = 1

Optimal c value for grid = 1
-----------------------------------

Running with c = 1
Rows offset = (0,63)
Columns offset = (250,313)
PSNR taken 47.52411
SSIM taken 0.99913

Key which was embeded : 11
Result of extraction = 1

Optimal c value for grid = 1
-----------------------------------

Running with c = 1
Rows offset = (50,113)
Columns offset = (0,63)
PSNR taken 59.13935
SSIM taken 0.99963

Key which was embeded : 11
Result of extraction = 1

Optimal c value for grid = 1
-----------------------------------

Running with c = 1
Rows offset = (50,113)
Columns offset = (50,113)
PSNR taken 59.11438
SSIM taken 0.99959

Key which was embeded : 11
Result of extraction = 1

Optimal c value for grid = 1
-----------------------------------

Running with c = 1
Rows offset = (50,113)
Columns offset = (100,163)
PSNR taken 51.64749
SSIM taken 0.99932

Key which was embeded : 11
Result of extraction = 1

Optimal c value for grid = 1
-----------------------------------

Running with c = 1
Rows offset = (50,113)
Columns offset = (150,213)
PSNR taken 59.78043
SSIM taken 0.99966

Key which was embeded : 11
Result of extraction = 1

Optimal c value for grid = 1
-----------------------------------

Running with c = 1
Rows offset = (50,113)
Columns offset = (200,263)
PSNR taken 59.60472
SSIM taken 0.99961

Key which was embeded : 11
Result of extraction = 1

Optimal c value for grid = 1
-----------------------------------

Running with c = 1
Rows offset = (50,113)
Columns offset = (250,313)
PSNR taken 46.07158
SSIM taken 0.99885

Key which was embeded : 11
Result of extraction = 1

Optimal c value for grid = 1
-----------------------------------

Running with c = 1
Rows offset = (100,163)
Columns offset = (0,63)
PSNR taken 59.16798
SSIM taken 0.99967

Key which was embeded : 11
Result of extraction = 1

Optimal c value for grid = 1
-----------------------------------

Running with c = 1
Rows offset = (100,163)
Columns offset = (50,113)
PSNR taken 59.18877
SSIM taken 0.99960

Key which was embeded : 11
Result of extraction = 1

Optimal c value for grid = 1
-----------------------------------

Running with c = 1
Rows offset = (100,163)
Columns offset = (100,163)
PSNR taken 59.36781
SSIM taken 0.99958

Key which was embeded : 11
Result of extraction = 1

Optimal c value for grid = 1
-----------------------------------

Running with c = 1
Rows offset = (100,163)
Columns offset = (150,213)
PSNR taken 59.46171
SSIM taken 0.99964

Key which was embeded : 11
Result of extraction = 1

Optimal c value for grid = 1
-----------------------------------

Running with c = 1
Rows offset = (100,163)
Columns offset = (200,263)
PSNR taken 59.57202
SSIM taken 0.99963

Key which was embeded : 11
Result of extraction = 1

Optimal c value for grid = 1
-----------------------------------

Running with c = 1
Rows offset = (100,163)
Columns offset = (250,313)
PSNR taken 46.69605
SSIM taken 0.99891

Key which was embeded : 11
Result of extraction = 1

Optimal c value for grid = 1
-----------------------------------

Running with c = 1
PSNR = 59.82698149329263
SSIM = 0.9996947487440919
[0, 200]
Finished grid movement

Rows offset = (0,63)
Columns offset = (200,263)
Embed key : 8 in Block 13
Running with c = 1
Rows offset = (0,63)
Columns offset = (0,63)
PSNR taken 51.83369
SSIM taken 0.99886

Key which was embeded : 8
Result of extraction = 0

Running with c = 100
Rows offset = (0,63)
Columns offset = (0,63)
PSNR taken 35.32143
SSIM taken 0.98249

Key which was embeded : 8
Result of extraction = 1

Running with c = 50
Rows offset = (0,63)
Columns offset = (0,63)
PSNR taken 39.44327
SSIM taken 0.98676

Key which was embeded : 8
Result of extraction = 0

Running with c = 25
Rows offset = (0,63)
Columns offset = (0,63)
PSNR taken 44.22271
SSIM taken 0.99043

Key which was embeded : 8
Result of extraction = 1

Running with c = 13
Rows offset = (0,63)
Columns offset = (0,63)
PSNR taken 47.32271
SSIM taken 0.99351

Key which was embeded : 8
Result of extraction = 1

Running with c = 6
Rows offset = (0,63)
Columns offset = (0,63)
PSNR taken 50.01584
SSIM taken 0.99711

Key which was embeded : 8
Result of extraction = 1

Running with c = 3
Rows offset = (0,63)
Columns offset = (0,63)
PSNR taken 51.17425
SSIM taken 0.99838

Key which was embeded : 8
Result of extraction = 0

Running with c = 6
Rows offset = (0,63)
Columns offset = (0,63)
PSNR taken 50.01584
SSIM taken 0.99711

Key which was embeded : 8
Result of extraction = 1

Optimal c value for grid = 6
-----------------------------------

Optimal c value for grid = 6
-----------------------------------

Running with c = 1
Rows offset = (0,63)
Columns offset = (50,113)
PSNR taken 51.46607
SSIM taken 0.99861

Key which was embeded : 8
Result of extraction = 1

Optimal c value for grid = 1
-----------------------------------

Running with c = 1
Rows offset = (0,63)
Columns offset = (100,163)
PSNR taken 59.27720
SSIM taken 0.99946

Key which was embeded : 8
Result of extraction = 1

Optimal c value for grid = 1
-----------------------------------

Running with c = 1
Rows offset = (0,63)
Columns offset = (150,213)
PSNR taken 59.29393
SSIM taken 0.99947

Key which was embeded : 8
Result of extraction = 1

Optimal c value for grid = 1
-----------------------------------

Running with c = 1
Rows offset = (0,63)
Columns offset = (200,263)
PSNR taken 59.45966
SSIM taken 0.99949

Key which was embeded : 8
Result of extraction = 1

Optimal c value for grid = 1
-----------------------------------

Running with c = 1
Rows offset = (0,63)
Columns offset = (250,313)
PSNR taken 59.49737
SSIM taken 0.99955

Key which was embeded : 8
Result of extraction = 1

Optimal c value for grid = 1
-----------------------------------

Running with c = 1
Rows offset = (50,113)
Columns offset = (0,63)
PSNR taken 59.80512
SSIM taken 0.99962

Key which was embeded : 8
Result of extraction = 1

Optimal c value for grid = 1
-----------------------------------

Running with c = 1
Rows offset = (50,113)
Columns offset = (50,113)
PSNR taken 51.89412
SSIM taken 0.99948

Key which was embeded : 8
Result of extraction = 1

Optimal c value for grid = 1
-----------------------------------

Running with c = 1
Rows offset = (50,113)
Columns offset = (100,163)
PSNR taken 58.16335
SSIM taken 0.99954

Key which was embeded : 8
Result of extraction = 1

Optimal c value for grid = 1
-----------------------------------

Running with c = 1
Rows offset = (50,113)
Columns offset = (150,213)
PSNR taken 59.17181
SSIM taken 0.99941

Key which was embeded : 8
Result of extraction = 1

Optimal c value for grid = 1
-----------------------------------

Running with c = 1
Rows offset = (50,113)
Columns offset = (200,263)
PSNR taken 59.36748
SSIM taken 0.99945

Key which was embeded : 8
Result of extraction = 1

Optimal c value for grid = 1
-----------------------------------

Running with c = 1
Rows offset = (50,113)
Columns offset = (250,313)
PSNR taken 58.93258
SSIM taken 0.99947

Key which was embeded : 8
Result of extraction = 1

Optimal c value for grid = 1
-----------------------------------

Running with c = 1
Rows offset = (100,163)
Columns offset = (0,63)
PSNR taken 45.00184
SSIM taken 0.99905

Key which was embeded : 8
Result of extraction = 0

Running with c = 100
Rows offset = (100,163)
Columns offset = (0,63)
PSNR taken 34.90325
SSIM taken 0.98560

Key which was embeded : 8
Result of extraction = 0

Running with c = 50
Rows offset = (100,163)
Columns offset = (0,63)
PSNR taken 38.02120
SSIM taken 0.98957

Key which was embeded : 8
Result of extraction = 0

Running with c = 25
Rows offset = (100,163)
Columns offset = (0,63)
PSNR taken 41.29771
SSIM taken 0.99324

Key which was embeded : 8
Result of extraction = 0

Running with c = 13
Rows offset = (100,163)
Columns offset = (0,63)
PSNR taken 42.98109
SSIM taken 0.99562

Key which was embeded : 8
Result of extraction = 0

Running with c = 18
Rows offset = (100,163)
Columns offset = (0,63)
PSNR taken 42.53236
SSIM taken 0.99482

Key which was embeded : 8
Result of extraction = 0

Running with c = 21
Rows offset = (100,163)
Columns offset = (0,63)
PSNR taken 42.22799
SSIM taken 0.99432

Key which was embeded : 8
Result of extraction = 0

Running with c = 22
Rows offset = (100,163)
Columns offset = (0,63)
PSNR taken 41.58189
SSIM taken 0.99377

Key which was embeded : 8
Result of extraction = 0

Running with c = 23
Rows offset = (100,163)
Columns offset = (0,63)
Key which was embeded : 8
Result of extraction = 0

Running with c = 26
Rows offset = (100,163)
Columns offset = (0,63)
Key which was embeded : 8
Result of extraction = 0

Running with c = 29
Rows offset = (100,163)
Columns offset = (0,63)
Key which was embeded : 8
Result of extraction = 0

Running with c = 32
Rows offset = (100,163)
Columns offset = (0,63)
Key which was embeded : 8
Result of extraction = 0

Running with c = 35
Rows offset = (100,163)
Columns offset = (0,63)
Key which was embeded : 8
Result of extraction = 0

Running with c = 38
Rows offset = (100,163)
Columns offset = (0,63)
Key which was embeded : 8
Result of extraction = 0

Running with c = 41
Rows offset = (100,163)
Columns offset = (0,63)
Key which was embeded : 8
Result of extraction = 0

Running with c = 44
Rows offset = (100,163)
Columns offset = (0,63)
Key which was embeded : 8
Result of extraction = 0

Running with c = 47
Rows offset = (100,163)
Columns offset = (0,63)
Key which was embeded : 8
Result of extraction = 0

Running with c = 50
Rows offset = (100,163)
Columns offset = (0,63)
Key which was embeded : 8
Result of extraction = 0

Running with c = 53
Rows offset = (100,163)
Columns offset = (0,63)
Key which was embeded : 8
Result of extraction = 0

Running with c = 56
Rows offset = (100,163)
Columns offset = (0,63)
Key which was embeded : 8
Result of extraction = 0

Running with c = 59
Rows offset = (100,163)
Columns offset = (0,63)
Key which was embeded : 8
Result of extraction = 0

Running with c = 62
Rows offset = (100,163)
Columns offset = (0,63)
Key which was embeded : 8
Result of extraction = 0

Running with c = 65
Rows offset = (100,163)
Columns offset = (0,63)
Key which was embeded : 8
Result of extraction = 0

Running with c = 68
Rows offset = (100,163)
Columns offset = (0,63)
Key which was embeded : 8
Result of extraction = 0

Running with c = 71
Rows offset = (100,163)
Columns offset = (0,63)
Key which was embeded : 8
Result of extraction = 0

Running with c = 74
Rows offset = (100,163)
Columns offset = (0,63)
Key which was embeded : 8
Result of extraction = 0

Running with c = 77
Rows offset = (100,163)
Columns offset = (0,63)
Key which was embeded : 8
Result of extraction = 0

Running with c = 80
Rows offset = (100,163)
Columns offset = (0,63)
Key which was embeded : 8
Result of extraction = 0

Running with c = 83
Rows offset = (100,163)
Columns offset = (0,63)
Key which was embeded : 8
Result of extraction = 0

Running with c = 86
Rows offset = (100,163)
Columns offset = (0,63)
Key which was embeded : 8
Result of extraction = 0

Running with c = 89
Rows offset = (100,163)
Columns offset = (0,63)
Key which was embeded : 8
Result of extraction = 0

Running with c = 92
Rows offset = (100,163)
Columns offset = (0,63)
Key which was embeded : 8
Result of extraction = 0

Running with c = 95
Rows offset = (100,163)
Columns offset = (0,63)
Key which was embeded : 8
Result of extraction = 0

Running with c = 98
Rows offset = (100,163)
Columns offset = (0,63)
Key which was embeded : 8
Result of extraction = 0

Running with c = 101
Rows offset = (100,163)
Columns offset = (0,63)
Key which was embeded : 8
Result of extraction = 0

Running with c = 1
Rows offset = (100,163)
Columns offset = (0,63)
Optimal c value for grid = 1
-----------------------------------

Optimal c value for grid = 1
-----------------------------------

Running with c = 1
Rows offset = (100,163)
Columns offset = (50,113)
PSNR taken 48.29106
SSIM taken 0.99922

Key which was embeded : 8
Result of extraction = 1

Optimal c value for grid = 1
-----------------------------------

Running with c = 1
Rows offset = (100,163)
Columns offset = (100,163)
PSNR taken 56.76334
SSIM taken 0.99935

Key which was embeded : 8
Result of extraction = 1

Optimal c value for grid = 1
-----------------------------------

Running with c = 1
Rows offset = (100,163)
Columns offset = (150,213)
PSNR taken 54.09944
SSIM taken 0.99912

Key which was embeded : 8
Result of extraction = 1

Optimal c value for grid = 1
-----------------------------------

Running with c = 1
Rows offset = (100,163)
Columns offset = (200,263)
PSNR taken 59.03814
SSIM taken 0.99945

Key which was embeded : 8
Result of extraction = 1

Optimal c value for grid = 1
-----------------------------------

Running with c = 1
Rows offset = (100,163)
Columns offset = (250,313)
PSNR taken 59.12321
SSIM taken 0.99950

Key which was embeded : 8
Result of extraction = 1

Optimal c value for grid = 1
-----------------------------------

Running with c = 1
PSNR = 59.805123162285845
SSIM = 0.9996235123166698
[50, 0]
Finished grid movement

Rows offset = (50,113)
Columns offset = (0,63)
Embed key : 9 in Block 14
Running with c = 1
Rows offset = (0,63)
Columns offset = (0,63)
PSNR taken 58.96535
SSIM taken 0.99961

Key which was embeded : 9
Result of extraction = 1

Optimal c value for grid = 1
-----------------------------------

Running with c = 1
Rows offset = (0,63)
Columns offset = (50,113)
PSNR taken 58.80685
SSIM taken 0.99959

Key which was embeded : 9
Result of extraction = 1

Optimal c value for grid = 1
-----------------------------------

Running with c = 1
Rows offset = (0,63)
Columns offset = (100,163)
PSNR taken 58.51692
SSIM taken 0.99961

Key which was embeded : 9
Result of extraction = 1

Optimal c value for grid = 1
-----------------------------------

Running with c = 1
Rows offset = (0,63)
Columns offset = (150,213)
PSNR taken 59.14538
SSIM taken 0.99961

Key which was embeded : 9
Result of extraction = 1

Optimal c value for grid = 1
-----------------------------------

Running with c = 1
Rows offset = (0,63)
Columns offset = (200,263)
PSNR taken 59.10273
SSIM taken 0.99962

Key which was embeded : 9
Result of extraction = 1

Optimal c value for grid = 1
-----------------------------------

Running with c = 1
Rows offset = (0,63)
Columns offset = (250,313)
PSNR taken 58.82982
SSIM taken 0.99960

Key which was embeded : 9
Result of extraction = 1

Optimal c value for grid = 1
-----------------------------------

Running with c = 1
Rows offset = (50,113)
Columns offset = (0,63)
PSNR taken 59.16319
SSIM taken 0.99962

Key which was embeded : 9
Result of extraction = 1

Optimal c value for grid = 1
-----------------------------------

Running with c = 1
Rows offset = (50,113)
Columns offset = (50,113)
PSNR taken 58.84609
SSIM taken 0.99955

Key which was embeded : 9
Result of extraction = 1

Optimal c value for grid = 1
-----------------------------------

Running with c = 1
Rows offset = (50,113)
Columns offset = (100,163)
PSNR taken 59.10839
SSIM taken 0.99957

Key which was embeded : 9
Result of extraction = 1

Optimal c value for grid = 1
-----------------------------------

Running with c = 1
Rows offset = (50,113)
Columns offset = (150,213)
PSNR taken 59.05024
SSIM taken 0.99956

Key which was embeded : 9
Result of extraction = 1

Optimal c value for grid = 1
-----------------------------------

Running with c = 1
Rows offset = (50,113)
Columns offset = (200,263)
PSNR taken 58.88179
SSIM taken 0.99954

Key which was embeded : 9
Result of extraction = 1

Optimal c value for grid = 1
-----------------------------------

Running with c = 1
Rows offset = (50,113)
Columns offset = (250,313)
PSNR taken 58.88747
SSIM taken 0.99955

Key which was embeded : 9
Result of extraction = 1

Optimal c value for grid = 1
-----------------------------------

Running with c = 1
Rows offset = (100,163)
Columns offset = (0,63)
PSNR taken 59.51669
SSIM taken 0.99965

Key which was embeded : 9
Result of extraction = 1

Optimal c value for grid = 1
-----------------------------------

Running with c = 1
Rows offset = (100,163)
Columns offset = (50,113)
PSNR taken 59.44569
SSIM taken 0.99957

Key which was embeded : 9
Result of extraction = 1

Optimal c value for grid = 1
-----------------------------------

Running with c = 1
Rows offset = (100,163)
Columns offset = (100,163)
PSNR taken 59.80919
SSIM taken 0.99962

Key which was embeded : 9
Result of extraction = 1

Optimal c value for grid = 1
-----------------------------------

Running with c = 1
Rows offset = (100,163)
Columns offset = (150,213)
PSNR taken 59.55804
SSIM taken 0.99961

Key which was embeded : 9
Result of extraction = 1

Optimal c value for grid = 1
-----------------------------------

Running with c = 1
Rows offset = (100,163)
Columns offset = (200,263)
PSNR taken 59.35913
SSIM taken 0.99960

Key which was embeded : 9
Result of extraction = 1

Optimal c value for grid = 1
-----------------------------------

Running with c = 1
Rows offset = (100,163)
Columns offset = (250,313)
PSNR taken 59.07984
SSIM taken 0.99954

Key which was embeded : 9
Result of extraction = 1

Optimal c value for grid = 1
-----------------------------------

Running with c = 1
PSNR = 59.809190109589345
SSIM = 0.9996223381702812
[100, 100]
Finished grid movement

Rows offset = (100,163)
Columns offset = (100,163)
Embed key : 10 in Block 15
Running with c = 1
Rows offset = (0,63)
Columns offset = (0,63)
PSNR taken 59.55071
SSIM taken 0.99967

Key which was embeded : 10
Result of extraction = 1

Optimal c value for grid = 1
-----------------------------------

Running with c = 1
Rows offset = (0,63)
Columns offset = (50,113)
PSNR taken 59.44297
SSIM taken 0.99961

Key which was embeded : 10
Result of extraction = 1

Optimal c value for grid = 1
-----------------------------------

Running with c = 1
Rows offset = (0,63)
Columns offset = (100,163)
PSNR taken 59.00236
SSIM taken 0.99955

Key which was embeded : 10
Result of extraction = 1

Optimal c value for grid = 1
-----------------------------------

Running with c = 1
Rows offset = (0,63)
Columns offset = (150,213)
PSNR taken 59.37986
SSIM taken 0.99961

Key which was embeded : 10
Result of extraction = 1

Optimal c value for grid = 1
-----------------------------------

Running with c = 1
Rows offset = (0,63)
Columns offset = (200,263)
PSNR taken 59.26120
SSIM taken 0.99962

Key which was embeded : 10
Result of extraction = 1

Optimal c value for grid = 1
-----------------------------------

Running with c = 1
Rows offset = (0,63)
Columns offset = (250,313)
PSNR taken 59.33784
SSIM taken 0.99962

Key which was embeded : 10
Result of extraction = 1

Optimal c value for grid = 1
-----------------------------------

Running with c = 1
Rows offset = (50,113)
Columns offset = (0,63)
PSNR taken 59.41721
SSIM taken 0.99964

Key which was embeded : 10
Result of extraction = 1

Optimal c value for grid = 1
-----------------------------------

Running with c = 1
Rows offset = (50,113)
Columns offset = (50,113)
PSNR taken 59.53436
SSIM taken 0.99960

Key which was embeded : 10
Result of extraction = 1

Optimal c value for grid = 1
-----------------------------------

Running with c = 1
Rows offset = (50,113)
Columns offset = (100,163)
PSNR taken 59.65012
SSIM taken 0.99963

Key which was embeded : 10
Result of extraction = 1

Optimal c value for grid = 1
-----------------------------------

Running with c = 1
Rows offset = (50,113)
Columns offset = (150,213)
PSNR taken 59.64015
SSIM taken 0.99964

Key which was embeded : 10
Result of extraction = 1

Optimal c value for grid = 1
-----------------------------------

Running with c = 1
Rows offset = (50,113)
Columns offset = (200,263)
PSNR taken 59.46957
SSIM taken 0.99957

Key which was embeded : 10
Result of extraction = 1

Optimal c value for grid = 1
-----------------------------------

Running with c = 1
Rows offset = (50,113)
Columns offset = (250,313)
PSNR taken 59.52153
SSIM taken 0.99962

Key which was embeded : 10
Result of extraction = 1

Optimal c value for grid = 1
-----------------------------------

Running with c = 1
Rows offset = (100,163)
Columns offset = (0,63)
PSNR taken 59.53992
SSIM taken 0.99962

Key which was embeded : 10
Result of extraction = 1

Optimal c value for grid = 1
-----------------------------------

Running with c = 1
Rows offset = (100,163)
Columns offset = (50,113)
PSNR taken 59.57974
SSIM taken 0.99959

Key which was embeded : 10
Result of extraction = 1

Optimal c value for grid = 1
-----------------------------------

Running with c = 1
Rows offset = (100,163)
Columns offset = (100,163)
PSNR taken 59.57202
SSIM taken 0.99961

Key which was embeded : 10
Result of extraction = 1

Optimal c value for grid = 1
-----------------------------------

Running with c = 1
Rows offset = (100,163)
Columns offset = (150,213)
PSNR taken 59.66334
SSIM taken 0.99964

Key which was embeded : 10
Result of extraction = 1

Optimal c value for grid = 1
-----------------------------------

Running with c = 1
Rows offset = (100,163)
Columns offset = (200,263)
PSNR taken 59.59203
SSIM taken 0.99961

Key which was embeded : 10
Result of extraction = 1

Optimal c value for grid = 1
-----------------------------------

Running with c = 1
Rows offset = (100,163)
Columns offset = (250,313)
PSNR taken 59.43075
SSIM taken 0.99958

Key which was embeded : 10
Result of extraction = 1

Optimal c value for grid = 1
-----------------------------------

Running with c = 1
PSNR = 59.66333870473854
SSIM = 0.9996374864990942
[100, 150]
Finished grid movement

Rows offset = (100,163)
Columns offset = (150,213)
Embed key : 8 in Block 16
Running with c = 1
Rows offset = (0,63)
Columns offset = (0,63)
PSNR taken 59.25533
SSIM taken 0.99968

Key which was embeded : 8
Result of extraction = 1

Optimal c value for grid = 1
-----------------------------------

Running with c = 1
Rows offset = (0,63)
Columns offset = (50,113)
PSNR taken 59.38556
SSIM taken 0.99964

Key which was embeded : 8
Result of extraction = 1

Optimal c value for grid = 1
-----------------------------------

Running with c = 1
Rows offset = (0,63)
Columns offset = (100,163)
PSNR taken 59.25761
SSIM taken 0.99964

Key which was embeded : 8
Result of extraction = 1

Optimal c value for grid = 1
-----------------------------------

Running with c = 1
Rows offset = (0,63)
Columns offset = (150,213)
PSNR taken 59.45421
SSIM taken 0.99965

Key which was embeded : 8
Result of extraction = 1

Optimal c value for grid = 1
-----------------------------------

Running with c = 1
Rows offset = (0,63)
Columns offset = (200,263)
PSNR taken 59.32426
SSIM taken 0.99963

Key which was embeded : 8
Result of extraction = 1

Optimal c value for grid = 1
-----------------------------------

Running with c = 1
Rows offset = (0,63)
Columns offset = (250,313)
PSNR taken 59.90720
SSIM taken 0.99973

Key which was embeded : 8
Result of extraction = 1

Optimal c value for grid = 1
-----------------------------------

Running with c = 1
Rows offset = (50,113)
Columns offset = (0,63)
PSNR taken 59.34382
SSIM taken 0.99966

Key which was embeded : 8
Result of extraction = 1

Optimal c value for grid = 1
-----------------------------------

Running with c = 1
Rows offset = (50,113)
Columns offset = (50,113)
PSNR taken 59.17692
SSIM taken 0.99960

Key which was embeded : 8
Result of extraction = 1

Optimal c value for grid = 1
-----------------------------------

Running with c = 1
Rows offset = (50,113)
Columns offset = (100,163)
PSNR taken 59.50943
SSIM taken 0.99962

Key which was embeded : 8
Result of extraction = 1

Optimal c value for grid = 1
-----------------------------------

Running with c = 1
Rows offset = (50,113)
Columns offset = (150,213)
PSNR taken 59.59063
SSIM taken 0.99965

Key which was embeded : 8
Result of extraction = 1

Optimal c value for grid = 1
-----------------------------------

Running with c = 1
Rows offset = (50,113)
Columns offset = (200,263)
PSNR taken 49.38760
SSIM taken 0.99845

Key which was embeded : 8
Result of extraction = 1

Optimal c value for grid = 1
-----------------------------------

Running with c = 1
Rows offset = (50,113)
Columns offset = (250,313)
PSNR taken 59.94673
SSIM taken 0.99973

Key which was embeded : 8
Result of extraction = 1

Optimal c value for grid = 1
-----------------------------------

Running with c = 1
Rows offset = (100,163)
Columns offset = (0,63)
PSNR taken 59.25924
SSIM taken 0.99962

Key which was embeded : 8
Result of extraction = 1

Optimal c value for grid = 1
-----------------------------------

Running with c = 1
Rows offset = (100,163)
Columns offset = (50,113)
PSNR taken 59.58149
SSIM taken 0.99963

Key which was embeded : 8
Result of extraction = 1

Optimal c value for grid = 1
-----------------------------------

Running with c = 1
Rows offset = (100,163)
Columns offset = (100,163)
PSNR taken 59.42127
SSIM taken 0.99963

Key which was embeded : 8
Result of extraction = 1

Optimal c value for grid = 1
-----------------------------------

Running with c = 1
Rows offset = (100,163)
Columns offset = (150,213)
PSNR taken 52.59896
SSIM taken 0.99879

Key which was embeded : 8
Result of extraction = 0

Running with c = 100
Rows offset = (100,163)
Columns offset = (150,213)
PSNR taken 33.85509
SSIM taken 0.98278

Key which was embeded : 8
Result of extraction = 0

Running with c = 50
Rows offset = (100,163)
Columns offset = (150,213)
PSNR taken 38.83073
SSIM taken 0.98674

Key which was embeded : 8
Result of extraction = 1

Running with c = 25
Rows offset = (100,163)
Columns offset = (150,213)
PSNR taken 43.43542
SSIM taken 0.99132

Key which was embeded : 8
Result of extraction = 1

Running with c = 13
Rows offset = (100,163)
Columns offset = (150,213)
PSNR taken 46.29412
SSIM taken 0.99491

Key which was embeded : 8
Result of extraction = 1

Running with c = 6
Rows offset = (100,163)
Columns offset = (150,213)
PSNR taken 50.34502
SSIM taken 0.99750

Key which was embeded : 8
Result of extraction = 0

Running with c = 13
Rows offset = (100,163)
Columns offset = (150,213)
PSNR taken 46.29412
SSIM taken 0.99491

Key which was embeded : 8
Result of extraction = 1

Optimal c value for grid = 13
-----------------------------------

Optimal c value for grid = 13
-----------------------------------

Running with c = 1
Rows offset = (100,163)
Columns offset = (200,263)
PSNR taken 59.93415
SSIM taken 0.99974

Key which was embeded : 8
Result of extraction = 1

Optimal c value for grid = 1
-----------------------------------

Running with c = 1
Rows offset = (100,163)
Columns offset = (250,313)
PSNR taken 59.87817
SSIM taken 0.99973

Key which was embeded : 8
Result of extraction = 1

Optimal c value for grid = 1
-----------------------------------

Running with c = 1
PSNR = 59.946726936816354
SSIM = 0.9997331200805712
[50, 250]
Finished grid movement

Rows offset = (50,113)
Columns offset = (250,313)
PSNR taken 59.66084
SSIM taken 0.99966

Total positions checked for each block : 18
Key which was embeded : 15
Complete Extraction in block 1

Key which was embeded : 10
Complete Extraction in block 2

Key which was embeded : 9
Complete Extraction in block 3

Key which was embeded : 13
Complete Extraction in block 4

Key which was embeded : 14
Complete Extraction in block 5

Key which was embeded : 10
Complete Extraction in block 6

Key which was embeded : 12
Complete Extraction in block 7

Key which was embeded : 8
Complete Extraction in block 8

Key which was embeded : 10
Complete Extraction in block 9

Key which was embeded : 15
Complete Extraction in block 10

Key which was embeded : 11
Complete Extraction in block 11

Key which was embeded : 11
Complete Extraction in block 12

Key which was embeded : 8
Complete Extraction in block 13

Key which was embeded : 9
Complete Extraction in block 14

Key which was embeded : 10
Complete Extraction in block 15

Key which was embeded : 8
Complete Extraction in block 16

Extraction percentage = 100.0%

Elapsed time = 0.869 mins
Elapsed time = 52.119 seconds

