Embed key : 15 in Block 1
Running with c = 1
Rows offset = (0,63)
Columns offset = (0,63)
PSNR taken 59.87817
SSIM taken 0.99979

Key which was embeded : 15
Result of extraction = 1

Optimal c value for grid = 1
-----------------------------------

Running with c = 1
Rows offset = (0,63)
Columns offset = (50,113)
PSNR taken 59.86353
SSIM taken 0.99976

Key which was embeded : 15
Result of extraction = 1

Optimal c value for grid = 1
-----------------------------------

Running with c = 1
Rows offset = (0,63)
Columns offset = (100,163)
PSNR taken 59.88531
SSIM taken 0.99975

Key which was embeded : 15
Result of extraction = 1

Optimal c value for grid = 1
-----------------------------------

Running with c = 1
Rows offset = (0,63)
Columns offset = (150,213)
PSNR taken 55.50333
SSIM taken 0.99926

Key which was embeded : 15
Result of extraction = 1

Optimal c value for grid = 1
-----------------------------------

Running with c = 1
Rows offset = (0,63)
Columns offset = (200,263)
PSNR taken 57.25766
SSIM taken 0.99956

Key which was embeded : 15
Result of extraction = 1

Optimal c value for grid = 1
-----------------------------------

Running with c = 1
Rows offset = (0,63)
Columns offset = (250,313)
PSNR taken 57.07905
SSIM taken 0.99957

Key which was embeded : 15
Result of extraction = 1

Optimal c value for grid = 1
-----------------------------------

Running with c = 1
Rows offset = (50,113)
Columns offset = (0,63)
PSNR taken 59.87178
SSIM taken 0.99976

Key which was embeded : 15
Result of extraction = 1

Optimal c value for grid = 1
-----------------------------------

Running with c = 1
Rows offset = (50,113)
Columns offset = (50,113)
PSNR taken 59.78779
SSIM taken 0.99971

Key which was embeded : 15
Result of extraction = 1

Optimal c value for grid = 1
-----------------------------------

Running with c = 1
Rows offset = (50,113)
Columns offset = (100,163)
PSNR taken 53.10720
SSIM taken 0.99909

Key which was embeded : 15
Result of extraction = 1

Optimal c value for grid = 1
-----------------------------------

Running with c = 1
Rows offset = (50,113)
Columns offset = (150,213)
PSNR taken 58.73290
SSIM taken 0.99952

Key which was embeded : 15
Result of extraction = 1

Optimal c value for grid = 1
-----------------------------------

Running with c = 1
Rows offset = (50,113)
Columns offset = (200,263)
PSNR taken 48.63733
SSIM taken 0.99909

Key which was embeded : 15
Result of extraction = 1

Optimal c value for grid = 1
-----------------------------------

Running with c = 1
Rows offset = (50,113)
Columns offset = (250,313)
PSNR taken 58.28845
SSIM taken 0.99954

Key which was embeded : 15
Result of extraction = 1

Optimal c value for grid = 1
-----------------------------------

Running with c = 1
Rows offset = (100,163)
Columns offset = (0,63)
PSNR taken 59.76649
SSIM taken 0.99974

Key which was embeded : 15
Result of extraction = 1

Optimal c value for grid = 1
-----------------------------------

Running with c = 1
Rows offset = (100,163)
Columns offset = (50,113)
PSNR taken 55.49825
SSIM taken 0.99925

Key which was embeded : 15
Result of extraction = 1

Optimal c value for grid = 1
-----------------------------------

Running with c = 1
Rows offset = (100,163)
Columns offset = (100,163)
PSNR taken 58.69152
SSIM taken 0.99952

Key which was embeded : 15
Result of extraction = 1

Optimal c value for grid = 1
-----------------------------------

Running with c = 1
Rows offset = (100,163)
Columns offset = (150,213)
PSNR taken 58.71964
SSIM taken 0.99955

Key which was embeded : 15
Result of extraction = 1

Optimal c value for grid = 1
-----------------------------------

Running with c = 1
Rows offset = (100,163)
Columns offset = (200,263)
PSNR taken 59.03071
SSIM taken 0.99956

Key which was embeded : 15
Result of extraction = 1

Optimal c value for grid = 1
-----------------------------------

Running with c = 1
Rows offset = (100,163)
Columns offset = (250,313)
PSNR taken 59.28703
SSIM taken 0.99960

Key which was embeded : 15
Result of extraction = 1

Optimal c value for grid = 1
-----------------------------------

Running with c = 1
PSNR = 59.885312063806154
SSIM = 0.9997460491748452
[0, 100]
Finished grid movement

Rows offset = (0,63)
Columns offset = (100,163)
Embed key : 10 in Block 2
Running with c = 1
Rows offset = (0,63)
Columns offset = (0,63)
PSNR taken 56.91358
SSIM taken 0.99956

Key which was embeded : 10
Result of extraction = 1

Optimal c value for grid = 1
-----------------------------------

Running with c = 1
Rows offset = (0,63)
Columns offset = (50,113)
PSNR taken 56.56207
SSIM taken 0.99952

Key which was embeded : 10
Result of extraction = 1

Optimal c value for grid = 1
-----------------------------------

Running with c = 1
Rows offset = (0,63)
Columns offset = (100,163)
PSNR taken 56.41503
SSIM taken 0.99950

Key which was embeded : 10
Result of extraction = 1

Optimal c value for grid = 1
-----------------------------------

Running with c = 1
Rows offset = (0,63)
Columns offset = (150,213)
PSNR taken 56.51002
SSIM taken 0.99946

Key which was embeded : 10
Result of extraction = 1

Optimal c value for grid = 1
-----------------------------------

Running with c = 1
Rows offset = (0,63)
Columns offset = (200,263)
PSNR taken 56.54582
SSIM taken 0.99955

Key which was embeded : 10
Result of extraction = 1

Optimal c value for grid = 1
-----------------------------------

Running with c = 1
Rows offset = (0,63)
Columns offset = (250,313)
PSNR taken 55.85405
SSIM taken 0.99939

Key which was embeded : 10
Result of extraction = 1

Optimal c value for grid = 1
-----------------------------------

Running with c = 1
Rows offset = (50,113)
Columns offset = (0,63)
PSNR taken 58.65989
SSIM taken 0.99954

Key which was embeded : 10
Result of extraction = 1

Optimal c value for grid = 1
-----------------------------------

Running with c = 1
Rows offset = (50,113)
Columns offset = (50,113)
PSNR taken 58.68152
SSIM taken 0.99954

Key which was embeded : 10
Result of extraction = 1

Optimal c value for grid = 1
-----------------------------------

Running with c = 1
Rows offset = (50,113)
Columns offset = (100,163)
PSNR taken 58.98550
SSIM taken 0.99954

Key which was embeded : 10
Result of extraction = 1

Optimal c value for grid = 1
-----------------------------------

Running with c = 1
Rows offset = (50,113)
Columns offset = (150,213)
PSNR taken 58.61892
SSIM taken 0.99952

Key which was embeded : 10
Result of extraction = 1

Optimal c value for grid = 1
-----------------------------------

Running with c = 1
Rows offset = (50,113)
Columns offset = (200,263)
PSNR taken 58.88358
SSIM taken 0.99955

Key which was embeded : 10
Result of extraction = 1

Optimal c value for grid = 1
-----------------------------------

Running with c = 1
Rows offset = (50,113)
Columns offset = (250,313)
PSNR taken 59.06424
SSIM taken 0.99956

Key which was embeded : 10
Result of extraction = 1

Optimal c value for grid = 1
-----------------------------------

Running with c = 1
Rows offset = (100,163)
Columns offset = (0,63)
PSNR taken 59.06767
SSIM taken 0.99960

Key which was embeded : 10
Result of extraction = 1

Optimal c value for grid = 1
-----------------------------------

Running with c = 1
Rows offset = (100,163)
Columns offset = (50,113)
PSNR taken 59.18461
SSIM taken 0.99960

Key which was embeded : 10
Result of extraction = 1

Optimal c value for grid = 1
-----------------------------------

Running with c = 1
Rows offset = (100,163)
Columns offset = (100,163)
PSNR taken 59.00420
SSIM taken 0.99955

Key which was embeded : 10
Result of extraction = 1

Optimal c value for grid = 1
-----------------------------------

Running with c = 1
Rows offset = (100,163)
Columns offset = (150,213)
PSNR taken 58.70670
SSIM taken 0.99953

Key which was embeded : 10
Result of extraction = 1

Optimal c value for grid = 1
-----------------------------------

Running with c = 1
Rows offset = (100,163)
Columns offset = (200,263)
PSNR taken 56.66002
SSIM taken 0.99942

Key which was embeded : 10
Result of extraction = 1

Optimal c value for grid = 1
-----------------------------------

Running with c = 1
Rows offset = (100,163)
Columns offset = (250,313)
PSNR taken 58.82834
SSIM taken 0.99956

Key which was embeded : 10
Result of extraction = 1

Optimal c value for grid = 1
-----------------------------------

Running with c = 1
PSNR = 59.184605029599204
SSIM = 0.9996008258093426
[100, 50]
Finished grid movement

Rows offset = (100,163)
Columns offset = (50,113)
Embed key : 9 in Block 3
Running with c = 1
Rows offset = (0,63)
Columns offset = (0,63)
PSNR taken 56.45876
SSIM taken 0.99951

Key which was embeded : 9
Result of extraction = 1

Optimal c value for grid = 1
-----------------------------------

Running with c = 1
Rows offset = (0,63)
Columns offset = (50,113)
PSNR taken 56.49603
SSIM taken 0.99950

Key which was embeded : 9
Result of extraction = 1

Optimal c value for grid = 1
-----------------------------------

Running with c = 1
Rows offset = (0,63)
Columns offset = (100,163)
PSNR taken 56.34883
SSIM taken 0.99950

Key which was embeded : 9
Result of extraction = 1

Optimal c value for grid = 1
-----------------------------------

Running with c = 1
Rows offset = (0,63)
Columns offset = (150,213)
PSNR taken 56.70431
SSIM taken 0.99958

Key which was embeded : 9
Result of extraction = 1

Optimal c value for grid = 1
-----------------------------------

Running with c = 1
Rows offset = (0,63)
Columns offset = (200,263)
PSNR taken 56.58279
SSIM taken 0.99953

Key which was embeded : 9
Result of extraction = 1

Optimal c value for grid = 1
-----------------------------------

Running with c = 1
Rows offset = (0,63)
Columns offset = (250,313)
PSNR taken 56.71917
SSIM taken 0.99956

Key which was embeded : 9
Result of extraction = 1

Optimal c value for grid = 1
-----------------------------------

Running with c = 1
Rows offset = (50,113)
Columns offset = (0,63)
PSNR taken 58.83691
SSIM taken 0.99959

Key which was embeded : 9
Result of extraction = 1

Optimal c value for grid = 1
-----------------------------------

Running with c = 1
Rows offset = (50,113)
Columns offset = (50,113)
PSNR taken 58.75402
SSIM taken 0.99959

Key which was embeded : 9
Result of extraction = 1

Optimal c value for grid = 1
-----------------------------------

Running with c = 1
Rows offset = (50,113)
Columns offset = (100,163)
PSNR taken 38.73457
SSIM taken 0.99803

Key which was embeded : 9
Result of extraction = 1

Optimal c value for grid = 1
-----------------------------------

Running with c = 1
Rows offset = (50,113)
Columns offset = (150,213)
PSNR taken 41.37777
SSIM taken 0.99809

Key which was embeded : 9
Result of extraction = 1

Optimal c value for grid = 1
-----------------------------------

Running with c = 1
Rows offset = (50,113)
Columns offset = (200,263)
PSNR taken 58.96718
SSIM taken 0.99957

Key which was embeded : 9
Result of extraction = 1

Optimal c value for grid = 1
-----------------------------------

Running with c = 1
Rows offset = (50,113)
Columns offset = (250,313)
PSNR taken 48.92174
SSIM taken 0.99910

Key which was embeded : 9
Result of extraction = 1

Optimal c value for grid = 1
-----------------------------------

Running with c = 1
Rows offset = (100,163)
Columns offset = (0,63)
PSNR taken 39.86499
SSIM taken 0.99827

Key which was embeded : 9
Result of extraction = 1

Optimal c value for grid = 1
-----------------------------------

Running with c = 1
Rows offset = (100,163)
Columns offset = (50,113)
PSNR taken 40.44368
SSIM taken 0.99786

Key which was embeded : 9
Result of extraction = 1

Optimal c value for grid = 1
-----------------------------------

Running with c = 1
Rows offset = (100,163)
Columns offset = (100,163)
PSNR taken 58.78488
SSIM taken 0.99956

Key which was embeded : 9
Result of extraction = 1

Optimal c value for grid = 1
-----------------------------------

Running with c = 1
Rows offset = (100,163)
Columns offset = (150,213)
PSNR taken 57.40505
SSIM taken 0.99949

Key which was embeded : 9
Result of extraction = 1

Optimal c value for grid = 1
-----------------------------------

Running with c = 1
Rows offset = (100,163)
Columns offset = (200,263)
PSNR taken 58.90546
SSIM taken 0.99957

Key which was embeded : 9
Result of extraction = 1

Optimal c value for grid = 1
-----------------------------------

Running with c = 1
Rows offset = (100,163)
Columns offset = (250,313)
PSNR taken 58.05951
SSIM taken 0.99955

Key which was embeded : 9
Result of extraction = 1

Optimal c value for grid = 1
-----------------------------------

Running with c = 1
PSNR = 58.96717813871917
SSIM = 0.9995712760082726
[50, 200]
Finished grid movement

Rows offset = (50,113)
Columns offset = (200,263)
Embed key : 13 in Block 4
Running with c = 1
Rows offset = (0,63)
Columns offset = (0,63)
PSNR taken 56.93452
SSIM taken 0.99952

Key which was embeded : 13
Result of extraction = 1

Optimal c value for grid = 1
-----------------------------------

Running with c = 1
Rows offset = (0,63)
Columns offset = (50,113)
PSNR taken 57.00861
SSIM taken 0.99953

Key which was embeded : 13
Result of extraction = 1

Optimal c value for grid = 1
-----------------------------------

Running with c = 1
Rows offset = (0,63)
Columns offset = (100,163)
PSNR taken 53.25333
SSIM taken 0.99906

Key which was embeded : 13
Result of extraction = 1

Optimal c value for grid = 1
-----------------------------------

Running with c = 1
Rows offset = (0,63)
Columns offset = (150,213)
PSNR taken 58.82952
SSIM taken 0.99962

Key which was embeded : 13
Result of extraction = 1

Optimal c value for grid = 1
-----------------------------------

Running with c = 1
Rows offset = (0,63)
Columns offset = (200,263)
PSNR taken 59.89624
SSIM taken 0.99977

Key which was embeded : 13
Result of extraction = 1

Optimal c value for grid = 1
-----------------------------------

Running with c = 1
Rows offset = (0,63)
Columns offset = (250,313)
PSNR taken 59.87817
SSIM taken 0.99977

Key which was embeded : 13
Result of extraction = 1

Optimal c value for grid = 1
-----------------------------------

Running with c = 1
Rows offset = (50,113)
Columns offset = (0,63)
PSNR taken 56.10376
SSIM taken 0.99944

Key which was embeded : 13
Result of extraction = 1

Optimal c value for grid = 1
-----------------------------------

Running with c = 1
Rows offset = (50,113)
Columns offset = (50,113)
PSNR taken 58.72568
SSIM taken 0.99957

Key which was embeded : 13
Result of extraction = 1

Optimal c value for grid = 1
-----------------------------------

Running with c = 1
Rows offset = (50,113)
Columns offset = (100,163)
PSNR taken 58.20942
SSIM taken 0.99954

Key which was embeded : 13
Result of extraction = 1

Optimal c value for grid = 1
-----------------------------------

Running with c = 1
Rows offset = (50,113)
Columns offset = (150,213)
PSNR taken 54.44415
SSIM taken 0.99924

Key which was embeded : 13
Result of extraction = 1

Optimal c value for grid = 1
-----------------------------------

Running with c = 1
Rows offset = (50,113)
Columns offset = (200,263)
PSNR taken 58.97053
SSIM taken 0.99962

Key which was embeded : 13
Result of extraction = 1

Optimal c value for grid = 1
-----------------------------------

Running with c = 1
Rows offset = (50,113)
Columns offset = (250,313)
PSNR taken 59.89511
SSIM taken 0.99974

Key which was embeded : 13
Result of extraction = 1

Optimal c value for grid = 1
-----------------------------------

Running with c = 1
Rows offset = (100,163)
Columns offset = (0,63)
PSNR taken 58.06991
SSIM taken 0.99960

Key which was embeded : 13
Result of extraction = 1

Optimal c value for grid = 1
-----------------------------------

Running with c = 1
Rows offset = (100,163)
Columns offset = (50,113)
PSNR taken 56.56032
SSIM taken 0.99946

Key which was embeded : 13
Result of extraction = 1

Optimal c value for grid = 1
-----------------------------------

Running with c = 1
Rows offset = (100,163)
Columns offset = (100,163)
PSNR taken 58.15146
SSIM taken 0.99956

Key which was embeded : 13
Result of extraction = 1

Optimal c value for grid = 1
-----------------------------------

Running with c = 1
Rows offset = (100,163)
Columns offset = (150,213)
PSNR taken 57.87699
SSIM taken 0.99950

Key which was embeded : 13
Result of extraction = 1

Optimal c value for grid = 1
-----------------------------------

Running with c = 1
Rows offset = (100,163)
Columns offset = (200,263)
PSNR taken 55.40750
SSIM taken 0.99930

Key which was embeded : 13
Result of extraction = 1

Optimal c value for grid = 1
-----------------------------------

Running with c = 1
Rows offset = (100,163)
Columns offset = (250,313)
PSNR taken 57.74507
SSIM taken 0.99960

Key which was embeded : 13
Result of extraction = 1

Optimal c value for grid = 1
-----------------------------------

Running with c = 1
PSNR = 59.89624245792497
SSIM = 0.9997706248424351
[0, 200]
Finished grid movement

Rows offset = (0,63)
Columns offset = (200,263)
Embed key : 14 in Block 5
Running with c = 1
Rows offset = (0,63)
Columns offset = (0,63)
PSNR taken 55.20694
SSIM taken 0.99947

Key which was embeded : 14
Result of extraction = 1

Optimal c value for grid = 1
-----------------------------------

Running with c = 1
Rows offset = (0,63)
Columns offset = (50,113)
PSNR taken 58.91207
SSIM taken 0.99960

Key which was embeded : 14
Result of extraction = 1

Optimal c value for grid = 1
-----------------------------------

Running with c = 1
Rows offset = (0,63)
Columns offset = (100,163)
PSNR taken 58.83928
SSIM taken 0.99954

Key which was embeded : 14
Result of extraction = 1

Optimal c value for grid = 1
-----------------------------------

Running with c = 1
Rows offset = (0,63)
Columns offset = (150,213)
PSNR taken 59.10525
SSIM taken 0.99959

Key which was embeded : 14
Result of extraction = 1

Optimal c value for grid = 1
-----------------------------------

Running with c = 1
Rows offset = (0,63)
Columns offset = (200,263)
PSNR taken 59.16383
SSIM taken 0.99962

Key which was embeded : 14
Result of extraction = 1

Optimal c value for grid = 1
-----------------------------------

Running with c = 1
Rows offset = (0,63)
Columns offset = (250,313)
PSNR taken 58.92443
SSIM taken 0.99954

Key which was embeded : 14
Result of extraction = 1

Optimal c value for grid = 1
-----------------------------------

Running with c = 1
Rows offset = (50,113)
Columns offset = (0,63)
PSNR taken 58.73030
SSIM taken 0.99964

Key which was embeded : 14
Result of extraction = 1

Optimal c value for grid = 1
-----------------------------------

Running with c = 1
Rows offset = (50,113)
Columns offset = (50,113)
PSNR taken 59.15842
SSIM taken 0.99962

Key which was embeded : 14
Result of extraction = 1

Optimal c value for grid = 1
-----------------------------------

Running with c = 1
Rows offset = (50,113)
Columns offset = (100,163)
PSNR taken 59.08955
SSIM taken 0.99956

Key which was embeded : 14
Result of extraction = 1

Optimal c value for grid = 1
-----------------------------------

Running with c = 1
Rows offset = (50,113)
Columns offset = (150,213)
PSNR taken 59.07141
SSIM taken 0.99956

Key which was embeded : 14
Result of extraction = 1

Optimal c value for grid = 1
-----------------------------------

Running with c = 1
Rows offset = (50,113)
Columns offset = (200,263)
PSNR taken 58.89466
SSIM taken 0.99955

Key which was embeded : 14
Result of extraction = 1

Optimal c value for grid = 1
-----------------------------------

Running with c = 1
Rows offset = (50,113)
Columns offset = (250,313)
PSNR taken 58.86718
SSIM taken 0.99952

Key which was embeded : 14
Result of extraction = 1

Optimal c value for grid = 1
-----------------------------------

Running with c = 1
Rows offset = (100,163)
Columns offset = (0,63)
PSNR taken 59.19872
SSIM taken 0.99966

Key which was embeded : 14
Result of extraction = 1

Optimal c value for grid = 1
-----------------------------------

Running with c = 1
Rows offset = (100,163)
Columns offset = (50,113)
PSNR taken 58.87105
SSIM taken 0.99953

Key which was embeded : 14
Result of extraction = 1

Optimal c value for grid = 1
-----------------------------------

Running with c = 1
Rows offset = (100,163)
Columns offset = (100,163)
PSNR taken 58.87105
SSIM taken 0.99952

Key which was embeded : 14
Result of extraction = 1

Optimal c value for grid = 1
-----------------------------------

Running with c = 1
Rows offset = (100,163)
Columns offset = (150,213)
PSNR taken 59.07016
SSIM taken 0.99956

Key which was embeded : 14
Result of extraction = 1

Optimal c value for grid = 1
-----------------------------------

Running with c = 1
Rows offset = (100,163)
Columns offset = (200,263)
PSNR taken 59.09112
SSIM taken 0.99955

Key which was embeded : 14
Result of extraction = 1

Optimal c value for grid = 1
-----------------------------------

Running with c = 1
Rows offset = (100,163)
Columns offset = (250,313)
PSNR taken 59.12954
SSIM taken 0.99958

Key which was embeded : 14
Result of extraction = 1

Optimal c value for grid = 1
-----------------------------------

Running with c = 1
PSNR = 59.198723222456415
SSIM = 0.9996567291116655
[100, 0]
Finished grid movement

Rows offset = (100,163)
Columns offset = (0,63)
Embed key : 10 in Block 6
Running with c = 1
Rows offset = (0,63)
Columns offset = (0,63)
PSNR taken 57.24596
SSIM taken 0.99956

Key which was embeded : 10
Result of extraction = 1

Optimal c value for grid = 1
-----------------------------------

Running with c = 1
Rows offset = (0,63)
Columns offset = (50,113)
PSNR taken 58.38596
SSIM taken 0.99962

Key which was embeded : 10
Result of extraction = 1

Optimal c value for grid = 1
-----------------------------------

Running with c = 1
Rows offset = (0,63)
Columns offset = (100,163)
PSNR taken 58.99684
SSIM taken 0.99958

Key which was embeded : 10
Result of extraction = 1

Optimal c value for grid = 1
-----------------------------------

Running with c = 1
Rows offset = (0,63)
Columns offset = (150,213)
PSNR taken 58.94802
SSIM taken 0.99960

Key which was embeded : 10
Result of extraction = 1

Optimal c value for grid = 1
-----------------------------------

Running with c = 1
Rows offset = (0,63)
Columns offset = (200,263)
PSNR taken 43.62887
SSIM taken 0.99885

Key which was embeded : 10
Result of extraction = 1

Optimal c value for grid = 1
-----------------------------------

Running with c = 1
Rows offset = (0,63)
Columns offset = (250,313)
PSNR taken 56.54024
SSIM taken 0.99957

Key which was embeded : 10
Result of extraction = 1

Optimal c value for grid = 1
-----------------------------------

Running with c = 1
Rows offset = (50,113)
Columns offset = (0,63)
PSNR taken 58.79629
SSIM taken 0.99958

Key which was embeded : 10
Result of extraction = 1

Optimal c value for grid = 1
-----------------------------------

Running with c = 1
Rows offset = (50,113)
Columns offset = (50,113)
PSNR taken 58.24540
SSIM taken 0.99954

Key which was embeded : 10
Result of extraction = 1

Optimal c value for grid = 1
-----------------------------------

Running with c = 1
Rows offset = (50,113)
Columns offset = (100,163)
PSNR taken 58.49746
SSIM taken 0.99955

Key which was embeded : 10
Result of extraction = 1

Optimal c value for grid = 1
-----------------------------------

Running with c = 1
Rows offset = (50,113)
Columns offset = (150,213)
PSNR taken 57.60745
SSIM taken 0.99940

Key which was embeded : 10
Result of extraction = 1

Optimal c value for grid = 1
-----------------------------------

Running with c = 1
Rows offset = (50,113)
Columns offset = (200,263)
PSNR taken 51.44009
SSIM taken 0.99916

Key which was embeded : 10
Result of extraction = 1

Optimal c value for grid = 1
-----------------------------------

Running with c = 1
Rows offset = (50,113)
Columns offset = (250,313)
PSNR taken 58.74793
SSIM taken 0.99955

Key which was embeded : 10
Result of extraction = 1

Optimal c value for grid = 1
-----------------------------------

Running with c = 1
Rows offset = (100,163)
Columns offset = (0,63)
PSNR taken 59.24525
SSIM taken 0.99963

Key which was embeded : 10
Result of extraction = 1

Optimal c value for grid = 1
-----------------------------------

Running with c = 1
Rows offset = (100,163)
Columns offset = (50,113)
PSNR taken 58.96626
SSIM taken 0.99957

Key which was embeded : 10
Result of extraction = 1

Optimal c value for grid = 1
-----------------------------------

Running with c = 1
Rows offset = (100,163)
Columns offset = (100,163)
PSNR taken 58.79044
SSIM taken 0.99956

Key which was embeded : 10
Result of extraction = 1

Optimal c value for grid = 1
-----------------------------------

Running with c = 1
Rows offset = (100,163)
Columns offset = (150,213)
PSNR taken 58.03806
SSIM taken 0.99954

Key which was embeded : 10
Result of extraction = 1

Optimal c value for grid = 1
-----------------------------------

Running with c = 1
Rows offset = (100,163)
Columns offset = (200,263)
PSNR taken 45.43528
SSIM taken 0.99882

Key which was embeded : 10
Result of extraction = 1

Optimal c value for grid = 1
-----------------------------------

Running with c = 1
Rows offset = (100,163)
Columns offset = (250,313)
PSNR taken 51.18110
SSIM taken 0.99917

Key which was embeded : 10
Result of extraction = 1

Optimal c value for grid = 1
-----------------------------------

Running with c = 1
PSNR = 59.24525175722181
SSIM = 0.9996321406005859
[100, 0]
Finished grid movement

Rows offset = (100,163)
Columns offset = (0,63)
Embed key : 12 in Block 7
Running with c = 1
Rows offset = (0,63)
Columns offset = (0,63)
PSNR taken 48.93854
SSIM taken 0.99903

Key which was embeded : 12
Result of extraction = 1

Optimal c value for grid = 1
-----------------------------------

Running with c = 1
Rows offset = (0,63)
Columns offset = (50,113)
PSNR taken 51.44823
SSIM taken 0.99930

Key which was embeded : 12
Result of extraction = 1

Optimal c value for grid = 1
-----------------------------------

Running with c = 1
Rows offset = (0,63)
Columns offset = (100,163)
PSNR taken 41.20922
SSIM taken 0.99855

Key which was embeded : 12
Result of extraction = 1

Optimal c value for grid = 1
-----------------------------------

Running with c = 1
Rows offset = (0,63)
Columns offset = (150,213)
PSNR taken 45.90784
SSIM taken 0.99870

Key which was embeded : 12
Result of extraction = 1

Optimal c value for grid = 1
-----------------------------------

Running with c = 1
Rows offset = (0,63)
Columns offset = (200,263)
PSNR taken 48.63326
SSIM taken 0.99909

Key which was embeded : 12
Result of extraction = 1

Optimal c value for grid = 1
-----------------------------------

Running with c = 1
Rows offset = (0,63)
Columns offset = (250,313)
PSNR taken 57.59411
SSIM taken 0.99954

Key which was embeded : 12
Result of extraction = 1

Optimal c value for grid = 1
-----------------------------------

Running with c = 1
Rows offset = (50,113)
Columns offset = (0,63)
PSNR taken 57.87817
SSIM taken 0.99954

Key which was embeded : 12
Result of extraction = 1

Optimal c value for grid = 1
-----------------------------------

Running with c = 1
Rows offset = (50,113)
Columns offset = (50,113)
PSNR taken 57.43085
SSIM taken 0.99947

Key which was embeded : 12
Result of extraction = 1

Optimal c value for grid = 1
-----------------------------------

Running with c = 1
Rows offset = (50,113)
Columns offset = (100,163)
PSNR taken 56.28905
SSIM taken 0.99944

Key which was embeded : 12
Result of extraction = 1

Optimal c value for grid = 1
-----------------------------------

Running with c = 1
Rows offset = (50,113)
Columns offset = (150,213)
PSNR taken 57.94075
SSIM taken 0.99950

Key which was embeded : 12
Result of extraction = 1

Optimal c value for grid = 1
-----------------------------------

Running with c = 1
Rows offset = (50,113)
Columns offset = (200,263)
PSNR taken 47.75492
SSIM taken 0.99895

Key which was embeded : 12
Result of extraction = 1

Optimal c value for grid = 1
-----------------------------------

Running with c = 1
Rows offset = (50,113)
Columns offset = (250,313)
PSNR taken 42.79551
SSIM taken 0.99872

Key which was embeded : 12
Result of extraction = 1

Optimal c value for grid = 1
-----------------------------------

Running with c = 1
Rows offset = (100,163)
Columns offset = (0,63)
PSNR taken 57.51095
SSIM taken 0.99954

Key which was embeded : 12
Result of extraction = 1

Optimal c value for grid = 1
-----------------------------------

Running with c = 1
Rows offset = (100,163)
Columns offset = (50,113)
PSNR taken 58.18696
SSIM taken 0.99954

Key which was embeded : 12
Result of extraction = 1

Optimal c value for grid = 1
-----------------------------------

Running with c = 1
Rows offset = (100,163)
Columns offset = (100,163)
PSNR taken 56.16327
SSIM taken 0.99939

Key which was embeded : 12
Result of extraction = 1

Optimal c value for grid = 1
-----------------------------------

Running with c = 1
Rows offset = (100,163)
Columns offset = (150,213)
PSNR taken 58.28793
SSIM taken 0.99950

Key which was embeded : 12
Result of extraction = 1

Optimal c value for grid = 1
-----------------------------------

Running with c = 1
Rows offset = (100,163)
Columns offset = (200,263)
PSNR taken 58.05037
SSIM taken 0.99951

Key which was embeded : 12
Result of extraction = 1

Optimal c value for grid = 1
-----------------------------------

Running with c = 1
Rows offset = (100,163)
Columns offset = (250,313)
PSNR taken 43.28263
SSIM taken 0.99800

Key which was embeded : 12
Result of extraction = 1

Optimal c value for grid = 1
-----------------------------------

Running with c = 1
PSNR = 58.287927215211496
SSIM = 0.9994982242423124
[100, 150]
Finished grid movement

Rows offset = (100,163)
Columns offset = (150,213)
Embed key : 8 in Block 8
Running with c = 1
Rows offset = (0,63)
Columns offset = (0,63)
PSNR taken 58.70699
SSIM taken 0.99963

Key which was embeded : 8
Result of extraction = 1

Optimal c value for grid = 1
-----------------------------------

Running with c = 1
Rows offset = (0,63)
Columns offset = (50,113)
PSNR taken 41.44745
SSIM taken 0.99889

Key which was embeded : 8
Result of extraction = 1

Optimal c value for grid = 1
-----------------------------------

Running with c = 1
Rows offset = (0,63)
Columns offset = (100,163)
PSNR taken 58.36045
SSIM taken 0.99956

Key which was embeded : 8
Result of extraction = 1

Optimal c value for grid = 1
-----------------------------------

Running with c = 1
Rows offset = (0,63)
Columns offset = (150,213)
PSNR taken 58.82274
SSIM taken 0.99961

Key which was embeded : 8
Result of extraction = 1

Optimal c value for grid = 1
-----------------------------------

Running with c = 1
Rows offset = (0,63)
Columns offset = (200,263)
PSNR taken 58.55777
SSIM taken 0.99958

Key which was embeded : 8
Result of extraction = 1

Optimal c value for grid = 1
-----------------------------------

Running with c = 1
Rows offset = (0,63)
Columns offset = (250,313)
PSNR taken 56.11686
SSIM taken 0.99937

Key which was embeded : 8
Result of extraction = 1

Optimal c value for grid = 1
-----------------------------------

Running with c = 1
Rows offset = (50,113)
Columns offset = (0,63)
PSNR taken 58.84016
SSIM taken 0.99958

Key which was embeded : 8
Result of extraction = 1

Optimal c value for grid = 1
-----------------------------------

Running with c = 1
Rows offset = (50,113)
Columns offset = (50,113)
PSNR taken 58.70383
SSIM taken 0.99958

Key which was embeded : 8
Result of extraction = 1

Optimal c value for grid = 1
-----------------------------------

Running with c = 1
Rows offset = (50,113)
Columns offset = (100,163)
PSNR taken 58.99285
SSIM taken 0.99957

Key which was embeded : 8
Result of extraction = 1

Optimal c value for grid = 1
-----------------------------------

Running with c = 1
Rows offset = (50,113)
Columns offset = (150,213)
PSNR taken 58.85261
SSIM taken 0.99959

Key which was embeded : 8
Result of extraction = 1

Optimal c value for grid = 1
-----------------------------------

Running with c = 1
Rows offset = (50,113)
Columns offset = (200,263)
PSNR taken 58.80656
SSIM taken 0.99957

Key which was embeded : 8
Result of extraction = 1

Optimal c value for grid = 1
-----------------------------------

Running with c = 1
Rows offset = (50,113)
Columns offset = (250,313)
PSNR taken 55.53653
SSIM taken 0.99926

Key which was embeded : 8
Result of extraction = 1

Optimal c value for grid = 1
-----------------------------------

Running with c = 1
Rows offset = (100,163)
Columns offset = (0,63)
PSNR taken 58.53592
SSIM taken 0.99957

Key which was embeded : 8
Result of extraction = 1

Optimal c value for grid = 1
-----------------------------------

Running with c = 1
Rows offset = (100,163)
Columns offset = (50,113)
PSNR taken 58.25186
SSIM taken 0.99958

Key which was embeded : 8
Result of extraction = 1

Optimal c value for grid = 1
-----------------------------------

Running with c = 1
Rows offset = (100,163)
Columns offset = (100,163)
PSNR taken 51.28828
SSIM taken 0.99928

Key which was embeded : 8
Result of extraction = 1

Optimal c value for grid = 1
-----------------------------------

Running with c = 1
Rows offset = (100,163)
Columns offset = (150,213)
PSNR taken 58.88448
SSIM taken 0.99956

Key which was embeded : 8
Result of extraction = 1

Optimal c value for grid = 1
-----------------------------------

Running with c = 1
Rows offset = (100,163)
Columns offset = (200,263)
PSNR taken 58.63160
SSIM taken 0.99958

Key which was embeded : 8
Result of extraction = 1

Optimal c value for grid = 1
-----------------------------------

Running with c = 1
Rows offset = (100,163)
Columns offset = (250,313)
PSNR taken 55.62948
SSIM taken 0.99931

Key which was embeded : 8
Result of extraction = 1

Optimal c value for grid = 1
-----------------------------------

Running with c = 1
PSNR = 58.99284898714423
SSIM = 0.9995706136102803
[50, 100]
Finished grid movement

Rows offset = (50,113)
Columns offset = (100,163)
Embed key : 10 in Block 9
Running with c = 1
Rows offset = (0,63)
Columns offset = (0,63)
PSNR taken 59.12764
SSIM taken 0.99968

Key which was embeded : 10
Result of extraction = 1

Optimal c value for grid = 1
-----------------------------------

Running with c = 1
Rows offset = (0,63)
Columns offset = (50,113)
PSNR taken 59.30775
SSIM taken 0.99962

Key which was embeded : 10
Result of extraction = 1

Optimal c value for grid = 1
-----------------------------------

Running with c = 1
Rows offset = (0,63)
Columns offset = (100,163)
PSNR taken 59.11532
SSIM taken 0.99961

Key which was embeded : 10
Result of extraction = 1

Optimal c value for grid = 1
-----------------------------------

Running with c = 1
Rows offset = (0,63)
Columns offset = (150,213)
PSNR taken 59.07172
SSIM taken 0.99961

Key which was embeded : 10
Result of extraction = 1

Optimal c value for grid = 1
-----------------------------------

Running with c = 1
Rows offset = (0,63)
Columns offset = (200,263)
PSNR taken 58.94348
SSIM taken 0.99956

Key which was embeded : 10
Result of extraction = 1

Optimal c value for grid = 1
-----------------------------------

Running with c = 1
Rows offset = (0,63)
Columns offset = (250,313)
PSNR taken 59.03381
SSIM taken 0.99962

Key which was embeded : 10
Result of extraction = 1

Optimal c value for grid = 1
-----------------------------------

Running with c = 1
Rows offset = (50,113)
Columns offset = (0,63)
PSNR taken 59.31203
SSIM taken 0.99968

Key which was embeded : 10
Result of extraction = 1

Optimal c value for grid = 1
-----------------------------------

Running with c = 1
Rows offset = (50,113)
Columns offset = (50,113)
PSNR taken 59.31632
SSIM taken 0.99958

Key which was embeded : 10
Result of extraction = 1

Optimal c value for grid = 1
-----------------------------------

Running with c = 1
Rows offset = (50,113)
Columns offset = (100,163)
PSNR taken 59.42533
SSIM taken 0.99960

Key which was embeded : 10
Result of extraction = 1

Optimal c value for grid = 1
-----------------------------------

Running with c = 1
Rows offset = (50,113)
Columns offset = (150,213)
PSNR taken 59.05863
SSIM taken 0.99954

Key which was embeded : 10
Result of extraction = 1

Optimal c value for grid = 1
-----------------------------------

Running with c = 1
Rows offset = (50,113)
Columns offset = (200,263)
PSNR taken 59.11028
SSIM taken 0.99956

Key which was embeded : 10
Result of extraction = 1

Optimal c value for grid = 1
-----------------------------------

Running with c = 1
Rows offset = (50,113)
Columns offset = (250,313)
PSNR taken 58.91809
SSIM taken 0.99960

Key which was embeded : 10
Result of extraction = 1

Optimal c value for grid = 1
-----------------------------------

Running with c = 1
Rows offset = (100,163)
Columns offset = (0,63)
PSNR taken 59.44535
SSIM taken 0.99967

Key which was embeded : 10
Result of extraction = 1

Optimal c value for grid = 1
-----------------------------------

Running with c = 1
Rows offset = (100,163)
Columns offset = (50,113)
PSNR taken 59.34947
SSIM taken 0.99958

Key which was embeded : 10
Result of extraction = 1

Optimal c value for grid = 1
-----------------------------------

Running with c = 1
Rows offset = (100,163)
Columns offset = (100,163)
PSNR taken 59.14189
SSIM taken 0.99958

Key which was embeded : 10
Result of extraction = 1

Optimal c value for grid = 1
-----------------------------------

Running with c = 1
Rows offset = (100,163)
Columns offset = (150,213)
PSNR taken 59.25045
SSIM taken 0.99958

Key which was embeded : 10
Result of extraction = 1

Optimal c value for grid = 1
-----------------------------------

Running with c = 1
Rows offset = (100,163)
Columns offset = (200,263)
PSNR taken 59.09425
SSIM taken 0.99956

Key which was embeded : 10
Result of extraction = 1

Optimal c value for grid = 1
-----------------------------------

Running with c = 1
Rows offset = (100,163)
Columns offset = (250,313)
PSNR taken 58.86271
SSIM taken 0.99958

Key which was embeded : 10
Result of extraction = 1

Optimal c value for grid = 1
-----------------------------------

Running with c = 1
PSNR = 59.44535240628342
SSIM = 0.9996738389361884
[100, 0]
Finished grid movement

Rows offset = (100,163)
Columns offset = (0,63)
Embed key : 15 in Block 10
Running with c = 1
Rows offset = (0,63)
Columns offset = (0,63)
PSNR taken 57.51880
SSIM taken 0.99945

Key which was embeded : 15
Result of extraction = 1

Optimal c value for grid = 1
-----------------------------------

Running with c = 1
Rows offset = (0,63)
Columns offset = (50,113)
PSNR taken 56.74723
SSIM taken 0.99935

Key which was embeded : 15
Result of extraction = 1

Optimal c value for grid = 1
-----------------------------------

Running with c = 1
Rows offset = (0,63)
Columns offset = (100,163)
PSNR taken 58.38703
SSIM taken 0.99948

Key which was embeded : 15
Result of extraction = 1

Optimal c value for grid = 1
-----------------------------------

Running with c = 1
Rows offset = (0,63)
Columns offset = (150,213)
PSNR taken 58.03535
SSIM taken 0.99947

Key which was embeded : 15
Result of extraction = 1

Optimal c value for grid = 1
-----------------------------------

Running with c = 1
Rows offset = (0,63)
Columns offset = (200,263)
PSNR taken 58.21813
SSIM taken 0.99947

Key which was embeded : 15
Result of extraction = 1

Optimal c value for grid = 1
-----------------------------------

Running with c = 1
Rows offset = (0,63)
Columns offset = (250,313)
PSNR taken 51.61816
SSIM taken 0.99932

Key which was embeded : 15
Result of extraction = 1

Optimal c value for grid = 1
-----------------------------------

Running with c = 1
Rows offset = (50,113)
Columns offset = (0,63)
PSNR taken 57.88553
SSIM taken 0.99947

Key which was embeded : 15
Result of extraction = 1

Optimal c value for grid = 1
-----------------------------------

Running with c = 1
Rows offset = (50,113)
Columns offset = (50,113)
PSNR taken 58.65791
SSIM taken 0.99943

Key which was embeded : 15
Result of extraction = 1

Optimal c value for grid = 1
-----------------------------------

Running with c = 1
Rows offset = (50,113)
Columns offset = (100,163)
PSNR taken 58.55916
SSIM taken 0.99944

Key which was embeded : 15
Result of extraction = 1

Optimal c value for grid = 1
-----------------------------------

Running with c = 1
Rows offset = (50,113)
Columns offset = (150,213)
PSNR taken 58.87075
SSIM taken 0.99952

Key which was embeded : 15
Result of extraction = 1

Optimal c value for grid = 1
-----------------------------------

Running with c = 1
Rows offset = (50,113)
Columns offset = (200,263)
PSNR taken 48.31268
SSIM taken 0.99915

Key which was embeded : 15
Result of extraction = 1

Optimal c value for grid = 1
-----------------------------------

Running with c = 1
Rows offset = (50,113)
Columns offset = (250,313)
PSNR taken 57.03646
SSIM taken 0.99943

Key which was embeded : 15
Result of extraction = 1

Optimal c value for grid = 1
-----------------------------------

Running with c = 1
Rows offset = (100,163)
Columns offset = (0,63)
PSNR taken 57.84604
SSIM taken 0.99946

Key which was embeded : 15
Result of extraction = 1

Optimal c value for grid = 1
-----------------------------------

Running with c = 1
Rows offset = (100,163)
Columns offset = (50,113)
PSNR taken 58.68124
SSIM taken 0.99945

Key which was embeded : 15
Result of extraction = 1

Optimal c value for grid = 1
-----------------------------------

Running with c = 1
Rows offset = (100,163)
Columns offset = (100,163)
PSNR taken 58.62314
SSIM taken 0.99947

Key which was embeded : 15
Result of extraction = 1

Optimal c value for grid = 1
-----------------------------------

Running with c = 1
Rows offset = (100,163)
Columns offset = (150,213)
PSNR taken 58.65082
SSIM taken 0.99954

Key which was embeded : 15
Result of extraction = 1

Optimal c value for grid = 1
-----------------------------------

Running with c = 1
Rows offset = (100,163)
Columns offset = (200,263)
PSNR taken 48.85466
SSIM taken 0.99915

Key which was embeded : 15
Result of extraction = 1

Optimal c value for grid = 1
-----------------------------------

Running with c = 1
Rows offset = (100,163)
Columns offset = (250,313)
PSNR taken 45.88040
SSIM taken 0.99898

Key which was embeded : 15
Result of extraction = 1

Optimal c value for grid = 1
-----------------------------------

Running with c = 1
PSNR = 58.87075134108975
SSIM = 0.9995167837572342
[50, 150]
Finished grid movement

Rows offset = (50,113)
Columns offset = (150,213)
Embed key : 11 in Block 11
Running with c = 1
Rows offset = (0,63)
Columns offset = (0,63)
PSNR taken 57.17016
SSIM taken 0.99954

Key which was embeded : 11
Result of extraction = 1

Optimal c value for grid = 1
-----------------------------------

Running with c = 1
Rows offset = (0,63)
Columns offset = (50,113)
PSNR taken 51.31311
SSIM taken 0.99929

Key which was embeded : 11
Result of extraction = 1

Optimal c value for grid = 1
-----------------------------------

Running with c = 1
Rows offset = (0,63)
Columns offset = (100,163)
PSNR taken 58.33930
SSIM taken 0.99960

Key which was embeded : 11
Result of extraction = 1

Optimal c value for grid = 1
-----------------------------------

Running with c = 1
Rows offset = (0,63)
Columns offset = (150,213)
PSNR taken 46.52514
SSIM taken 0.99873

Key which was embeded : 11
Result of extraction = 0

Running with c = 100
Rows offset = (0,63)
Columns offset = (150,213)
PSNR taken 31.56423
SSIM taken 0.98029

Key which was embeded : 11
Result of extraction = 1

Running with c = 50
Rows offset = (0,63)
Columns offset = (150,213)
PSNR taken 34.16992
SSIM taken 0.98307

Key which was embeded : 11
Result of extraction = 1

Running with c = 25
Rows offset = (0,63)
Columns offset = (150,213)
PSNR taken 38.54635
SSIM taken 0.98900

Key which was embeded : 11
Result of extraction = 1

Running with c = 13
Rows offset = (0,63)
Columns offset = (150,213)
PSNR taken 42.79276
SSIM taken 0.99446

Key which was embeded : 11
Result of extraction = 0

Running with c = 18
Rows offset = (0,63)
Columns offset = (150,213)
PSNR taken 41.54680
SSIM taken 0.99232

Key which was embeded : 11
Result of extraction = 1

Optimal c value for grid = 15
-----------------------------------

Optimal c value for grid = 15
-----------------------------------

Running with c = 1
Rows offset = (0,63)
Columns offset = (200,263)
PSNR taken 43.68313
SSIM taken 0.99849

Key which was embeded : 11
Result of extraction = 1

Optimal c value for grid = 1
-----------------------------------

Running with c = 1
Rows offset = (0,63)
Columns offset = (250,313)
PSNR taken 45.59225
SSIM taken 0.99895

Key which was embeded : 11
Result of extraction = 1

Optimal c value for grid = 1
-----------------------------------

Running with c = 1
Rows offset = (50,113)
Columns offset = (0,63)
PSNR taken 44.81790
SSIM taken 0.99898

Key which was embeded : 11
Result of extraction = 1

Optimal c value for grid = 1
-----------------------------------

Running with c = 1
Rows offset = (50,113)
Columns offset = (50,113)
PSNR taken 47.26097
SSIM taken 0.99890

Key which was embeded : 11
Result of extraction = 1

Optimal c value for grid = 1
-----------------------------------

Running with c = 1
Rows offset = (50,113)
Columns offset = (100,163)
PSNR taken 57.58967
SSIM taken 0.99945

Key which was embeded : 11
Result of extraction = 1

Optimal c value for grid = 1
-----------------------------------

Running with c = 1
Rows offset = (50,113)
Columns offset = (150,213)
PSNR taken 58.60685
SSIM taken 0.99960

Key which was embeded : 11
Result of extraction = 1

Optimal c value for grid = 1
-----------------------------------

Running with c = 1
Rows offset = (50,113)
Columns offset = (200,263)
PSNR taken 39.94626
SSIM taken 0.99713

Key which was embeded : 11
Result of extraction = 1

Optimal c value for grid = 1
-----------------------------------

Running with c = 1
Rows offset = (50,113)
Columns offset = (250,313)
PSNR taken 58.20584
SSIM taken 0.99957

Key which was embeded : 11
Result of extraction = 1

Optimal c value for grid = 1
-----------------------------------

Running with c = 1
Rows offset = (100,163)
Columns offset = (0,63)
PSNR taken 42.73452
SSIM taken 0.99846

Key which was embeded : 11
Result of extraction = 1

Optimal c value for grid = 1
-----------------------------------

Running with c = 1
Rows offset = (100,163)
Columns offset = (50,113)
PSNR taken 48.69985
SSIM taken 0.99909

Key which was embeded : 11
Result of extraction = 1

Optimal c value for grid = 1
-----------------------------------

Running with c = 1
Rows offset = (100,163)
Columns offset = (100,163)
PSNR taken 48.32675
SSIM taken 0.99920

Key which was embeded : 11
Result of extraction = 1

Optimal c value for grid = 1
-----------------------------------

Running with c = 1
Rows offset = (100,163)
Columns offset = (150,213)
PSNR taken 46.04491
SSIM taken 0.99851

Key which was embeded : 11
Result of extraction = 1

Optimal c value for grid = 1
-----------------------------------

Running with c = 1
Rows offset = (100,163)
Columns offset = (200,263)
PSNR taken 58.42236
SSIM taken 0.99954

Key which was embeded : 11
Result of extraction = 1

Optimal c value for grid = 1
-----------------------------------

Running with c = 1
Rows offset = (100,163)
Columns offset = (250,313)
PSNR taken 58.49118
SSIM taken 0.99953

Key which was embeded : 11
Result of extraction = 1

Optimal c value for grid = 1
-----------------------------------

Running with c = 1
PSNR = 58.60684844083273
SSIM = 0.9996043931743456
[50, 150]
Finished grid movement

Rows offset = (50,113)
Columns offset = (150,213)
Embed key : 11 in Block 12
Running with c = 1
Rows offset = (0,63)
Columns offset = (0,63)
PSNR taken 58.27154
SSIM taken 0.99962

Key which was embeded : 11
Result of extraction = 1

Optimal c value for grid = 1
-----------------------------------

Running with c = 1
Rows offset = (0,63)
Columns offset = (50,113)
PSNR taken 48.93270
SSIM taken 0.99909

Key which was embeded : 11
Result of extraction = 1

Optimal c value for grid = 1
-----------------------------------

Running with c = 1
Rows offset = (0,63)
Columns offset = (100,163)
PSNR taken 59.11154
SSIM taken 0.99963

Key which was embeded : 11
Result of extraction = 1

Optimal c value for grid = 1
-----------------------------------

Running with c = 1
Rows offset = (0,63)
Columns offset = (150,213)
PSNR taken 58.98978
SSIM taken 0.99961

Key which was embeded : 11
Result of extraction = 1

Optimal c value for grid = 1
-----------------------------------

Running with c = 1
Rows offset = (0,63)
Columns offset = (200,263)
PSNR taken 59.06798
SSIM taken 0.99962

Key which was embeded : 11
Result of extraction = 1

Optimal c value for grid = 1
-----------------------------------

Running with c = 1
Rows offset = (0,63)
Columns offset = (250,313)
PSNR taken 55.77780
SSIM taken 0.99938

Key which was embeded : 11
Result of extraction = 1

Optimal c value for grid = 1
-----------------------------------

Running with c = 1
Rows offset = (50,113)
Columns offset = (0,63)
PSNR taken 58.01475
SSIM taken 0.99961

Key which was embeded : 11
Result of extraction = 1

Optimal c value for grid = 1
-----------------------------------

Running with c = 1
Rows offset = (50,113)
Columns offset = (50,113)
PSNR taken 58.66558
SSIM taken 0.99958

Key which was embeded : 11
Result of extraction = 1

Optimal c value for grid = 1
-----------------------------------

Running with c = 1
Rows offset = (50,113)
Columns offset = (100,163)
PSNR taken 58.95440
SSIM taken 0.99957

Key which was embeded : 11
Result of extraction = 1

Optimal c value for grid = 1
-----------------------------------

Running with c = 1
Rows offset = (50,113)
Columns offset = (150,213)
PSNR taken 58.82009
SSIM taken 0.99957

Key which was embeded : 11
Result of extraction = 1

Optimal c value for grid = 1
-----------------------------------

Running with c = 1
Rows offset = (50,113)
Columns offset = (200,263)
PSNR taken 58.85231
SSIM taken 0.99958

Key which was embeded : 11
Result of extraction = 1

Optimal c value for grid = 1
-----------------------------------

Running with c = 1
Rows offset = (50,113)
Columns offset = (250,313)
PSNR taken 55.87747
SSIM taken 0.99935

Key which was embeded : 11
Result of extraction = 1

Optimal c value for grid = 1
-----------------------------------

Running with c = 1
Rows offset = (100,163)
Columns offset = (0,63)
PSNR taken 58.52765
SSIM taken 0.99964

Key which was embeded : 11
Result of extraction = 1

Optimal c value for grid = 1
-----------------------------------

Running with c = 1
Rows offset = (100,163)
Columns offset = (50,113)
PSNR taken 58.68038
SSIM taken 0.99958

Key which was embeded : 11
Result of extraction = 1

Optimal c value for grid = 1
-----------------------------------

Running with c = 1
Rows offset = (100,163)
Columns offset = (100,163)
PSNR taken 59.08047
SSIM taken 0.99961

Key which was embeded : 11
Result of extraction = 1

Optimal c value for grid = 1
-----------------------------------

Running with c = 1
Rows offset = (100,163)
Columns offset = (150,213)
PSNR taken 59.16894
SSIM taken 0.99964

Key which was embeded : 11
Result of extraction = 1

Optimal c value for grid = 1
-----------------------------------

Running with c = 1
Rows offset = (100,163)
Columns offset = (200,263)
PSNR taken 59.05241
SSIM taken 0.99960

Key which was embeded : 11
Result of extraction = 1

Optimal c value for grid = 1
-----------------------------------

Running with c = 1
Rows offset = (100,163)
Columns offset = (250,313)
PSNR taken 55.89636
SSIM taken 0.99937

Key which was embeded : 11
Result of extraction = 1

Optimal c value for grid = 1
-----------------------------------

Running with c = 1
PSNR = 59.168936323862354
SSIM = 0.9996387800699504
[100, 150]
Finished grid movement

Rows offset = (100,163)
Columns offset = (150,213)
Embed key : 8 in Block 13
Running with c = 1
Rows offset = (0,63)
Columns offset = (0,63)
PSNR taken 48.98978
SSIM taken 0.99888

Key which was embeded : 8
Result of extraction = 0

Running with c = 100
Rows offset = (0,63)
Columns offset = (0,63)
PSNR taken 34.35693
SSIM taken 0.98282

Key which was embeded : 8
Result of extraction = 0

Running with c = 50
Rows offset = (0,63)
Columns offset = (0,63)
PSNR taken 37.96904
SSIM taken 0.98663

Key which was embeded : 8
Result of extraction = 0

Running with c = 25
Rows offset = (0,63)
Columns offset = (0,63)
PSNR taken 42.51040
SSIM taken 0.99099

Key which was embeded : 8
Result of extraction = 0

Running with c = 13
Rows offset = (0,63)
Columns offset = (0,63)
PSNR taken 46.02501
SSIM taken 0.99448

Key which was embeded : 8
Result of extraction = 0

Running with c = 18
Rows offset = (0,63)
Columns offset = (0,63)
PSNR taken 44.95969
SSIM taken 0.99313

Key which was embeded : 8
Result of extraction = 0

Running with c = 21
Rows offset = (0,63)
Columns offset = (0,63)
PSNR taken 43.87361
SSIM taken 0.99221

Key which was embeded : 8
Result of extraction = 0

Running with c = 22
Rows offset = (0,63)
Columns offset = (0,63)
PSNR taken 43.35106
SSIM taken 0.99199

Key which was embeded : 8
Result of extraction = 0

Running with c = 23
Rows offset = (0,63)
Columns offset = (0,63)
Key which was embeded : 8
Result of extraction = 0

Running with c = 26
Rows offset = (0,63)
Columns offset = (0,63)
Key which was embeded : 8
Result of extraction = 0

Running with c = 29
Rows offset = (0,63)
Columns offset = (0,63)
Key which was embeded : 8
Result of extraction = 0

Running with c = 32
Rows offset = (0,63)
Columns offset = (0,63)
Key which was embeded : 8
Result of extraction = 0

Running with c = 35
Rows offset = (0,63)
Columns offset = (0,63)
Key which was embeded : 8
Result of extraction = 0

Running with c = 38
Rows offset = (0,63)
Columns offset = (0,63)
Key which was embeded : 8
Result of extraction = 0

Running with c = 41
Rows offset = (0,63)
Columns offset = (0,63)
Key which was embeded : 8
Result of extraction = 0

Running with c = 44
Rows offset = (0,63)
Columns offset = (0,63)
Key which was embeded : 8
Result of extraction = 0

Running with c = 47
Rows offset = (0,63)
Columns offset = (0,63)
Key which was embeded : 8
Result of extraction = 0

Running with c = 50
Rows offset = (0,63)
Columns offset = (0,63)
Key which was embeded : 8
Result of extraction = 0

Running with c = 53
Rows offset = (0,63)
Columns offset = (0,63)
Key which was embeded : 8
Result of extraction = 0

Running with c = 56
Rows offset = (0,63)
Columns offset = (0,63)
Key which was embeded : 8
Result of extraction = 0

Running with c = 59
Rows offset = (0,63)
Columns offset = (0,63)
Key which was embeded : 8
Result of extraction = 0

Running with c = 62
Rows offset = (0,63)
Columns offset = (0,63)
Key which was embeded : 8
Result of extraction = 0

Running with c = 65
Rows offset = (0,63)
Columns offset = (0,63)
Key which was embeded : 8
Result of extraction = 0

Running with c = 68
Rows offset = (0,63)
Columns offset = (0,63)
Key which was embeded : 8
Result of extraction = 0

Running with c = 71
Rows offset = (0,63)
Columns offset = (0,63)
Key which was embeded : 8
Result of extraction = 0

Running with c = 74
Rows offset = (0,63)
Columns offset = (0,63)
Key which was embeded : 8
Result of extraction = 0

Running with c = 77
Rows offset = (0,63)
Columns offset = (0,63)
Key which was embeded : 8
Result of extraction = 0

Running with c = 80
Rows offset = (0,63)
Columns offset = (0,63)
Key which was embeded : 8
Result of extraction = 0

Running with c = 83
Rows offset = (0,63)
Columns offset = (0,63)
Key which was embeded : 8
Result of extraction = 0

Running with c = 86
Rows offset = (0,63)
Columns offset = (0,63)
Key which was embeded : 8
Result of extraction = 0

Running with c = 89
Rows offset = (0,63)
Columns offset = (0,63)
Key which was embeded : 8
Result of extraction = 0

Running with c = 92
Rows offset = (0,63)
Columns offset = (0,63)
Key which was embeded : 8
Result of extraction = 0

Running with c = 95
Rows offset = (0,63)
Columns offset = (0,63)
Key which was embeded : 8
Result of extraction = 0

Running with c = 98
Rows offset = (0,63)
Columns offset = (0,63)
Key which was embeded : 8
Result of extraction = 0

Running with c = 101
Rows offset = (0,63)
Columns offset = (0,63)
Key which was embeded : 8
Result of extraction = 0

Running with c = 1
Rows offset = (0,63)
Columns offset = (0,63)
Optimal c value for grid = 1
-----------------------------------

Optimal c value for grid = 1
-----------------------------------

Running with c = 1
Rows offset = (0,63)
Columns offset = (50,113)
PSNR taken 47.09940
SSIM taken 0.99851

Key which was embeded : 8
Result of extraction = 1

Optimal c value for grid = 1
-----------------------------------

Running with c = 1
Rows offset = (0,63)
Columns offset = (100,163)
PSNR taken 59.41282
SSIM taken 0.99963

Key which was embeded : 8
Result of extraction = 1

Optimal c value for grid = 1
-----------------------------------

Running with c = 1
Rows offset = (0,63)
Columns offset = (150,213)
PSNR taken 59.45659
SSIM taken 0.99964

Key which was embeded : 8
Result of extraction = 1

Optimal c value for grid = 1
-----------------------------------

Running with c = 1
Rows offset = (0,63)
Columns offset = (200,263)
PSNR taken 59.26642
SSIM taken 0.99961

Key which was embeded : 8
Result of extraction = 1

Optimal c value for grid = 1
-----------------------------------

Running with c = 1
Rows offset = (0,63)
Columns offset = (250,313)
PSNR taken 58.92443
SSIM taken 0.99957

Key which was embeded : 8
Result of extraction = 1

Optimal c value for grid = 1
-----------------------------------

Running with c = 1
Rows offset = (50,113)
Columns offset = (0,63)
PSNR taken 59.87779
SSIM taken 0.99975

Key which was embeded : 8
Result of extraction = 1

Optimal c value for grid = 1
-----------------------------------

Running with c = 1
Rows offset = (50,113)
Columns offset = (50,113)
PSNR taken 59.84447
SSIM taken 0.99969

Key which was embeded : 8
Result of extraction = 1

Optimal c value for grid = 1
-----------------------------------

Running with c = 1
Rows offset = (50,113)
Columns offset = (100,163)
PSNR taken 56.24601
SSIM taken 0.99933

Key which was embeded : 8
Result of extraction = 1

Optimal c value for grid = 1
-----------------------------------

Running with c = 1
Rows offset = (50,113)
Columns offset = (150,213)
PSNR taken 59.43754
SSIM taken 0.99956

Key which was embeded : 8
Result of extraction = 1

Optimal c value for grid = 1
-----------------------------------

Running with c = 1
Rows offset = (50,113)
Columns offset = (200,263)
PSNR taken 59.47368
SSIM taken 0.99959

Key which was embeded : 8
Result of extraction = 1

Optimal c value for grid = 1
-----------------------------------

Running with c = 1
Rows offset = (50,113)
Columns offset = (250,313)
PSNR taken 59.33287
SSIM taken 0.99960

Key which was embeded : 8
Result of extraction = 1

Optimal c value for grid = 1
-----------------------------------

Running with c = 1
Rows offset = (100,163)
Columns offset = (0,63)
PSNR taken 59.87817
SSIM taken 0.99975

Key which was embeded : 8
Result of extraction = 1

Optimal c value for grid = 1
-----------------------------------

Running with c = 1
Rows offset = (100,163)
Columns offset = (50,113)
PSNR taken 59.85007
SSIM taken 0.99973

Key which was embeded : 8
Result of extraction = 1

Optimal c value for grid = 1
-----------------------------------

Running with c = 1
Rows offset = (100,163)
Columns offset = (100,163)
PSNR taken 59.71877
SSIM taken 0.99966

Key which was embeded : 8
Result of extraction = 1

Optimal c value for grid = 1
-----------------------------------

Running with c = 1
Rows offset = (100,163)
Columns offset = (150,213)
PSNR taken 47.85108
SSIM taken 0.99910

Key which was embeded : 8
Result of extraction = 1

Optimal c value for grid = 1
-----------------------------------

Running with c = 1
Rows offset = (100,163)
Columns offset = (200,263)
PSNR taken 59.56642
SSIM taken 0.99962

Key which was embeded : 8
Result of extraction = 1

Optimal c value for grid = 1
-----------------------------------

Running with c = 1
Rows offset = (100,163)
Columns offset = (250,313)
PSNR taken 59.68521
SSIM taken 0.99961

Key which was embeded : 8
Result of extraction = 1

Optimal c value for grid = 1
-----------------------------------

Running with c = 1
PSNR = 59.87816565838625
SSIM = 0.9997522689512959
[100, 0]
Finished grid movement

Rows offset = (100,163)
Columns offset = (0,63)
Embed key : 9 in Block 14
Running with c = 1
Rows offset = (0,63)
Columns offset = (0,63)
PSNR taken 58.43124
SSIM taken 0.99955

Key which was embeded : 9
Result of extraction = 1

Optimal c value for grid = 1
-----------------------------------

Running with c = 1
Rows offset = (0,63)
Columns offset = (50,113)
PSNR taken 57.71162
SSIM taken 0.99950

Key which was embeded : 9
Result of extraction = 1

Optimal c value for grid = 1
-----------------------------------

Running with c = 1
Rows offset = (0,63)
Columns offset = (100,163)
PSNR taken 58.94590
SSIM taken 0.99960

Key which was embeded : 9
Result of extraction = 1

Optimal c value for grid = 1
-----------------------------------

Running with c = 1
Rows offset = (0,63)
Columns offset = (150,213)
PSNR taken 58.82746
SSIM taken 0.99961

Key which was embeded : 9
Result of extraction = 1

Optimal c value for grid = 1
-----------------------------------

Running with c = 1
Rows offset = (0,63)
Columns offset = (200,263)
PSNR taken 58.64629
SSIM taken 0.99960

Key which was embeded : 9
Result of extraction = 1

Optimal c value for grid = 1
-----------------------------------

Running with c = 1
Rows offset = (0,63)
Columns offset = (250,313)
PSNR taken 58.55057
SSIM taken 0.99957

Key which was embeded : 9
Result of extraction = 1

Optimal c value for grid = 1
-----------------------------------

Running with c = 1
Rows offset = (50,113)
Columns offset = (0,63)
PSNR taken 59.04620
SSIM taken 0.99959

Key which was embeded : 9
Result of extraction = 1

Optimal c value for grid = 1
-----------------------------------

Running with c = 1
Rows offset = (50,113)
Columns offset = (50,113)
PSNR taken 58.96596
SSIM taken 0.99954

Key which was embeded : 9
Result of extraction = 1

Optimal c value for grid = 1
-----------------------------------

Running with c = 1
Rows offset = (50,113)
Columns offset = (100,163)
PSNR taken 58.75576
SSIM taken 0.99959

Key which was embeded : 9
Result of extraction = 1

Optimal c value for grid = 1
-----------------------------------

Running with c = 1
Rows offset = (50,113)
Columns offset = (150,213)
PSNR taken 58.98550
SSIM taken 0.99958

Key which was embeded : 9
Result of extraction = 1

Optimal c value for grid = 1
-----------------------------------

Running with c = 1
Rows offset = (50,113)
Columns offset = (200,263)
PSNR taken 58.78839
SSIM taken 0.99953

Key which was embeded : 9
Result of extraction = 1

Optimal c value for grid = 1
-----------------------------------

Running with c = 1
Rows offset = (50,113)
Columns offset = (250,313)
PSNR taken 58.41511
SSIM taken 0.99950

Key which was embeded : 9
Result of extraction = 1

Optimal c value for grid = 1
-----------------------------------

Running with c = 1
Rows offset = (100,163)
Columns offset = (0,63)
PSNR taken 59.30182
SSIM taken 0.99961

Key which was embeded : 9
Result of extraction = 1

Optimal c value for grid = 1
-----------------------------------

Running with c = 1
Rows offset = (100,163)
Columns offset = (50,113)
PSNR taken 58.81302
SSIM taken 0.99955

Key which was embeded : 9
Result of extraction = 1

Optimal c value for grid = 1
-----------------------------------

Running with c = 1
Rows offset = (100,163)
Columns offset = (100,163)
PSNR taken 58.51390
SSIM taken 0.99950

Key which was embeded : 9
Result of extraction = 1

Optimal c value for grid = 1
-----------------------------------

Running with c = 1
Rows offset = (100,163)
Columns offset = (150,213)
PSNR taken 58.95622
SSIM taken 0.99957

Key which was embeded : 9
Result of extraction = 1

Optimal c value for grid = 1
-----------------------------------

Running with c = 1
Rows offset = (100,163)
Columns offset = (200,263)
PSNR taken 58.60853
SSIM taken 0.99954

Key which was embeded : 9
Result of extraction = 1

Optimal c value for grid = 1
-----------------------------------

Running with c = 1
Rows offset = (100,163)
Columns offset = (250,313)
PSNR taken 58.66415
SSIM taken 0.99954

Key which was embeded : 9
Result of extraction = 1

Optimal c value for grid = 1
-----------------------------------

Running with c = 1
PSNR = 59.301817921374784
SSIM = 0.9996053944906121
[100, 0]
Finished grid movement

Rows offset = (100,163)
Columns offset = (0,63)
Embed key : 10 in Block 15
Running with c = 1
Rows offset = (0,63)
Columns offset = (0,63)
PSNR taken 58.43448
SSIM taken 0.99964

Key which was embeded : 10
Result of extraction = 1

Optimal c value for grid = 1
-----------------------------------

Running with c = 1
Rows offset = (0,63)
Columns offset = (50,113)
PSNR taken 58.77700
SSIM taken 0.99965

Key which was embeded : 10
Result of extraction = 1

Optimal c value for grid = 1
-----------------------------------

Running with c = 1
Rows offset = (0,63)
Columns offset = (100,163)
PSNR taken 58.82421
SSIM taken 0.99957

Key which was embeded : 10
Result of extraction = 1

Optimal c value for grid = 1
-----------------------------------

Running with c = 1
Rows offset = (0,63)
Columns offset = (150,213)
PSNR taken 58.87284
SSIM taken 0.99960

Key which was embeded : 10
Result of extraction = 1

Optimal c value for grid = 1
-----------------------------------

Running with c = 1
Rows offset = (0,63)
Columns offset = (200,263)
PSNR taken 58.99530
SSIM taken 0.99959

Key which was embeded : 10
Result of extraction = 1

Optimal c value for grid = 1
-----------------------------------

Running with c = 1
Rows offset = (0,63)
Columns offset = (250,313)
PSNR taken 58.91900
SSIM taken 0.99959

Key which was embeded : 10
Result of extraction = 1

Optimal c value for grid = 1
-----------------------------------

Running with c = 1
Rows offset = (50,113)
Columns offset = (0,63)
PSNR taken 58.85944
SSIM taken 0.99960

Key which was embeded : 10
Result of extraction = 1

Optimal c value for grid = 1
-----------------------------------

Running with c = 1
Rows offset = (50,113)
Columns offset = (50,113)
PSNR taken 58.85499
SSIM taken 0.99954

Key which was embeded : 10
Result of extraction = 1

Optimal c value for grid = 1
-----------------------------------

Running with c = 1
Rows offset = (50,113)
Columns offset = (100,163)
PSNR taken 58.87165
SSIM taken 0.99958

Key which was embeded : 10
Result of extraction = 1

Optimal c value for grid = 1
-----------------------------------

Running with c = 1
Rows offset = (50,113)
Columns offset = (150,213)
PSNR taken 58.84846
SSIM taken 0.99957

Key which was embeded : 10
Result of extraction = 1

Optimal c value for grid = 1
-----------------------------------

Running with c = 1
Rows offset = (50,113)
Columns offset = (200,263)
PSNR taken 58.97999
SSIM taken 0.99953

Key which was embeded : 10
Result of extraction = 1

Optimal c value for grid = 1
-----------------------------------

Running with c = 1
Rows offset = (50,113)
Columns offset = (250,313)
PSNR taken 58.96779
SSIM taken 0.99957

Key which was embeded : 10
Result of extraction = 1

Optimal c value for grid = 1
-----------------------------------

Running with c = 1
Rows offset = (100,163)
Columns offset = (0,63)
PSNR taken 58.69868
SSIM taken 0.99959

Key which was embeded : 10
Result of extraction = 1

Optimal c value for grid = 1
-----------------------------------

Running with c = 1
Rows offset = (100,163)
Columns offset = (50,113)
PSNR taken 58.26583
SSIM taken 0.99948

Key which was embeded : 10
Result of extraction = 1

Optimal c value for grid = 1
-----------------------------------

Running with c = 1
Rows offset = (100,163)
Columns offset = (100,163)
PSNR taken 59.17980
SSIM taken 0.99959

Key which was embeded : 10
Result of extraction = 1

Optimal c value for grid = 1
-----------------------------------

Running with c = 1
Rows offset = (100,163)
Columns offset = (150,213)
PSNR taken 59.01128
SSIM taken 0.99959

Key which was embeded : 10
Result of extraction = 1

Optimal c value for grid = 1
-----------------------------------

Running with c = 1
Rows offset = (100,163)
Columns offset = (200,263)
PSNR taken 59.18589
SSIM taken 0.99958

Key which was embeded : 10
Result of extraction = 1

Optimal c value for grid = 1
-----------------------------------

Running with c = 1
Rows offset = (100,163)
Columns offset = (250,313)
PSNR taken 59.14792
SSIM taken 0.99955

Key which was embeded : 10
Result of extraction = 1

Optimal c value for grid = 1
-----------------------------------

Running with c = 1
PSNR = 59.18588660683285
SSIM = 0.9995771263248264
[100, 200]
Finished grid movement

Rows offset = (100,163)
Columns offset = (200,263)
Embed key : 8 in Block 16
Running with c = 1
Rows offset = (0,63)
Columns offset = (0,63)
PSNR taken 58.60965
SSIM taken 0.99953

Key which was embeded : 8
Result of extraction = 1

Optimal c value for grid = 1
-----------------------------------

Running with c = 1
Rows offset = (0,63)
Columns offset = (50,113)
PSNR taken 59.11123
SSIM taken 0.99957

Key which was embeded : 8
Result of extraction = 1

Optimal c value for grid = 1
-----------------------------------

Running with c = 1
Rows offset = (0,63)
Columns offset = (100,163)
PSNR taken 59.11879
SSIM taken 0.99959

Key which was embeded : 8
Result of extraction = 1

Optimal c value for grid = 1
-----------------------------------

Running with c = 1
Rows offset = (0,63)
Columns offset = (150,213)
PSNR taken 58.50430
SSIM taken 0.99950

Key which was embeded : 8
Result of extraction = 1

Optimal c value for grid = 1
-----------------------------------

Running with c = 1
Rows offset = (0,63)
Columns offset = (200,263)
PSNR taken 59.09018
SSIM taken 0.99961

Key which was embeded : 8
Result of extraction = 1

Optimal c value for grid = 1
-----------------------------------

Running with c = 1
Rows offset = (0,63)
Columns offset = (250,313)
PSNR taken 59.52742
SSIM taken 0.99968

Key which was embeded : 8
Result of extraction = 1

Optimal c value for grid = 1
-----------------------------------

Running with c = 1
Rows offset = (50,113)
Columns offset = (0,63)
PSNR taken 59.21289
SSIM taken 0.99952

Key which was embeded : 8
Result of extraction = 1

Optimal c value for grid = 1
-----------------------------------

Running with c = 1
Rows offset = (50,113)
Columns offset = (50,113)
PSNR taken 58.82539
SSIM taken 0.99948

Key which was embeded : 8
Result of extraction = 1

Optimal c value for grid = 1
-----------------------------------

Running with c = 1
Rows offset = (50,113)
Columns offset = (100,163)
PSNR taken 58.55306
SSIM taken 0.99946

Key which was embeded : 8
Result of extraction = 1

Optimal c value for grid = 1
-----------------------------------

Running with c = 1
Rows offset = (50,113)
Columns offset = (150,213)
PSNR taken 58.48299
SSIM taken 0.99949

Key which was embeded : 8
Result of extraction = 1

Optimal c value for grid = 1
-----------------------------------

Running with c = 1
Rows offset = (50,113)
Columns offset = (200,263)
PSNR taken 54.41232
SSIM taken 0.99891

Key which was embeded : 8
Result of extraction = 1

Optimal c value for grid = 1
-----------------------------------

Running with c = 1
Rows offset = (50,113)
Columns offset = (250,313)
PSNR taken 59.90796
SSIM taken 0.99968

Key which was embeded : 8
Result of extraction = 1

Optimal c value for grid = 1
-----------------------------------

Running with c = 1
Rows offset = (100,163)
Columns offset = (0,63)
PSNR taken 58.82068
SSIM taken 0.99951

Key which was embeded : 8
Result of extraction = 1

Optimal c value for grid = 1
-----------------------------------

Running with c = 1
Rows offset = (100,163)
Columns offset = (50,113)
PSNR taken 58.92593
SSIM taken 0.99947

Key which was embeded : 8
Result of extraction = 1

Optimal c value for grid = 1
-----------------------------------

Running with c = 1
Rows offset = (100,163)
Columns offset = (100,163)
PSNR taken 58.73174
SSIM taken 0.99945

Key which was embeded : 8
Result of extraction = 1

Optimal c value for grid = 1
-----------------------------------

Running with c = 1
Rows offset = (100,163)
Columns offset = (150,213)
PSNR taken 55.12667
SSIM taken 0.99902

Key which was embeded : 8
Result of extraction = 1

Optimal c value for grid = 1
-----------------------------------

Running with c = 1
Rows offset = (100,163)
Columns offset = (200,263)
PSNR taken 59.94367
SSIM taken 0.99968

Key which was embeded : 8
Result of extraction = 1

Optimal c value for grid = 1
-----------------------------------

Running with c = 1
Rows offset = (100,163)
Columns offset = (250,313)
PSNR taken 59.87817
SSIM taken 0.99968

Key which was embeded : 8
Result of extraction = 1

Optimal c value for grid = 1
-----------------------------------

Running with c = 1
PSNR = 59.94367363160646
SSIM = 0.9996815565782798
[100, 200]
Finished grid movement

Rows offset = (100,163)
Columns offset = (200,263)
PSNR taken 59.22928
SSIM taken 0.99966

Total positions checked for each block : 18
Key which was embeded : 15
Complete Extraction in block 1

Key which was embeded : 10
Complete Extraction in block 2

Key which was embeded : 9
Complete Extraction in block 3

Key which was embeded : 13
Complete Extraction in block 4

Key which was embeded : 14
Complete Extraction in block 5

Key which was embeded : 10
Complete Extraction in block 6

Key which was embeded : 12
Complete Extraction in block 7

Key which was embeded : 8
Complete Extraction in block 8

Key which was embeded : 10
Complete Extraction in block 9

Key which was embeded : 15
Complete Extraction in block 10

Key which was embeded : 11
Complete Extraction in block 11

Key which was embeded : 11
Complete Extraction in block 12

Key which was embeded : 8
Complete Extraction in block 13

Key which was embeded : 9
Complete Extraction in block 14

Key which was embeded : 10
Complete Extraction in block 15

Key which was embeded : 8
Complete Extraction in block 16

Extraction percentage = 100.0%

Elapsed time = 0.704 mins
Elapsed time = 42.227 seconds

