Embed key : 15 in Block 1
Running with c = 1
Rows offset = (0,63)
Columns offset = (0,63)
PSNR taken 59.98893
SSIM taken 0.99903

Key which was embeded : 15
Result of extraction = 1

Optimal c value for grid = 1
-----------------------------------

Running with c = 1
Rows offset = (0,63)
Columns offset = (50,113)
PSNR taken 60.07891
SSIM taken 0.99907

Key which was embeded : 15
Result of extraction = 1

Optimal c value for grid = 1
-----------------------------------

Running with c = 1
Rows offset = (0,63)
Columns offset = (100,163)
PSNR taken 60.13596
SSIM taken 0.99893

Key which was embeded : 15
Result of extraction = 1

Optimal c value for grid = 1
-----------------------------------

Running with c = 1
Rows offset = (0,63)
Columns offset = (150,213)
PSNR taken 60.21322
SSIM taken 0.99898

Key which was embeded : 15
Result of extraction = 1

Optimal c value for grid = 1
-----------------------------------

Running with c = 1
Rows offset = (0,63)
Columns offset = (200,263)
PSNR taken 60.01794
SSIM taken 0.99901

Key which was embeded : 15
Result of extraction = 1

Optimal c value for grid = 1
-----------------------------------

Running with c = 1
Rows offset = (0,63)
Columns offset = (250,313)
PSNR taken 58.34485
SSIM taken 0.99903

Key which was embeded : 15
Result of extraction = 1

Optimal c value for grid = 1
-----------------------------------

Running with c = 1
Rows offset = (50,113)
Columns offset = (0,63)
PSNR taken 60.11924
SSIM taken 0.99884

Key which was embeded : 15
Result of extraction = 1

Optimal c value for grid = 1
-----------------------------------

Running with c = 1
Rows offset = (50,113)
Columns offset = (50,113)
PSNR taken 59.91781
SSIM taken 0.99903

Key which was embeded : 15
Result of extraction = 1

Optimal c value for grid = 1
-----------------------------------

Running with c = 1
Rows offset = (50,113)
Columns offset = (100,163)
PSNR taken 60.11805
SSIM taken 0.99902

Key which was embeded : 15
Result of extraction = 1

Optimal c value for grid = 1
-----------------------------------

Running with c = 1
Rows offset = (50,113)
Columns offset = (150,213)
PSNR taken 58.47836
SSIM taken 0.99904

Key which was embeded : 15
Result of extraction = 1

Optimal c value for grid = 1
-----------------------------------

Running with c = 1
Rows offset = (50,113)
Columns offset = (200,263)
PSNR taken 55.75942
SSIM taken 0.99909

Key which was embeded : 15
Result of extraction = 1

Optimal c value for grid = 1
-----------------------------------

Running with c = 1
Rows offset = (50,113)
Columns offset = (250,313)
PSNR taken 55.94046
SSIM taken 0.99938

Key which was embeded : 15
Result of extraction = 1

Optimal c value for grid = 1
-----------------------------------

Running with c = 1
Rows offset = (100,163)
Columns offset = (0,63)
PSNR taken 60.19256
SSIM taken 0.99907

Key which was embeded : 15
Result of extraction = 1

Optimal c value for grid = 1
-----------------------------------

Running with c = 1
Rows offset = (100,163)
Columns offset = (50,113)
PSNR taken 59.91781
SSIM taken 0.99889

Key which was embeded : 15
Result of extraction = 1

Optimal c value for grid = 1
-----------------------------------

Running with c = 1
Rows offset = (100,163)
Columns offset = (100,163)
PSNR taken 59.74166
SSIM taken 0.99916

Key which was embeded : 15
Result of extraction = 1

Optimal c value for grid = 1
-----------------------------------

Running with c = 1
Rows offset = (100,163)
Columns offset = (150,213)
PSNR taken 52.73538
SSIM taken 0.99928

Key which was embeded : 15
Result of extraction = 1

Optimal c value for grid = 1
-----------------------------------

Running with c = 1
Rows offset = (100,163)
Columns offset = (200,263)
PSNR taken 55.49058
SSIM taken 0.99947

Key which was embeded : 15
Result of extraction = 1

Optimal c value for grid = 1
-----------------------------------

Running with c = 1
Rows offset = (100,163)
Columns offset = (250,313)
PSNR taken 56.93719
SSIM taken 0.99960

Key which was embeded : 15
Result of extraction = 1

Optimal c value for grid = 1
-----------------------------------

Running with c = 1
PSNR = 60.21321505451787
SSIM = 0.9989802635803532
[0, 150]
Finished grid movement

Rows offset = (0,63)
Columns offset = (150,213)
Embed key : 10 in Block 2
Running with c = 1
Rows offset = (0,63)
Columns offset = (0,63)
PSNR taken 57.98548
SSIM taken 0.99919

Key which was embeded : 10
Result of extraction = 1

Optimal c value for grid = 1
-----------------------------------

Running with c = 1
Rows offset = (0,63)
Columns offset = (50,113)
PSNR taken 58.68067
SSIM taken 0.99912

Key which was embeded : 10
Result of extraction = 1

Optimal c value for grid = 1
-----------------------------------

Running with c = 1
Rows offset = (0,63)
Columns offset = (100,163)
PSNR taken 56.88424
SSIM taken 0.99927

Key which was embeded : 10
Result of extraction = 1

Optimal c value for grid = 1
-----------------------------------

Running with c = 1
Rows offset = (0,63)
Columns offset = (150,213)
PSNR taken 47.43075
SSIM taken 0.99900

Key which was embeded : 10
Result of extraction = 1

Optimal c value for grid = 1
-----------------------------------

Running with c = 1
Rows offset = (0,63)
Columns offset = (200,263)
PSNR taken 54.26693
SSIM taken 0.99892

Key which was embeded : 10
Result of extraction = 1

Optimal c value for grid = 1
-----------------------------------

Running with c = 1
Rows offset = (0,63)
Columns offset = (250,313)
PSNR taken 56.22943
SSIM taken 0.99909

Key which was embeded : 10
Result of extraction = 1

Optimal c value for grid = 1
-----------------------------------

Running with c = 1
Rows offset = (50,113)
Columns offset = (0,63)
PSNR taken 56.85099
SSIM taken 0.99963

Key which was embeded : 10
Result of extraction = 1

Optimal c value for grid = 1
-----------------------------------

Running with c = 1
Rows offset = (50,113)
Columns offset = (50,113)
PSNR taken 58.75141
SSIM taken 0.99965

Key which was embeded : 10
Result of extraction = 1

Optimal c value for grid = 1
-----------------------------------

Running with c = 1
Rows offset = (50,113)
Columns offset = (100,163)
PSNR taken 55.72462
SSIM taken 0.99955

Key which was embeded : 10
Result of extraction = 1

Optimal c value for grid = 1
-----------------------------------

Running with c = 1
Rows offset = (50,113)
Columns offset = (150,213)
PSNR taken 57.34969
SSIM taken 0.99959

Key which was embeded : 10
Result of extraction = 1

Optimal c value for grid = 1
-----------------------------------

Running with c = 1
Rows offset = (50,113)
Columns offset = (200,263)
PSNR taken 47.90014
SSIM taken 0.99919

Key which was embeded : 10
Result of extraction = 1

Optimal c value for grid = 1
-----------------------------------

Running with c = 1
Rows offset = (50,113)
Columns offset = (250,313)
PSNR taken 47.48362
SSIM taken 0.99921

Key which was embeded : 10
Result of extraction = 0

Running with c = 100
Rows offset = (50,113)
Columns offset = (250,313)
PSNR taken 34.27078
SSIM taken 0.98180

Key which was embeded : 10
Result of extraction = 1

Running with c = 50
Rows offset = (50,113)
Columns offset = (250,313)
PSNR taken 37.99351
SSIM taken 0.98558

Key which was embeded : 10
Result of extraction = 1

Running with c = 25
Rows offset = (50,113)
Columns offset = (250,313)
PSNR taken 42.76838
SSIM taken 0.99175

Key which was embeded : 10
Result of extraction = 0

Running with c = 13
Rows offset = (50,113)
Columns offset = (250,313)
PSNR taken 45.43580
SSIM taken 0.99576

Key which was embeded : 10
Result of extraction = 0

Running with c = 18
Rows offset = (50,113)
Columns offset = (250,313)
PSNR taken 44.31088
SSIM taken 0.99396

Key which was embeded : 10
Result of extraction = 0

Running with c = 21
Rows offset = (50,113)
Columns offset = (250,313)
PSNR taken 43.64551
SSIM taken 0.99294

Key which was embeded : 10
Result of extraction = 0

Running with c = 22
Rows offset = (50,113)
Columns offset = (250,313)
PSNR taken 43.42130
SSIM taken 0.99263

Key which was embeded : 10
Result of extraction = 0

Running with c = 23
Rows offset = (50,113)
Columns offset = (250,313)
Key which was embeded : 10
Result of extraction = 0

Running with c = 26
Rows offset = (50,113)
Columns offset = (250,313)
Key which was embeded : 10
Result of extraction = 0

Running with c = 29
Rows offset = (50,113)
Columns offset = (250,313)
Key which was embeded : 10
Result of extraction = 0

Running with c = 32
Rows offset = (50,113)
Columns offset = (250,313)
Key which was embeded : 10
Result of extraction = 1

Optimal c value for grid = 32
-----------------------------------

Optimal c value for grid = 32
-----------------------------------

Running with c = 1
Rows offset = (100,163)
Columns offset = (0,63)
PSNR taken 59.66477
SSIM taken 0.99970

Key which was embeded : 10
Result of extraction = 1

Optimal c value for grid = 1
-----------------------------------

Running with c = 1
Rows offset = (100,163)
Columns offset = (50,113)
PSNR taken 59.40034
SSIM taken 0.99962

Key which was embeded : 10
Result of extraction = 1

Optimal c value for grid = 1
-----------------------------------

Running with c = 1
Rows offset = (100,163)
Columns offset = (100,163)
PSNR taken 59.42668
SSIM taken 0.99961

Key which was embeded : 10
Result of extraction = 1

Optimal c value for grid = 1
-----------------------------------

Running with c = 1
Rows offset = (100,163)
Columns offset = (150,213)
PSNR taken 59.75260
SSIM taken 0.99965

Key which was embeded : 10
Result of extraction = 1

Optimal c value for grid = 1
-----------------------------------

Running with c = 1
Rows offset = (100,163)
Columns offset = (200,263)
PSNR taken 59.82327
SSIM taken 0.99966

Key which was embeded : 10
Result of extraction = 1

Optimal c value for grid = 1
-----------------------------------

Running with c = 1
Rows offset = (100,163)
Columns offset = (250,313)
PSNR taken 59.49634
SSIM taken 0.99963

Key which was embeded : 10
Result of extraction = 1

Optimal c value for grid = 1
-----------------------------------

Running with c = 1
PSNR = 59.82326893979331
SSIM = 0.9996618255105402
[100, 200]
Finished grid movement

Rows offset = (100,163)
Columns offset = (200,263)
Embed key : 9 in Block 3
Running with c = 1
Rows offset = (0,63)
Columns offset = (0,63)
PSNR taken 56.12224
SSIM taken 0.99943

Key which was embeded : 9
Result of extraction = 1

Optimal c value for grid = 1
-----------------------------------

Running with c = 1
Rows offset = (0,63)
Columns offset = (50,113)
PSNR taken 57.86893
SSIM taken 0.99941

Key which was embeded : 9
Result of extraction = 1

Optimal c value for grid = 1
-----------------------------------

Running with c = 1
Rows offset = (0,63)
Columns offset = (100,163)
PSNR taken 56.68085
SSIM taken 0.99902

Key which was embeded : 9
Result of extraction = 1

Optimal c value for grid = 1
-----------------------------------

Running with c = 1
Rows offset = (0,63)
Columns offset = (150,213)
PSNR taken 59.89511
SSIM taken 0.99903

Key which was embeded : 9
Result of extraction = 1

Optimal c value for grid = 1
-----------------------------------

Running with c = 1
Rows offset = (0,63)
Columns offset = (200,263)
PSNR taken 60.19741
SSIM taken 0.99914

Key which was embeded : 9
Result of extraction = 1

Optimal c value for grid = 1
-----------------------------------

Running with c = 1
Rows offset = (0,63)
Columns offset = (250,313)
PSNR taken 59.95896
SSIM taken 0.99901

Key which was embeded : 9
Result of extraction = 1

Optimal c value for grid = 1
-----------------------------------

Running with c = 1
Rows offset = (50,113)
Columns offset = (0,63)
PSNR taken 53.67568
SSIM taken 0.99943

Key which was embeded : 9
Result of extraction = 1

Optimal c value for grid = 1
-----------------------------------

Running with c = 1
Rows offset = (50,113)
Columns offset = (50,113)
PSNR taken 55.04168
SSIM taken 0.99950

Key which was embeded : 9
Result of extraction = 1

Optimal c value for grid = 1
-----------------------------------

Running with c = 1
Rows offset = (50,113)
Columns offset = (100,163)
PSNR taken 55.20924
SSIM taken 0.99948

Key which was embeded : 9
Result of extraction = 1

Optimal c value for grid = 1
-----------------------------------

Running with c = 1
Rows offset = (50,113)
Columns offset = (150,213)
PSNR taken 56.33784
SSIM taken 0.99933

Key which was embeded : 9
Result of extraction = 1

Optimal c value for grid = 1
-----------------------------------

Running with c = 1
Rows offset = (50,113)
Columns offset = (200,263)
PSNR taken 56.07220
SSIM taken 0.99940

Key which was embeded : 9
Result of extraction = 1

Optimal c value for grid = 1
-----------------------------------

Running with c = 1
Rows offset = (50,113)
Columns offset = (250,313)
PSNR taken 57.00939
SSIM taken 0.99941

Key which was embeded : 9
Result of extraction = 1

Optimal c value for grid = 1
-----------------------------------

Running with c = 1
Rows offset = (100,163)
Columns offset = (0,63)
PSNR taken 57.79294
SSIM taken 0.99965

Key which was embeded : 9
Result of extraction = 1

Optimal c value for grid = 1
-----------------------------------

Running with c = 1
Rows offset = (100,163)
Columns offset = (50,113)
PSNR taken 56.30256
SSIM taken 0.99951

Key which was embeded : 9
Result of extraction = 1

Optimal c value for grid = 1
-----------------------------------

Running with c = 1
Rows offset = (100,163)
Columns offset = (100,163)
PSNR taken 55.33613
SSIM taken 0.99958

Key which was embeded : 9
Result of extraction = 1

Optimal c value for grid = 1
-----------------------------------

Running with c = 1
Rows offset = (100,163)
Columns offset = (150,213)
PSNR taken 56.37844
SSIM taken 0.99953

Key which was embeded : 9
Result of extraction = 1

Optimal c value for grid = 1
-----------------------------------

Running with c = 1
Rows offset = (100,163)
Columns offset = (200,263)
PSNR taken 54.94068
SSIM taken 0.99945

Key which was embeded : 9
Result of extraction = 1

Optimal c value for grid = 1
-----------------------------------

Running with c = 1
Rows offset = (100,163)
Columns offset = (250,313)
PSNR taken 55.94957
SSIM taken 0.99955

Key which was embeded : 9
Result of extraction = 1

Optimal c value for grid = 1
-----------------------------------

Running with c = 1
PSNR = 60.197411459011185
SSIM = 0.9991397879870233
[0, 200]
Finished grid movement

Rows offset = (0,63)
Columns offset = (200,263)
Embed key : 13 in Block 4
Running with c = 1
Rows offset = (0,63)
Columns offset = (0,63)
PSNR taken 60.11329
SSIM taken 0.99902

Key which was embeded : 13
Result of extraction = 1

Optimal c value for grid = 1
-----------------------------------

Running with c = 1
Rows offset = (0,63)
Columns offset = (50,113)
PSNR taken 60.19256
SSIM taken 0.99897

Key which was embeded : 13
Result of extraction = 1

Optimal c value for grid = 1
-----------------------------------

Running with c = 1
Rows offset = (0,63)
Columns offset = (100,163)
PSNR taken 59.98893
SSIM taken 0.99886

Key which was embeded : 13
Result of extraction = 1

Optimal c value for grid = 1
-----------------------------------

Running with c = 1
Rows offset = (0,63)
Columns offset = (150,213)
PSNR taken 59.97161
SSIM taken 0.99885

Key which was embeded : 13
Result of extraction = 1

Optimal c value for grid = 1
-----------------------------------

Running with c = 1
Rows offset = (0,63)
Columns offset = (200,263)
PSNR taken 59.99819
SSIM taken 0.99888

Key which was embeded : 13
Result of extraction = 1

Optimal c value for grid = 1
-----------------------------------

Running with c = 1
Rows offset = (0,63)
Columns offset = (250,313)
PSNR taken 59.91439
SSIM taken 0.99883

Key which was embeded : 13
Result of extraction = 1

Optimal c value for grid = 1
-----------------------------------

Running with c = 1
Rows offset = (50,113)
Columns offset = (0,63)
PSNR taken 58.77934
SSIM taken 0.99946

Key which was embeded : 13
Result of extraction = 1

Optimal c value for grid = 1
-----------------------------------

Running with c = 1
Rows offset = (50,113)
Columns offset = (50,113)
PSNR taken 56.77638
SSIM taken 0.99894

Key which was embeded : 13
Result of extraction = 1

Optimal c value for grid = 1
-----------------------------------

Running with c = 1
Rows offset = (50,113)
Columns offset = (100,163)
PSNR taken 60.01212
SSIM taken 0.99899

Key which was embeded : 13
Result of extraction = 1

Optimal c value for grid = 1
-----------------------------------

Running with c = 1
Rows offset = (50,113)
Columns offset = (150,213)
PSNR taken 60.03310
SSIM taken 0.99894

Key which was embeded : 13
Result of extraction = 1

Optimal c value for grid = 1
-----------------------------------

Running with c = 1
Rows offset = (50,113)
Columns offset = (200,263)
PSNR taken 60.17683
SSIM taken 0.99887

Key which was embeded : 13
Result of extraction = 1

Optimal c value for grid = 1
-----------------------------------

Running with c = 1
Rows offset = (50,113)
Columns offset = (250,313)
PSNR taken 59.84559
SSIM taken 0.99890

Key which was embeded : 13
Result of extraction = 1

Optimal c value for grid = 1
-----------------------------------

Running with c = 1
Rows offset = (100,163)
Columns offset = (0,63)
PSNR taken 57.01580
SSIM taken 0.99959

Key which was embeded : 13
Result of extraction = 1

Optimal c value for grid = 1
-----------------------------------

Running with c = 1
Rows offset = (100,163)
Columns offset = (50,113)
PSNR taken 52.71259
SSIM taken 0.99944

Key which was embeded : 13
Result of extraction = 1

Optimal c value for grid = 1
-----------------------------------

Running with c = 1
Rows offset = (100,163)
Columns offset = (100,163)
PSNR taken 57.89456
SSIM taken 0.99945

Key which was embeded : 13
Result of extraction = 1

Optimal c value for grid = 1
-----------------------------------

Running with c = 1
Rows offset = (100,163)
Columns offset = (150,213)
PSNR taken 55.35081
SSIM taken 0.99889

Key which was embeded : 13
Result of extraction = 1

Optimal c value for grid = 1
-----------------------------------

Running with c = 1
Rows offset = (100,163)
Columns offset = (200,263)
PSNR taken 60.24745
SSIM taken 0.99899

Key which was embeded : 13
Result of extraction = 1

Optimal c value for grid = 1
-----------------------------------

Running with c = 1
Rows offset = (100,163)
Columns offset = (250,313)
PSNR taken 60.08600
SSIM taken 0.99900

Key which was embeded : 13
Result of extraction = 1

Optimal c value for grid = 1
-----------------------------------

Running with c = 1
PSNR = 60.24745015717418
SSIM = 0.9989925324384803
[100, 200]
Finished grid movement

Rows offset = (100,163)
Columns offset = (200,263)
Embed key : 14 in Block 5
Running with c = 1
Rows offset = (0,63)
Columns offset = (0,63)
PSNR taken 60.18408
SSIM taken 0.99915

Key which was embeded : 14
Result of extraction = 1

Optimal c value for grid = 1
-----------------------------------

Running with c = 1
Rows offset = (0,63)
Columns offset = (50,113)
PSNR taken 58.51692
SSIM taken 0.99915

Key which was embeded : 14
Result of extraction = 1

Optimal c value for grid = 1
-----------------------------------

Running with c = 1
Rows offset = (0,63)
Columns offset = (100,163)
PSNR taken 52.82156
SSIM taken 0.99933

Key which was embeded : 14
Result of extraction = 1

Optimal c value for grid = 1
-----------------------------------

Running with c = 1
Rows offset = (0,63)
Columns offset = (150,213)
PSNR taken 37.05743
SSIM taken 0.99674

Key which was embeded : 14
Result of extraction = 1

Optimal c value for grid = 1
-----------------------------------

Running with c = 1
Rows offset = (0,63)
Columns offset = (200,263)
PSNR taken 44.72168
SSIM taken 0.99828

Key which was embeded : 14
Result of extraction = 1

Optimal c value for grid = 1
-----------------------------------

Running with c = 1
Rows offset = (0,63)
Columns offset = (250,313)
PSNR taken 55.43187
SSIM taken 0.99965

Key which was embeded : 14
Result of extraction = 1

Optimal c value for grid = 1
-----------------------------------

Running with c = 1
Rows offset = (50,113)
Columns offset = (0,63)
PSNR taken 60.10022
SSIM taken 0.99909

Key which was embeded : 14
Result of extraction = 1

Optimal c value for grid = 1
-----------------------------------

Running with c = 1
Rows offset = (50,113)
Columns offset = (50,113)
PSNR taken 52.50519
SSIM taken 0.99929

Key which was embeded : 14
Result of extraction = 1

Optimal c value for grid = 1
-----------------------------------

Running with c = 1
Rows offset = (50,113)
Columns offset = (100,163)
PSNR taken 55.71423
SSIM taken 0.99946

Key which was embeded : 14
Result of extraction = 1

Optimal c value for grid = 1
-----------------------------------

Running with c = 1
Rows offset = (50,113)
Columns offset = (150,213)
PSNR taken 57.25560
SSIM taken 0.99941

Key which was embeded : 14
Result of extraction = 1

Optimal c value for grid = 1
-----------------------------------

Running with c = 1
Rows offset = (50,113)
Columns offset = (200,263)
PSNR taken 58.10449
SSIM taken 0.99956

Key which was embeded : 14
Result of extraction = 1

Optimal c value for grid = 1
-----------------------------------

Running with c = 1
Rows offset = (50,113)
Columns offset = (250,313)
PSNR taken 59.19134
SSIM taken 0.99962

Key which was embeded : 14
Result of extraction = 1

Optimal c value for grid = 1
-----------------------------------

Running with c = 1
Rows offset = (100,163)
Columns offset = (0,63)
PSNR taken 56.14796
SSIM taken 0.99915

Key which was embeded : 14
Result of extraction = 1

Optimal c value for grid = 1
-----------------------------------

Running with c = 1
Rows offset = (100,163)
Columns offset = (50,113)
PSNR taken 54.92985
SSIM taken 0.99938

Key which was embeded : 14
Result of extraction = 1

Optimal c value for grid = 1
-----------------------------------

Running with c = 1
Rows offset = (100,163)
Columns offset = (100,163)
PSNR taken 58.52352
SSIM taken 0.99959

Key which was embeded : 14
Result of extraction = 1

Optimal c value for grid = 1
-----------------------------------

Running with c = 1
Rows offset = (100,163)
Columns offset = (150,213)
PSNR taken 59.40337
SSIM taken 0.99962

Key which was embeded : 14
Result of extraction = 1

Optimal c value for grid = 1
-----------------------------------

Running with c = 1
Rows offset = (100,163)
Columns offset = (200,263)
PSNR taken 59.49634
SSIM taken 0.99968

Key which was embeded : 14
Result of extraction = 1

Optimal c value for grid = 1
-----------------------------------

Running with c = 1
Rows offset = (100,163)
Columns offset = (250,313)
PSNR taken 59.50047
SSIM taken 0.99964

Key which was embeded : 14
Result of extraction = 1

Optimal c value for grid = 1
-----------------------------------

Running with c = 1
PSNR = 60.18408395712803
SSIM = 0.9991528433265336
[0, 0]
Finished grid movement

Rows offset = (0,63)
Columns offset = (0,63)
Embed key : 10 in Block 6
Running with c = 1
Rows offset = (0,63)
Columns offset = (0,63)
PSNR taken 56.65179
SSIM taken 0.99958

Key which was embeded : 10
Result of extraction = 1

Optimal c value for grid = 1
-----------------------------------

Running with c = 1
Rows offset = (0,63)
Columns offset = (50,113)
PSNR taken 58.02209
SSIM taken 0.99948

Key which was embeded : 10
Result of extraction = 1

Optimal c value for grid = 1
-----------------------------------

Running with c = 1
Rows offset = (0,63)
Columns offset = (100,163)
PSNR taken 58.02062
SSIM taken 0.99942

Key which was embeded : 10
Result of extraction = 1

Optimal c value for grid = 1
-----------------------------------

Running with c = 1
Rows offset = (0,63)
Columns offset = (150,213)
PSNR taken 58.83218
SSIM taken 0.99947

Key which was embeded : 10
Result of extraction = 1

Optimal c value for grid = 1
-----------------------------------

Running with c = 1
Rows offset = (0,63)
Columns offset = (200,263)
PSNR taken 59.42872
SSIM taken 0.99959

Key which was embeded : 10
Result of extraction = 1

Optimal c value for grid = 1
-----------------------------------

Running with c = 1
Rows offset = (0,63)
Columns offset = (250,313)
PSNR taken 58.96352
SSIM taken 0.99942

Key which was embeded : 10
Result of extraction = 1

Optimal c value for grid = 1
-----------------------------------

Running with c = 1
Rows offset = (50,113)
Columns offset = (0,63)
PSNR taken 59.54932
SSIM taken 0.99957

Key which was embeded : 10
Result of extraction = 1

Optimal c value for grid = 1
-----------------------------------

Running with c = 1
Rows offset = (50,113)
Columns offset = (50,113)
PSNR taken 59.13492
SSIM taken 0.99939

Key which was embeded : 10
Result of extraction = 1

Optimal c value for grid = 1
-----------------------------------

Running with c = 1
Rows offset = (50,113)
Columns offset = (100,163)
PSNR taken 59.03071
SSIM taken 0.99946

Key which was embeded : 10
Result of extraction = 1

Optimal c value for grid = 1
-----------------------------------

Running with c = 1
Rows offset = (50,113)
Columns offset = (150,213)
PSNR taken 59.44705
SSIM taken 0.99947

Key which was embeded : 10
Result of extraction = 1

Optimal c value for grid = 1
-----------------------------------

Running with c = 1
Rows offset = (50,113)
Columns offset = (200,263)
PSNR taken 58.87403
SSIM taken 0.99944

Key which was embeded : 10
Result of extraction = 1

Optimal c value for grid = 1
-----------------------------------

Running with c = 1
Rows offset = (50,113)
Columns offset = (250,313)
PSNR taken 58.35833
SSIM taken 0.99936

Key which was embeded : 10
Result of extraction = 1

Optimal c value for grid = 1
-----------------------------------

Running with c = 1
Rows offset = (100,163)
Columns offset = (0,63)
PSNR taken 59.00851
SSIM taken 0.99946

Key which was embeded : 10
Result of extraction = 1

Optimal c value for grid = 1
-----------------------------------

Running with c = 1
Rows offset = (100,163)
Columns offset = (50,113)
PSNR taken 59.35313
SSIM taken 0.99943

Key which was embeded : 10
Result of extraction = 1

Optimal c value for grid = 1
-----------------------------------

Running with c = 1
Rows offset = (100,163)
Columns offset = (100,163)
PSNR taken 59.27982
SSIM taken 0.99942

Key which was embeded : 10
Result of extraction = 1

Optimal c value for grid = 1
-----------------------------------

Running with c = 1
Rows offset = (100,163)
Columns offset = (150,213)
PSNR taken 59.75588
SSIM taken 0.99956

Key which was embeded : 10
Result of extraction = 1

Optimal c value for grid = 1
-----------------------------------

Running with c = 1
Rows offset = (100,163)
Columns offset = (200,263)
PSNR taken 59.34315
SSIM taken 0.99947

Key which was embeded : 10
Result of extraction = 1

Optimal c value for grid = 1
-----------------------------------

Running with c = 1
Rows offset = (100,163)
Columns offset = (250,313)
PSNR taken 58.97084
SSIM taken 0.99945

Key which was embeded : 10
Result of extraction = 1

Optimal c value for grid = 1
-----------------------------------

Running with c = 1
PSNR = 59.75588373088594
SSIM = 0.9995596928985995
[100, 150]
Finished grid movement

Rows offset = (100,163)
Columns offset = (150,213)
Embed key : 12 in Block 7
Running with c = 1
Rows offset = (0,63)
Columns offset = (0,63)
PSNR taken 58.80040
SSIM taken 0.99961

Key which was embeded : 12
Result of extraction = 1

Optimal c value for grid = 1
-----------------------------------

Running with c = 1
Rows offset = (0,63)
Columns offset = (50,113)
PSNR taken 56.48707
SSIM taken 0.99953

Key which was embeded : 12
Result of extraction = 1

Optimal c value for grid = 1
-----------------------------------

Running with c = 1
Rows offset = (0,63)
Columns offset = (100,163)
PSNR taken 54.93960
SSIM taken 0.99942

Key which was embeded : 12
Result of extraction = 1

Optimal c value for grid = 1
-----------------------------------

Running with c = 1
Rows offset = (0,63)
Columns offset = (150,213)
PSNR taken 42.97515
SSIM taken 0.99833

Key which was embeded : 12
Result of extraction = 1

Optimal c value for grid = 1
-----------------------------------

Running with c = 1
Rows offset = (0,63)
Columns offset = (200,263)
PSNR taken 46.74328
SSIM taken 0.99866

Key which was embeded : 12
Result of extraction = 1

Optimal c value for grid = 1
-----------------------------------

Running with c = 1
Rows offset = (0,63)
Columns offset = (250,313)
PSNR taken 52.62703
SSIM taken 0.99937

Key which was embeded : 12
Result of extraction = 1

Optimal c value for grid = 1
-----------------------------------

Running with c = 1
Rows offset = (50,113)
Columns offset = (0,63)
PSNR taken 59.20001
SSIM taken 0.99967

Key which was embeded : 12
Result of extraction = 1

Optimal c value for grid = 1
-----------------------------------

Running with c = 1
Rows offset = (50,113)
Columns offset = (50,113)
PSNR taken 57.99278
SSIM taken 0.99959

Key which was embeded : 12
Result of extraction = 1

Optimal c value for grid = 1
-----------------------------------

Running with c = 1
Rows offset = (50,113)
Columns offset = (100,163)
PSNR taken 56.27690
SSIM taken 0.99945

Key which was embeded : 12
Result of extraction = 1

Optimal c value for grid = 1
-----------------------------------

Running with c = 1
Rows offset = (50,113)
Columns offset = (150,213)
PSNR taken 56.38147
SSIM taken 0.99955

Key which was embeded : 12
Result of extraction = 1

Optimal c value for grid = 1
-----------------------------------

Running with c = 1
Rows offset = (50,113)
Columns offset = (200,263)
PSNR taken 56.96708
SSIM taken 0.99958

Key which was embeded : 12
Result of extraction = 1

Optimal c value for grid = 1
-----------------------------------

Running with c = 1
Rows offset = (50,113)
Columns offset = (250,313)
PSNR taken 58.59173
SSIM taken 0.99964

Key which was embeded : 12
Result of extraction = 1

Optimal c value for grid = 1
-----------------------------------

Running with c = 1
Rows offset = (100,163)
Columns offset = (0,63)
PSNR taken 57.23102
SSIM taken 0.99960

Key which was embeded : 12
Result of extraction = 1

Optimal c value for grid = 1
-----------------------------------

Running with c = 1
Rows offset = (100,163)
Columns offset = (50,113)
PSNR taken 56.06142
SSIM taken 0.99948

Key which was embeded : 12
Result of extraction = 1

Optimal c value for grid = 1
-----------------------------------

Running with c = 1
Rows offset = (100,163)
Columns offset = (100,163)
PSNR taken 58.35674
SSIM taken 0.99957

Key which was embeded : 12
Result of extraction = 1

Optimal c value for grid = 1
-----------------------------------

Running with c = 1
Rows offset = (100,163)
Columns offset = (150,213)
PSNR taken 59.51807
SSIM taken 0.99965

Key which was embeded : 12
Result of extraction = 1

Optimal c value for grid = 1
-----------------------------------

Running with c = 1
Rows offset = (100,163)
Columns offset = (200,263)
PSNR taken 59.55664
SSIM taken 0.99964

Key which was embeded : 12
Result of extraction = 1

Optimal c value for grid = 1
-----------------------------------

Running with c = 1
Rows offset = (100,163)
Columns offset = (250,313)
PSNR taken 59.41349
SSIM taken 0.99962

Key which was embeded : 12
Result of extraction = 1

Optimal c value for grid = 1
-----------------------------------

Running with c = 1
PSNR = 59.55664096574119
SSIM = 0.9996404156180093
[100, 200]
Finished grid movement

Rows offset = (100,163)
Columns offset = (200,263)
Embed key : 8 in Block 8
Running with c = 1
Rows offset = (0,63)
Columns offset = (0,63)
PSNR taken 53.42594
SSIM taken 0.99951

Key which was embeded : 8
Result of extraction = 1

Optimal c value for grid = 1
-----------------------------------

Running with c = 1
Rows offset = (0,63)
Columns offset = (50,113)
PSNR taken 55.13788
SSIM taken 0.99961

Key which was embeded : 8
Result of extraction = 1

Optimal c value for grid = 1
-----------------------------------

Running with c = 1
Rows offset = (0,63)
Columns offset = (100,163)
PSNR taken 56.21680
SSIM taken 0.99955

Key which was embeded : 8
Result of extraction = 1

Optimal c value for grid = 1
-----------------------------------

Running with c = 1
Rows offset = (0,63)
Columns offset = (150,213)
PSNR taken 55.78790
SSIM taken 0.99960

Key which was embeded : 8
Result of extraction = 1

Optimal c value for grid = 1
-----------------------------------

Running with c = 1
Rows offset = (0,63)
Columns offset = (200,263)
PSNR taken 57.76720
SSIM taken 0.99912

Key which was embeded : 8
Result of extraction = 1

Optimal c value for grid = 1
-----------------------------------

Running with c = 1
Rows offset = (0,63)
Columns offset = (250,313)
PSNR taken 59.94635
SSIM taken 0.99897

Key which was embeded : 8
Result of extraction = 1

Optimal c value for grid = 1
-----------------------------------

Running with c = 1
Rows offset = (50,113)
Columns offset = (0,63)
PSNR taken 55.20348
SSIM taken 0.99959

Key which was embeded : 8
Result of extraction = 1

Optimal c value for grid = 1
-----------------------------------

Running with c = 1
Rows offset = (50,113)
Columns offset = (50,113)
PSNR taken 55.54220
SSIM taken 0.99946

Key which was embeded : 8
Result of extraction = 1

Optimal c value for grid = 1
-----------------------------------

Running with c = 1
Rows offset = (50,113)
Columns offset = (100,163)
PSNR taken 55.61341
SSIM taken 0.99951

Key which was embeded : 8
Result of extraction = 1

Optimal c value for grid = 1
-----------------------------------

Running with c = 1
Rows offset = (50,113)
Columns offset = (150,213)
PSNR taken 55.09569
SSIM taken 0.99942

Key which was embeded : 8
Result of extraction = 1

Optimal c value for grid = 1
-----------------------------------

Running with c = 1
Rows offset = (50,113)
Columns offset = (200,263)
PSNR taken 55.96282
SSIM taken 0.99916

Key which was embeded : 8
Result of extraction = 1

Optimal c value for grid = 1
-----------------------------------

Running with c = 1
Rows offset = (50,113)
Columns offset = (250,313)
PSNR taken 60.08246
SSIM taken 0.99900

Key which was embeded : 8
Result of extraction = 1

Optimal c value for grid = 1
-----------------------------------

Running with c = 1
Rows offset = (100,163)
Columns offset = (0,63)
PSNR taken 59.85904
SSIM taken 0.99972

Key which was embeded : 8
Result of extraction = 1

Optimal c value for grid = 1
-----------------------------------

Running with c = 1
Rows offset = (100,163)
Columns offset = (50,113)
PSNR taken 56.81631
SSIM taken 0.99957

Key which was embeded : 8
Result of extraction = 1

Optimal c value for grid = 1
-----------------------------------

Running with c = 1
Rows offset = (100,163)
Columns offset = (100,163)
PSNR taken 56.68841
SSIM taken 0.99955

Key which was embeded : 8
Result of extraction = 1

Optimal c value for grid = 1
-----------------------------------

Running with c = 1
Rows offset = (100,163)
Columns offset = (150,213)
PSNR taken 56.05674
SSIM taken 0.99954

Key which was embeded : 8
Result of extraction = 1

Optimal c value for grid = 1
-----------------------------------

Running with c = 1
Rows offset = (100,163)
Columns offset = (200,263)
PSNR taken 46.84577
SSIM taken 0.99910

Key which was embeded : 8
Result of extraction = 1

Optimal c value for grid = 1
-----------------------------------

Running with c = 1
Rows offset = (100,163)
Columns offset = (250,313)
PSNR taken 60.22908
SSIM taken 0.99919

Key which was embeded : 8
Result of extraction = 1

Optimal c value for grid = 1
-----------------------------------

Running with c = 1
PSNR = 60.22907636801794
SSIM = 0.9991872403384271
[100, 250]
Finished grid movement

Rows offset = (100,163)
Columns offset = (250,313)
Embed key : 10 in Block 9
Running with c = 1
Rows offset = (0,63)
Columns offset = (0,63)
PSNR taken 54.66632
SSIM taken 0.99945

Key which was embeded : 10
Result of extraction = 1

Optimal c value for grid = 1
-----------------------------------

Running with c = 1
Rows offset = (0,63)
Columns offset = (50,113)
PSNR taken 55.02542
SSIM taken 0.99954

Key which was embeded : 10
Result of extraction = 1

Optimal c value for grid = 1
-----------------------------------

Running with c = 1
Rows offset = (0,63)
Columns offset = (100,163)
PSNR taken 58.15348
SSIM taken 0.99972

Key which was embeded : 10
Result of extraction = 1

Optimal c value for grid = 1
-----------------------------------

Running with c = 1
Rows offset = (0,63)
Columns offset = (150,213)
PSNR taken 58.74272
SSIM taken 0.99962

Key which was embeded : 10
Result of extraction = 1

Optimal c value for grid = 1
-----------------------------------

Running with c = 1
Rows offset = (0,63)
Columns offset = (200,263)
PSNR taken 58.92262
SSIM taken 0.99964

Key which was embeded : 10
Result of extraction = 1

Optimal c value for grid = 1
-----------------------------------

Running with c = 1
Rows offset = (0,63)
Columns offset = (250,313)
PSNR taken 58.89466
SSIM taken 0.99966

Key which was embeded : 10
Result of extraction = 1

Optimal c value for grid = 1
-----------------------------------

Running with c = 1
Rows offset = (50,113)
Columns offset = (0,63)
PSNR taken 57.41953
SSIM taken 0.99925

Key which was embeded : 10
Result of extraction = 1

Optimal c value for grid = 1
-----------------------------------

Running with c = 1
Rows offset = (50,113)
Columns offset = (50,113)
PSNR taken 46.93679
SSIM taken 0.99891

Key which was embeded : 10
Result of extraction = 1

Optimal c value for grid = 1
-----------------------------------

Running with c = 1
Rows offset = (50,113)
Columns offset = (100,163)
PSNR taken 58.28584
SSIM taken 0.99965

Key which was embeded : 10
Result of extraction = 1

Optimal c value for grid = 1
-----------------------------------

Running with c = 1
Rows offset = (50,113)
Columns offset = (150,213)
PSNR taken 58.44987
SSIM taken 0.99962

Key which was embeded : 10
Result of extraction = 1

Optimal c value for grid = 1
-----------------------------------

Running with c = 1
Rows offset = (50,113)
Columns offset = (200,263)
PSNR taken 59.51392
SSIM taken 0.99971

Key which was embeded : 10
Result of extraction = 1

Optimal c value for grid = 1
-----------------------------------

Running with c = 1
Rows offset = (50,113)
Columns offset = (250,313)
PSNR taken 58.20610
SSIM taken 0.99962

Key which was embeded : 10
Result of extraction = 1

Optimal c value for grid = 1
-----------------------------------

Running with c = 1
Rows offset = (100,163)
Columns offset = (0,63)
PSNR taken 59.71551
SSIM taken 0.99910

Key which was embeded : 10
Result of extraction = 1

Optimal c value for grid = 1
-----------------------------------

Running with c = 1
Rows offset = (100,163)
Columns offset = (50,113)
PSNR taken 44.18744
SSIM taken 0.99845

Key which was embeded : 10
Result of extraction = 1

Optimal c value for grid = 1
-----------------------------------

Running with c = 1
Rows offset = (100,163)
Columns offset = (100,163)
PSNR taken 53.95217
SSIM taken 0.99946

Key which was embeded : 10
Result of extraction = 1

Optimal c value for grid = 1
-----------------------------------

Running with c = 1
Rows offset = (100,163)
Columns offset = (150,213)
PSNR taken 59.68737
SSIM taken 0.99967

Key which was embeded : 10
Result of extraction = 1

Optimal c value for grid = 1
-----------------------------------

Running with c = 1
Rows offset = (100,163)
Columns offset = (200,263)
PSNR taken 59.52950
SSIM taken 0.99965

Key which was embeded : 10
Result of extraction = 1

Optimal c value for grid = 1
-----------------------------------

Running with c = 1
Rows offset = (100,163)
Columns offset = (250,313)
PSNR taken 59.89172
SSIM taken 0.99970

Key which was embeded : 10
Result of extraction = 1

Optimal c value for grid = 1
-----------------------------------

Running with c = 1
PSNR = 59.891716199235915
SSIM = 0.99970413805153
[100, 250]
Finished grid movement

Rows offset = (100,163)
Columns offset = (250,313)
Embed key : 15 in Block 10
Running with c = 1
Rows offset = (0,63)
Columns offset = (0,63)
PSNR taken 59.09708
SSIM taken 0.99940

Key which was embeded : 15
Result of extraction = 1

Optimal c value for grid = 1
-----------------------------------

Running with c = 1
Rows offset = (0,63)
Columns offset = (50,113)
PSNR taken 57.11371
SSIM taken 0.99921

Key which was embeded : 15
Result of extraction = 1

Optimal c value for grid = 1
-----------------------------------

Running with c = 1
Rows offset = (0,63)
Columns offset = (100,163)
PSNR taken 56.93147
SSIM taken 0.99927

Key which was embeded : 15
Result of extraction = 1

Optimal c value for grid = 1
-----------------------------------

Running with c = 1
Rows offset = (0,63)
Columns offset = (150,213)
PSNR taken 56.65071
SSIM taken 0.99925

Key which was embeded : 15
Result of extraction = 1

Optimal c value for grid = 1
-----------------------------------

Running with c = 1
Rows offset = (0,63)
Columns offset = (200,263)
PSNR taken 56.78910
SSIM taken 0.99943

Key which was embeded : 15
Result of extraction = 1

Optimal c value for grid = 1
-----------------------------------

Running with c = 1
Rows offset = (0,63)
Columns offset = (250,313)
PSNR taken 58.14515
SSIM taken 0.99933

Key which was embeded : 15
Result of extraction = 1

Optimal c value for grid = 1
-----------------------------------

Running with c = 1
Rows offset = (50,113)
Columns offset = (0,63)
PSNR taken 56.81074
SSIM taken 0.99922

Key which was embeded : 15
Result of extraction = 1

Optimal c value for grid = 1
-----------------------------------

Running with c = 1
Rows offset = (50,113)
Columns offset = (50,113)
PSNR taken 57.52710
SSIM taken 0.99927

Key which was embeded : 15
Result of extraction = 1

Optimal c value for grid = 1
-----------------------------------

Running with c = 1
Rows offset = (50,113)
Columns offset = (100,163)
PSNR taken 59.88494
SSIM taken 0.99943

Key which was embeded : 15
Result of extraction = 1

Optimal c value for grid = 1
-----------------------------------

Running with c = 1
Rows offset = (50,113)
Columns offset = (150,213)
PSNR taken 59.03814
SSIM taken 0.99935

Key which was embeded : 15
Result of extraction = 1

Optimal c value for grid = 1
-----------------------------------

Running with c = 1
Rows offset = (50,113)
Columns offset = (200,263)
PSNR taken 57.65495
SSIM taken 0.99934

Key which was embeded : 15
Result of extraction = 1

Optimal c value for grid = 1
-----------------------------------

Running with c = 1
Rows offset = (50,113)
Columns offset = (250,313)
PSNR taken 59.15682
SSIM taken 0.99940

Key which was embeded : 15
Result of extraction = 1

Optimal c value for grid = 1
-----------------------------------

Running with c = 1
Rows offset = (100,163)
Columns offset = (0,63)
PSNR taken 59.27197
SSIM taken 0.99922

Key which was embeded : 15
Result of extraction = 1

Optimal c value for grid = 1
-----------------------------------

Running with c = 1
Rows offset = (100,163)
Columns offset = (50,113)
PSNR taken 59.76247
SSIM taken 0.99931

Key which was embeded : 15
Result of extraction = 1

Optimal c value for grid = 1
-----------------------------------

Running with c = 1
Rows offset = (100,163)
Columns offset = (100,163)
PSNR taken 59.88381
SSIM taken 0.99935

Key which was embeded : 15
Result of extraction = 1

Optimal c value for grid = 1
-----------------------------------

Running with c = 1
Rows offset = (100,163)
Columns offset = (150,213)
PSNR taken 59.39026
SSIM taken 0.99928

Key which was embeded : 15
Result of extraction = 1

Optimal c value for grid = 1
-----------------------------------

Running with c = 1
Rows offset = (100,163)
Columns offset = (200,263)
PSNR taken 59.57763
SSIM taken 0.99927

Key which was embeded : 15
Result of extraction = 1

Optimal c value for grid = 1
-----------------------------------

Running with c = 1
Rows offset = (100,163)
Columns offset = (250,313)
PSNR taken 59.97969
SSIM taken 0.99938

Key which was embeded : 15
Result of extraction = 1

Optimal c value for grid = 1
-----------------------------------

Running with c = 1
PSNR = 59.97968625971258
SSIM = 0.9993774571437232
[100, 250]
Finished grid movement

Rows offset = (100,163)
Columns offset = (250,313)
Embed key : 11 in Block 11
Running with c = 1
Rows offset = (0,63)
Columns offset = (0,63)
PSNR taken 58.18391
SSIM taken 0.99920

Key which was embeded : 11
Result of extraction = 1

Optimal c value for grid = 1
-----------------------------------

Running with c = 1
Rows offset = (0,63)
Columns offset = (50,113)
PSNR taken 59.39933
SSIM taken 0.99919

Key which was embeded : 11
Result of extraction = 1

Optimal c value for grid = 1
-----------------------------------

Running with c = 1
Rows offset = (0,63)
Columns offset = (100,163)
PSNR taken 58.98091
SSIM taken 0.99935

Key which was embeded : 11
Result of extraction = 1

Optimal c value for grid = 1
-----------------------------------

Running with c = 1
Rows offset = (0,63)
Columns offset = (150,213)
PSNR taken 58.10449
SSIM taken 0.99924

Key which was embeded : 11
Result of extraction = 1

Optimal c value for grid = 1
-----------------------------------

Running with c = 1
Rows offset = (0,63)
Columns offset = (200,263)
PSNR taken 58.46043
SSIM taken 0.99912

Key which was embeded : 11
Result of extraction = 1

Optimal c value for grid = 1
-----------------------------------

Running with c = 1
Rows offset = (0,63)
Columns offset = (250,313)
PSNR taken 59.60084
SSIM taken 0.99923

Key which was embeded : 11
Result of extraction = 1

Optimal c value for grid = 1
-----------------------------------

Running with c = 1
Rows offset = (50,113)
Columns offset = (0,63)
PSNR taken 58.79073
SSIM taken 0.99921

Key which was embeded : 11
Result of extraction = 1

Optimal c value for grid = 1
-----------------------------------

Running with c = 1
Rows offset = (50,113)
Columns offset = (50,113)
PSNR taken 59.04744
SSIM taken 0.99917

Key which was embeded : 11
Result of extraction = 1

Optimal c value for grid = 1
-----------------------------------

Running with c = 1
Rows offset = (50,113)
Columns offset = (100,163)
PSNR taken 59.39126
SSIM taken 0.99920

Key which was embeded : 11
Result of extraction = 1

Optimal c value for grid = 1
-----------------------------------

Running with c = 1
Rows offset = (50,113)
Columns offset = (150,213)
PSNR taken 59.78889
SSIM taken 0.99909

Key which was embeded : 11
Result of extraction = 1

Optimal c value for grid = 1
-----------------------------------

Running with c = 1
Rows offset = (50,113)
Columns offset = (200,263)
PSNR taken 59.92464
SSIM taken 0.99917

Key which was embeded : 11
Result of extraction = 1

Optimal c value for grid = 1
-----------------------------------

Running with c = 1
Rows offset = (50,113)
Columns offset = (250,313)
PSNR taken 59.77236
SSIM taken 0.99911

Key which was embeded : 11
Result of extraction = 1

Optimal c value for grid = 1
-----------------------------------

Running with c = 1
Rows offset = (100,163)
Columns offset = (0,63)
PSNR taken 59.21063
SSIM taken 0.99919

Key which was embeded : 11
Result of extraction = 1

Optimal c value for grid = 1
-----------------------------------

Running with c = 1
Rows offset = (100,163)
Columns offset = (50,113)
PSNR taken 59.60401
SSIM taken 0.99916

Key which was embeded : 11
Result of extraction = 1

Optimal c value for grid = 1
-----------------------------------

Running with c = 1
Rows offset = (100,163)
Columns offset = (100,163)
PSNR taken 60.00051
SSIM taken 0.99926

Key which was embeded : 11
Result of extraction = 1

Optimal c value for grid = 1
-----------------------------------

Running with c = 1
Rows offset = (100,163)
Columns offset = (150,213)
PSNR taken 59.52223
SSIM taken 0.99911

Key which was embeded : 11
Result of extraction = 1

Optimal c value for grid = 1
-----------------------------------

Running with c = 1
Rows offset = (100,163)
Columns offset = (200,263)
PSNR taken 59.65941
SSIM taken 0.99918

Key which was embeded : 11
Result of extraction = 1

Optimal c value for grid = 1
-----------------------------------

Running with c = 1
Rows offset = (100,163)
Columns offset = (250,313)
PSNR taken 59.71551
SSIM taken 0.99918

Key which was embeded : 11
Result of extraction = 1

Optimal c value for grid = 1
-----------------------------------

Running with c = 1
PSNR = 60.00051022255637
SSIM = 0.9992608838292728
[100, 100]
Finished grid movement

Rows offset = (100,163)
Columns offset = (100,163)
Embed key : 11 in Block 12
Running with c = 1
Rows offset = (0,63)
Columns offset = (0,63)
PSNR taken 59.73402
SSIM taken 0.99970

Key which was embeded : 11
Result of extraction = 1

Optimal c value for grid = 1
-----------------------------------

Running with c = 1
Rows offset = (0,63)
Columns offset = (50,113)
PSNR taken 59.63908
SSIM taken 0.99967

Key which was embeded : 11
Result of extraction = 1

Optimal c value for grid = 1
-----------------------------------

Running with c = 1
Rows offset = (0,63)
Columns offset = (100,163)
PSNR taken 59.90191
SSIM taken 0.99973

Key which was embeded : 11
Result of extraction = 1

Optimal c value for grid = 1
-----------------------------------

Running with c = 1
Rows offset = (0,63)
Columns offset = (150,213)
PSNR taken 56.80852
SSIM taken 0.99954

Key which was embeded : 11
Result of extraction = 1

Optimal c value for grid = 1
-----------------------------------

Running with c = 1
Rows offset = (0,63)
Columns offset = (200,263)
PSNR taken 54.37830
SSIM taken 0.99949

Key which was embeded : 11
Result of extraction = 1

Optimal c value for grid = 1
-----------------------------------

Running with c = 1
Rows offset = (0,63)
Columns offset = (250,313)
PSNR taken 57.01930
SSIM taken 0.99927

Key which was embeded : 11
Result of extraction = 1

Optimal c value for grid = 1
-----------------------------------

Running with c = 1
Rows offset = (50,113)
Columns offset = (0,63)
PSNR taken 59.57132
SSIM taken 0.99968

Key which was embeded : 11
Result of extraction = 1

Optimal c value for grid = 1
-----------------------------------

Running with c = 1
Rows offset = (50,113)
Columns offset = (50,113)
PSNR taken 59.88381
SSIM taken 0.99970

Key which was embeded : 11
Result of extraction = 1

Optimal c value for grid = 1
-----------------------------------

Running with c = 1
Rows offset = (50,113)
Columns offset = (100,163)
PSNR taken 60.05184
SSIM taken 0.99967

Key which was embeded : 11
Result of extraction = 1

Optimal c value for grid = 1
-----------------------------------

Running with c = 1
Rows offset = (50,113)
Columns offset = (150,213)
PSNR taken 56.12604
SSIM taken 0.99950

Key which was embeded : 11
Result of extraction = 1

Optimal c value for grid = 1
-----------------------------------

Running with c = 1
Rows offset = (50,113)
Columns offset = (200,263)
PSNR taken 56.26118
SSIM taken 0.99951

Key which was embeded : 11
Result of extraction = 1

Optimal c value for grid = 1
-----------------------------------

Running with c = 1
Rows offset = (50,113)
Columns offset = (250,313)
PSNR taken 53.48737
SSIM taken 0.99916

Key which was embeded : 11
Result of extraction = 1

Optimal c value for grid = 1
-----------------------------------

Running with c = 1
Rows offset = (100,163)
Columns offset = (0,63)
PSNR taken 59.93605
SSIM taken 0.99974

Key which was embeded : 11
Result of extraction = 1

Optimal c value for grid = 1
-----------------------------------

Running with c = 1
Rows offset = (100,163)
Columns offset = (50,113)
PSNR taken 59.70900
SSIM taken 0.99967

Key which was embeded : 11
Result of extraction = 1

Optimal c value for grid = 1
-----------------------------------

Running with c = 1
Rows offset = (100,163)
Columns offset = (100,163)
PSNR taken 59.36414
SSIM taken 0.99968

Key which was embeded : 11
Result of extraction = 1

Optimal c value for grid = 1
-----------------------------------

Running with c = 1
Rows offset = (100,163)
Columns offset = (150,213)
PSNR taken 56.37039
SSIM taken 0.99946

Key which was embeded : 11
Result of extraction = 1

Optimal c value for grid = 1
-----------------------------------

Running with c = 1
Rows offset = (100,163)
Columns offset = (200,263)
PSNR taken 52.63937
SSIM taken 0.99934

Key which was embeded : 11
Result of extraction = 1

Optimal c value for grid = 1
-----------------------------------

Running with c = 1
Rows offset = (100,163)
Columns offset = (250,313)
PSNR taken 59.06704
SSIM taken 0.99905

Key which was embeded : 11
Result of extraction = 1

Optimal c value for grid = 1
-----------------------------------

Running with c = 1
PSNR = 60.05183759196011
SSIM = 0.9996691237771301
[50, 100]
Finished grid movement

Rows offset = (50,113)
Columns offset = (100,163)
Embed key : 8 in Block 13
Running with c = 1
Rows offset = (0,63)
Columns offset = (0,63)
PSNR taken 60.16959
SSIM taken 0.99890

Key which was embeded : 8
Result of extraction = 1

Optimal c value for grid = 1
-----------------------------------

Running with c = 1
Rows offset = (0,63)
Columns offset = (50,113)
PSNR taken 58.97633
SSIM taken 0.99902

Key which was embeded : 8
Result of extraction = 1

Optimal c value for grid = 1
-----------------------------------

Running with c = 1
Rows offset = (0,63)
Columns offset = (100,163)
PSNR taken 54.88177
SSIM taken 0.99948

Key which was embeded : 8
Result of extraction = 1

Optimal c value for grid = 1
-----------------------------------

Running with c = 1
Rows offset = (0,63)
Columns offset = (150,213)
PSNR taken 41.69722
SSIM taken 0.99777

Key which was embeded : 8
Result of extraction = 1

Optimal c value for grid = 1
-----------------------------------

Running with c = 1
Rows offset = (0,63)
Columns offset = (200,263)
PSNR taken 37.42256
SSIM taken 0.99709

Key which was embeded : 8
Result of extraction = 1

Optimal c value for grid = 1
-----------------------------------

Running with c = 1
Rows offset = (0,63)
Columns offset = (250,313)
PSNR taken 58.88747
SSIM taken 0.99972

Key which was embeded : 8
Result of extraction = 1

Optimal c value for grid = 1
-----------------------------------

Running with c = 1
Rows offset = (50,113)
Columns offset = (0,63)
PSNR taken 60.05888
SSIM taken 0.99909

Key which was embeded : 8
Result of extraction = 1

Optimal c value for grid = 1
-----------------------------------

Running with c = 1
Rows offset = (50,113)
Columns offset = (50,113)
PSNR taken 59.89964
SSIM taken 0.99910

Key which was embeded : 8
Result of extraction = 1

Optimal c value for grid = 1
-----------------------------------

Running with c = 1
Rows offset = (50,113)
Columns offset = (100,163)
PSNR taken 59.12069
SSIM taken 0.99902

Key which was embeded : 8
Result of extraction = 1

Optimal c value for grid = 1
-----------------------------------

Running with c = 1
Rows offset = (50,113)
Columns offset = (150,213)
PSNR taken 39.79633
SSIM taken 0.99725

Key which was embeded : 8
Result of extraction = 1

Optimal c value for grid = 1
-----------------------------------

Running with c = 1
Rows offset = (50,113)
Columns offset = (200,263)
PSNR taken 41.52800
SSIM taken 0.99743

Key which was embeded : 8
Result of extraction = 0

Running with c = 100
Rows offset = (50,113)
Columns offset = (200,263)
PSNR taken 31.97413
SSIM taken 0.98363

Key which was embeded : 8
Result of extraction = 0

Running with c = 50
Rows offset = (50,113)
Columns offset = (200,263)
PSNR taken 33.18186
SSIM taken 0.98707

Key which was embeded : 8
Result of extraction = 1

Running with c = 25
Rows offset = (50,113)
Columns offset = (200,263)
PSNR taken 33.66260
SSIM taken 0.99148

Key which was embeded : 8
Result of extraction = 1

Running with c = 13
Rows offset = (50,113)
Columns offset = (200,263)
PSNR taken 33.84484
SSIM taken 0.99420

Key which was embeded : 8
Result of extraction = 0

Running with c = 18
Rows offset = (50,113)
Columns offset = (200,263)
PSNR taken 33.67274
SSIM taken 0.99305

Key which was embeded : 8
Result of extraction = 1

Optimal c value for grid = 15
-----------------------------------

Optimal c value for grid = 15
-----------------------------------

Running with c = 1
Rows offset = (50,113)
Columns offset = (250,313)
PSNR taken 34.98499
SSIM taken 0.99430

Key which was embeded : 8
Result of extraction = 1

Optimal c value for grid = 1
-----------------------------------

Running with c = 1
Rows offset = (100,163)
Columns offset = (0,63)
PSNR taken 60.03310
SSIM taken 0.99882

Key which was embeded : 8
Result of extraction = 1

Optimal c value for grid = 1
-----------------------------------

Running with c = 1
Rows offset = (100,163)
Columns offset = (50,113)
PSNR taken 59.85680
SSIM taken 0.99901

Key which was embeded : 8
Result of extraction = 1

Optimal c value for grid = 1
-----------------------------------

Running with c = 1
Rows offset = (100,163)
Columns offset = (100,163)
PSNR taken 60.07183
SSIM taken 0.99891

Key which was embeded : 8
Result of extraction = 1

Optimal c value for grid = 1
-----------------------------------

Running with c = 1
Rows offset = (100,163)
Columns offset = (150,213)
PSNR taken 60.04949
SSIM taken 0.99873

Key which was embeded : 8
Result of extraction = 1

Optimal c value for grid = 1
-----------------------------------

Running with c = 1
Rows offset = (100,163)
Columns offset = (200,263)
PSNR taken 60.06830
SSIM taken 0.99903

Key which was embeded : 8
Result of extraction = 1

Optimal c value for grid = 1
-----------------------------------

Running with c = 1
Rows offset = (100,163)
Columns offset = (250,313)
PSNR taken 47.48187
SSIM taken 0.99866

Key which was embeded : 8
Result of extraction = 0

Running with c = 100
Rows offset = (100,163)
Columns offset = (250,313)
PSNR taken 34.07483
SSIM taken 0.98111

Key which was embeded : 8
Result of extraction = 0

Running with c = 50
Rows offset = (100,163)
Columns offset = (250,313)
PSNR taken 38.35621
SSIM taken 0.98504

Key which was embeded : 8
Result of extraction = 0

Running with c = 25
Rows offset = (100,163)
Columns offset = (250,313)
PSNR taken 43.47091
SSIM taken 0.99143

Key which was embeded : 8
Result of extraction = 0

Running with c = 13
Rows offset = (100,163)
Columns offset = (250,313)
PSNR taken 45.85680
SSIM taken 0.99564

Key which was embeded : 8
Result of extraction = 0

Running with c = 18
Rows offset = (100,163)
Columns offset = (250,313)
PSNR taken 44.89381
SSIM taken 0.99388

Key which was embeded : 8
Result of extraction = 0

Running with c = 21
Rows offset = (100,163)
Columns offset = (250,313)
PSNR taken 44.28664
SSIM taken 0.99281

Key which was embeded : 8
Result of extraction = 1

Optimal c value for grid = 20
-----------------------------------

Optimal c value for grid = 20
-----------------------------------

Running with c = 1
PSNR = 60.169591358076076
SSIM = 0.9988956152589868
[0, 0]
Finished grid movement

Rows offset = (0,63)
Columns offset = (0,63)
Embed key : 9 in Block 14
Running with c = 1
Rows offset = (0,63)
Columns offset = (0,63)
PSNR taken 59.84671
SSIM taken 0.99976

Key which was embeded : 9
Result of extraction = 1

Optimal c value for grid = 1
-----------------------------------

Running with c = 1
Rows offset = (0,63)
Columns offset = (50,113)
PSNR taken 59.82216
SSIM taken 0.99966

Key which was embeded : 9
Result of extraction = 1

Optimal c value for grid = 1
-----------------------------------

Running with c = 1
Rows offset = (0,63)
Columns offset = (100,163)
PSNR taken 59.82216
SSIM taken 0.99972

Key which was embeded : 9
Result of extraction = 1

Optimal c value for grid = 1
-----------------------------------

Running with c = 1
Rows offset = (0,63)
Columns offset = (150,213)
PSNR taken 59.90985
SSIM taken 0.99970

Key which was embeded : 9
Result of extraction = 1

Optimal c value for grid = 1
-----------------------------------

Running with c = 1
Rows offset = (0,63)
Columns offset = (200,263)
PSNR taken 59.75260
SSIM taken 0.99970

Key which was embeded : 9
Result of extraction = 1

Optimal c value for grid = 1
-----------------------------------

Running with c = 1
Rows offset = (0,63)
Columns offset = (250,313)
PSNR taken 56.94981
SSIM taken 0.99952

Key which was embeded : 9
Result of extraction = 1

Optimal c value for grid = 1
-----------------------------------

Running with c = 1
Rows offset = (50,113)
Columns offset = (0,63)
PSNR taken 38.52934
SSIM taken 0.99709

Key which was embeded : 9
Result of extraction = 1

Optimal c value for grid = 1
-----------------------------------

Running with c = 1
Rows offset = (50,113)
Columns offset = (50,113)
PSNR taken 56.33435
SSIM taken 0.99964

Key which was embeded : 9
Result of extraction = 1

Optimal c value for grid = 1
-----------------------------------

Running with c = 1
Rows offset = (50,113)
Columns offset = (100,163)
PSNR taken 58.42801
SSIM taken 0.99963

Key which was embeded : 9
Result of extraction = 1

Optimal c value for grid = 1
-----------------------------------

Running with c = 1
Rows offset = (50,113)
Columns offset = (150,213)
PSNR taken 59.81104
SSIM taken 0.99966

Key which was embeded : 9
Result of extraction = 1

Optimal c value for grid = 1
-----------------------------------

Running with c = 1
Rows offset = (50,113)
Columns offset = (200,263)
PSNR taken 59.61673
SSIM taken 0.99964

Key which was embeded : 9
Result of extraction = 1

Optimal c value for grid = 1
-----------------------------------

Running with c = 1
Rows offset = (50,113)
Columns offset = (250,313)
PSNR taken 59.07922
SSIM taken 0.99961

Key which was embeded : 9
Result of extraction = 1

Optimal c value for grid = 1
-----------------------------------

Running with c = 1
Rows offset = (100,163)
Columns offset = (0,63)
PSNR taken 37.05145
SSIM taken 0.99637

Key which was embeded : 9
Result of extraction = 0

Running with c = 100
Rows offset = (100,163)
Columns offset = (0,63)
PSNR taken 31.61111
SSIM taken 0.98291

Key which was embeded : 9
Result of extraction = 0

Running with c = 50
Rows offset = (100,163)
Columns offset = (0,63)
PSNR taken 33.56560
SSIM taken 0.98630

Key which was embeded : 9
Result of extraction = 1

Running with c = 25
Rows offset = (100,163)
Columns offset = (0,63)
PSNR taken 34.70140
SSIM taken 0.99080

Key which was embeded : 9
Result of extraction = 1

Running with c = 13
Rows offset = (100,163)
Columns offset = (0,63)
PSNR taken 35.38995
SSIM taken 0.99369

Key which was embeded : 9
Result of extraction = 0

Running with c = 18
Rows offset = (100,163)
Columns offset = (0,63)
PSNR taken 34.98340
SSIM taken 0.99238

Key which was embeded : 9
Result of extraction = 1

Optimal c value for grid = 15
-----------------------------------

Optimal c value for grid = 15
-----------------------------------

Running with c = 1
Rows offset = (100,163)
Columns offset = (50,113)
PSNR taken 53.34103
SSIM taken 0.99929

Key which was embeded : 9
Result of extraction = 1

Optimal c value for grid = 1
-----------------------------------

Running with c = 1
Rows offset = (100,163)
Columns offset = (100,163)
PSNR taken 39.86204
SSIM taken 0.99812

Key which was embeded : 9
Result of extraction = 1

Optimal c value for grid = 1
-----------------------------------

Running with c = 1
Rows offset = (100,163)
Columns offset = (150,213)
PSNR taken 53.09725
SSIM taken 0.99943

Key which was embeded : 9
Result of extraction = 1

Optimal c value for grid = 1
-----------------------------------

Running with c = 1
Rows offset = (100,163)
Columns offset = (200,263)
PSNR taken 54.15412
SSIM taken 0.99957

Key which was embeded : 9
Result of extraction = 1

Optimal c value for grid = 1
-----------------------------------

Running with c = 1
Rows offset = (100,163)
Columns offset = (250,313)
PSNR taken 55.19541
SSIM taken 0.99961

Key which was embeded : 9
Result of extraction = 1

Optimal c value for grid = 1
-----------------------------------

Running with c = 1
PSNR = 59.909849606870594
SSIM = 0.999699196096303
[0, 150]
Finished grid movement

Rows offset = (0,63)
Columns offset = (150,213)
Embed key : 10 in Block 15
Running with c = 1
Rows offset = (0,63)
Columns offset = (0,63)
PSNR taken 59.31731
SSIM taken 0.99968

Key which was embeded : 10
Result of extraction = 1

Optimal c value for grid = 1
-----------------------------------

Running with c = 1
Rows offset = (0,63)
Columns offset = (50,113)
PSNR taken 59.37015
SSIM taken 0.99965

Key which was embeded : 10
Result of extraction = 1

Optimal c value for grid = 1
-----------------------------------

Running with c = 1
Rows offset = (0,63)
Columns offset = (100,163)
PSNR taken 59.31632
SSIM taken 0.99964

Key which was embeded : 10
Result of extraction = 1

Optimal c value for grid = 1
-----------------------------------

Running with c = 1
Rows offset = (0,63)
Columns offset = (150,213)
PSNR taken 59.67552
SSIM taken 0.99968

Key which was embeded : 10
Result of extraction = 1

Optimal c value for grid = 1
-----------------------------------

Running with c = 1
Rows offset = (0,63)
Columns offset = (200,263)
PSNR taken 59.93148
SSIM taken 0.99972

Key which was embeded : 10
Result of extraction = 1

Optimal c value for grid = 1
-----------------------------------

Running with c = 1
Rows offset = (0,63)
Columns offset = (250,313)
PSNR taken 59.84783
SSIM taken 0.99969

Key which was embeded : 10
Result of extraction = 1

Optimal c value for grid = 1
-----------------------------------

Running with c = 1
Rows offset = (50,113)
Columns offset = (0,63)
PSNR taken 59.76576
SSIM taken 0.99968

Key which was embeded : 10
Result of extraction = 1

Optimal c value for grid = 1
-----------------------------------

Running with c = 1
Rows offset = (50,113)
Columns offset = (50,113)
PSNR taken 58.82775
SSIM taken 0.99960

Key which was embeded : 10
Result of extraction = 1

Optimal c value for grid = 1
-----------------------------------

Running with c = 1
Rows offset = (50,113)
Columns offset = (100,163)
PSNR taken 59.61886
SSIM taken 0.99966

Key which was embeded : 10
Result of extraction = 1

Optimal c value for grid = 1
-----------------------------------

Running with c = 1
Rows offset = (50,113)
Columns offset = (150,213)
PSNR taken 59.89964
SSIM taken 0.99967

Key which was embeded : 10
Result of extraction = 1

Optimal c value for grid = 1
-----------------------------------

Running with c = 1
Rows offset = (50,113)
Columns offset = (200,263)
PSNR taken 59.72966
SSIM taken 0.99965

Key which was embeded : 10
Result of extraction = 1

Optimal c value for grid = 1
-----------------------------------

Running with c = 1
Rows offset = (50,113)
Columns offset = (250,313)
PSNR taken 57.80551
SSIM taken 0.99966

Key which was embeded : 10
Result of extraction = 1

Optimal c value for grid = 1
-----------------------------------

Running with c = 1
Rows offset = (100,163)
Columns offset = (0,63)
PSNR taken 55.24750
SSIM taken 0.99964

Key which was embeded : 10
Result of extraction = 1

Optimal c value for grid = 1
-----------------------------------

Running with c = 1
Rows offset = (100,163)
Columns offset = (50,113)
PSNR taken 55.75811
SSIM taken 0.99951

Key which was embeded : 10
Result of extraction = 1

Optimal c value for grid = 1
-----------------------------------

Running with c = 1
Rows offset = (100,163)
Columns offset = (100,163)
PSNR taken 47.26677
SSIM taken 0.99918

Key which was embeded : 10
Result of extraction = 1

Optimal c value for grid = 1
-----------------------------------

Running with c = 1
Rows offset = (100,163)
Columns offset = (150,213)
PSNR taken 53.51463
SSIM taken 0.99946

Key which was embeded : 10
Result of extraction = 1

Optimal c value for grid = 1
-----------------------------------

Running with c = 1
Rows offset = (100,163)
Columns offset = (200,263)
PSNR taken 53.45179
SSIM taken 0.99932

Key which was embeded : 10
Result of extraction = 1

Optimal c value for grid = 1
-----------------------------------

Running with c = 1
Rows offset = (100,163)
Columns offset = (250,313)
PSNR taken 38.67248
SSIM taken 0.99693

Key which was embeded : 10
Result of extraction = 1

Optimal c value for grid = 1
-----------------------------------

Running with c = 1
PSNR = 59.9314818318453
SSIM = 0.9997200790891089
[0, 200]
Finished grid movement

Rows offset = (0,63)
Columns offset = (200,263)
Embed key : 8 in Block 16
Running with c = 1
Rows offset = (0,63)
Columns offset = (0,63)
PSNR taken 59.95896
SSIM taken 0.99976

Key which was embeded : 8
Result of extraction = 1

Optimal c value for grid = 1
-----------------------------------

Running with c = 1
Rows offset = (0,63)
Columns offset = (50,113)
PSNR taken 54.21153
SSIM taken 0.99945

Key which was embeded : 8
Result of extraction = 1

Optimal c value for grid = 1
-----------------------------------

Running with c = 1
Rows offset = (0,63)
Columns offset = (100,163)
PSNR taken 54.73788
SSIM taken 0.99955

Key which was embeded : 8
Result of extraction = 1

Optimal c value for grid = 1
-----------------------------------

Running with c = 1
Rows offset = (0,63)
Columns offset = (150,213)
PSNR taken 51.17349
SSIM taken 0.99920

Key which was embeded : 8
Result of extraction = 1

Optimal c value for grid = 1
-----------------------------------

Running with c = 1
Rows offset = (0,63)
Columns offset = (200,263)
PSNR taken 59.34914
SSIM taken 0.99921

Key which was embeded : 8
Result of extraction = 1

Optimal c value for grid = 1
-----------------------------------

Running with c = 1
Rows offset = (0,63)
Columns offset = (250,313)
PSNR taken 60.07419
SSIM taken 0.99896

Key which was embeded : 8
Result of extraction = 1

Optimal c value for grid = 1
-----------------------------------

Running with c = 1
Rows offset = (50,113)
Columns offset = (0,63)
PSNR taken 38.19508
SSIM taken 0.99732

Key which was embeded : 8
Result of extraction = 1

Optimal c value for grid = 1
-----------------------------------

Running with c = 1
Rows offset = (50,113)
Columns offset = (50,113)
PSNR taken 35.64091
SSIM taken 0.99433

Key which was embeded : 8
Result of extraction = 0

Running with c = 100
Rows offset = (50,113)
Columns offset = (50,113)
PSNR taken 29.99755
SSIM taken 0.98522

Key which was embeded : 8
Result of extraction = 1

Running with c = 50
Rows offset = (50,113)
Columns offset = (50,113)
PSNR taken 30.36482
SSIM taken 0.98675

Key which was embeded : 8
Result of extraction = 1

Running with c = 25
Rows offset = (50,113)
Columns offset = (50,113)
PSNR taken 31.47499
SSIM taken 0.98971

Key which was embeded : 8
Result of extraction = 0

Running with c = 13
Rows offset = (50,113)
Columns offset = (50,113)
PSNR taken 32.49428
SSIM taken 0.99161

Key which was embeded : 8
Result of extraction = 0

Running with c = 18
Rows offset = (50,113)
Columns offset = (50,113)
PSNR taken 31.70714
SSIM taken 0.99071

Key which was embeded : 8
Result of extraction = 0

Running with c = 21
Rows offset = (50,113)
Columns offset = (50,113)
PSNR taken 31.45750
SSIM taken 0.99015

Key which was embeded : 8
Result of extraction = 0

Running with c = 22
Rows offset = (50,113)
Columns offset = (50,113)
PSNR taken 31.45836
SSIM taken 0.99005

Key which was embeded : 8
Result of extraction = 0

Running with c = 23
Rows offset = (50,113)
Columns offset = (50,113)
Key which was embeded : 8
Result of extraction = 0

Running with c = 26
Rows offset = (50,113)
Columns offset = (50,113)
Key which was embeded : 8
Result of extraction = 0

Running with c = 29
Rows offset = (50,113)
Columns offset = (50,113)
Key which was embeded : 8
Result of extraction = 1

Optimal c value for grid = 29
-----------------------------------

Optimal c value for grid = 29
-----------------------------------

Running with c = 1
Rows offset = (50,113)
Columns offset = (100,163)
PSNR taken 37.71275
SSIM taken 0.99655

Key which was embeded : 8
Result of extraction = 1

Optimal c value for grid = 1
-----------------------------------

Running with c = 1
Rows offset = (50,113)
Columns offset = (150,213)
PSNR taken 58.61106
SSIM taken 0.99922

Key which was embeded : 8
Result of extraction = 1

Optimal c value for grid = 1
-----------------------------------

Running with c = 1
Rows offset = (50,113)
Columns offset = (200,263)
PSNR taken 59.92350
SSIM taken 0.99902

Key which was embeded : 8
Result of extraction = 1

Optimal c value for grid = 1
-----------------------------------

Running with c = 1
Rows offset = (50,113)
Columns offset = (250,313)
PSNR taken 60.02143
SSIM taken 0.99882

Key which was embeded : 8
Result of extraction = 1

Optimal c value for grid = 1
-----------------------------------

Running with c = 1
Rows offset = (100,163)
Columns offset = (0,63)
PSNR taken 35.16502
SSIM taken 0.99711

Key which was embeded : 8
Result of extraction = 1

Optimal c value for grid = 1
-----------------------------------

Running with c = 1
Rows offset = (100,163)
Columns offset = (50,113)
PSNR taken 56.35434
SSIM taken 0.99923

Key which was embeded : 8
Result of extraction = 1

Optimal c value for grid = 1
-----------------------------------

Running with c = 1
Rows offset = (100,163)
Columns offset = (100,163)
PSNR taken 60.06830
SSIM taken 0.99917

Key which was embeded : 8
Result of extraction = 1

Optimal c value for grid = 1
-----------------------------------

Running with c = 1
Rows offset = (100,163)
Columns offset = (150,213)
PSNR taken 60.01096
SSIM taken 0.99883

Key which was embeded : 8
Result of extraction = 1

Optimal c value for grid = 1
-----------------------------------

Running with c = 1
Rows offset = (100,163)
Columns offset = (200,263)
PSNR taken 60.01910
SSIM taken 0.99895

Key which was embeded : 8
Result of extraction = 1

Optimal c value for grid = 1
-----------------------------------

Running with c = 1
Rows offset = (100,163)
Columns offset = (250,313)
PSNR taken 60.05419
SSIM taken 0.99901

Key which was embeded : 8
Result of extraction = 1

Optimal c value for grid = 1
-----------------------------------

Running with c = 1
PSNR = 60.074190601231265
SSIM = 0.9989557341783905
[0, 250]
Finished grid movement

Rows offset = (0,63)
Columns offset = (250,313)
PSNR taken 60.00929
SSIM taken 0.99943

Total positions checked for each block : 18
Key which was embeded : 15
Complete Extraction in block 1

Key which was embeded : 10
Complete Extraction in block 2

Key which was embeded : 9
Complete Extraction in block 3

Key which was embeded : 13
Complete Extraction in block 4

Key which was embeded : 14
Complete Extraction in block 5

Key which was embeded : 10
Complete Extraction in block 6

Key which was embeded : 12
Complete Extraction in block 7

Key which was embeded : 8
Complete Extraction in block 8

Key which was embeded : 10
Complete Extraction in block 9

Key which was embeded : 15
Complete Extraction in block 10

Key which was embeded : 11
Complete Extraction in block 11

Key which was embeded : 11
Complete Extraction in block 12

Key which was embeded : 8
Complete Extraction in block 13

Key which was embeded : 9
Complete Extraction in block 14

Key which was embeded : 10
Complete Extraction in block 15

Key which was embeded : 8
Complete Extraction in block 16

Extraction percentage = 100.0%

Elapsed time = 0.706 mins
Elapsed time = 42.361 seconds

